Command line invocation:
    /Applications/Xcode.app/Contents/Developer/usr/bin/xcodebuild -project GitX.xcodeproj -scheme Debug -configuration Debug clean build

--- xcodebuild: WARNING: Using the first of multiple matching destinations:
{ platform:macOS, arch:arm64, id:00006031-001410921184001C, name:My Mac }
{ platform:macOS, arch:x86_64, id:00006031-001410921184001C, name:My Mac }
{ platform:macOS, name:Any Mac }
ComputePackagePrebuildTargetDependencyGraph

CreateBuildRequest

SendProjectDescription

CreateBuildOperation

** CLEAN SUCCEEDED **

--- xcodebuild: WARNING: Using the first of multiple matching destinations:
{ platform:macOS, arch:arm64, id:00006031-001410921184001C, name:My Mac }
{ platform:macOS, arch:x86_64, id:00006031-001410921184001C, name:My Mac }
{ platform:macOS, name:Any Mac }
ComputePackagePrebuildTargetDependencyGraph

Prepare packages

CreateBuildRequest

SendProjectDescription

CreateBuildOperation

ComputeTargetDependencyGraph
note: Building targets in dependency order
note: Target dependency graph (1 target)
    Target 'GitX' in project 'GitX' (no dependencies)

GatherProvisioningInputs

CreateBuildDescription

ExecuteExternalTool /Applications/Xcode.app/Contents/Developer/Toolchains/XcodeDefault.xctoolchain/usr/bin/clang -v -E -dM -isysroot /Applications/Xcode.app/Contents/Developer/Platforms/MacOSX.platform/Developer/SDKs/MacOSX15.5.sdk -x c -c /dev/null

ExecuteExternalTool /Applications/Xcode.app/Contents/Developer/usr/bin/ibtool --version --output-format xml1

ExecuteExternalTool /Applications/Xcode.app/Contents/Developer/Toolchains/XcodeDefault.xctoolchain/usr/bin/clang -v -E -dM -arch arm64 -isysroot /Applications/Xcode.app/Contents/Developer/Platforms/MacOSX.platform/Developer/SDKs/MacOSX15.5.sdk -x c -c /dev/null

ExecuteExternalTool /Applications/Xcode.app/Contents/Developer/Toolchains/XcodeDefault.xctoolchain/usr/bin/clang -v -E -dM -arch arm64 -isysroot /Applications/Xcode.app/Contents/Developer/Platforms/MacOSX.platform/Developer/SDKs/MacOSX15.5.sdk -x objective-c -c /dev/null

ExecuteExternalTool /Applications/Xcode.app/Contents/Developer/Toolchains/XcodeDefault.xctoolchain/usr/bin/clang -v -E -dM -arch arm64 -isysroot /Applications/Xcode.app/Contents/Developer/Platforms/MacOSX.platform/Developer/SDKs/MacOSX15.5.sdk -x objective-c++ -c /dev/null

ExecuteExternalTool /Applications/Xcode.app/Contents/Developer/Toolchains/XcodeDefault.xctoolchain/usr/bin/ld -version_details

Build description signature: 365b427cf63be37a3f788bfaded7b251
Build description path: /Users/josh/Library/Developer/Xcode/DerivedData/GitX-cggrrpkbzogvjfcxoxftnovmywdq/Build/Intermediates.noindex/XCBuildData/365b427cf63be37a3f788bfaded7b251.xcbuilddata
ClangStatCache /Applications/Xcode.app/Contents/Developer/Toolchains/XcodeDefault.xctoolchain/usr/bin/clang-stat-cache /Applications/Xcode.app/Contents/Developer/Platforms/MacOSX.platform/Developer/SDKs/MacOSX15.5.sdk /Users/josh/Library/Developer/Xcode/DerivedData/SDKStatCaches.noindex/macosx15.5-24F74-8254517eb8b97d462ccbc072ba9094c9.sdkstatcache
    cd /Users/josh/x/gitx/GitX.xcodeproj
    /Applications/Xcode.app/Contents/Developer/Toolchains/XcodeDefault.xctoolchain/usr/bin/clang-stat-cache /Applications/Xcode.app/Contents/Developer/Platforms/MacOSX.platform/Developer/SDKs/MacOSX15.5.sdk -o /Users/josh/Library/Developer/Xcode/DerivedData/SDKStatCaches.noindex/macosx15.5-24F74-8254517eb8b97d462ccbc072ba9094c9.sdkstatcache

CreateBuildDirectory /Users/josh/Library/Developer/Xcode/DerivedData/GitX-cggrrpkbzogvjfcxoxftnovmywdq/Build/Intermediates.noindex
    cd /Users/josh/x/gitx/GitX.xcodeproj
    builtin-create-build-directory /Users/josh/Library/Developer/Xcode/DerivedData/GitX-cggrrpkbzogvjfcxoxftnovmywdq/Build/Intermediates.noindex

CreateBuildDirectory /Users/josh/Library/Developer/Xcode/DerivedData/GitX-cggrrpkbzogvjfcxoxftnovmywdq/Build/Products
    cd /Users/josh/x/gitx/GitX.xcodeproj
    builtin-create-build-directory /Users/josh/Library/Developer/Xcode/DerivedData/GitX-cggrrpkbzogvjfcxoxftnovmywdq/Build/Products

CreateBuildDirectory /Users/josh/Library/Developer/Xcode/DerivedData/GitX-cggrrpkbzogvjfcxoxftnovmywdq/Build/Products/Debug
    cd /Users/josh/x/gitx/GitX.xcodeproj
    builtin-create-build-directory /Users/josh/Library/Developer/Xcode/DerivedData/GitX-cggrrpkbzogvjfcxoxftnovmywdq/Build/Products/Debug

CreateBuildDirectory /Users/josh/Library/Developer/Xcode/DerivedData/GitX-cggrrpkbzogvjfcxoxftnovmywdq/Build/Intermediates.noindex/EagerLinkingTBDs/Debug
    cd /Users/josh/x/gitx/GitX.xcodeproj
    builtin-create-build-directory /Users/josh/Library/Developer/Xcode/DerivedData/GitX-cggrrpkbzogvjfcxoxftnovmywdq/Build/Intermediates.noindex/EagerLinkingTBDs/Debug

WriteAuxiliaryFile /Users/josh/Library/Developer/Xcode/DerivedData/GitX-cggrrpkbzogvjfcxoxftnovmywdq/Build/Intermediates.noindex/GitX.build/Debug/GitX-5f2096adef31244137e7122568692b7c-VFS/all-product-headers.yaml
    cd /Users/josh/x/gitx/GitX.xcodeproj
    write-file /Users/josh/Library/Developer/Xcode/DerivedData/GitX-cggrrpkbzogvjfcxoxftnovmywdq/Build/Intermediates.noindex/GitX.build/Debug/GitX-5f2096adef31244137e7122568692b7c-VFS/all-product-headers.yaml

WriteAuxiliaryFile /Users/josh/Library/Developer/Xcode/DerivedData/GitX-cggrrpkbzogvjfcxoxftnovmywdq/Build/Intermediates.noindex/GitX.build/Debug/GitX.build/Script-F5CF04A20EAE696C00D75C81.sh (in target 'GitX' from project 'GitX')
    cd /Users/josh/x/gitx
    write-file /Users/josh/Library/Developer/Xcode/DerivedData/GitX-cggrrpkbzogvjfcxoxftnovmywdq/Build/Intermediates.noindex/GitX.build/Debug/GitX.build/Script-F5CF04A20EAE696C00D75C81.sh

WriteAuxiliaryFile /Users/josh/Library/Developer/Xcode/DerivedData/GitX-cggrrpkbzogvjfcxoxftnovmywdq/Build/Intermediates.noindex/GitX.build/Debug/GitX.build/Script-D81E15ED121CE83D00269E61.sh (in target 'GitX' from project 'GitX')
    cd /Users/josh/x/gitx
    write-file /Users/josh/Library/Developer/Xcode/DerivedData/GitX-cggrrpkbzogvjfcxoxftnovmywdq/Build/Intermediates.noindex/GitX.build/Debug/GitX.build/Script-D81E15ED121CE83D00269E61.sh

WriteAuxiliaryFile /Users/josh/Library/Developer/Xcode/DerivedData/GitX-cggrrpkbzogvjfcxoxftnovmywdq/Build/Intermediates.noindex/GitX.build/Debug/GitX.build/GitX.hmap (in target 'GitX' from project 'GitX')
    cd /Users/josh/x/gitx
    write-file /Users/josh/Library/Developer/Xcode/DerivedData/GitX-cggrrpkbzogvjfcxoxftnovmywdq/Build/Intermediates.noindex/GitX.build/Debug/GitX.build/GitX.hmap

WriteAuxiliaryFile /Users/josh/Library/Developer/Xcode/DerivedData/GitX-cggrrpkbzogvjfcxoxftnovmywdq/Build/Intermediates.noindex/GitX.build/Debug/GitX.build/GitX.DependencyStaticMetadataFileList (in target 'GitX' from project 'GitX')
    cd /Users/josh/x/gitx
    write-file /Users/josh/Library/Developer/Xcode/DerivedData/GitX-cggrrpkbzogvjfcxoxftnovmywdq/Build/Intermediates.noindex/GitX.build/Debug/GitX.build/GitX.DependencyStaticMetadataFileList

WriteAuxiliaryFile /Users/josh/Library/Developer/Xcode/DerivedData/GitX-cggrrpkbzogvjfcxoxftnovmywdq/Build/Intermediates.noindex/GitX.build/Debug/GitX.build/GitX.DependencyMetadataFileList (in target 'GitX' from project 'GitX')
    cd /Users/josh/x/gitx
    write-file /Users/josh/Library/Developer/Xcode/DerivedData/GitX-cggrrpkbzogvjfcxoxftnovmywdq/Build/Intermediates.noindex/GitX.build/Debug/GitX.build/GitX.DependencyMetadataFileList

WriteAuxiliaryFile /Users/josh/Library/Developer/Xcode/DerivedData/GitX-cggrrpkbzogvjfcxoxftnovmywdq/Build/Intermediates.noindex/GitX.build/Debug/GitX.build/GitX-project-headers.hmap (in target 'GitX' from project 'GitX')
    cd /Users/josh/x/gitx
    write-file /Users/josh/Library/Developer/Xcode/DerivedData/GitX-cggrrpkbzogvjfcxoxftnovmywdq/Build/Intermediates.noindex/GitX.build/Debug/GitX.build/GitX-project-headers.hmap

WriteAuxiliaryFile /Users/josh/Library/Developer/Xcode/DerivedData/GitX-cggrrpkbzogvjfcxoxftnovmywdq/Build/Intermediates.noindex/GitX.build/Debug/GitX.build/GitX-own-target-headers.hmap (in target 'GitX' from project 'GitX')
    cd /Users/josh/x/gitx
    write-file /Users/josh/Library/Developer/Xcode/DerivedData/GitX-cggrrpkbzogvjfcxoxftnovmywdq/Build/Intermediates.noindex/GitX.build/Debug/GitX.build/GitX-own-target-headers.hmap

WriteAuxiliaryFile /Users/josh/Library/Developer/Xcode/DerivedData/GitX-cggrrpkbzogvjfcxoxftnovmywdq/Build/Intermediates.noindex/GitX.build/Debug/GitX.build/GitX-generated-files.hmap (in target 'GitX' from project 'GitX')
    cd /Users/josh/x/gitx
    write-file /Users/josh/Library/Developer/Xcode/DerivedData/GitX-cggrrpkbzogvjfcxoxftnovmywdq/Build/Intermediates.noindex/GitX.build/Debug/GitX.build/GitX-generated-files.hmap

WriteAuxiliaryFile /Users/josh/Library/Developer/Xcode/DerivedData/GitX-cggrrpkbzogvjfcxoxftnovmywdq/Build/Intermediates.noindex/GitX.build/Debug/GitX.build/Objects-normal/arm64/e42c9e58af969639d672ba37175b175e-common-args.resp (in target 'GitX' from project 'GitX')
    cd /Users/josh/x/gitx
    write-file /Users/josh/Library/Developer/Xcode/DerivedData/GitX-cggrrpkbzogvjfcxoxftnovmywdq/Build/Intermediates.noindex/GitX.build/Debug/GitX.build/Objects-normal/arm64/e42c9e58af969639d672ba37175b175e-common-args.resp
-target arm64-apple-macos10.13 -fobjc-arc -gmodules '-D_LIBCPP_HARDENING_MODE=_LIBCPP_HARDENING_MODE_DEBUG' -fpascal-strings -O0 '-DDEBUG=1' '-DOBJC_OLD_DISPATCH_PROTOTYPES=1' -isysroot /Applications/Xcode.app/Contents/Developer/Platforms/MacOSX.platform/Developer/SDKs/MacOSX15.5.sdk -g '-fvisibility=hidden' -fvisibility-inlines-hidden -D__clang_analyzer__ -Xclang '-analyzer-output=plist-multi-file' -Xclang -analyzer-config -Xclang 'report-in-main-source-file=true' -Xclang -analyzer-config -Xclang 'mode=shallow' -Xclang -analyzer-config -Xclang 'nullability:NoDiagnoseCallsToSystemHeaders=true' -Xclang -analyzer-checker -Xclang security.insecureAPI.UncheckedReturn -Xclang -analyzer-checker -Xclang security.insecureAPI.getpw -Xclang -analyzer-checker -Xclang security.insecureAPI.gets -Xclang -analyzer-checker -Xclang security.insecureAPI.mkstemp -Xclang -analyzer-checker -Xclang security.insecureAPI.mktemp -Xclang -analyzer-disable-checker -Xclang security.insecureAPI.rand -Xclang -analyzer-disable-checker -Xclang security.insecureAPI.strcpy -Xclang -analyzer-checker -Xclang security.insecureAPI.vfork -iquote /Users/josh/Library/Developer/Xcode/DerivedData/GitX-cggrrpkbzogvjfcxoxftnovmywdq/Build/Intermediates.noindex/GitX.build/Debug/GitX.build/GitX-generated-files.hmap -I/Users/josh/Library/Developer/Xcode/DerivedData/GitX-cggrrpkbzogvjfcxoxftnovmywdq/Build/Intermediates.noindex/GitX.build/Debug/GitX.build/GitX-own-target-headers.hmap -I/Users/josh/Library/Developer/Xcode/DerivedData/GitX-cggrrpkbzogvjfcxoxftnovmywdq/Build/Intermediates.noindex/GitX.build/Debug/GitX.build/GitX-all-target-headers.hmap -iquote /Users/josh/Library/Developer/Xcode/DerivedData/GitX-cggrrpkbzogvjfcxoxftnovmywdq/Build/Intermediates.noindex/GitX.build/Debug/GitX.build/GitX-project-headers.hmap -I/Users/josh/Library/Developer/Xcode/DerivedData/GitX-cggrrpkbzogvjfcxoxftnovmywdq/Build/Products/Debug/include -I/Users/josh/Library/Developer/Xcode/DerivedData/GitX-cggrrpkbzogvjfcxoxftnovmywdq/Build/Intermediates.noindex/GitX.build/Debug/GitX.build/DerivedSources-normal/arm64 -I/Users/josh/Library/Developer/Xcode/DerivedData/GitX-cggrrpkbzogvjfcxoxftnovmywdq/Build/Intermediates.noindex/GitX.build/Debug/GitX.build/DerivedSources/arm64 -I/Users/josh/Library/Developer/Xcode/DerivedData/GitX-cggrrpkbzogvjfcxoxftnovmywdq/Build/Intermediates.noindex/GitX.build/Debug/GitX.build/DerivedSources -F/Users/josh/Library/Developer/Xcode/DerivedData/GitX-cggrrpkbzogvjfcxoxftnovmywdq/Build/Products/Debug -F/Users/josh/x/gitx

WriteAuxiliaryFile /Users/josh/Library/Developer/Xcode/DerivedData/GitX-cggrrpkbzogvjfcxoxftnovmywdq/Build/Intermediates.noindex/GitX.build/Debug/GitX.build/Objects-normal/arm64/ddf835f7f9e85e15c1a9a9eaf9b78cba-common-args.resp (in target 'GitX' from project 'GitX')
    cd /Users/josh/x/gitx
    write-file /Users/josh/Library/Developer/Xcode/DerivedData/GitX-cggrrpkbzogvjfcxoxftnovmywdq/Build/Intermediates.noindex/GitX.build/Debug/GitX.build/Objects-normal/arm64/ddf835f7f9e85e15c1a9a9eaf9b78cba-common-args.resp
-target arm64-apple-macos10.13 -gmodules -fpascal-strings -O0 '-DDEBUG=1' -isysroot /Applications/Xcode.app/Contents/Developer/Platforms/MacOSX.platform/Developer/SDKs/MacOSX15.5.sdk -g '-fvisibility=hidden' -D__clang_analyzer__ -Xclang '-analyzer-output=plist-multi-file' -Xclang -analyzer-config -Xclang 'report-in-main-source-file=true' -Xclang -analyzer-config -Xclang 'mode=shallow' -Xclang -analyzer-config -Xclang 'nullability:NoDiagnoseCallsToSystemHeaders=true' -Xclang -analyzer-checker -Xclang security.insecureAPI.UncheckedReturn -Xclang -analyzer-checker -Xclang security.insecureAPI.getpw -Xclang -analyzer-checker -Xclang security.insecureAPI.gets -Xclang -analyzer-checker -Xclang security.insecureAPI.mkstemp -Xclang -analyzer-checker -Xclang security.insecureAPI.mktemp -Xclang -analyzer-disable-checker -Xclang security.insecureAPI.rand -Xclang -analyzer-disable-checker -Xclang security.insecureAPI.strcpy -Xclang -analyzer-checker -Xclang security.insecureAPI.vfork -iquote /Users/josh/Library/Developer/Xcode/DerivedData/GitX-cggrrpkbzogvjfcxoxftnovmywdq/Build/Intermediates.noindex/GitX.build/Debug/GitX.build/GitX-generated-files.hmap -I/Users/josh/Library/Developer/Xcode/DerivedData/GitX-cggrrpkbzogvjfcxoxftnovmywdq/Build/Intermediates.noindex/GitX.build/Debug/GitX.build/GitX-own-target-headers.hmap -I/Users/josh/Library/Developer/Xcode/DerivedData/GitX-cggrrpkbzogvjfcxoxftnovmywdq/Build/Intermediates.noindex/GitX.build/Debug/GitX.build/GitX-all-target-headers.hmap -iquote /Users/josh/Library/Developer/Xcode/DerivedData/GitX-cggrrpkbzogvjfcxoxftnovmywdq/Build/Intermediates.noindex/GitX.build/Debug/GitX.build/GitX-project-headers.hmap -I/Users/josh/Library/Developer/Xcode/DerivedData/GitX-cggrrpkbzogvjfcxoxftnovmywdq/Build/Products/Debug/include -I/Users/josh/Library/Developer/Xcode/DerivedData/GitX-cggrrpkbzogvjfcxoxftnovmywdq/Build/Intermediates.noindex/GitX.build/Debug/GitX.build/DerivedSources-normal/arm64 -I/Users/josh/Library/Developer/Xcode/DerivedData/GitX-cggrrpkbzogvjfcxoxftnovmywdq/Build/Intermediates.noindex/GitX.build/Debug/GitX.build/DerivedSources/arm64 -I/Users/josh/Library/Developer/Xcode/DerivedData/GitX-cggrrpkbzogvjfcxoxftnovmywdq/Build/Intermediates.noindex/GitX.build/Debug/GitX.build/DerivedSources -F/Users/josh/Library/Developer/Xcode/DerivedData/GitX-cggrrpkbzogvjfcxoxftnovmywdq/Build/Products/Debug -F/Users/josh/x/gitx

WriteAuxiliaryFile /Users/josh/Library/Developer/Xcode/DerivedData/GitX-cggrrpkbzogvjfcxoxftnovmywdq/Build/Intermediates.noindex/GitX.build/Debug/GitX.build/Objects-normal/arm64/af3fcb34312c57c0f52879cdce924b91-common-args.resp (in target 'GitX' from project 'GitX')
    cd /Users/josh/x/gitx
    write-file /Users/josh/Library/Developer/Xcode/DerivedData/GitX-cggrrpkbzogvjfcxoxftnovmywdq/Build/Intermediates.noindex/GitX.build/Debug/GitX.build/Objects-normal/arm64/af3fcb34312c57c0f52879cdce924b91-common-args.resp
-target arm64-apple-macos10.13 -fobjc-arc -gmodules '-D_LIBCPP_HARDENING_MODE=_LIBCPP_HARDENING_MODE_DEBUG' -fpascal-strings -O0 '-DDEBUG=1' '-DOBJC_OLD_DISPATCH_PROTOTYPES=1' -isysroot /Applications/Xcode.app/Contents/Developer/Platforms/MacOSX.platform/Developer/SDKs/MacOSX15.5.sdk -g '-fvisibility=hidden' -fvisibility-inlines-hidden -iquote /Users/josh/Library/Developer/Xcode/DerivedData/GitX-cggrrpkbzogvjfcxoxftnovmywdq/Build/Intermediates.noindex/GitX.build/Debug/GitX.build/GitX-generated-files.hmap -I/Users/josh/Library/Developer/Xcode/DerivedData/GitX-cggrrpkbzogvjfcxoxftnovmywdq/Build/Intermediates.noindex/GitX.build/Debug/GitX.build/GitX-own-target-headers.hmap -I/Users/josh/Library/Developer/Xcode/DerivedData/GitX-cggrrpkbzogvjfcxoxftnovmywdq/Build/Intermediates.noindex/GitX.build/Debug/GitX.build/GitX-all-target-headers.hmap -iquote /Users/josh/Library/Developer/Xcode/DerivedData/GitX-cggrrpkbzogvjfcxoxftnovmywdq/Build/Intermediates.noindex/GitX.build/Debug/GitX.build/GitX-project-headers.hmap -I/Users/josh/Library/Developer/Xcode/DerivedData/GitX-cggrrpkbzogvjfcxoxftnovmywdq/Build/Products/Debug/include -I/Users/josh/Library/Developer/Xcode/DerivedData/GitX-cggrrpkbzogvjfcxoxftnovmywdq/Build/Intermediates.noindex/GitX.build/Debug/GitX.build/DerivedSources-normal/arm64 -I/Users/josh/Library/Developer/Xcode/DerivedData/GitX-cggrrpkbzogvjfcxoxftnovmywdq/Build/Intermediates.noindex/GitX.build/Debug/GitX.build/DerivedSources/arm64 -I/Users/josh/Library/Developer/Xcode/DerivedData/GitX-cggrrpkbzogvjfcxoxftnovmywdq/Build/Intermediates.noindex/GitX.build/Debug/GitX.build/DerivedSources -F/Users/josh/Library/Developer/Xcode/DerivedData/GitX-cggrrpkbzogvjfcxoxftnovmywdq/Build/Products/Debug -F/Users/josh/x/gitx

WriteAuxiliaryFile /Users/josh/Library/Developer/Xcode/DerivedData/GitX-cggrrpkbzogvjfcxoxftnovmywdq/Build/Intermediates.noindex/GitX.build/Debug/GitX.build/Objects-normal/arm64/e6072d4f65d7061329687fe24e3d63a7-common-args.resp (in target 'GitX' from project 'GitX')
    cd /Users/josh/x/gitx
    write-file /Users/josh/Library/Developer/Xcode/DerivedData/GitX-cggrrpkbzogvjfcxoxftnovmywdq/Build/Intermediates.noindex/GitX.build/Debug/GitX.build/Objects-normal/arm64/e6072d4f65d7061329687fe24e3d63a7-common-args.resp
-target arm64-apple-macos10.13 -fobjc-arc -gmodules -fpascal-strings -O0 '-DDEBUG=1' '-DOBJC_OLD_DISPATCH_PROTOTYPES=1' -isysroot /Applications/Xcode.app/Contents/Developer/Platforms/MacOSX.platform/Developer/SDKs/MacOSX15.5.sdk -g '-fvisibility=hidden' -iquote /Users/josh/Library/Developer/Xcode/DerivedData/GitX-cggrrpkbzogvjfcxoxftnovmywdq/Build/Intermediates.noindex/GitX.build/Debug/GitX.build/GitX-generated-files.hmap -I/Users/josh/Library/Developer/Xcode/DerivedData/GitX-cggrrpkbzogvjfcxoxftnovmywdq/Build/Intermediates.noindex/GitX.build/Debug/GitX.build/GitX-own-target-headers.hmap -I/Users/josh/Library/Developer/Xcode/DerivedData/GitX-cggrrpkbzogvjfcxoxftnovmywdq/Build/Intermediates.noindex/GitX.build/Debug/GitX.build/GitX-all-target-headers.hmap -iquote /Users/josh/Library/Developer/Xcode/DerivedData/GitX-cggrrpkbzogvjfcxoxftnovmywdq/Build/Intermediates.noindex/GitX.build/Debug/GitX.build/GitX-project-headers.hmap -I/Users/josh/Library/Developer/Xcode/DerivedData/GitX-cggrrpkbzogvjfcxoxftnovmywdq/Build/Products/Debug/include -I/Users/josh/Library/Developer/Xcode/DerivedData/GitX-cggrrpkbzogvjfcxoxftnovmywdq/Build/Intermediates.noindex/GitX.build/Debug/GitX.build/DerivedSources-normal/arm64 -I/Users/josh/Library/Developer/Xcode/DerivedData/GitX-cggrrpkbzogvjfcxoxftnovmywdq/Build/Intermediates.noindex/GitX.build/Debug/GitX.build/DerivedSources/arm64 -I/Users/josh/Library/Developer/Xcode/DerivedData/GitX-cggrrpkbzogvjfcxoxftnovmywdq/Build/Intermediates.noindex/GitX.build/Debug/GitX.build/DerivedSources -F/Users/josh/Library/Developer/Xcode/DerivedData/GitX-cggrrpkbzogvjfcxoxftnovmywdq/Build/Products/Debug -F/Users/josh/x/gitx

WriteAuxiliaryFile /Users/josh/Library/Developer/Xcode/DerivedData/GitX-cggrrpkbzogvjfcxoxftnovmywdq/Build/Intermediates.noindex/GitX.build/Debug/GitX.build/Objects-normal/arm64/22a6d426986e98cf1a8e0c880c6a22df-common-args.resp (in target 'GitX' from project 'GitX')
    cd /Users/josh/x/gitx
    write-file /Users/josh/Library/Developer/Xcode/DerivedData/GitX-cggrrpkbzogvjfcxoxftnovmywdq/Build/Intermediates.noindex/GitX.build/Debug/GitX.build/Objects-normal/arm64/22a6d426986e98cf1a8e0c880c6a22df-common-args.resp
-target arm64-apple-macos10.13 -fobjc-arc -gmodules -fpascal-strings -O0 '-DDEBUG=1' '-DOBJC_OLD_DISPATCH_PROTOTYPES=1' -isysroot /Applications/Xcode.app/Contents/Developer/Platforms/MacOSX.platform/Developer/SDKs/MacOSX15.5.sdk -g '-fvisibility=hidden' -D__clang_analyzer__ -Xclang '-analyzer-output=plist-multi-file' -Xclang -analyzer-config -Xclang 'report-in-main-source-file=true' -Xclang -analyzer-config -Xclang 'mode=shallow' -Xclang -analyzer-config -Xclang 'nullability:NoDiagnoseCallsToSystemHeaders=true' -Xclang -analyzer-checker -Xclang security.insecureAPI.UncheckedReturn -Xclang -analyzer-checker -Xclang security.insecureAPI.getpw -Xclang -analyzer-checker -Xclang security.insecureAPI.gets -Xclang -analyzer-checker -Xclang security.insecureAPI.mkstemp -Xclang -analyzer-checker -Xclang security.insecureAPI.mktemp -Xclang -analyzer-disable-checker -Xclang security.insecureAPI.rand -Xclang -analyzer-disable-checker -Xclang security.insecureAPI.strcpy -Xclang -analyzer-checker -Xclang security.insecureAPI.vfork -iquote /Users/josh/Library/Developer/Xcode/DerivedData/GitX-cggrrpkbzogvjfcxoxftnovmywdq/Build/Intermediates.noindex/GitX.build/Debug/GitX.build/GitX-generated-files.hmap -I/Users/josh/Library/Developer/Xcode/DerivedData/GitX-cggrrpkbzogvjfcxoxftnovmywdq/Build/Intermediates.noindex/GitX.build/Debug/GitX.build/GitX-own-target-headers.hmap -I/Users/josh/Library/Developer/Xcode/DerivedData/GitX-cggrrpkbzogvjfcxoxftnovmywdq/Build/Intermediates.noindex/GitX.build/Debug/GitX.build/GitX-all-target-headers.hmap -iquote /Users/josh/Library/Developer/Xcode/DerivedData/GitX-cggrrpkbzogvjfcxoxftnovmywdq/Build/Intermediates.noindex/GitX.build/Debug/GitX.build/GitX-project-headers.hmap -I/Users/josh/Library/Developer/Xcode/DerivedData/GitX-cggrrpkbzogvjfcxoxftnovmywdq/Build/Products/Debug/include -I/Users/josh/Library/Developer/Xcode/DerivedData/GitX-cggrrpkbzogvjfcxoxftnovmywdq/Build/Intermediates.noindex/GitX.build/Debug/GitX.build/DerivedSources-normal/arm64 -I/Users/josh/Library/Developer/Xcode/DerivedData/GitX-cggrrpkbzogvjfcxoxftnovmywdq/Build/Intermediates.noindex/GitX.build/Debug/GitX.build/DerivedSources/arm64 -I/Users/josh/Library/Developer/Xcode/DerivedData/GitX-cggrrpkbzogvjfcxoxftnovmywdq/Build/Intermediates.noindex/GitX.build/Debug/GitX.build/DerivedSources -F/Users/josh/Library/Developer/Xcode/DerivedData/GitX-cggrrpkbzogvjfcxoxftnovmywdq/Build/Products/Debug -F/Users/josh/x/gitx

WriteAuxiliaryFile /Users/josh/Library/Developer/Xcode/DerivedData/GitX-cggrrpkbzogvjfcxoxftnovmywdq/Build/Intermediates.noindex/GitX.build/Debug/GitX.build/Objects-normal/arm64/GitX.LinkFileList (in target 'GitX' from project 'GitX')
    cd /Users/josh/x/gitx
    write-file /Users/josh/Library/Developer/Xcode/DerivedData/GitX-cggrrpkbzogvjfcxoxftnovmywdq/Build/Intermediates.noindex/GitX.build/Debug/GitX.build/Objects-normal/arm64/GitX.LinkFileList

WriteAuxiliaryFile /Users/josh/Library/Developer/Xcode/DerivedData/GitX-cggrrpkbzogvjfcxoxftnovmywdq/Build/Intermediates.noindex/GitX.build/Debug/GitX.build/Objects-normal/arm64/7187679823f38a2a940e0043cdf9d637-common-args.resp (in target 'GitX' from project 'GitX')
    cd /Users/josh/x/gitx
    write-file /Users/josh/Library/Developer/Xcode/DerivedData/GitX-cggrrpkbzogvjfcxoxftnovmywdq/Build/Intermediates.noindex/GitX.build/Debug/GitX.build/Objects-normal/arm64/7187679823f38a2a940e0043cdf9d637-common-args.resp
-target arm64-apple-macos10.13 -gmodules -fpascal-strings -O0 '-DDEBUG=1' -isysroot /Applications/Xcode.app/Contents/Developer/Platforms/MacOSX.platform/Developer/SDKs/MacOSX15.5.sdk -g '-fvisibility=hidden' -iquote /Users/josh/Library/Developer/Xcode/DerivedData/GitX-cggrrpkbzogvjfcxoxftnovmywdq/Build/Intermediates.noindex/GitX.build/Debug/GitX.build/GitX-generated-files.hmap -I/Users/josh/Library/Developer/Xcode/DerivedData/GitX-cggrrpkbzogvjfcxoxftnovmywdq/Build/Intermediates.noindex/GitX.build/Debug/GitX.build/GitX-own-target-headers.hmap -I/Users/josh/Library/Developer/Xcode/DerivedData/GitX-cggrrpkbzogvjfcxoxftnovmywdq/Build/Intermediates.noindex/GitX.build/Debug/GitX.build/GitX-all-target-headers.hmap -iquote /Users/josh/Library/Developer/Xcode/DerivedData/GitX-cggrrpkbzogvjfcxoxftnovmywdq/Build/Intermediates.noindex/GitX.build/Debug/GitX.build/GitX-project-headers.hmap -I/Users/josh/Library/Developer/Xcode/DerivedData/GitX-cggrrpkbzogvjfcxoxftnovmywdq/Build/Products/Debug/include -I/Users/josh/Library/Developer/Xcode/DerivedData/GitX-cggrrpkbzogvjfcxoxftnovmywdq/Build/Intermediates.noindex/GitX.build/Debug/GitX.build/DerivedSources-normal/arm64 -I/Users/josh/Library/Developer/Xcode/DerivedData/GitX-cggrrpkbzogvjfcxoxftnovmywdq/Build/Intermediates.noindex/GitX.build/Debug/GitX.build/DerivedSources/arm64 -I/Users/josh/Library/Developer/Xcode/DerivedData/GitX-cggrrpkbzogvjfcxoxftnovmywdq/Build/Intermediates.noindex/GitX.build/Debug/GitX.build/DerivedSources -F/Users/josh/Library/Developer/Xcode/DerivedData/GitX-cggrrpkbzogvjfcxoxftnovmywdq/Build/Products/Debug -F/Users/josh/x/gitx

WriteAuxiliaryFile /Users/josh/Library/Developer/Xcode/DerivedData/GitX-cggrrpkbzogvjfcxoxftnovmywdq/Build/Intermediates.noindex/GitX.build/Debug/GitX.build/GitX-all-target-headers.hmap (in target 'GitX' from project 'GitX')
    cd /Users/josh/x/gitx
    write-file /Users/josh/Library/Developer/Xcode/DerivedData/GitX-cggrrpkbzogvjfcxoxftnovmywdq/Build/Intermediates.noindex/GitX.build/Debug/GitX.build/GitX-all-target-headers.hmap

WriteAuxiliaryFile /Users/josh/Library/Developer/Xcode/DerivedData/GitX-cggrrpkbzogvjfcxoxftnovmywdq/Build/Intermediates.noindex/GitX.build/Debug/GitX.build/GitX-all-non-framework-target-headers.hmap (in target 'GitX' from project 'GitX')
    cd /Users/josh/x/gitx
    write-file /Users/josh/Library/Developer/Xcode/DerivedData/GitX-cggrrpkbzogvjfcxoxftnovmywdq/Build/Intermediates.noindex/GitX.build/Debug/GitX.build/GitX-all-non-framework-target-headers.hmap

WriteAuxiliaryFile /Users/josh/Library/Developer/Xcode/DerivedData/GitX-cggrrpkbzogvjfcxoxftnovmywdq/Build/Intermediates.noindex/GitX.build/Debug/GitX.build/DerivedSources/GitX_vers.c (in target 'GitX' from project 'GitX')
    cd /Users/josh/x/gitx
    write-file /Users/josh/Library/Developer/Xcode/DerivedData/GitX-cggrrpkbzogvjfcxoxftnovmywdq/Build/Intermediates.noindex/GitX.build/Debug/GitX.build/DerivedSources/GitX_vers.c

WriteAuxiliaryFile /Users/josh/Library/Developer/Xcode/DerivedData/GitX-cggrrpkbzogvjfcxoxftnovmywdq/Build/Intermediates.noindex/GitX.build/Debug/GitX.build/DerivedSources/Entitlements.plist (in target 'GitX' from project 'GitX')
    cd /Users/josh/x/gitx
    write-file /Users/josh/Library/Developer/Xcode/DerivedData/GitX-cggrrpkbzogvjfcxoxftnovmywdq/Build/Intermediates.noindex/GitX.build/Debug/GitX.build/DerivedSources/Entitlements.plist

MkDir /Users/josh/Library/Developer/Xcode/DerivedData/GitX-cggrrpkbzogvjfcxoxftnovmywdq/Build/Products/Debug/GitX.app/Contents (in target 'GitX' from project 'GitX')
    cd /Users/josh/x/gitx
    /bin/mkdir -p /Users/josh/Library/Developer/Xcode/DerivedData/GitX-cggrrpkbzogvjfcxoxftnovmywdq/Build/Products/Debug/GitX.app/Contents

MkDir /Users/josh/Library/Developer/Xcode/DerivedData/GitX-cggrrpkbzogvjfcxoxftnovmywdq/Build/Products/Debug/GitX.app/Contents/MacOS (in target 'GitX' from project 'GitX')
    cd /Users/josh/x/gitx
    /bin/mkdir -p /Users/josh/Library/Developer/Xcode/DerivedData/GitX-cggrrpkbzogvjfcxoxftnovmywdq/Build/Products/Debug/GitX.app/Contents/MacOS

MkDir /Users/josh/Library/Developer/Xcode/DerivedData/GitX-cggrrpkbzogvjfcxoxftnovmywdq/Build/Products/Debug/GitX.app (in target 'GitX' from project 'GitX')
    cd /Users/josh/x/gitx
    /bin/mkdir -p /Users/josh/Library/Developer/Xcode/DerivedData/GitX-cggrrpkbzogvjfcxoxftnovmywdq/Build/Products/Debug/GitX.app

MkDir /Users/josh/Library/Developer/Xcode/DerivedData/GitX-cggrrpkbzogvjfcxoxftnovmywdq/Build/Products/Debug/GitX.app/Contents/Resources (in target 'GitX' from project 'GitX')
    cd /Users/josh/x/gitx
    /bin/mkdir -p /Users/josh/Library/Developer/Xcode/DerivedData/GitX-cggrrpkbzogvjfcxoxftnovmywdq/Build/Products/Debug/GitX.app/Contents/Resources

ProcessProductPackaging "" /Users/josh/Library/Developer/Xcode/DerivedData/GitX-cggrrpkbzogvjfcxoxftnovmywdq/Build/Intermediates.noindex/GitX.build/Debug/GitX.build/GitX.app.xcent (in target 'GitX' from project 'GitX')
    cd /Users/josh/x/gitx
    
    Entitlements:
    
    {
    "com.apple.security.get-task-allow" = 1;
}
    
    builtin-productPackagingUtility -entitlements -format xml -o /Users/josh/Library/Developer/Xcode/DerivedData/GitX-cggrrpkbzogvjfcxoxftnovmywdq/Build/Intermediates.noindex/GitX.build/Debug/GitX.build/GitX.app.xcent

ProcessProductPackagingDER /Users/josh/Library/Developer/Xcode/DerivedData/GitX-cggrrpkbzogvjfcxoxftnovmywdq/Build/Intermediates.noindex/GitX.build/Debug/GitX.build/GitX.app.xcent /Users/josh/Library/Developer/Xcode/DerivedData/GitX-cggrrpkbzogvjfcxoxftnovmywdq/Build/Intermediates.noindex/GitX.build/Debug/GitX.build/GitX.app.xcent.der (in target 'GitX' from project 'GitX')
    cd /Users/josh/x/gitx
    /usr/bin/derq query -f xml -i /Users/josh/Library/Developer/Xcode/DerivedData/GitX-cggrrpkbzogvjfcxoxftnovmywdq/Build/Intermediates.noindex/GitX.build/Debug/GitX.build/GitX.app.xcent -o /Users/josh/Library/Developer/Xcode/DerivedData/GitX-cggrrpkbzogvjfcxoxftnovmywdq/Build/Intermediates.noindex/GitX.build/Debug/GitX.build/GitX.app.xcent.der --raw

CpResource /Users/josh/Library/Developer/Xcode/DerivedData/GitX-cggrrpkbzogvjfcxoxftnovmywdq/Build/Products/Debug/GitX.app/Contents/Resources/rewindImage.pdf /Users/josh/x/gitx/Resources/Images/rewindImage.pdf (in target 'GitX' from project 'GitX')
    cd /Users/josh/x/gitx
    builtin-copy -exclude .DS_Store -exclude CVS -exclude .svn -exclude .git -exclude .hg -resolve-src-symlinks /Users/josh/x/gitx/Resources/Images/rewindImage.pdf /Users/josh/Library/Developer/Xcode/DerivedData/GitX-cggrrpkbzogvjfcxoxftnovmywdq/Build/Products/Debug/GitX.app/Contents/Resources

CpResource /Users/josh/Library/Developer/Xcode/DerivedData/GitX-cggrrpkbzogvjfcxoxftnovmywdq/Build/Products/Debug/GitX.app/Contents/Resources/source.css /Users/josh/x/gitx/Resources/source.css (in target 'GitX' from project 'GitX')
    cd /Users/josh/x/gitx
    builtin-copy -exclude .DS_Store -exclude CVS -exclude .svn -exclude .git -exclude .hg -resolve-src-symlinks /Users/josh/x/gitx/Resources/source.css /Users/josh/Library/Developer/Xcode/DerivedData/GitX-cggrrpkbzogvjfcxoxftnovmywdq/Build/Products/Debug/GitX.app/Contents/Resources

CpResource /Users/josh/Library/Developer/Xcode/DerivedData/GitX-cggrrpkbzogvjfcxoxftnovmywdq/Build/Products/Debug/GitX.app/Contents/Resources/gitx.icns /Users/josh/x/gitx/Resources/gitx.icns (in target 'GitX' from project 'GitX')
    cd /Users/josh/x/gitx
    builtin-copy -exclude .DS_Store -exclude CVS -exclude .svn -exclude .git -exclude .hg -resolve-src-symlinks /Users/josh/x/gitx/Resources/gitx.icns /Users/josh/Library/Developer/Xcode/DerivedData/GitX-cggrrpkbzogvjfcxoxftnovmywdq/Build/Products/Debug/GitX.app/Contents/Resources

CpResource /Users/josh/Library/Developer/Xcode/DerivedData/GitX-cggrrpkbzogvjfcxoxftnovmywdq/Build/Products/Debug/GitX.app/Contents/Resources/new_file.pdf /Users/josh/x/gitx/Resources/Images/new_file.pdf (in target 'GitX' from project 'GitX')
    cd /Users/josh/x/gitx
    builtin-copy -exclude .DS_Store -exclude CVS -exclude .svn -exclude .git -exclude .hg -resolve-src-symlinks /Users/josh/x/gitx/Resources/Images/new_file.pdf /Users/josh/Library/Developer/Xcode/DerivedData/GitX-cggrrpkbzogvjfcxoxftnovmywdq/Build/Products/Debug/GitX.app/Contents/Resources

CpResource /Users/josh/Library/Developer/Xcode/DerivedData/GitX-cggrrpkbzogvjfcxoxftnovmywdq/Build/Products/Debug/GitX.app/Contents/Resources/empty_file.pdf /Users/josh/x/gitx/Resources/Images/empty_file.pdf (in target 'GitX' from project 'GitX')
    cd /Users/josh/x/gitx
    builtin-copy -exclude .DS_Store -exclude CVS -exclude .svn -exclude .git -exclude .hg -resolve-src-symlinks /Users/josh/x/gitx/Resources/Images/empty_file.pdf /Users/josh/Library/Developer/Xcode/DerivedData/GitX-cggrrpkbzogvjfcxoxftnovmywdq/Build/Products/Debug/GitX.app/Contents/Resources

CpResource /Users/josh/Library/Developer/Xcode/DerivedData/GitX-cggrrpkbzogvjfcxoxftnovmywdq/Build/Products/Debug/GitX.app/Contents/Resources/UpdateKey.pem /Users/josh/x/gitx/Resources/UpdateKey.pem (in target 'GitX' from project 'GitX')
    cd /Users/josh/x/gitx
    builtin-copy -exclude .DS_Store -exclude CVS -exclude .svn -exclude .git -exclude .hg -resolve-src-symlinks /Users/josh/x/gitx/Resources/UpdateKey.pem /Users/josh/Library/Developer/Xcode/DerivedData/GitX-cggrrpkbzogvjfcxoxftnovmywdq/Build/Products/Debug/GitX.app/Contents/Resources

CpResource /Users/josh/Library/Developer/Xcode/DerivedData/GitX-cggrrpkbzogvjfcxoxftnovmywdq/Build/Products/Debug/GitX.app/Contents/Resources/TreeViewTemplate.pdf /Users/josh/x/gitx/Resources/Images/TreeViewTemplate.pdf (in target 'GitX' from project 'GitX')
    cd /Users/josh/x/gitx
    builtin-copy -exclude .DS_Store -exclude CVS -exclude .svn -exclude .git -exclude .hg -resolve-src-symlinks /Users/josh/x/gitx/Resources/Images/TreeViewTemplate.pdf /Users/josh/Library/Developer/Xcode/DerivedData/GitX-cggrrpkbzogvjfcxoxftnovmywdq/Build/Products/Debug/GitX.app/Contents/Resources

CpResource /Users/josh/Library/Developer/Xcode/DerivedData/GitX-cggrrpkbzogvjfcxoxftnovmywdq/Build/Products/Debug/GitX.app/Contents/Resources/StageTemplate.pdf /Users/josh/x/gitx/Resources/Images/StageTemplate.pdf (in target 'GitX' from project 'GitX')
    cd /Users/josh/x/gitx
    builtin-copy -exclude .DS_Store -exclude CVS -exclude .svn -exclude .git -exclude .hg -resolve-src-symlinks /Users/josh/x/gitx/Resources/Images/StageTemplate.pdf /Users/josh/Library/Developer/Xcode/DerivedData/GitX-cggrrpkbzogvjfcxoxftnovmywdq/Build/Products/Debug/GitX.app/Contents/Resources

CpResource /Users/josh/Library/Developer/Xcode/DerivedData/GitX-cggrrpkbzogvjfcxoxftnovmywdq/Build/Products/Debug/GitX.app/Contents/Resources/TagTemplate.pdf /Users/josh/x/gitx/Resources/Images/TagTemplate.pdf (in target 'GitX' from project 'GitX')
    cd /Users/josh/x/gitx
    builtin-copy -exclude .DS_Store -exclude CVS -exclude .svn -exclude .git -exclude .hg -resolve-src-symlinks /Users/josh/x/gitx/Resources/Images/TagTemplate.pdf /Users/josh/Library/Developer/Xcode/DerivedData/GitX-cggrrpkbzogvjfcxoxftnovmywdq/Build/Products/Debug/GitX.app/Contents/Resources

CpResource /Users/josh/Library/Developer/Xcode/DerivedData/GitX-cggrrpkbzogvjfcxoxftnovmywdq/Build/Products/Debug/GitX.app/Contents/Resources/RemoteTemplate.pdf /Users/josh/x/gitx/Resources/Images/RemoteTemplate.pdf (in target 'GitX' from project 'GitX')
    cd /Users/josh/x/gitx
    builtin-copy -exclude .DS_Store -exclude CVS -exclude .svn -exclude .git -exclude .hg -resolve-src-symlinks /Users/josh/x/gitx/Resources/Images/RemoteTemplate.pdf /Users/josh/Library/Developer/Xcode/DerivedData/GitX-cggrrpkbzogvjfcxoxftnovmywdq/Build/Products/Debug/GitX.app/Contents/Resources

CpResource /Users/josh/Library/Developer/Xcode/DerivedData/GitX-cggrrpkbzogvjfcxoxftnovmywdq/Build/Products/Debug/GitX.app/Contents/Resources/deleted_file.pdf /Users/josh/x/gitx/Resources/Images/deleted_file.pdf (in target 'GitX' from project 'GitX')
    cd /Users/josh/x/gitx
    builtin-copy -exclude .DS_Store -exclude CVS -exclude .svn -exclude .git -exclude .hg -resolve-src-symlinks /Users/josh/x/gitx/Resources/Images/deleted_file.pdf /Users/josh/Library/Developer/Xcode/DerivedData/GitX-cggrrpkbzogvjfcxoxftnovmywdq/Build/Products/Debug/GitX.app/Contents/Resources

ProcessPCH /Users/josh/Library/Developer/Xcode/DerivedData/GitX-cggrrpkbzogvjfcxoxftnovmywdq/Build/Intermediates.noindex/PrecompiledHeaders/SharedPrecompiledHeaders/13206212429846841114/GitX_Prefix.pch.gch /Users/josh/x/gitx/GitX_Prefix.pch normal arm64 objective-c com.apple.compilers.llvm.clang.1_0.compiler (in target 'GitX' from project 'GitX')
    cd /Users/josh/x/gitx
    
    Precompile of '/Users/josh/x/gitx/GitX_Prefix.pch' required by '/Users/josh/x/gitx/Classes/Controllers/ApplicationController.m'
    Using response file: /Users/josh/Library/Developer/Xcode/DerivedData/GitX-cggrrpkbzogvjfcxoxftnovmywdq/Build/Intermediates.noindex/GitX.build/Debug/GitX.build/Objects-normal/arm64/e6072d4f65d7061329687fe24e3d63a7-common-args.resp
    
    /Applications/Xcode.app/Contents/Developer/Toolchains/XcodeDefault.xctoolchain/usr/bin/clang -x objective-c-header -fmessage-length\=0 -fdiagnostics-show-note-include-stack -fmacro-backtrace-limit\=0 -fno-color-diagnostics -Wno-trigraphs -Wno-missing-field-initializers -Wno-missing-prototypes -Wno-implicit-atomic-properties -Wno-objc-interface-ivars -Wno-arc-repeated-use-of-weak -Wno-missing-braces -Wparentheses -Wswitch -Wno-unused-function -Wno-unused-label -Wno-unused-parameter -Wunused-variable -Wunused-value -Wno-empty-body -Wno-uninitialized -Wno-unknown-pragmas -Wno-shadow -Wno-four-char-constants -Wno-conversion -Wno-constant-conversion -Wno-int-conversion -Wno-bool-conversion -Wno-enum-conversion -Wno-float-conversion -Wno-non-literal-null-conversion -Wno-objc-literal-conversion -Wshorten-64-to-32 -Wpointer-sign -Wno-newline-eof -Wno-selector -Wno-strict-selector-match -Wno-undeclared-selector -Wno-deprecated-implementations -Wno-implicit-fallthrough -fstrict-aliasing -Wprotocol -Wdeprecated-declarations -Wno-sign-conversion -Wno-infinite-recursion -Wno-comma -Wno-block-capture-autoreleasing -Wno-strict-prototypes -Wno-semicolon-before-method-body -index-store-path /Users/josh/Library/Developer/Xcode/DerivedData/GitX-cggrrpkbzogvjfcxoxftnovmywdq/Index.noindex/DataStore -Werror\=incompatible-pointer-types @/Users/josh/Library/Developer/Xcode/DerivedData/GitX-cggrrpkbzogvjfcxoxftnovmywdq/Build/Intermediates.noindex/GitX.build/Debug/GitX.build/Objects-normal/arm64/e6072d4f65d7061329687fe24e3d63a7-common-args.resp -c /Users/josh/x/gitx/GitX_Prefix.pch -MD -MT dependencies -MF /Users/josh/Library/Developer/Xcode/DerivedData/GitX-cggrrpkbzogvjfcxoxftnovmywdq/Build/Intermediates.noindex/PrecompiledHeaders/SharedPrecompiledHeaders/13206212429846841114/GitX_Prefix.pch.d -o /Users/josh/Library/Developer/Xcode/DerivedData/GitX-cggrrpkbzogvjfcxoxftnovmywdq/Build/Intermediates.noindex/PrecompiledHeaders/SharedPrecompiledHeaders/13206212429846841114/GitX_Prefix.pch.gch --serialize-diagnostics /Users/josh/Library/Developer/Xcode/DerivedData/GitX-cggrrpkbzogvjfcxoxftnovmywdq/Build/Intermediates.noindex/PrecompiledHeaders/SharedPrecompiledHeaders/13206212429846841114/GitX_Prefix.pch.dia

ProcessPCH /Users/josh/Library/Developer/Xcode/DerivedData/GitX-cggrrpkbzogvjfcxoxftnovmywdq/Build/Intermediates.noindex/PrecompiledHeaders/SharedPrecompiledHeaders/1337419039418411841/GitX_Prefix.pch.gch /Users/josh/x/gitx/GitX_Prefix.pch normal arm64 objective-c com.apple.compilers.llvm.clang.1_0.analyzer (in target 'GitX' from project 'GitX')
    cd /Users/josh/x/gitx
    
    Precompile of '/Users/josh/x/gitx/GitX_Prefix.pch' required by '/Users/josh/x/gitx/Classes/Controllers/ApplicationController.m'
    Using response file: /Users/josh/Library/Developer/Xcode/DerivedData/GitX-cggrrpkbzogvjfcxoxftnovmywdq/Build/Intermediates.noindex/GitX.build/Debug/GitX.build/Objects-normal/arm64/22a6d426986e98cf1a8e0c880c6a22df-common-args.resp
    
    /Applications/Xcode.app/Contents/Developer/Toolchains/XcodeDefault.xctoolchain/usr/bin/clang -x objective-c-header -fmessage-length\=0 -fdiagnostics-show-note-include-stack -fmacro-backtrace-limit\=0 -fno-color-diagnostics -Wno-trigraphs -Wno-missing-field-initializers -Wno-missing-prototypes -Wno-implicit-atomic-properties -Wno-objc-interface-ivars -Wno-arc-repeated-use-of-weak -Wno-missing-braces -Wparentheses -Wswitch -Wno-unused-function -Wno-unused-label -Wno-unused-parameter -Wunused-variable -Wunused-value -Wno-empty-body -Wno-uninitialized -Wno-unknown-pragmas -Wno-shadow -Wno-four-char-constants -Wno-conversion -Wno-constant-conversion -Wno-int-conversion -Wno-bool-conversion -Wno-enum-conversion -Wno-float-conversion -Wno-non-literal-null-conversion -Wno-objc-literal-conversion -Wshorten-64-to-32 -Wpointer-sign -Wno-newline-eof -Wno-selector -Wno-strict-selector-match -Wno-undeclared-selector -Wno-deprecated-implementations -Wno-implicit-fallthrough -fstrict-aliasing -Wprotocol -Wdeprecated-declarations -Wno-sign-conversion -Wno-infinite-recursion -Wno-comma -Wno-block-capture-autoreleasing -Wno-strict-prototypes -Wno-semicolon-before-method-body -Werror\=incompatible-pointer-types @/Users/josh/Library/Developer/Xcode/DerivedData/GitX-cggrrpkbzogvjfcxoxftnovmywdq/Build/Intermediates.noindex/GitX.build/Debug/GitX.build/Objects-normal/arm64/22a6d426986e98cf1a8e0c880c6a22df-common-args.resp --analyze /Users/josh/x/gitx/GitX_Prefix.pch -MD -MT dependencies -MF /Users/josh/Library/Developer/Xcode/DerivedData/GitX-cggrrpkbzogvjfcxoxftnovmywdq/Build/Intermediates.noindex/PrecompiledHeaders/SharedPrecompiledHeaders/1337419039418411841/GitX_Prefix.pch.d -o /Users/josh/Library/Developer/Xcode/DerivedData/GitX-cggrrpkbzogvjfcxoxftnovmywdq/Build/Intermediates.noindex/PrecompiledHeaders/SharedPrecompiledHeaders/1337419039418411841/GitX_Prefix.pch.gch --serialize-diagnostics /Users/josh/Library/Developer/Xcode/DerivedData/GitX-cggrrpkbzogvjfcxoxftnovmywdq/Build/Intermediates.noindex/PrecompiledHeaders/SharedPrecompiledHeaders/1337419039418411841/GitX_Prefix.pch.dia

ProcessPCH++ /Users/josh/Library/Developer/Xcode/DerivedData/GitX-cggrrpkbzogvjfcxoxftnovmywdq/Build/Intermediates.noindex/PrecompiledHeaders/SharedPrecompiledHeaders/4740044233825776955/GitX_Prefix.pch.gch /Users/josh/x/gitx/GitX_Prefix.pch normal arm64 objective-c++ com.apple.compilers.llvm.clang.1_0.analyzer (in target 'GitX' from project 'GitX')
    cd /Users/josh/x/gitx
    
    Precompile of '/Users/josh/x/gitx/GitX_Prefix.pch' required by '/Users/josh/x/gitx/Classes/git/PBGitGrapher.mm'
    Using response file: /Users/josh/Library/Developer/Xcode/DerivedData/GitX-cggrrpkbzogvjfcxoxftnovmywdq/Build/Intermediates.noindex/GitX.build/Debug/GitX.build/Objects-normal/arm64/e42c9e58af969639d672ba37175b175e-common-args.resp
    
    /Applications/Xcode.app/Contents/Developer/Toolchains/XcodeDefault.xctoolchain/usr/bin/clang -x objective-c++-header -fmessage-length\=0 -fdiagnostics-show-note-include-stack -fmacro-backtrace-limit\=0 -fno-color-diagnostics -Wno-trigraphs -Wno-missing-field-initializers -Wno-missing-prototypes -Wno-implicit-atomic-properties -Wno-objc-interface-ivars -Wno-arc-repeated-use-of-weak -Wno-non-virtual-dtor -Wno-overloaded-virtual -Wno-exit-time-destructors -Wno-missing-braces -Wparentheses -Wswitch -Wno-unused-function -Wno-unused-label -Wno-unused-parameter -Wunused-variable -Wunused-value -Wno-empty-body -Wno-uninitialized -Wno-unknown-pragmas -Wno-shadow -Wno-four-char-constants -Wno-conversion -Wno-constant-conversion -Wno-int-conversion -Wno-bool-conversion -Wno-enum-conversion -Wno-float-conversion -Wno-non-literal-null-conversion -Wno-objc-literal-conversion -Wshorten-64-to-32 -Wno-newline-eof -Wno-selector -Wno-strict-selector-match -Wno-undeclared-selector -Wno-deprecated-implementations -Wno-c++11-extensions -Wno-implicit-fallthrough -fstrict-aliasing -Wprotocol -Wdeprecated-declarations -Winvalid-offsetof -Wno-sign-conversion -Wno-infinite-recursion -Wno-move -Wno-comma -Wno-block-capture-autoreleasing -Wno-strict-prototypes -Wno-range-loop-analysis -Wno-semicolon-before-method-body -Werror\=incompatible-pointer-types @/Users/josh/Library/Developer/Xcode/DerivedData/GitX-cggrrpkbzogvjfcxoxftnovmywdq/Build/Intermediates.noindex/GitX.build/Debug/GitX.build/Objects-normal/arm64/e42c9e58af969639d672ba37175b175e-common-args.resp --analyze /Users/josh/x/gitx/GitX_Prefix.pch -MD -MT dependencies -MF /Users/josh/Library/Developer/Xcode/DerivedData/GitX-cggrrpkbzogvjfcxoxftnovmywdq/Build/Intermediates.noindex/PrecompiledHeaders/SharedPrecompiledHeaders/4740044233825776955/GitX_Prefix.pch.d -o /Users/josh/Library/Developer/Xcode/DerivedData/GitX-cggrrpkbzogvjfcxoxftnovmywdq/Build/Intermediates.noindex/PrecompiledHeaders/SharedPrecompiledHeaders/4740044233825776955/GitX_Prefix.pch.gch --serialize-diagnostics /Users/josh/Library/Developer/Xcode/DerivedData/GitX-cggrrpkbzogvjfcxoxftnovmywdq/Build/Intermediates.noindex/PrecompiledHeaders/SharedPrecompiledHeaders/4740044233825776955/GitX_Prefix.pch.dia

ProcessPCH++ /Users/josh/Library/Developer/Xcode/DerivedData/GitX-cggrrpkbzogvjfcxoxftnovmywdq/Build/Intermediates.noindex/PrecompiledHeaders/SharedPrecompiledHeaders/6236784496394605759/GitX_Prefix.pch.gch /Users/josh/x/gitx/GitX_Prefix.pch normal arm64 objective-c++ com.apple.compilers.llvm.clang.1_0.compiler (in target 'GitX' from project 'GitX')
    cd /Users/josh/x/gitx
    
    Precompile of '/Users/josh/x/gitx/GitX_Prefix.pch' required by '/Users/josh/x/gitx/Classes/git/PBGitGrapher.mm'
    Using response file: /Users/josh/Library/Developer/Xcode/DerivedData/GitX-cggrrpkbzogvjfcxoxftnovmywdq/Build/Intermediates.noindex/GitX.build/Debug/GitX.build/Objects-normal/arm64/af3fcb34312c57c0f52879cdce924b91-common-args.resp
    
    /Applications/Xcode.app/Contents/Developer/Toolchains/XcodeDefault.xctoolchain/usr/bin/clang -x objective-c++-header -fmessage-length\=0 -fdiagnostics-show-note-include-stack -fmacro-backtrace-limit\=0 -fno-color-diagnostics -Wno-trigraphs -Wno-missing-field-initializers -Wno-missing-prototypes -Wno-implicit-atomic-properties -Wno-objc-interface-ivars -Wno-arc-repeated-use-of-weak -Wno-non-virtual-dtor -Wno-overloaded-virtual -Wno-exit-time-destructors -Wno-missing-braces -Wparentheses -Wswitch -Wno-unused-function -Wno-unused-label -Wno-unused-parameter -Wunused-variable -Wunused-value -Wno-empty-body -Wno-uninitialized -Wno-unknown-pragmas -Wno-shadow -Wno-four-char-constants -Wno-conversion -Wno-constant-conversion -Wno-int-conversion -Wno-bool-conversion -Wno-enum-conversion -Wno-float-conversion -Wno-non-literal-null-conversion -Wno-objc-literal-conversion -Wshorten-64-to-32 -Wno-newline-eof -Wno-selector -Wno-strict-selector-match -Wno-undeclared-selector -Wno-deprecated-implementations -Wno-c++11-extensions -Wno-implicit-fallthrough -fstrict-aliasing -Wprotocol -Wdeprecated-declarations -Winvalid-offsetof -Wno-sign-conversion -Wno-infinite-recursion -Wno-move -Wno-comma -Wno-block-capture-autoreleasing -Wno-strict-prototypes -Wno-range-loop-analysis -Wno-semicolon-before-method-body -index-store-path /Users/josh/Library/Developer/Xcode/DerivedData/GitX-cggrrpkbzogvjfcxoxftnovmywdq/Index.noindex/DataStore -Werror\=incompatible-pointer-types @/Users/josh/Library/Developer/Xcode/DerivedData/GitX-cggrrpkbzogvjfcxoxftnovmywdq/Build/Intermediates.noindex/GitX.build/Debug/GitX.build/Objects-normal/arm64/af3fcb34312c57c0f52879cdce924b91-common-args.resp -c /Users/josh/x/gitx/GitX_Prefix.pch -MD -MT dependencies -MF /Users/josh/Library/Developer/Xcode/DerivedData/GitX-cggrrpkbzogvjfcxoxftnovmywdq/Build/Intermediates.noindex/PrecompiledHeaders/SharedPrecompiledHeaders/6236784496394605759/GitX_Prefix.pch.d -o /Users/josh/Library/Developer/Xcode/DerivedData/GitX-cggrrpkbzogvjfcxoxftnovmywdq/Build/Intermediates.noindex/PrecompiledHeaders/SharedPrecompiledHeaders/6236784496394605759/GitX_Prefix.pch.gch --serialize-diagnostics /Users/josh/Library/Developer/Xcode/DerivedData/GitX-cggrrpkbzogvjfcxoxftnovmywdq/Build/Intermediates.noindex/PrecompiledHeaders/SharedPrecompiledHeaders/6236784496394605759/GitX_Prefix.pch.dia

CpResource /Users/josh/Library/Developer/Xcode/DerivedData/GitX-cggrrpkbzogvjfcxoxftnovmywdq/Build/Products/Debug/GitX.app/Contents/Resources/PushTemplate.pdf /Users/josh/x/gitx/Resources/Images/PushTemplate.pdf (in target 'GitX' from project 'GitX')
    cd /Users/josh/x/gitx
    builtin-copy -exclude .DS_Store -exclude CVS -exclude .svn -exclude .git -exclude .hg -resolve-src-symlinks /Users/josh/x/gitx/Resources/Images/PushTemplate.pdf /Users/josh/Library/Developer/Xcode/DerivedData/GitX-cggrrpkbzogvjfcxoxftnovmywdq/Build/Products/Debug/GitX.app/Contents/Resources

CpResource /Users/josh/Library/Developer/Xcode/DerivedData/GitX-cggrrpkbzogvjfcxoxftnovmywdq/Build/Products/Debug/GitX.app/Contents/Resources/RemoteBranchTemplate.pdf /Users/josh/x/gitx/Resources/Images/RemoteBranchTemplate.pdf (in target 'GitX' from project 'GitX')
    cd /Users/josh/x/gitx
    builtin-copy -exclude .DS_Store -exclude CVS -exclude .svn -exclude .git -exclude .hg -resolve-src-symlinks /Users/josh/x/gitx/Resources/Images/RemoteBranchTemplate.pdf /Users/josh/Library/Developer/Xcode/DerivedData/GitX-cggrrpkbzogvjfcxoxftnovmywdq/Build/Products/Debug/GitX.app/Contents/Resources

CpResource /Users/josh/Library/Developer/Xcode/DerivedData/GitX-cggrrpkbzogvjfcxoxftnovmywdq/Build/Products/Debug/GitX.app/Contents/Resources/RebaseTemplate.pdf /Users/josh/x/gitx/Resources/Images/RebaseTemplate.pdf (in target 'GitX' from project 'GitX')
    cd /Users/josh/x/gitx
    builtin-copy -exclude .DS_Store -exclude CVS -exclude .svn -exclude .git -exclude .hg -resolve-src-symlinks /Users/josh/x/gitx/Resources/Images/RebaseTemplate.pdf /Users/josh/Library/Developer/Xcode/DerivedData/GitX-cggrrpkbzogvjfcxoxftnovmywdq/Build/Products/Debug/GitX.app/Contents/Resources

CpResource /Users/josh/Library/Developer/Xcode/DerivedData/GitX-cggrrpkbzogvjfcxoxftnovmywdq/Build/Products/Debug/GitX.app/Contents/Resources/PullTemplate.pdf /Users/josh/x/gitx/Resources/Images/PullTemplate.pdf (in target 'GitX' from project 'GitX')
    cd /Users/josh/x/gitx
    builtin-copy -exclude .DS_Store -exclude CVS -exclude .svn -exclude .git -exclude .hg -resolve-src-symlinks /Users/josh/x/gitx/Resources/Images/PullTemplate.pdf /Users/josh/Library/Developer/Xcode/DerivedData/GitX-cggrrpkbzogvjfcxoxftnovmywdq/Build/Products/Debug/GitX.app/Contents/Resources

CpResource /Users/josh/Library/Developer/Xcode/DerivedData/GitX-cggrrpkbzogvjfcxoxftnovmywdq/Build/Products/Debug/GitX.app/Contents/Resources/MergeTemplate.pdf /Users/josh/x/gitx/Resources/Images/MergeTemplate.pdf (in target 'GitX' from project 'GitX')
    cd /Users/josh/x/gitx
    builtin-copy -exclude .DS_Store -exclude CVS -exclude .svn -exclude .git -exclude .hg -resolve-src-symlinks /Users/josh/x/gitx/Resources/Images/MergeTemplate.pdf /Users/josh/Library/Developer/Xcode/DerivedData/GitX-cggrrpkbzogvjfcxoxftnovmywdq/Build/Products/Debug/GitX.app/Contents/Resources

CpResource /Users/josh/Library/Developer/Xcode/DerivedData/GitX-cggrrpkbzogvjfcxoxftnovmywdq/Build/Products/Debug/GitX.app/Contents/Resources/GitX.sdef /Users/josh/x/gitx/GitX.sdef (in target 'GitX' from project 'GitX')
    cd /Users/josh/x/gitx
    builtin-copy -exclude .DS_Store -exclude CVS -exclude .svn -exclude .git -exclude .hg -resolve-src-symlinks /Users/josh/x/gitx/GitX.sdef /Users/josh/Library/Developer/Xcode/DerivedData/GitX-cggrrpkbzogvjfcxoxftnovmywdq/Build/Products/Debug/GitX.app/Contents/Resources

CpResource /Users/josh/Library/Developer/Xcode/DerivedData/GitX-cggrrpkbzogvjfcxoxftnovmywdq/Build/Products/Debug/GitX.app/Contents/Resources/FolderTemplate.pdf /Users/josh/x/gitx/Resources/Images/FolderTemplate.pdf (in target 'GitX' from project 'GitX')
    cd /Users/josh/x/gitx
    builtin-copy -exclude .DS_Store -exclude CVS -exclude .svn -exclude .git -exclude .hg -resolve-src-symlinks /Users/josh/x/gitx/Resources/Images/FolderTemplate.pdf /Users/josh/Library/Developer/Xcode/DerivedData/GitX-cggrrpkbzogvjfcxoxftnovmywdq/Build/Products/Debug/GitX.app/Contents/Resources

CpResource /Users/josh/Library/Developer/Xcode/DerivedData/GitX-cggrrpkbzogvjfcxoxftnovmywdq/Build/Products/Debug/GitX.app/Contents/Resources/FolderClosedTemplate.pdf /Users/josh/x/gitx/Resources/Images/FolderClosedTemplate.pdf (in target 'GitX' from project 'GitX')
    cd /Users/josh/x/gitx
    builtin-copy -exclude .DS_Store -exclude CVS -exclude .svn -exclude .git -exclude .hg -resolve-src-symlinks /Users/josh/x/gitx/Resources/Images/FolderClosedTemplate.pdf /Users/josh/Library/Developer/Xcode/DerivedData/GitX-cggrrpkbzogvjfcxoxftnovmywdq/Build/Products/Debug/GitX.app/Contents/Resources

CpResource /Users/josh/Library/Developer/Xcode/DerivedData/GitX-cggrrpkbzogvjfcxoxftnovmywdq/Build/Products/Debug/GitX.app/Contents/Resources/FetchTemplate.pdf /Users/josh/x/gitx/Resources/Images/FetchTemplate.pdf (in target 'GitX' from project 'GitX')
    cd /Users/josh/x/gitx
    builtin-copy -exclude .DS_Store -exclude CVS -exclude .svn -exclude .git -exclude .hg -resolve-src-symlinks /Users/josh/x/gitx/Resources/Images/FetchTemplate.pdf /Users/josh/Library/Developer/Xcode/DerivedData/GitX-cggrrpkbzogvjfcxoxftnovmywdq/Build/Products/Debug/GitX.app/Contents/Resources

CpResource /Users/josh/Library/Developer/Xcode/DerivedData/GitX-cggrrpkbzogvjfcxoxftnovmywdq/Build/Products/Debug/GitX.app/Contents/Resources/DetailViewTemplate.pdf /Users/josh/x/gitx/Resources/Images/DetailViewTemplate.pdf (in target 'GitX' from project 'GitX')
    cd /Users/josh/x/gitx
    builtin-copy -exclude .DS_Store -exclude CVS -exclude .svn -exclude .git -exclude .hg -resolve-src-symlinks /Users/josh/x/gitx/Resources/Images/DetailViewTemplate.pdf /Users/josh/Library/Developer/Xcode/DerivedData/GitX-cggrrpkbzogvjfcxoxftnovmywdq/Build/Products/Debug/GitX.app/Contents/Resources

CpResource /Users/josh/Library/Developer/Xcode/DerivedData/GitX-cggrrpkbzogvjfcxoxftnovmywdq/Build/Products/Debug/GitX.app/Contents/Resources/Credits.html /Users/josh/x/gitx/Resources/Credits.html (in target 'GitX' from project 'GitX')
    cd /Users/josh/x/gitx
    builtin-copy -exclude .DS_Store -exclude CVS -exclude .svn -exclude .git -exclude .hg -resolve-src-symlinks /Users/josh/x/gitx/Resources/Credits.html /Users/josh/Library/Developer/Xcode/DerivedData/GitX-cggrrpkbzogvjfcxoxftnovmywdq/Build/Products/Debug/GitX.app/Contents/Resources

CpResource /Users/josh/Library/Developer/Xcode/DerivedData/GitX-cggrrpkbzogvjfcxoxftnovmywdq/Build/Products/Debug/GitX.app/Contents/Resources/CherryPickTemplate.pdf /Users/josh/x/gitx/Resources/Images/CherryPickTemplate.pdf (in target 'GitX' from project 'GitX')
    cd /Users/josh/x/gitx
    builtin-copy -exclude .DS_Store -exclude CVS -exclude .svn -exclude .git -exclude .hg -resolve-src-symlinks /Users/josh/x/gitx/Resources/Images/CherryPickTemplate.pdf /Users/josh/Library/Developer/Xcode/DerivedData/GitX-cggrrpkbzogvjfcxoxftnovmywdq/Build/Products/Debug/GitX.app/Contents/Resources

CpResource /Users/josh/Library/Developer/Xcode/DerivedData/GitX-cggrrpkbzogvjfcxoxftnovmywdq/Build/Products/Debug/GitX.app/Contents/Resources/BranchTemplate.pdf /Users/josh/x/gitx/Resources/Images/BranchTemplate.pdf (in target 'GitX' from project 'GitX')
    cd /Users/josh/x/gitx
    builtin-copy -exclude .DS_Store -exclude CVS -exclude .svn -exclude .git -exclude .hg -resolve-src-symlinks /Users/josh/x/gitx/Resources/Images/BranchTemplate.pdf /Users/josh/Library/Developer/Xcode/DerivedData/GitX-cggrrpkbzogvjfcxoxftnovmywdq/Build/Products/Debug/GitX.app/Contents/Resources

CpResource /Users/josh/Library/Developer/Xcode/DerivedData/GitX-cggrrpkbzogvjfcxoxftnovmywdq/Build/Products/Debug/GitX.app/Contents/Resources/AddRemoteTemplate.pdf /Users/josh/x/gitx/Resources/Images/AddRemoteTemplate.pdf (in target 'GitX' from project 'GitX')
    cd /Users/josh/x/gitx
    builtin-copy -exclude .DS_Store -exclude CVS -exclude .svn -exclude .git -exclude .hg -resolve-src-symlinks /Users/josh/x/gitx/Resources/Images/AddRemoteTemplate.pdf /Users/josh/Library/Developer/Xcode/DerivedData/GitX-cggrrpkbzogvjfcxoxftnovmywdq/Build/Products/Debug/GitX.app/Contents/Resources

CpResource /Users/josh/Library/Developer/Xcode/DerivedData/GitX-cggrrpkbzogvjfcxoxftnovmywdq/Build/Products/Debug/GitX.app/Contents/Resources/AddLabelTemplate.pdf /Users/josh/x/gitx/Resources/Images/AddLabelTemplate.pdf (in target 'GitX' from project 'GitX')
    cd /Users/josh/x/gitx
    builtin-copy -exclude .DS_Store -exclude CVS -exclude .svn -exclude .git -exclude .hg -resolve-src-symlinks /Users/josh/x/gitx/Resources/Images/AddLabelTemplate.pdf /Users/josh/Library/Developer/Xcode/DerivedData/GitX-cggrrpkbzogvjfcxoxftnovmywdq/Build/Products/Debug/GitX.app/Contents/Resources

CpResource /Users/josh/Library/Developer/Xcode/DerivedData/GitX-cggrrpkbzogvjfcxoxftnovmywdq/Build/Products/Debug/GitX.app/Contents/Resources/AddBranchTemplate.pdf /Users/josh/x/gitx/Resources/Images/AddBranchTemplate.pdf (in target 'GitX' from project 'GitX')
    cd /Users/josh/x/gitx
    builtin-copy -exclude .DS_Store -exclude CVS -exclude .svn -exclude .git -exclude .hg -resolve-src-symlinks /Users/josh/x/gitx/Resources/Images/AddBranchTemplate.pdf /Users/josh/Library/Developer/Xcode/DerivedData/GitX-cggrrpkbzogvjfcxoxftnovmywdq/Build/Products/Debug/GitX.app/Contents/Resources

CopyTiffFile /Users/josh/Library/Developer/Xcode/DerivedData/GitX-cggrrpkbzogvjfcxoxftnovmywdq/Build/Products/Debug/GitX.app/Contents/Resources/mainSplitterDimple.tiff /Users/josh/x/gitx/Resources/Images/mainSplitterDimple.tiff (in target 'GitX' from project 'GitX')
    cd /Users/josh/x/gitx
    builtin-copyTiff --outdir /Users/josh/Library/Developer/Xcode/DerivedData/GitX-cggrrpkbzogvjfcxoxftnovmywdq/Build/Products/Debug/GitX.app/Contents/Resources -- /Users/josh/x/gitx/Resources/Images/mainSplitterDimple.tiff

CopyTiffFile /Users/josh/Library/Developer/Xcode/DerivedData/GitX-cggrrpkbzogvjfcxoxftnovmywdq/Build/Products/Debug/GitX.app/Contents/Resources/mainSplitterBar.tiff /Users/josh/x/gitx/Resources/Images/mainSplitterBar.tiff (in target 'GitX' from project 'GitX')
    cd /Users/josh/x/gitx
    builtin-copyTiff --outdir /Users/josh/Library/Developer/Xcode/DerivedData/GitX-cggrrpkbzogvjfcxoxftnovmywdq/Build/Products/Debug/GitX.app/Contents/Resources -- /Users/josh/x/gitx/Resources/Images/mainSplitterBar.tiff

CopyStringsFile /Users/josh/Library/Developer/Xcode/DerivedData/GitX-cggrrpkbzogvjfcxoxftnovmywdq/Build/Products/Debug/GitX.app/Contents/Resources/English.lproj/InfoPlist.strings /Users/josh/x/gitx/English.lproj/InfoPlist.strings (in target 'GitX' from project 'GitX')
    cd /Users/josh/x/gitx
    builtin-copyStrings --validate --inputencoding utf-8 --outputencoding UTF-16 --outfilename InfoPlist.strings --outdir /Users/josh/Library/Developer/Xcode/DerivedData/GitX-cggrrpkbzogvjfcxoxftnovmywdq/Build/Products/Debug/GitX.app/Contents/Resources/English.lproj -- /Users/josh/x/gitx/English.lproj/InfoPlist.strings
/Users/josh/x/gitx/English.lproj/InfoPlist.strings:1:1: note: ignoring byte-order mark in input file (in target 'GitX' from project 'GitX')

CopyPNGFile /Users/josh/Library/Developer/Xcode/DerivedData/GitX-cggrrpkbzogvjfcxoxftnovmywdq/Build/Products/Debug/GitX.app/Contents/Resources/Updates.png /Users/josh/x/gitx/Resources/Images/Preferences/Updates.png (in target 'GitX' from project 'GitX')
    cd /Users/josh/x/gitx
    /Applications/Xcode.app/Contents/Developer/usr/bin/copypng /Users/josh/x/gitx/Resources/Images/Preferences/Updates.png /Users/josh/Library/Developer/Xcode/DerivedData/GitX-cggrrpkbzogvjfcxoxftnovmywdq/Build/Products/Debug/GitX.app/Contents/Resources/Updates.png

CompileXIB /Users/josh/x/gitx/Resources/XIBs/PBGitXMessageSheet.xib (in target 'GitX' from project 'GitX')
    cd /Users/josh/x/gitx
    /Applications/Xcode.app/Contents/Developer/usr/bin/ibtool --errors --warnings --notices --module GitX --output-partial-info-plist /Users/josh/Library/Developer/Xcode/DerivedData/GitX-cggrrpkbzogvjfcxoxftnovmywdq/Build/Intermediates.noindex/GitX.build/Debug/GitX.build/PBGitXMessageSheet-PartialInfo.plist --auto-activate-custom-fonts --target-device mac --minimum-deployment-target 10.13 --output-format human-readable-text --compile /Users/josh/Library/Developer/Xcode/DerivedData/GitX-cggrrpkbzogvjfcxoxftnovmywdq/Build/Products/Debug/GitX.app/Contents/Resources/PBGitXMessageSheet.nib /Users/josh/x/gitx/Resources/XIBs/PBGitXMessageSheet.xib
/* com.apple.ibtool.document.notices */
/Users/josh/x/gitx/Resources/XIBs/PBGitXMessageSheet.xib:9: note: NSTextField's height does not match its intrinsic content size, use "Size to Fit Content" to correct [22]
/* com.apple.ibtool.document.warnings */
/Users/josh/x/gitx/Resources/XIBs/PBGitXMessageSheet.xib:global: warning: This file is set to build for a version older than the deployment target. Functionality may be limited. [9]

CompileXIB /Users/josh/x/gitx/Resources/XIBs/PBGitSidebarView.xib (in target 'GitX' from project 'GitX')
    cd /Users/josh/x/gitx
    /Applications/Xcode.app/Contents/Developer/usr/bin/ibtool --errors --warnings --notices --module GitX --output-partial-info-plist /Users/josh/Library/Developer/Xcode/DerivedData/GitX-cggrrpkbzogvjfcxoxftnovmywdq/Build/Intermediates.noindex/GitX.build/Debug/GitX.build/PBGitSidebarView-PartialInfo.plist --auto-activate-custom-fonts --target-device mac --minimum-deployment-target 10.13 --output-format human-readable-text --compile /Users/josh/Library/Developer/Xcode/DerivedData/GitX-cggrrpkbzogvjfcxoxftnovmywdq/Build/Products/Debug/GitX.app/Contents/Resources/PBGitSidebarView.nib /Users/josh/x/gitx/Resources/XIBs/PBGitSidebarView.xib
/* com.apple.ibtool.document.notices */
/Users/josh/x/gitx/Resources/XIBs/PBGitSidebarView.xib:39: note: View is clipping its content [13]
/* com.apple.ibtool.document.warnings */
/Users/josh/x/gitx/Resources/XIBs/PBGitSidebarView.xib:global: warning: This file is set to build for a version older than the deployment target. Functionality may be limited. [9]

CompileXIB /Users/josh/x/gitx/Resources/XIBs/PBGitHistoryView.xib (in target 'GitX' from project 'GitX')
    cd /Users/josh/x/gitx
    /Applications/Xcode.app/Contents/Developer/usr/bin/ibtool --errors --warnings --notices --module GitX --output-partial-info-plist /Users/josh/Library/Developer/Xcode/DerivedData/GitX-cggrrpkbzogvjfcxoxftnovmywdq/Build/Intermediates.noindex/GitX.build/Debug/GitX.build/PBGitHistoryView-PartialInfo.plist --auto-activate-custom-fonts --target-device mac --minimum-deployment-target 10.13 --output-format human-readable-text --compile /Users/josh/Library/Developer/Xcode/DerivedData/GitX-cggrrpkbzogvjfcxoxftnovmywdq/Build/Products/Debug/GitX.app/Contents/Resources/PBGitHistoryView.nib /Users/josh/x/gitx/Resources/XIBs/PBGitHistoryView.xib
/* com.apple.ibtool.document.warnings */
/Users/josh/x/gitx/Resources/XIBs/PBGitHistoryView.xib:global: warning: This file is set to build for a version older than the deployment target. Functionality may be limited. [9]

CompileXIB /Users/josh/x/gitx/Resources/XIBs/PBGitCommitView.xib (in target 'GitX' from project 'GitX')
    cd /Users/josh/x/gitx
    /Applications/Xcode.app/Contents/Developer/usr/bin/ibtool --errors --warnings --notices --module GitX --output-partial-info-plist /Users/josh/Library/Developer/Xcode/DerivedData/GitX-cggrrpkbzogvjfcxoxftnovmywdq/Build/Intermediates.noindex/GitX.build/Debug/GitX.build/PBGitCommitView-PartialInfo.plist --auto-activate-custom-fonts --target-device mac --minimum-deployment-target 10.13 --output-format human-readable-text --compile /Users/josh/Library/Developer/Xcode/DerivedData/GitX-cggrrpkbzogvjfcxoxftnovmywdq/Build/Products/Debug/GitX.app/Contents/Resources/PBGitCommitView.nib /Users/josh/x/gitx/Resources/XIBs/PBGitCommitView.xib
/* com.apple.ibtool.document.warnings */
/Users/josh/x/gitx/Resources/XIBs/PBGitCommitView.xib:global: warning: This file is set to build for a version older than the deployment target. Functionality may be limited. [9]

CompileXIB /Users/josh/x/gitx/Resources/XIBs/PBDiffWindow.xib (in target 'GitX' from project 'GitX')
    cd /Users/josh/x/gitx
    /Applications/Xcode.app/Contents/Developer/usr/bin/ibtool --errors --warnings --notices --module GitX --output-partial-info-plist /Users/josh/Library/Developer/Xcode/DerivedData/GitX-cggrrpkbzogvjfcxoxftnovmywdq/Build/Intermediates.noindex/GitX.build/Debug/GitX.build/PBDiffWindow-PartialInfo.plist --auto-activate-custom-fonts --target-device mac --minimum-deployment-target 10.13 --output-format human-readable-text --compile /Users/josh/Library/Developer/Xcode/DerivedData/GitX-cggrrpkbzogvjfcxoxftnovmywdq/Build/Products/Debug/GitX.app/Contents/Resources/PBDiffWindow.nib /Users/josh/x/gitx/Resources/XIBs/PBDiffWindow.xib
/* com.apple.ibtool.document.warnings */
/Users/josh/x/gitx/Resources/XIBs/PBDiffWindow.xib:global: warning: This file is set to build for a version older than the deployment target. Functionality may be limited. [9]

CompileXIB /Users/josh/x/gitx/Resources/XIBs/PBCommitHookFailedSheet.xib (in target 'GitX' from project 'GitX')
    cd /Users/josh/x/gitx
    /Applications/Xcode.app/Contents/Developer/usr/bin/ibtool --errors --warnings --notices --module GitX --output-partial-info-plist /Users/josh/Library/Developer/Xcode/DerivedData/GitX-cggrrpkbzogvjfcxoxftnovmywdq/Build/Intermediates.noindex/GitX.build/Debug/GitX.build/PBCommitHookFailedSheet-PartialInfo.plist --auto-activate-custom-fonts --target-device mac --minimum-deployment-target 10.13 --output-format human-readable-text --compile /Users/josh/Library/Developer/Xcode/DerivedData/GitX-cggrrpkbzogvjfcxoxftnovmywdq/Build/Products/Debug/GitX.app/Contents/Resources/PBCommitHookFailedSheet.nib /Users/josh/x/gitx/Resources/XIBs/PBCommitHookFailedSheet.xib
/* com.apple.ibtool.document.notices */
/Users/josh/x/gitx/Resources/XIBs/PBCommitHookFailedSheet.xib:9: note: NSTextField's height does not match its intrinsic content size, use "Size to Fit Content" to correct [22]
/* com.apple.ibtool.document.warnings */
/Users/josh/x/gitx/Resources/XIBs/PBCommitHookFailedSheet.xib:global: warning: This file is set to build for a version older than the deployment target. Functionality may be limited. [9]

CompileXIB /Users/josh/x/gitx/Resources/XIBs/OpenRecentPopup.xib (in target 'GitX' from project 'GitX')
    cd /Users/josh/x/gitx
    /Applications/Xcode.app/Contents/Developer/usr/bin/ibtool --errors --warnings --notices --module GitX --output-partial-info-plist /Users/josh/Library/Developer/Xcode/DerivedData/GitX-cggrrpkbzogvjfcxoxftnovmywdq/Build/Intermediates.noindex/GitX.build/Debug/GitX.build/OpenRecentPopup-PartialInfo.plist --auto-activate-custom-fonts --target-device mac --minimum-deployment-target 10.13 --output-format human-readable-text --compile /Users/josh/Library/Developer/Xcode/DerivedData/GitX-cggrrpkbzogvjfcxoxftnovmywdq/Build/Products/Debug/GitX.app/Contents/Resources/OpenRecentPopup.nib /Users/josh/x/gitx/Resources/XIBs/OpenRecentPopup.xib
/* com.apple.ibtool.document.warnings */
/Users/josh/x/gitx/Resources/XIBs/OpenRecentPopup.xib:global: warning: This file is set to build for a version older than the deployment target. Functionality may be limited. [9]

CompileXIB /Users/josh/x/gitx/English.lproj/Preferences.xib (in target 'GitX' from project 'GitX')
    cd /Users/josh/x/gitx
    /Applications/Xcode.app/Contents/Developer/usr/bin/ibtool --errors --warnings --notices --module GitX --output-partial-info-plist /Users/josh/Library/Developer/Xcode/DerivedData/GitX-cggrrpkbzogvjfcxoxftnovmywdq/Build/Intermediates.noindex/GitX.build/Debug/GitX.build/English.lproj/Preferences-PartialInfo.plist --auto-activate-custom-fonts --target-device mac --minimum-deployment-target 10.13 --output-format human-readable-text --compile /Users/josh/Library/Developer/Xcode/DerivedData/GitX-cggrrpkbzogvjfcxoxftnovmywdq/Build/Products/Debug/GitX.app/Contents/Resources/English.lproj/Preferences.nib /Users/josh/x/gitx/English.lproj/Preferences.xib
/* com.apple.ibtool.document.notices */
/Users/josh/x/gitx/English.lproj/Preferences.xib:47: note: NSTextField's height does not match its intrinsic content size, use "Size to Fit Content" to correct [22]
/Users/josh/x/gitx/English.lproj/Preferences.xib:128: note: NSTextField's height does not match its intrinsic content size, use "Size to Fit Content" to correct [22]
/Users/josh/x/gitx/English.lproj/Preferences.xib:89: note: View is clipping its content [13]
/Users/josh/x/gitx/English.lproj/Preferences.xib:19: note: NSTextField's height does not match its intrinsic content size, use "Size to Fit Content" to correct [22]
/Users/josh/x/gitx/English.lproj/Preferences.xib:137: note: NSTextField's height does not match its intrinsic content size, use "Size to Fit Content" to correct [22]
/Users/josh/x/gitx/English.lproj/Preferences.xib:43: note: NSTextField's height does not match its intrinsic content size, use "Size to Fit Content" to correct [22]
/Users/josh/x/gitx/English.lproj/Preferences.xib:77: note: View is clipping its content [13]
/Users/josh/x/gitx/English.lproj/Preferences.xib:146: note: NSTextField's height does not match its intrinsic content size, use "Size to Fit Content" to correct [22]
/Users/josh/x/gitx/English.lproj/Preferences.xib:130: note: NSTextField's height does not match its intrinsic content size, use "Size to Fit Content" to correct [22]
/Users/josh/x/gitx/English.lproj/Preferences.xib:88: note: View is clipping its content [13]
/Users/josh/x/gitx/English.lproj/Preferences.xib:145: note: NSTextField's height does not match its intrinsic content size, use "Size to Fit Content" to correct [22]
/* com.apple.ibtool.document.warnings */
/Users/josh/x/gitx/English.lproj/Preferences.xib:global: warning: This file is set to build for a version older than the deployment target. Functionality may be limited. [9]

CompileXIB /Users/josh/x/gitx/English.lproj/RepositoryWindow.xib (in target 'GitX' from project 'GitX')
    cd /Users/josh/x/gitx
    /Applications/Xcode.app/Contents/Developer/usr/bin/ibtool --errors --warnings --notices --module GitX --output-partial-info-plist /Users/josh/Library/Developer/Xcode/DerivedData/GitX-cggrrpkbzogvjfcxoxftnovmywdq/Build/Intermediates.noindex/GitX.build/Debug/GitX.build/English.lproj/RepositoryWindow-PartialInfo.plist --auto-activate-custom-fonts --target-device mac --minimum-deployment-target 10.13 --output-format human-readable-text --compile /Users/josh/Library/Developer/Xcode/DerivedData/GitX-cggrrpkbzogvjfcxoxftnovmywdq/Build/Products/Debug/GitX.app/Contents/Resources/English.lproj/RepositoryWindow.nib /Users/josh/x/gitx/English.lproj/RepositoryWindow.xib
/* com.apple.ibtool.document.notices */
/Users/josh/x/gitx/English.lproj/RepositoryWindow.xib:439: note: View is clipping its content [13]
/Users/josh/x/gitx/English.lproj/RepositoryWindow.xib:430: note: View is clipping its content [13]
/* com.apple.ibtool.document.warnings */
/Users/josh/x/gitx/English.lproj/RepositoryWindow.xib:global: warning: This file is set to build for a version older than the deployment target. Functionality may be limited. [9]

CompileXIB /Users/josh/x/gitx/English.lproj/PBCreateTagSheet.xib (in target 'GitX' from project 'GitX')
    cd /Users/josh/x/gitx
    /Applications/Xcode.app/Contents/Developer/usr/bin/ibtool --errors --warnings --notices --module GitX --output-partial-info-plist /Users/josh/Library/Developer/Xcode/DerivedData/GitX-cggrrpkbzogvjfcxoxftnovmywdq/Build/Intermediates.noindex/GitX.build/Debug/GitX.build/English.lproj/PBCreateTagSheet-PartialInfo.plist --auto-activate-custom-fonts --target-device mac --minimum-deployment-target 10.13 --output-format human-readable-text --compile /Users/josh/Library/Developer/Xcode/DerivedData/GitX-cggrrpkbzogvjfcxoxftnovmywdq/Build/Products/Debug/GitX.app/Contents/Resources/English.lproj/PBCreateTagSheet.nib /Users/josh/x/gitx/English.lproj/PBCreateTagSheet.xib
/* com.apple.ibtool.document.notices */
/Users/josh/x/gitx/English.lproj/PBCreateTagSheet.xib:17: note: NSTextField's height does not match its intrinsic content size, use "Size to Fit Content" to correct [22]
/Users/josh/x/gitx/English.lproj/PBCreateTagSheet.xib:7: note: NSTextField's height does not match its intrinsic content size, use "Size to Fit Content" to correct [22]
/Users/josh/x/gitx/English.lproj/PBCreateTagSheet.xib:26: note: View is clipping its content [13]
/Users/josh/x/gitx/English.lproj/PBCreateTagSheet.xib:3: note: NSTextField's height does not match its intrinsic content size, use "Size to Fit Content" to correct [22]
/Users/josh/x/gitx/English.lproj/PBCreateTagSheet.xib:11: note: NSTextField's height does not match its intrinsic content size, use "Size to Fit Content" to correct [22]
/Users/josh/x/gitx/English.lproj/PBCreateTagSheet.xib:5: note: NSTextField's height does not match its intrinsic content size, use "Size to Fit Content" to correct [22]
/* com.apple.ibtool.document.warnings */
/Users/josh/x/gitx/English.lproj/PBCreateTagSheet.xib:global: warning: This file is set to build for a version older than the deployment target. Functionality may be limited. [9]

CompileXIB /Users/josh/x/gitx/English.lproj/PBCreateBranchSheet.xib (in target 'GitX' from project 'GitX')
    cd /Users/josh/x/gitx
    /Applications/Xcode.app/Contents/Developer/usr/bin/ibtool --errors --warnings --notices --module GitX --output-partial-info-plist /Users/josh/Library/Developer/Xcode/DerivedData/GitX-cggrrpkbzogvjfcxoxftnovmywdq/Build/Intermediates.noindex/GitX.build/Debug/GitX.build/English.lproj/PBCreateBranchSheet-PartialInfo.plist --auto-activate-custom-fonts --target-device mac --minimum-deployment-target 10.13 --output-format human-readable-text --compile /Users/josh/Library/Developer/Xcode/DerivedData/GitX-cggrrpkbzogvjfcxoxftnovmywdq/Build/Products/Debug/GitX.app/Contents/Resources/English.lproj/PBCreateBranchSheet.nib /Users/josh/x/gitx/English.lproj/PBCreateBranchSheet.xib
/* com.apple.ibtool.document.notices */
/Users/josh/x/gitx/English.lproj/PBCreateBranchSheet.xib:3: note: NSTextField's height does not match its intrinsic content size, use "Size to Fit Content" to correct [22]
/Users/josh/x/gitx/English.lproj/PBCreateBranchSheet.xib:56: note: View is clipping its content [13]
/Users/josh/x/gitx/English.lproj/PBCreateBranchSheet.xib:27: note: NSTextField's height does not match its intrinsic content size, use "Size to Fit Content" to correct [22]
/Users/josh/x/gitx/English.lproj/PBCreateBranchSheet.xib:7: note: NSTextField's height does not match its intrinsic content size, use "Size to Fit Content" to correct [22]
/Users/josh/x/gitx/English.lproj/PBCreateBranchSheet.xib:5: note: NSTextField's height does not match its intrinsic content size, use "Size to Fit Content" to correct [22]
/* com.apple.ibtool.document.warnings */
/Users/josh/x/gitx/English.lproj/PBCreateBranchSheet.xib:global: warning: This file is set to build for a version older than the deployment target. Functionality may be limited. [9]

CompileXIB /Users/josh/x/gitx/English.lproj/MainMenu.xib (in target 'GitX' from project 'GitX')
    cd /Users/josh/x/gitx
    /Applications/Xcode.app/Contents/Developer/usr/bin/ibtool --errors --warnings --notices --module GitX --output-partial-info-plist /Users/josh/Library/Developer/Xcode/DerivedData/GitX-cggrrpkbzogvjfcxoxftnovmywdq/Build/Intermediates.noindex/GitX.build/Debug/GitX.build/English.lproj/MainMenu-PartialInfo.plist --auto-activate-custom-fonts --target-device mac --minimum-deployment-target 10.13 --output-format human-readable-text --compile /Users/josh/Library/Developer/Xcode/DerivedData/GitX-cggrrpkbzogvjfcxoxftnovmywdq/Build/Products/Debug/GitX.app/Contents/Resources/English.lproj/MainMenu.nib /Users/josh/x/gitx/English.lproj/MainMenu.xib
/* com.apple.ibtool.document.warnings */
/Users/josh/x/gitx/English.lproj/MainMenu.xib:global: warning: This file is set to build for a version older than the deployment target. Functionality may be limited. [9]

CompileC /Users/josh/Library/Developer/Xcode/DerivedData/GitX-cggrrpkbzogvjfcxoxftnovmywdq/Build/Intermediates.noindex/GitX.build/Debug/GitX.build/Objects-normal/arm64/GitX_vers.o /Users/josh/Library/Developer/Xcode/DerivedData/GitX-cggrrpkbzogvjfcxoxftnovmywdq/Build/Intermediates.noindex/GitX.build/Debug/GitX.build/DerivedSources/GitX_vers.c normal arm64 c com.apple.compilers.llvm.clang.1_0.compiler (in target 'GitX' from project 'GitX')
    cd /Users/josh/x/gitx
    
    Using response file: /Users/josh/Library/Developer/Xcode/DerivedData/GitX-cggrrpkbzogvjfcxoxftnovmywdq/Build/Intermediates.noindex/GitX.build/Debug/GitX.build/Objects-normal/arm64/7187679823f38a2a940e0043cdf9d637-common-args.resp
    
    /Applications/Xcode.app/Contents/Developer/Toolchains/XcodeDefault.xctoolchain/usr/bin/clang -x c -ivfsstatcache /Users/josh/Library/Developer/Xcode/DerivedData/SDKStatCaches.noindex/macosx15.5-24F74-8254517eb8b97d462ccbc072ba9094c9.sdkstatcache -fmessage-length\=0 -fdiagnostics-show-note-include-stack -fmacro-backtrace-limit\=0 -fno-color-diagnostics -Wno-trigraphs -Wno-missing-field-initializers -Wno-missing-prototypes -Wno-missing-braces -Wparentheses -Wswitch -Wno-unused-function -Wno-unused-label -Wno-unused-parameter -Wunused-variable -Wunused-value -Wno-empty-body -Wno-uninitialized -Wno-unknown-pragmas -Wno-shadow -Wno-four-char-constants -Wno-conversion -Wno-constant-conversion -Wno-int-conversion -Wno-bool-conversion -Wno-enum-conversion -Wno-float-conversion -Wno-non-literal-null-conversion -Wno-objc-literal-conversion -Wshorten-64-to-32 -Wpointer-sign -Wno-newline-eof -Wno-implicit-fallthrough -fstrict-aliasing -Wdeprecated-declarations -Wno-sign-conversion -Wno-infinite-recursion -Wno-comma -Wno-block-capture-autoreleasing -Wno-strict-prototypes -Wno-semicolon-before-method-body -index-store-path /Users/josh/Library/Developer/Xcode/DerivedData/GitX-cggrrpkbzogvjfcxoxftnovmywdq/Index.noindex/DataStore -Werror\=incompatible-pointer-types @/Users/josh/Library/Developer/Xcode/DerivedData/GitX-cggrrpkbzogvjfcxoxftnovmywdq/Build/Intermediates.noindex/GitX.build/Debug/GitX.build/Objects-normal/arm64/7187679823f38a2a940e0043cdf9d637-common-args.resp -MMD -MT dependencies -MF /Users/josh/Library/Developer/Xcode/DerivedData/GitX-cggrrpkbzogvjfcxoxftnovmywdq/Build/Intermediates.noindex/GitX.build/Debug/GitX.build/Objects-normal/arm64/GitX_vers.d --serialize-diagnostics /Users/josh/Library/Developer/Xcode/DerivedData/GitX-cggrrpkbzogvjfcxoxftnovmywdq/Build/Intermediates.noindex/GitX.build/Debug/GitX.build/Objects-normal/arm64/GitX_vers.dia -c /Users/josh/Library/Developer/Xcode/DerivedData/GitX-cggrrpkbzogvjfcxoxftnovmywdq/Build/Intermediates.noindex/GitX.build/Debug/GitX.build/DerivedSources/GitX_vers.c -o /Users/josh/Library/Developer/Xcode/DerivedData/GitX-cggrrpkbzogvjfcxoxftnovmywdq/Build/Intermediates.noindex/GitX.build/Debug/GitX.build/Objects-normal/arm64/GitX_vers.o -index-unit-output-path /GitX.build/Debug/GitX.build/Objects-normal/arm64/GitX_vers.o

AnalyzeShallow /Users/josh/Library/Developer/Xcode/DerivedData/GitX-cggrrpkbzogvjfcxoxftnovmywdq/Build/Intermediates.noindex/GitX.build/Debug/GitX.build/DerivedSources/GitX_vers.c normal arm64 (in target 'GitX' from project 'GitX')
    cd /Users/josh/x/gitx
    
    Using response file: /Users/josh/Library/Developer/Xcode/DerivedData/GitX-cggrrpkbzogvjfcxoxftnovmywdq/Build/Intermediates.noindex/GitX.build/Debug/GitX.build/Objects-normal/arm64/ddf835f7f9e85e15c1a9a9eaf9b78cba-common-args.resp
    
    /Applications/Xcode.app/Contents/Developer/Toolchains/XcodeDefault.xctoolchain/usr/bin/clang -x c -ivfsstatcache /Users/josh/Library/Developer/Xcode/DerivedData/SDKStatCaches.noindex/macosx15.5-24F74-8254517eb8b97d462ccbc072ba9094c9.sdkstatcache -fmessage-length\=0 -fdiagnostics-show-note-include-stack -fmacro-backtrace-limit\=0 -fno-color-diagnostics -Wno-trigraphs -Wno-missing-field-initializers -Wno-missing-prototypes -Wno-missing-braces -Wparentheses -Wswitch -Wno-unused-function -Wno-unused-label -Wno-unused-parameter -Wunused-variable -Wunused-value -Wno-empty-body -Wno-uninitialized -Wno-unknown-pragmas -Wno-shadow -Wno-four-char-constants -Wno-conversion -Wno-constant-conversion -Wno-int-conversion -Wno-bool-conversion -Wno-enum-conversion -Wno-float-conversion -Wno-non-literal-null-conversion -Wno-objc-literal-conversion -Wshorten-64-to-32 -Wpointer-sign -Wno-newline-eof -Wno-implicit-fallthrough -fstrict-aliasing -Wdeprecated-declarations -Wno-sign-conversion -Wno-infinite-recursion -Wno-comma -Wno-block-capture-autoreleasing -Wno-strict-prototypes -Wno-semicolon-before-method-body -Werror\=incompatible-pointer-types @/Users/josh/Library/Developer/Xcode/DerivedData/GitX-cggrrpkbzogvjfcxoxftnovmywdq/Build/Intermediates.noindex/GitX.build/Debug/GitX.build/Objects-normal/arm64/ddf835f7f9e85e15c1a9a9eaf9b78cba-common-args.resp -MMD -MT dependencies -MF /Users/josh/Library/Developer/Xcode/DerivedData/GitX-cggrrpkbzogvjfcxoxftnovmywdq/Build/Intermediates.noindex/GitX.build/Debug/GitX.build/StaticAnalyzer/GitX/GitX/normal/arm64/GitX_vers.d --analyze /Users/josh/Library/Developer/Xcode/DerivedData/GitX-cggrrpkbzogvjfcxoxftnovmywdq/Build/Intermediates.noindex/GitX.build/Debug/GitX.build/DerivedSources/GitX_vers.c -o /Users/josh/Library/Developer/Xcode/DerivedData/GitX-cggrrpkbzogvjfcxoxftnovmywdq/Build/Intermediates.noindex/GitX.build/Debug/GitX.build/StaticAnalyzer/GitX/GitX/normal/arm64/GitX_vers.plist

AnalyzeShallow /Users/josh/x/gitx/Classes/git/PBGitXProtocol.m normal arm64 (in target 'GitX' from project 'GitX')
    cd /Users/josh/x/gitx
    
    Using response file: /Users/josh/Library/Developer/Xcode/DerivedData/GitX-cggrrpkbzogvjfcxoxftnovmywdq/Build/Intermediates.noindex/GitX.build/Debug/GitX.build/Objects-normal/arm64/22a6d426986e98cf1a8e0c880c6a22df-common-args.resp
    
    /Applications/Xcode.app/Contents/Developer/Toolchains/XcodeDefault.xctoolchain/usr/bin/clang -x objective-c -ivfsstatcache /Users/josh/Library/Developer/Xcode/DerivedData/SDKStatCaches.noindex/macosx15.5-24F74-8254517eb8b97d462ccbc072ba9094c9.sdkstatcache -fmessage-length\=0 -fdiagnostics-show-note-include-stack -fmacro-backtrace-limit\=0 -fno-color-diagnostics -Wno-trigraphs -Wno-missing-field-initializers -Wno-missing-prototypes -Wno-implicit-atomic-properties -Wno-objc-interface-ivars -Wno-arc-repeated-use-of-weak -Wno-missing-braces -Wparentheses -Wswitch -Wno-unused-function -Wno-unused-label -Wno-unused-parameter -Wunused-variable -Wunused-value -Wno-empty-body -Wno-uninitialized -Wno-unknown-pragmas -Wno-shadow -Wno-four-char-constants -Wno-conversion -Wno-constant-conversion -Wno-int-conversion -Wno-bool-conversion -Wno-enum-conversion -Wno-float-conversion -Wno-non-literal-null-conversion -Wno-objc-literal-conversion -Wshorten-64-to-32 -Wpointer-sign -Wno-newline-eof -Wno-selector -Wno-strict-selector-match -Wno-undeclared-selector -Wno-deprecated-implementations -Wno-implicit-fallthrough -fstrict-aliasing -Wprotocol -Wdeprecated-declarations -Wno-sign-conversion -Wno-infinite-recursion -Wno-comma -Wno-block-capture-autoreleasing -Wno-strict-prototypes -Wno-semicolon-before-method-body -Werror\=incompatible-pointer-types @/Users/josh/Library/Developer/Xcode/DerivedData/GitX-cggrrpkbzogvjfcxoxftnovmywdq/Build/Intermediates.noindex/GitX.build/Debug/GitX.build/Objects-normal/arm64/22a6d426986e98cf1a8e0c880c6a22df-common-args.resp -include /Users/josh/Library/Developer/Xcode/DerivedData/GitX-cggrrpkbzogvjfcxoxftnovmywdq/Build/Intermediates.noindex/PrecompiledHeaders/SharedPrecompiledHeaders/1337419039418411841/GitX_Prefix.pch -MMD -MT dependencies -MF /Users/josh/Library/Developer/Xcode/DerivedData/GitX-cggrrpkbzogvjfcxoxftnovmywdq/Build/Intermediates.noindex/GitX.build/Debug/GitX.build/StaticAnalyzer/GitX/GitX/normal/arm64/PBGitXProtocol.d --analyze /Users/josh/x/gitx/Classes/git/PBGitXProtocol.m -o /Users/josh/Library/Developer/Xcode/DerivedData/GitX-cggrrpkbzogvjfcxoxftnovmywdq/Build/Intermediates.noindex/GitX.build/Debug/GitX.build/StaticAnalyzer/GitX/GitX/normal/arm64/PBGitXProtocol.plist

AnalyzeShallow /Users/josh/x/gitx/Classes/main.m normal arm64 (in target 'GitX' from project 'GitX')
    cd /Users/josh/x/gitx
    
    Using response file: /Users/josh/Library/Developer/Xcode/DerivedData/GitX-cggrrpkbzogvjfcxoxftnovmywdq/Build/Intermediates.noindex/GitX.build/Debug/GitX.build/Objects-normal/arm64/22a6d426986e98cf1a8e0c880c6a22df-common-args.resp
    
    /Applications/Xcode.app/Contents/Developer/Toolchains/XcodeDefault.xctoolchain/usr/bin/clang -x objective-c -ivfsstatcache /Users/josh/Library/Developer/Xcode/DerivedData/SDKStatCaches.noindex/macosx15.5-24F74-8254517eb8b97d462ccbc072ba9094c9.sdkstatcache -fmessage-length\=0 -fdiagnostics-show-note-include-stack -fmacro-backtrace-limit\=0 -fno-color-diagnostics -Wno-trigraphs -Wno-missing-field-initializers -Wno-missing-prototypes -Wno-implicit-atomic-properties -Wno-objc-interface-ivars -Wno-arc-repeated-use-of-weak -Wno-missing-braces -Wparentheses -Wswitch -Wno-unused-function -Wno-unused-label -Wno-unused-parameter -Wunused-variable -Wunused-value -Wno-empty-body -Wno-uninitialized -Wno-unknown-pragmas -Wno-shadow -Wno-four-char-constants -Wno-conversion -Wno-constant-conversion -Wno-int-conversion -Wno-bool-conversion -Wno-enum-conversion -Wno-float-conversion -Wno-non-literal-null-conversion -Wno-objc-literal-conversion -Wshorten-64-to-32 -Wpointer-sign -Wno-newline-eof -Wno-selector -Wno-strict-selector-match -Wno-undeclared-selector -Wno-deprecated-implementations -Wno-implicit-fallthrough -fstrict-aliasing -Wprotocol -Wdeprecated-declarations -Wno-sign-conversion -Wno-infinite-recursion -Wno-comma -Wno-block-capture-autoreleasing -Wno-strict-prototypes -Wno-semicolon-before-method-body -Werror\=incompatible-pointer-types @/Users/josh/Library/Developer/Xcode/DerivedData/GitX-cggrrpkbzogvjfcxoxftnovmywdq/Build/Intermediates.noindex/GitX.build/Debug/GitX.build/Objects-normal/arm64/22a6d426986e98cf1a8e0c880c6a22df-common-args.resp -include /Users/josh/Library/Developer/Xcode/DerivedData/GitX-cggrrpkbzogvjfcxoxftnovmywdq/Build/Intermediates.noindex/PrecompiledHeaders/SharedPrecompiledHeaders/1337419039418411841/GitX_Prefix.pch -MMD -MT dependencies -MF /Users/josh/Library/Developer/Xcode/DerivedData/GitX-cggrrpkbzogvjfcxoxftnovmywdq/Build/Intermediates.noindex/GitX.build/Debug/GitX.build/StaticAnalyzer/GitX/GitX/normal/arm64/main.d --analyze /Users/josh/x/gitx/Classes/main.m -o /Users/josh/Library/Developer/Xcode/DerivedData/GitX-cggrrpkbzogvjfcxoxftnovmywdq/Build/Intermediates.noindex/GitX.build/Debug/GitX.build/StaticAnalyzer/GitX/GitX/normal/arm64/main.plist

AnalyzeShallow /Users/josh/x/gitx/Classes/git/PBGitXErrors.m normal arm64 (in target 'GitX' from project 'GitX')
    cd /Users/josh/x/gitx
    
    Using response file: /Users/josh/Library/Developer/Xcode/DerivedData/GitX-cggrrpkbzogvjfcxoxftnovmywdq/Build/Intermediates.noindex/GitX.build/Debug/GitX.build/Objects-normal/arm64/22a6d426986e98cf1a8e0c880c6a22df-common-args.resp
    
    /Applications/Xcode.app/Contents/Developer/Toolchains/XcodeDefault.xctoolchain/usr/bin/clang -x objective-c -ivfsstatcache /Users/josh/Library/Developer/Xcode/DerivedData/SDKStatCaches.noindex/macosx15.5-24F74-8254517eb8b97d462ccbc072ba9094c9.sdkstatcache -fmessage-length\=0 -fdiagnostics-show-note-include-stack -fmacro-backtrace-limit\=0 -fno-color-diagnostics -Wno-trigraphs -Wno-missing-field-initializers -Wno-missing-prototypes -Wno-implicit-atomic-properties -Wno-objc-interface-ivars -Wno-arc-repeated-use-of-weak -Wno-missing-braces -Wparentheses -Wswitch -Wno-unused-function -Wno-unused-label -Wno-unused-parameter -Wunused-variable -Wunused-value -Wno-empty-body -Wno-uninitialized -Wno-unknown-pragmas -Wno-shadow -Wno-four-char-constants -Wno-conversion -Wno-constant-conversion -Wno-int-conversion -Wno-bool-conversion -Wno-enum-conversion -Wno-float-conversion -Wno-non-literal-null-conversion -Wno-objc-literal-conversion -Wshorten-64-to-32 -Wpointer-sign -Wno-newline-eof -Wno-selector -Wno-strict-selector-match -Wno-undeclared-selector -Wno-deprecated-implementations -Wno-implicit-fallthrough -fstrict-aliasing -Wprotocol -Wdeprecated-declarations -Wno-sign-conversion -Wno-infinite-recursion -Wno-comma -Wno-block-capture-autoreleasing -Wno-strict-prototypes -Wno-semicolon-before-method-body -Werror\=incompatible-pointer-types @/Users/josh/Library/Developer/Xcode/DerivedData/GitX-cggrrpkbzogvjfcxoxftnovmywdq/Build/Intermediates.noindex/GitX.build/Debug/GitX.build/Objects-normal/arm64/22a6d426986e98cf1a8e0c880c6a22df-common-args.resp -include /Users/josh/Library/Developer/Xcode/DerivedData/GitX-cggrrpkbzogvjfcxoxftnovmywdq/Build/Intermediates.noindex/PrecompiledHeaders/SharedPrecompiledHeaders/1337419039418411841/GitX_Prefix.pch -MMD -MT dependencies -MF /Users/josh/Library/Developer/Xcode/DerivedData/GitX-cggrrpkbzogvjfcxoxftnovmywdq/Build/Intermediates.noindex/GitX.build/Debug/GitX.build/StaticAnalyzer/GitX/GitX/normal/arm64/PBGitXErrors.d --analyze /Users/josh/x/gitx/Classes/git/PBGitXErrors.m -o /Users/josh/Library/Developer/Xcode/DerivedData/GitX-cggrrpkbzogvjfcxoxftnovmywdq/Build/Intermediates.noindex/GitX.build/Debug/GitX.build/StaticAnalyzer/GitX/GitX/normal/arm64/PBGitXErrors.plist

CompileC /Users/josh/Library/Developer/Xcode/DerivedData/GitX-cggrrpkbzogvjfcxoxftnovmywdq/Build/Intermediates.noindex/GitX.build/Debug/GitX.build/Objects-normal/arm64/main.o /Users/josh/x/gitx/Classes/main.m normal arm64 objective-c com.apple.compilers.llvm.clang.1_0.compiler (in target 'GitX' from project 'GitX')
    cd /Users/josh/x/gitx
    
    Using response file: /Users/josh/Library/Developer/Xcode/DerivedData/GitX-cggrrpkbzogvjfcxoxftnovmywdq/Build/Intermediates.noindex/GitX.build/Debug/GitX.build/Objects-normal/arm64/e6072d4f65d7061329687fe24e3d63a7-common-args.resp
    
    /Applications/Xcode.app/Contents/Developer/Toolchains/XcodeDefault.xctoolchain/usr/bin/clang -x objective-c -ivfsstatcache /Users/josh/Library/Developer/Xcode/DerivedData/SDKStatCaches.noindex/macosx15.5-24F74-8254517eb8b97d462ccbc072ba9094c9.sdkstatcache -fmessage-length\=0 -fdiagnostics-show-note-include-stack -fmacro-backtrace-limit\=0 -fno-color-diagnostics -Wno-trigraphs -Wno-missing-field-initializers -Wno-missing-prototypes -Wno-implicit-atomic-properties -Wno-objc-interface-ivars -Wno-arc-repeated-use-of-weak -Wno-missing-braces -Wparentheses -Wswitch -Wno-unused-function -Wno-unused-label -Wno-unused-parameter -Wunused-variable -Wunused-value -Wno-empty-body -Wno-uninitialized -Wno-unknown-pragmas -Wno-shadow -Wno-four-char-constants -Wno-conversion -Wno-constant-conversion -Wno-int-conversion -Wno-bool-conversion -Wno-enum-conversion -Wno-float-conversion -Wno-non-literal-null-conversion -Wno-objc-literal-conversion -Wshorten-64-to-32 -Wpointer-sign -Wno-newline-eof -Wno-selector -Wno-strict-selector-match -Wno-undeclared-selector -Wno-deprecated-implementations -Wno-implicit-fallthrough -fstrict-aliasing -Wprotocol -Wdeprecated-declarations -Wno-sign-conversion -Wno-infinite-recursion -Wno-comma -Wno-block-capture-autoreleasing -Wno-strict-prototypes -Wno-semicolon-before-method-body -index-store-path /Users/josh/Library/Developer/Xcode/DerivedData/GitX-cggrrpkbzogvjfcxoxftnovmywdq/Index.noindex/DataStore -Werror\=incompatible-pointer-types @/Users/josh/Library/Developer/Xcode/DerivedData/GitX-cggrrpkbzogvjfcxoxftnovmywdq/Build/Intermediates.noindex/GitX.build/Debug/GitX.build/Objects-normal/arm64/e6072d4f65d7061329687fe24e3d63a7-common-args.resp -include /Users/josh/Library/Developer/Xcode/DerivedData/GitX-cggrrpkbzogvjfcxoxftnovmywdq/Build/Intermediates.noindex/PrecompiledHeaders/SharedPrecompiledHeaders/13206212429846841114/GitX_Prefix.pch -MMD -MT dependencies -MF /Users/josh/Library/Developer/Xcode/DerivedData/GitX-cggrrpkbzogvjfcxoxftnovmywdq/Build/Intermediates.noindex/GitX.build/Debug/GitX.build/Objects-normal/arm64/main.d --serialize-diagnostics /Users/josh/Library/Developer/Xcode/DerivedData/GitX-cggrrpkbzogvjfcxoxftnovmywdq/Build/Intermediates.noindex/GitX.build/Debug/GitX.build/Objects-normal/arm64/main.dia -c /Users/josh/x/gitx/Classes/main.m -o /Users/josh/Library/Developer/Xcode/DerivedData/GitX-cggrrpkbzogvjfcxoxftnovmywdq/Build/Intermediates.noindex/GitX.build/Debug/GitX.build/Objects-normal/arm64/main.o -index-unit-output-path /GitX.build/Debug/GitX.build/Objects-normal/arm64/main.o

CompileC /Users/josh/Library/Developer/Xcode/DerivedData/GitX-cggrrpkbzogvjfcxoxftnovmywdq/Build/Intermediates.noindex/GitX.build/Debug/GitX.build/Objects-normal/arm64/RoundedRectangle.o /Users/josh/x/gitx/Classes/RoundedRectangle.m normal arm64 objective-c com.apple.compilers.llvm.clang.1_0.compiler (in target 'GitX' from project 'GitX')
    cd /Users/josh/x/gitx
    
    Using response file: /Users/josh/Library/Developer/Xcode/DerivedData/GitX-cggrrpkbzogvjfcxoxftnovmywdq/Build/Intermediates.noindex/GitX.build/Debug/GitX.build/Objects-normal/arm64/e6072d4f65d7061329687fe24e3d63a7-common-args.resp
    
    /Applications/Xcode.app/Contents/Developer/Toolchains/XcodeDefault.xctoolchain/usr/bin/clang -x objective-c -ivfsstatcache /Users/josh/Library/Developer/Xcode/DerivedData/SDKStatCaches.noindex/macosx15.5-24F74-8254517eb8b97d462ccbc072ba9094c9.sdkstatcache -fmessage-length\=0 -fdiagnostics-show-note-include-stack -fmacro-backtrace-limit\=0 -fno-color-diagnostics -Wno-trigraphs -Wno-missing-field-initializers -Wno-missing-prototypes -Wno-implicit-atomic-properties -Wno-objc-interface-ivars -Wno-arc-repeated-use-of-weak -Wno-missing-braces -Wparentheses -Wswitch -Wno-unused-function -Wno-unused-label -Wno-unused-parameter -Wunused-variable -Wunused-value -Wno-empty-body -Wno-uninitialized -Wno-unknown-pragmas -Wno-shadow -Wno-four-char-constants -Wno-conversion -Wno-constant-conversion -Wno-int-conversion -Wno-bool-conversion -Wno-enum-conversion -Wno-float-conversion -Wno-non-literal-null-conversion -Wno-objc-literal-conversion -Wshorten-64-to-32 -Wpointer-sign -Wno-newline-eof -Wno-selector -Wno-strict-selector-match -Wno-undeclared-selector -Wno-deprecated-implementations -Wno-implicit-fallthrough -fstrict-aliasing -Wprotocol -Wdeprecated-declarations -Wno-sign-conversion -Wno-infinite-recursion -Wno-comma -Wno-block-capture-autoreleasing -Wno-strict-prototypes -Wno-semicolon-before-method-body -index-store-path /Users/josh/Library/Developer/Xcode/DerivedData/GitX-cggrrpkbzogvjfcxoxftnovmywdq/Index.noindex/DataStore -Werror\=incompatible-pointer-types @/Users/josh/Library/Developer/Xcode/DerivedData/GitX-cggrrpkbzogvjfcxoxftnovmywdq/Build/Intermediates.noindex/GitX.build/Debug/GitX.build/Objects-normal/arm64/e6072d4f65d7061329687fe24e3d63a7-common-args.resp -include /Users/josh/Library/Developer/Xcode/DerivedData/GitX-cggrrpkbzogvjfcxoxftnovmywdq/Build/Intermediates.noindex/PrecompiledHeaders/SharedPrecompiledHeaders/13206212429846841114/GitX_Prefix.pch -MMD -MT dependencies -MF /Users/josh/Library/Developer/Xcode/DerivedData/GitX-cggrrpkbzogvjfcxoxftnovmywdq/Build/Intermediates.noindex/GitX.build/Debug/GitX.build/Objects-normal/arm64/RoundedRectangle.d --serialize-diagnostics /Users/josh/Library/Developer/Xcode/DerivedData/GitX-cggrrpkbzogvjfcxoxftnovmywdq/Build/Intermediates.noindex/GitX.build/Debug/GitX.build/Objects-normal/arm64/RoundedRectangle.dia -c /Users/josh/x/gitx/Classes/RoundedRectangle.m -o /Users/josh/Library/Developer/Xcode/DerivedData/GitX-cggrrpkbzogvjfcxoxftnovmywdq/Build/Intermediates.noindex/GitX.build/Debug/GitX.build/Objects-normal/arm64/RoundedRectangle.o -index-unit-output-path /GitX.build/Debug/GitX.build/Objects-normal/arm64/RoundedRectangle.o

CompileC /Users/josh/Library/Developer/Xcode/DerivedData/GitX-cggrrpkbzogvjfcxoxftnovmywdq/Build/Intermediates.noindex/GitX.build/Debug/GitX.build/Objects-normal/arm64/RJModalRepoSheet.o /Users/josh/x/gitx/Classes/Util/RJModalRepoSheet.m normal arm64 objective-c com.apple.compilers.llvm.clang.1_0.compiler (in target 'GitX' from project 'GitX')
    cd /Users/josh/x/gitx
    
    Using response file: /Users/josh/Library/Developer/Xcode/DerivedData/GitX-cggrrpkbzogvjfcxoxftnovmywdq/Build/Intermediates.noindex/GitX.build/Debug/GitX.build/Objects-normal/arm64/e6072d4f65d7061329687fe24e3d63a7-common-args.resp
    
    /Applications/Xcode.app/Contents/Developer/Toolchains/XcodeDefault.xctoolchain/usr/bin/clang -x objective-c -ivfsstatcache /Users/josh/Library/Developer/Xcode/DerivedData/SDKStatCaches.noindex/macosx15.5-24F74-8254517eb8b97d462ccbc072ba9094c9.sdkstatcache -fmessage-length\=0 -fdiagnostics-show-note-include-stack -fmacro-backtrace-limit\=0 -fno-color-diagnostics -Wno-trigraphs -Wno-missing-field-initializers -Wno-missing-prototypes -Wno-implicit-atomic-properties -Wno-objc-interface-ivars -Wno-arc-repeated-use-of-weak -Wno-missing-braces -Wparentheses -Wswitch -Wno-unused-function -Wno-unused-label -Wno-unused-parameter -Wunused-variable -Wunused-value -Wno-empty-body -Wno-uninitialized -Wno-unknown-pragmas -Wno-shadow -Wno-four-char-constants -Wno-conversion -Wno-constant-conversion -Wno-int-conversion -Wno-bool-conversion -Wno-enum-conversion -Wno-float-conversion -Wno-non-literal-null-conversion -Wno-objc-literal-conversion -Wshorten-64-to-32 -Wpointer-sign -Wno-newline-eof -Wno-selector -Wno-strict-selector-match -Wno-undeclared-selector -Wno-deprecated-implementations -Wno-implicit-fallthrough -fstrict-aliasing -Wprotocol -Wdeprecated-declarations -Wno-sign-conversion -Wno-infinite-recursion -Wno-comma -Wno-block-capture-autoreleasing -Wno-strict-prototypes -Wno-semicolon-before-method-body -index-store-path /Users/josh/Library/Developer/Xcode/DerivedData/GitX-cggrrpkbzogvjfcxoxftnovmywdq/Index.noindex/DataStore -Werror\=incompatible-pointer-types @/Users/josh/Library/Developer/Xcode/DerivedData/GitX-cggrrpkbzogvjfcxoxftnovmywdq/Build/Intermediates.noindex/GitX.build/Debug/GitX.build/Objects-normal/arm64/e6072d4f65d7061329687fe24e3d63a7-common-args.resp -include /Users/josh/Library/Developer/Xcode/DerivedData/GitX-cggrrpkbzogvjfcxoxftnovmywdq/Build/Intermediates.noindex/PrecompiledHeaders/SharedPrecompiledHeaders/13206212429846841114/GitX_Prefix.pch -MMD -MT dependencies -MF /Users/josh/Library/Developer/Xcode/DerivedData/GitX-cggrrpkbzogvjfcxoxftnovmywdq/Build/Intermediates.noindex/GitX.build/Debug/GitX.build/Objects-normal/arm64/RJModalRepoSheet.d --serialize-diagnostics /Users/josh/Library/Developer/Xcode/DerivedData/GitX-cggrrpkbzogvjfcxoxftnovmywdq/Build/Intermediates.noindex/GitX.build/Debug/GitX.build/Objects-normal/arm64/RJModalRepoSheet.dia -c /Users/josh/x/gitx/Classes/Util/RJModalRepoSheet.m -o /Users/josh/Library/Developer/Xcode/DerivedData/GitX-cggrrpkbzogvjfcxoxftnovmywdq/Build/Intermediates.noindex/GitX.build/Debug/GitX.build/Objects-normal/arm64/RJModalRepoSheet.o -index-unit-output-path /GitX.build/Debug/GitX.build/Objects-normal/arm64/RJModalRepoSheet.o

CompileC /Users/josh/Library/Developer/Xcode/DerivedData/GitX-cggrrpkbzogvjfcxoxftnovmywdq/Build/Intermediates.noindex/GitX.build/Debug/GitX.build/Objects-normal/arm64/PBWebHistoryController.o /Users/josh/x/gitx/Classes/Controllers/PBWebHistoryController.m normal arm64 objective-c com.apple.compilers.llvm.clang.1_0.compiler (in target 'GitX' from project 'GitX')
    cd /Users/josh/x/gitx
    
    Using response file: /Users/josh/Library/Developer/Xcode/DerivedData/GitX-cggrrpkbzogvjfcxoxftnovmywdq/Build/Intermediates.noindex/GitX.build/Debug/GitX.build/Objects-normal/arm64/e6072d4f65d7061329687fe24e3d63a7-common-args.resp
    
    /Applications/Xcode.app/Contents/Developer/Toolchains/XcodeDefault.xctoolchain/usr/bin/clang -x objective-c -ivfsstatcache /Users/josh/Library/Developer/Xcode/DerivedData/SDKStatCaches.noindex/macosx15.5-24F74-8254517eb8b97d462ccbc072ba9094c9.sdkstatcache -fmessage-length\=0 -fdiagnostics-show-note-include-stack -fmacro-backtrace-limit\=0 -fno-color-diagnostics -Wno-trigraphs -Wno-missing-field-initializers -Wno-missing-prototypes -Wno-implicit-atomic-properties -Wno-objc-interface-ivars -Wno-arc-repeated-use-of-weak -Wno-missing-braces -Wparentheses -Wswitch -Wno-unused-function -Wno-unused-label -Wno-unused-parameter -Wunused-variable -Wunused-value -Wno-empty-body -Wno-uninitialized -Wno-unknown-pragmas -Wno-shadow -Wno-four-char-constants -Wno-conversion -Wno-constant-conversion -Wno-int-conversion -Wno-bool-conversion -Wno-enum-conversion -Wno-float-conversion -Wno-non-literal-null-conversion -Wno-objc-literal-conversion -Wshorten-64-to-32 -Wpointer-sign -Wno-newline-eof -Wno-selector -Wno-strict-selector-match -Wno-undeclared-selector -Wno-deprecated-implementations -Wno-implicit-fallthrough -fstrict-aliasing -Wprotocol -Wdeprecated-declarations -Wno-sign-conversion -Wno-infinite-recursion -Wno-comma -Wno-block-capture-autoreleasing -Wno-strict-prototypes -Wno-semicolon-before-method-body -index-store-path /Users/josh/Library/Developer/Xcode/DerivedData/GitX-cggrrpkbzogvjfcxoxftnovmywdq/Index.noindex/DataStore -Werror\=incompatible-pointer-types @/Users/josh/Library/Developer/Xcode/DerivedData/GitX-cggrrpkbzogvjfcxoxftnovmywdq/Build/Intermediates.noindex/GitX.build/Debug/GitX.build/Objects-normal/arm64/e6072d4f65d7061329687fe24e3d63a7-common-args.resp -include /Users/josh/Library/Developer/Xcode/DerivedData/GitX-cggrrpkbzogvjfcxoxftnovmywdq/Build/Intermediates.noindex/PrecompiledHeaders/SharedPrecompiledHeaders/13206212429846841114/GitX_Prefix.pch -MMD -MT dependencies -MF /Users/josh/Library/Developer/Xcode/DerivedData/GitX-cggrrpkbzogvjfcxoxftnovmywdq/Build/Intermediates.noindex/GitX.build/Debug/GitX.build/Objects-normal/arm64/PBWebHistoryController.d --serialize-diagnostics /Users/josh/Library/Developer/Xcode/DerivedData/GitX-cggrrpkbzogvjfcxoxftnovmywdq/Build/Intermediates.noindex/GitX.build/Debug/GitX.build/Objects-normal/arm64/PBWebHistoryController.dia -c /Users/josh/x/gitx/Classes/Controllers/PBWebHistoryController.m -o /Users/josh/Library/Developer/Xcode/DerivedData/GitX-cggrrpkbzogvjfcxoxftnovmywdq/Build/Intermediates.noindex/GitX.build/Debug/GitX.build/Objects-normal/arm64/PBWebHistoryController.o -index-unit-output-path /GitX.build/Debug/GitX.build/Objects-normal/arm64/PBWebHistoryController.o
/Users/josh/x/gitx/Classes/Controllers/PBWebHistoryController.m:78:37: warning: 'handleForArguments:' is deprecated [-Wdeprecated-declarations]
   78 |         NSFileHandle *handle = [repository handleForArguments:taskArguments];
      |                                            ^
In file included from /Users/josh/x/gitx/Classes/Controllers/PBWebHistoryController.m:9:
In file included from /Users/josh/x/gitx/Classes/Controllers/PBWebHistoryController.h:13:
In file included from /Users/josh/x/gitx/Classes/Controllers/PBGitHistoryController.h:10:
In file included from /Users/josh/x/gitx/Classes/Controllers/PBViewController.h:10:
/Users/josh/x/gitx/Classes/git/PBGitRepository.h:83:54: note: 'handleForArguments:' has been explicitly marked deprecated here
   83 | - (NSFileHandle*) handleForArguments:(NSArray*) args GITX_DEPRECATED;
      |                                                      ^
In file included from /Users/josh/x/gitx/Classes/Controllers/PBWebHistoryController.m:1:
/Users/josh/x/gitx/GitX_Prefix.pch:11:41: note: expanded from macro 'GITX_DEPRECATED'
   11 | #define GITX_DEPRECATED __attribute__ ((deprecated))
      |                                         ^
1 warning generated.

CompileC /Users/josh/Library/Developer/Xcode/DerivedData/GitX-cggrrpkbzogvjfcxoxftnovmywdq/Build/Intermediates.noindex/GitX.build/Debug/GitX.build/Objects-normal/arm64/PBWebDiffController.o /Users/josh/x/gitx/Classes/Controllers/PBWebDiffController.m normal arm64 objective-c com.apple.compilers.llvm.clang.1_0.compiler (in target 'GitX' from project 'GitX')
    cd /Users/josh/x/gitx
    
    Using response file: /Users/josh/Library/Developer/Xcode/DerivedData/GitX-cggrrpkbzogvjfcxoxftnovmywdq/Build/Intermediates.noindex/GitX.build/Debug/GitX.build/Objects-normal/arm64/e6072d4f65d7061329687fe24e3d63a7-common-args.resp
    
    /Applications/Xcode.app/Contents/Developer/Toolchains/XcodeDefault.xctoolchain/usr/bin/clang -x objective-c -ivfsstatcache /Users/josh/Library/Developer/Xcode/DerivedData/SDKStatCaches.noindex/macosx15.5-24F74-8254517eb8b97d462ccbc072ba9094c9.sdkstatcache -fmessage-length\=0 -fdiagnostics-show-note-include-stack -fmacro-backtrace-limit\=0 -fno-color-diagnostics -Wno-trigraphs -Wno-missing-field-initializers -Wno-missing-prototypes -Wno-implicit-atomic-properties -Wno-objc-interface-ivars -Wno-arc-repeated-use-of-weak -Wno-missing-braces -Wparentheses -Wswitch -Wno-unused-function -Wno-unused-label -Wno-unused-parameter -Wunused-variable -Wunused-value -Wno-empty-body -Wno-uninitialized -Wno-unknown-pragmas -Wno-shadow -Wno-four-char-constants -Wno-conversion -Wno-constant-conversion -Wno-int-conversion -Wno-bool-conversion -Wno-enum-conversion -Wno-float-conversion -Wno-non-literal-null-conversion -Wno-objc-literal-conversion -Wshorten-64-to-32 -Wpointer-sign -Wno-newline-eof -Wno-selector -Wno-strict-selector-match -Wno-undeclared-selector -Wno-deprecated-implementations -Wno-implicit-fallthrough -fstrict-aliasing -Wprotocol -Wdeprecated-declarations -Wno-sign-conversion -Wno-infinite-recursion -Wno-comma -Wno-block-capture-autoreleasing -Wno-strict-prototypes -Wno-semicolon-before-method-body -index-store-path /Users/josh/Library/Developer/Xcode/DerivedData/GitX-cggrrpkbzogvjfcxoxftnovmywdq/Index.noindex/DataStore -Werror\=incompatible-pointer-types @/Users/josh/Library/Developer/Xcode/DerivedData/GitX-cggrrpkbzogvjfcxoxftnovmywdq/Build/Intermediates.noindex/GitX.build/Debug/GitX.build/Objects-normal/arm64/e6072d4f65d7061329687fe24e3d63a7-common-args.resp -include /Users/josh/Library/Developer/Xcode/DerivedData/GitX-cggrrpkbzogvjfcxoxftnovmywdq/Build/Intermediates.noindex/PrecompiledHeaders/SharedPrecompiledHeaders/13206212429846841114/GitX_Prefix.pch -MMD -MT dependencies -MF /Users/josh/Library/Developer/Xcode/DerivedData/GitX-cggrrpkbzogvjfcxoxftnovmywdq/Build/Intermediates.noindex/GitX.build/Debug/GitX.build/Objects-normal/arm64/PBWebDiffController.d --serialize-diagnostics /Users/josh/Library/Developer/Xcode/DerivedData/GitX-cggrrpkbzogvjfcxoxftnovmywdq/Build/Intermediates.noindex/GitX.build/Debug/GitX.build/Objects-normal/arm64/PBWebDiffController.dia -c /Users/josh/x/gitx/Classes/Controllers/PBWebDiffController.m -o /Users/josh/Library/Developer/Xcode/DerivedData/GitX-cggrrpkbzogvjfcxoxftnovmywdq/Build/Intermediates.noindex/GitX.build/Debug/GitX.build/Objects-normal/arm64/PBWebDiffController.o -index-unit-output-path /GitX.build/Debug/GitX.build/Objects-normal/arm64/PBWebDiffController.o

CompileC /Users/josh/Library/Developer/Xcode/DerivedData/GitX-cggrrpkbzogvjfcxoxftnovmywdq/Build/Intermediates.noindex/GitX.build/Debug/GitX.build/Objects-normal/arm64/PBWebController.o /Users/josh/x/gitx/Classes/Controllers/PBWebController.m normal arm64 objective-c com.apple.compilers.llvm.clang.1_0.compiler (in target 'GitX' from project 'GitX')
    cd /Users/josh/x/gitx
    
    Using response file: /Users/josh/Library/Developer/Xcode/DerivedData/GitX-cggrrpkbzogvjfcxoxftnovmywdq/Build/Intermediates.noindex/GitX.build/Debug/GitX.build/Objects-normal/arm64/e6072d4f65d7061329687fe24e3d63a7-common-args.resp
    
    /Applications/Xcode.app/Contents/Developer/Toolchains/XcodeDefault.xctoolchain/usr/bin/clang -x objective-c -ivfsstatcache /Users/josh/Library/Developer/Xcode/DerivedData/SDKStatCaches.noindex/macosx15.5-24F74-8254517eb8b97d462ccbc072ba9094c9.sdkstatcache -fmessage-length\=0 -fdiagnostics-show-note-include-stack -fmacro-backtrace-limit\=0 -fno-color-diagnostics -Wno-trigraphs -Wno-missing-field-initializers -Wno-missing-prototypes -Wno-implicit-atomic-properties -Wno-objc-interface-ivars -Wno-arc-repeated-use-of-weak -Wno-missing-braces -Wparentheses -Wswitch -Wno-unused-function -Wno-unused-label -Wno-unused-parameter -Wunused-variable -Wunused-value -Wno-empty-body -Wno-uninitialized -Wno-unknown-pragmas -Wno-shadow -Wno-four-char-constants -Wno-conversion -Wno-constant-conversion -Wno-int-conversion -Wno-bool-conversion -Wno-enum-conversion -Wno-float-conversion -Wno-non-literal-null-conversion -Wno-objc-literal-conversion -Wshorten-64-to-32 -Wpointer-sign -Wno-newline-eof -Wno-selector -Wno-strict-selector-match -Wno-undeclared-selector -Wno-deprecated-implementations -Wno-implicit-fallthrough -fstrict-aliasing -Wprotocol -Wdeprecated-declarations -Wno-sign-conversion -Wno-infinite-recursion -Wno-comma -Wno-block-capture-autoreleasing -Wno-strict-prototypes -Wno-semicolon-before-method-body -index-store-path /Users/josh/Library/Developer/Xcode/DerivedData/GitX-cggrrpkbzogvjfcxoxftnovmywdq/Index.noindex/DataStore -Werror\=incompatible-pointer-types @/Users/josh/Library/Developer/Xcode/DerivedData/GitX-cggrrpkbzogvjfcxoxftnovmywdq/Build/Intermediates.noindex/GitX.build/Debug/GitX.build/Objects-normal/arm64/e6072d4f65d7061329687fe24e3d63a7-common-args.resp -include /Users/josh/Library/Developer/Xcode/DerivedData/GitX-cggrrpkbzogvjfcxoxftnovmywdq/Build/Intermediates.noindex/PrecompiledHeaders/SharedPrecompiledHeaders/13206212429846841114/GitX_Prefix.pch -MMD -MT dependencies -MF /Users/josh/Library/Developer/Xcode/DerivedData/GitX-cggrrpkbzogvjfcxoxftnovmywdq/Build/Intermediates.noindex/GitX.build/Debug/GitX.build/Objects-normal/arm64/PBWebController.d --serialize-diagnostics /Users/josh/Library/Developer/Xcode/DerivedData/GitX-cggrrpkbzogvjfcxoxftnovmywdq/Build/Intermediates.noindex/GitX.build/Debug/GitX.build/Objects-normal/arm64/PBWebController.dia -c /Users/josh/x/gitx/Classes/Controllers/PBWebController.m -o /Users/josh/Library/Developer/Xcode/DerivedData/GitX-cggrrpkbzogvjfcxoxftnovmywdq/Build/Intermediates.noindex/GitX.build/Debug/GitX.build/Objects-normal/arm64/PBWebController.o -index-unit-output-path /GitX.build/Debug/GitX.build/Objects-normal/arm64/PBWebController.o
/Users/josh/x/gitx/Classes/Controllers/PBWebController.m:38:22: warning: sending 'PBWebController *const __strong' to parameter of incompatible type 'id<WebUIDelegate>'
   38 |         [view setUIDelegate:self];
      |                             ^~~~
In file included from /Users/josh/x/gitx/Classes/Controllers/PBWebController.m:9:
In file included from /Users/josh/x/gitx/Classes/Controllers/PBWebController.h:10:
In file included from /Applications/Xcode.app/Contents/Developer/Platforms/MacOSX.platform/Developer/SDKs/MacOSX15.5.sdk/System/Library/Frameworks/WebKit.framework/Headers/WebKit.h:86:
In file included from /Applications/Xcode.app/Contents/Developer/Platforms/MacOSX.platform/Developer/SDKs/MacOSX15.5.sdk/System/Library/Frameworks/WebKit.framework/Headers/WebKitLegacy.h:52:
/Applications/Xcode.app/Contents/Developer/Platforms/MacOSX.platform/Developer/SDKs/MacOSX15.5.sdk/System/Library/Frameworks/WebKit.framework/Headers/WebView.h:222:50: note: passing argument to parameter 'UIDelegate' here
  222 | @property (nonatomic, assign) id <WebUIDelegate> UIDelegate;
      |                                                  ^
/Users/josh/x/gitx/Classes/Controllers/PBWebController.m:39:29: warning: sending 'PBWebController *const __strong' to parameter of incompatible type 'id<WebFrameLoadDelegate>'
   39 |         [view setFrameLoadDelegate:self];
      |                                    ^~~~
In file included from /Users/josh/x/gitx/Classes/Controllers/PBWebController.m:9:
In file included from /Users/josh/x/gitx/Classes/Controllers/PBWebController.h:10:
In file included from /Applications/Xcode.app/Contents/Developer/Platforms/MacOSX.platform/Developer/SDKs/MacOSX15.5.sdk/System/Library/Frameworks/WebKit.framework/Headers/WebKit.h:86:
In file included from /Applications/Xcode.app/Contents/Developer/Platforms/MacOSX.platform/Developer/SDKs/MacOSX15.5.sdk/System/Library/Frameworks/WebKit.framework/Headers/WebKitLegacy.h:52:
/Applications/Xcode.app/Contents/Developer/Platforms/MacOSX.platform/Developer/SDKs/MacOSX15.5.sdk/System/Library/Frameworks/WebKit.framework/Headers/WebView.h:240:57: note: passing argument to parameter 'frameLoadDelegate' here
  240 | @property (nonatomic, assign) id <WebFrameLoadDelegate> frameLoadDelegate;
      |                                                         ^
/Users/josh/x/gitx/Classes/Controllers/PBWebController.m:40:32: warning: sending 'PBWebController *const __strong' to parameter of incompatible type 'id<WebResourceLoadDelegate>'
   40 |         [view setResourceLoadDelegate:self];
      |                                       ^~~~
In file included from /Users/josh/x/gitx/Classes/Controllers/PBWebController.m:9:
In file included from /Users/josh/x/gitx/Classes/Controllers/PBWebController.h:10:
In file included from /Applications/Xcode.app/Contents/Developer/Platforms/MacOSX.platform/Developer/SDKs/MacOSX15.5.sdk/System/Library/Frameworks/WebKit.framework/Headers/WebKit.h:86:
In file included from /Applications/Xcode.app/Contents/Developer/Platforms/MacOSX.platform/Developer/SDKs/MacOSX15.5.sdk/System/Library/Frameworks/WebKit.framework/Headers/WebKitLegacy.h:52:
/Applications/Xcode.app/Contents/Developer/Platforms/MacOSX.platform/Developer/SDKs/MacOSX15.5.sdk/System/Library/Frameworks/WebKit.framework/Headers/WebView.h:228:60: note: passing argument to parameter 'resourceLoadDelegate' here
  228 | @property (nonatomic, assign) id <WebResourceLoadDelegate> resourceLoadDelegate;
      |                                                            ^
/Users/josh/x/gitx/Classes/Controllers/PBWebController.m:183:31: warning: 'handleInWorkDirForArguments:' is deprecated [-Wdeprecated-declarations]
  183 |         NSFileHandle *handle = [repo handleInWorkDirForArguments:realArguments];
      |                                      ^
In file included from /Users/josh/x/gitx/Classes/Controllers/PBWebController.m:10:
/Users/josh/x/gitx/Classes/git/PBGitRepository.h:84:64: note: 'handleInWorkDirForArguments:' has been explicitly marked deprecated here
   84 | - (NSFileHandle *) handleInWorkDirForArguments:(NSArray *)args GITX_DEPRECATED;
      |                                                                ^
In file included from /Users/josh/x/gitx/Classes/Controllers/PBWebController.m:1:
/Users/josh/x/gitx/GitX_Prefix.pch:11:41: note: expanded from macro 'GITX_DEPRECATED'
   11 | #define GITX_DEPRECATED __attribute__ ((deprecated))
      |                                         ^
4 warnings generated.

CompileC /Users/josh/Library/Developer/Xcode/DerivedData/GitX-cggrrpkbzogvjfcxoxftnovmywdq/Build/Intermediates.noindex/GitX.build/Debug/GitX.build/Objects-normal/arm64/PBWebChangesController.o /Users/josh/x/gitx/Classes/Controllers/PBWebChangesController.m normal arm64 objective-c com.apple.compilers.llvm.clang.1_0.compiler (in target 'GitX' from project 'GitX')
    cd /Users/josh/x/gitx
    
    Using response file: /Users/josh/Library/Developer/Xcode/DerivedData/GitX-cggrrpkbzogvjfcxoxftnovmywdq/Build/Intermediates.noindex/GitX.build/Debug/GitX.build/Objects-normal/arm64/e6072d4f65d7061329687fe24e3d63a7-common-args.resp
    
    /Applications/Xcode.app/Contents/Developer/Toolchains/XcodeDefault.xctoolchain/usr/bin/clang -x objective-c -ivfsstatcache /Users/josh/Library/Developer/Xcode/DerivedData/SDKStatCaches.noindex/macosx15.5-24F74-8254517eb8b97d462ccbc072ba9094c9.sdkstatcache -fmessage-length\=0 -fdiagnostics-show-note-include-stack -fmacro-backtrace-limit\=0 -fno-color-diagnostics -Wno-trigraphs -Wno-missing-field-initializers -Wno-missing-prototypes -Wno-implicit-atomic-properties -Wno-objc-interface-ivars -Wno-arc-repeated-use-of-weak -Wno-missing-braces -Wparentheses -Wswitch -Wno-unused-function -Wno-unused-label -Wno-unused-parameter -Wunused-variable -Wunused-value -Wno-empty-body -Wno-uninitialized -Wno-unknown-pragmas -Wno-shadow -Wno-four-char-constants -Wno-conversion -Wno-constant-conversion -Wno-int-conversion -Wno-bool-conversion -Wno-enum-conversion -Wno-float-conversion -Wno-non-literal-null-conversion -Wno-objc-literal-conversion -Wshorten-64-to-32 -Wpointer-sign -Wno-newline-eof -Wno-selector -Wno-strict-selector-match -Wno-undeclared-selector -Wno-deprecated-implementations -Wno-implicit-fallthrough -fstrict-aliasing -Wprotocol -Wdeprecated-declarations -Wno-sign-conversion -Wno-infinite-recursion -Wno-comma -Wno-block-capture-autoreleasing -Wno-strict-prototypes -Wno-semicolon-before-method-body -index-store-path /Users/josh/Library/Developer/Xcode/DerivedData/GitX-cggrrpkbzogvjfcxoxftnovmywdq/Index.noindex/DataStore -Werror\=incompatible-pointer-types @/Users/josh/Library/Developer/Xcode/DerivedData/GitX-cggrrpkbzogvjfcxoxftnovmywdq/Build/Intermediates.noindex/GitX.build/Debug/GitX.build/Objects-normal/arm64/e6072d4f65d7061329687fe24e3d63a7-common-args.resp -include /Users/josh/Library/Developer/Xcode/DerivedData/GitX-cggrrpkbzogvjfcxoxftnovmywdq/Build/Intermediates.noindex/PrecompiledHeaders/SharedPrecompiledHeaders/13206212429846841114/GitX_Prefix.pch -MMD -MT dependencies -MF /Users/josh/Library/Developer/Xcode/DerivedData/GitX-cggrrpkbzogvjfcxoxftnovmywdq/Build/Intermediates.noindex/GitX.build/Debug/GitX.build/Objects-normal/arm64/PBWebChangesController.d --serialize-diagnostics /Users/josh/Library/Developer/Xcode/DerivedData/GitX-cggrrpkbzogvjfcxoxftnovmywdq/Build/Intermediates.noindex/GitX.build/Debug/GitX.build/Objects-normal/arm64/PBWebChangesController.dia -c /Users/josh/x/gitx/Classes/Controllers/PBWebChangesController.m -o /Users/josh/Library/Developer/Xcode/DerivedData/GitX-cggrrpkbzogvjfcxoxftnovmywdq/Build/Intermediates.noindex/GitX.build/Debug/GitX.build/Objects-normal/arm64/PBWebChangesController.o -index-unit-output-path /GitX.build/Debug/GitX.build/Objects-normal/arm64/PBWebChangesController.o

CompileC /Users/josh/Library/Developer/Xcode/DerivedData/GitX-cggrrpkbzogvjfcxoxftnovmywdq/Build/Intermediates.noindex/GitX.build/Debug/GitX.build/Objects-normal/arm64/PBViewController.o /Users/josh/x/gitx/Classes/Controllers/PBViewController.m normal arm64 objective-c com.apple.compilers.llvm.clang.1_0.compiler (in target 'GitX' from project 'GitX')
    cd /Users/josh/x/gitx
    
    Using response file: /Users/josh/Library/Developer/Xcode/DerivedData/GitX-cggrrpkbzogvjfcxoxftnovmywdq/Build/Intermediates.noindex/GitX.build/Debug/GitX.build/Objects-normal/arm64/e6072d4f65d7061329687fe24e3d63a7-common-args.resp
    
    /Applications/Xcode.app/Contents/Developer/Toolchains/XcodeDefault.xctoolchain/usr/bin/clang -x objective-c -ivfsstatcache /Users/josh/Library/Developer/Xcode/DerivedData/SDKStatCaches.noindex/macosx15.5-24F74-8254517eb8b97d462ccbc072ba9094c9.sdkstatcache -fmessage-length\=0 -fdiagnostics-show-note-include-stack -fmacro-backtrace-limit\=0 -fno-color-diagnostics -Wno-trigraphs -Wno-missing-field-initializers -Wno-missing-prototypes -Wno-implicit-atomic-properties -Wno-objc-interface-ivars -Wno-arc-repeated-use-of-weak -Wno-missing-braces -Wparentheses -Wswitch -Wno-unused-function -Wno-unused-label -Wno-unused-parameter -Wunused-variable -Wunused-value -Wno-empty-body -Wno-uninitialized -Wno-unknown-pragmas -Wno-shadow -Wno-four-char-constants -Wno-conversion -Wno-constant-conversion -Wno-int-conversion -Wno-bool-conversion -Wno-enum-conversion -Wno-float-conversion -Wno-non-literal-null-conversion -Wno-objc-literal-conversion -Wshorten-64-to-32 -Wpointer-sign -Wno-newline-eof -Wno-selector -Wno-strict-selector-match -Wno-undeclared-selector -Wno-deprecated-implementations -Wno-implicit-fallthrough -fstrict-aliasing -Wprotocol -Wdeprecated-declarations -Wno-sign-conversion -Wno-infinite-recursion -Wno-comma -Wno-block-capture-autoreleasing -Wno-strict-prototypes -Wno-semicolon-before-method-body -index-store-path /Users/josh/Library/Developer/Xcode/DerivedData/GitX-cggrrpkbzogvjfcxoxftnovmywdq/Index.noindex/DataStore -Werror\=incompatible-pointer-types @/Users/josh/Library/Developer/Xcode/DerivedData/GitX-cggrrpkbzogvjfcxoxftnovmywdq/Build/Intermediates.noindex/GitX.build/Debug/GitX.build/Objects-normal/arm64/e6072d4f65d7061329687fe24e3d63a7-common-args.resp -include /Users/josh/Library/Developer/Xcode/DerivedData/GitX-cggrrpkbzogvjfcxoxftnovmywdq/Build/Intermediates.noindex/PrecompiledHeaders/SharedPrecompiledHeaders/13206212429846841114/GitX_Prefix.pch -MMD -MT dependencies -MF /Users/josh/Library/Developer/Xcode/DerivedData/GitX-cggrrpkbzogvjfcxoxftnovmywdq/Build/Intermediates.noindex/GitX.build/Debug/GitX.build/Objects-normal/arm64/PBViewController.d --serialize-diagnostics /Users/josh/Library/Developer/Xcode/DerivedData/GitX-cggrrpkbzogvjfcxoxftnovmywdq/Build/Intermediates.noindex/GitX.build/Debug/GitX.build/Objects-normal/arm64/PBViewController.dia -c /Users/josh/x/gitx/Classes/Controllers/PBViewController.m -o /Users/josh/Library/Developer/Xcode/DerivedData/GitX-cggrrpkbzogvjfcxoxftnovmywdq/Build/Intermediates.noindex/GitX.build/Debug/GitX.build/Objects-normal/arm64/PBViewController.o -index-unit-output-path /GitX.build/Debug/GitX.build/Objects-normal/arm64/PBViewController.o

CompileC /Users/josh/Library/Developer/Xcode/DerivedData/GitX-cggrrpkbzogvjfcxoxftnovmywdq/Build/Intermediates.noindex/GitX.build/Debug/GitX.build/Objects-normal/arm64/PBUnsortableTableHeader.o /Users/josh/x/gitx/Classes/PBUnsortableTableHeader.m normal arm64 objective-c com.apple.compilers.llvm.clang.1_0.compiler (in target 'GitX' from project 'GitX')
    cd /Users/josh/x/gitx
    
    Using response file: /Users/josh/Library/Developer/Xcode/DerivedData/GitX-cggrrpkbzogvjfcxoxftnovmywdq/Build/Intermediates.noindex/GitX.build/Debug/GitX.build/Objects-normal/arm64/e6072d4f65d7061329687fe24e3d63a7-common-args.resp
    
    /Applications/Xcode.app/Contents/Developer/Toolchains/XcodeDefault.xctoolchain/usr/bin/clang -x objective-c -ivfsstatcache /Users/josh/Library/Developer/Xcode/DerivedData/SDKStatCaches.noindex/macosx15.5-24F74-8254517eb8b97d462ccbc072ba9094c9.sdkstatcache -fmessage-length\=0 -fdiagnostics-show-note-include-stack -fmacro-backtrace-limit\=0 -fno-color-diagnostics -Wno-trigraphs -Wno-missing-field-initializers -Wno-missing-prototypes -Wno-implicit-atomic-properties -Wno-objc-interface-ivars -Wno-arc-repeated-use-of-weak -Wno-missing-braces -Wparentheses -Wswitch -Wno-unused-function -Wno-unused-label -Wno-unused-parameter -Wunused-variable -Wunused-value -Wno-empty-body -Wno-uninitialized -Wno-unknown-pragmas -Wno-shadow -Wno-four-char-constants -Wno-conversion -Wno-constant-conversion -Wno-int-conversion -Wno-bool-conversion -Wno-enum-conversion -Wno-float-conversion -Wno-non-literal-null-conversion -Wno-objc-literal-conversion -Wshorten-64-to-32 -Wpointer-sign -Wno-newline-eof -Wno-selector -Wno-strict-selector-match -Wno-undeclared-selector -Wno-deprecated-implementations -Wno-implicit-fallthrough -fstrict-aliasing -Wprotocol -Wdeprecated-declarations -Wno-sign-conversion -Wno-infinite-recursion -Wno-comma -Wno-block-capture-autoreleasing -Wno-strict-prototypes -Wno-semicolon-before-method-body -index-store-path /Users/josh/Library/Developer/Xcode/DerivedData/GitX-cggrrpkbzogvjfcxoxftnovmywdq/Index.noindex/DataStore -Werror\=incompatible-pointer-types @/Users/josh/Library/Developer/Xcode/DerivedData/GitX-cggrrpkbzogvjfcxoxftnovmywdq/Build/Intermediates.noindex/GitX.build/Debug/GitX.build/Objects-normal/arm64/e6072d4f65d7061329687fe24e3d63a7-common-args.resp -include /Users/josh/Library/Developer/Xcode/DerivedData/GitX-cggrrpkbzogvjfcxoxftnovmywdq/Build/Intermediates.noindex/PrecompiledHeaders/SharedPrecompiledHeaders/13206212429846841114/GitX_Prefix.pch -MMD -MT dependencies -MF /Users/josh/Library/Developer/Xcode/DerivedData/GitX-cggrrpkbzogvjfcxoxftnovmywdq/Build/Intermediates.noindex/GitX.build/Debug/GitX.build/Objects-normal/arm64/PBUnsortableTableHeader.d --serialize-diagnostics /Users/josh/Library/Developer/Xcode/DerivedData/GitX-cggrrpkbzogvjfcxoxftnovmywdq/Build/Intermediates.noindex/GitX.build/Debug/GitX.build/Objects-normal/arm64/PBUnsortableTableHeader.dia -c /Users/josh/x/gitx/Classes/PBUnsortableTableHeader.m -o /Users/josh/Library/Developer/Xcode/DerivedData/GitX-cggrrpkbzogvjfcxoxftnovmywdq/Build/Intermediates.noindex/GitX.build/Debug/GitX.build/Objects-normal/arm64/PBUnsortableTableHeader.o -index-unit-output-path /GitX.build/Debug/GitX.build/Objects-normal/arm64/PBUnsortableTableHeader.o

CompileC /Users/josh/Library/Developer/Xcode/DerivedData/GitX-cggrrpkbzogvjfcxoxftnovmywdq/Build/Intermediates.noindex/GitX.build/Debug/GitX.build/Objects-normal/arm64/PBSourceViewRemote.o /Users/josh/x/gitx/Classes/Views/PBSourceViewRemote.m normal arm64 objective-c com.apple.compilers.llvm.clang.1_0.compiler (in target 'GitX' from project 'GitX')
    cd /Users/josh/x/gitx
    
    Using response file: /Users/josh/Library/Developer/Xcode/DerivedData/GitX-cggrrpkbzogvjfcxoxftnovmywdq/Build/Intermediates.noindex/GitX.build/Debug/GitX.build/Objects-normal/arm64/e6072d4f65d7061329687fe24e3d63a7-common-args.resp
    
    /Applications/Xcode.app/Contents/Developer/Toolchains/XcodeDefault.xctoolchain/usr/bin/clang -x objective-c -ivfsstatcache /Users/josh/Library/Developer/Xcode/DerivedData/SDKStatCaches.noindex/macosx15.5-24F74-8254517eb8b97d462ccbc072ba9094c9.sdkstatcache -fmessage-length\=0 -fdiagnostics-show-note-include-stack -fmacro-backtrace-limit\=0 -fno-color-diagnostics -Wno-trigraphs -Wno-missing-field-initializers -Wno-missing-prototypes -Wno-implicit-atomic-properties -Wno-objc-interface-ivars -Wno-arc-repeated-use-of-weak -Wno-missing-braces -Wparentheses -Wswitch -Wno-unused-function -Wno-unused-label -Wno-unused-parameter -Wunused-variable -Wunused-value -Wno-empty-body -Wno-uninitialized -Wno-unknown-pragmas -Wno-shadow -Wno-four-char-constants -Wno-conversion -Wno-constant-conversion -Wno-int-conversion -Wno-bool-conversion -Wno-enum-conversion -Wno-float-conversion -Wno-non-literal-null-conversion -Wno-objc-literal-conversion -Wshorten-64-to-32 -Wpointer-sign -Wno-newline-eof -Wno-selector -Wno-strict-selector-match -Wno-undeclared-selector -Wno-deprecated-implementations -Wno-implicit-fallthrough -fstrict-aliasing -Wprotocol -Wdeprecated-declarations -Wno-sign-conversion -Wno-infinite-recursion -Wno-comma -Wno-block-capture-autoreleasing -Wno-strict-prototypes -Wno-semicolon-before-method-body -index-store-path /Users/josh/Library/Developer/Xcode/DerivedData/GitX-cggrrpkbzogvjfcxoxftnovmywdq/Index.noindex/DataStore -Werror\=incompatible-pointer-types @/Users/josh/Library/Developer/Xcode/DerivedData/GitX-cggrrpkbzogvjfcxoxftnovmywdq/Build/Intermediates.noindex/GitX.build/Debug/GitX.build/Objects-normal/arm64/e6072d4f65d7061329687fe24e3d63a7-common-args.resp -include /Users/josh/Library/Developer/Xcode/DerivedData/GitX-cggrrpkbzogvjfcxoxftnovmywdq/Build/Intermediates.noindex/PrecompiledHeaders/SharedPrecompiledHeaders/13206212429846841114/GitX_Prefix.pch -MMD -MT dependencies -MF /Users/josh/Library/Developer/Xcode/DerivedData/GitX-cggrrpkbzogvjfcxoxftnovmywdq/Build/Intermediates.noindex/GitX.build/Debug/GitX.build/Objects-normal/arm64/PBSourceViewRemote.d --serialize-diagnostics /Users/josh/Library/Developer/Xcode/DerivedData/GitX-cggrrpkbzogvjfcxoxftnovmywdq/Build/Intermediates.noindex/GitX.build/Debug/GitX.build/Objects-normal/arm64/PBSourceViewRemote.dia -c /Users/josh/x/gitx/Classes/Views/PBSourceViewRemote.m -o /Users/josh/Library/Developer/Xcode/DerivedData/GitX-cggrrpkbzogvjfcxoxftnovmywdq/Build/Intermediates.noindex/GitX.build/Debug/GitX.build/Objects-normal/arm64/PBSourceViewRemote.o -index-unit-output-path /GitX.build/Debug/GitX.build/Objects-normal/arm64/PBSourceViewRemote.o

CompileC /Users/josh/Library/Developer/Xcode/DerivedData/GitX-cggrrpkbzogvjfcxoxftnovmywdq/Build/Intermediates.noindex/GitX.build/Debug/GitX.build/Objects-normal/arm64/PBSourceViewItem.o /Users/josh/x/gitx/Classes/Views/PBSourceViewItem.m normal arm64 objective-c com.apple.compilers.llvm.clang.1_0.compiler (in target 'GitX' from project 'GitX')
    cd /Users/josh/x/gitx
    
    Using response file: /Users/josh/Library/Developer/Xcode/DerivedData/GitX-cggrrpkbzogvjfcxoxftnovmywdq/Build/Intermediates.noindex/GitX.build/Debug/GitX.build/Objects-normal/arm64/e6072d4f65d7061329687fe24e3d63a7-common-args.resp
    
    /Applications/Xcode.app/Contents/Developer/Toolchains/XcodeDefault.xctoolchain/usr/bin/clang -x objective-c -ivfsstatcache /Users/josh/Library/Developer/Xcode/DerivedData/SDKStatCaches.noindex/macosx15.5-24F74-8254517eb8b97d462ccbc072ba9094c9.sdkstatcache -fmessage-length\=0 -fdiagnostics-show-note-include-stack -fmacro-backtrace-limit\=0 -fno-color-diagnostics -Wno-trigraphs -Wno-missing-field-initializers -Wno-missing-prototypes -Wno-implicit-atomic-properties -Wno-objc-interface-ivars -Wno-arc-repeated-use-of-weak -Wno-missing-braces -Wparentheses -Wswitch -Wno-unused-function -Wno-unused-label -Wno-unused-parameter -Wunused-variable -Wunused-value -Wno-empty-body -Wno-uninitialized -Wno-unknown-pragmas -Wno-shadow -Wno-four-char-constants -Wno-conversion -Wno-constant-conversion -Wno-int-conversion -Wno-bool-conversion -Wno-enum-conversion -Wno-float-conversion -Wno-non-literal-null-conversion -Wno-objc-literal-conversion -Wshorten-64-to-32 -Wpointer-sign -Wno-newline-eof -Wno-selector -Wno-strict-selector-match -Wno-undeclared-selector -Wno-deprecated-implementations -Wno-implicit-fallthrough -fstrict-aliasing -Wprotocol -Wdeprecated-declarations -Wno-sign-conversion -Wno-infinite-recursion -Wno-comma -Wno-block-capture-autoreleasing -Wno-strict-prototypes -Wno-semicolon-before-method-body -index-store-path /Users/josh/Library/Developer/Xcode/DerivedData/GitX-cggrrpkbzogvjfcxoxftnovmywdq/Index.noindex/DataStore -Werror\=incompatible-pointer-types @/Users/josh/Library/Developer/Xcode/DerivedData/GitX-cggrrpkbzogvjfcxoxftnovmywdq/Build/Intermediates.noindex/GitX.build/Debug/GitX.build/Objects-normal/arm64/e6072d4f65d7061329687fe24e3d63a7-common-args.resp -include /Users/josh/Library/Developer/Xcode/DerivedData/GitX-cggrrpkbzogvjfcxoxftnovmywdq/Build/Intermediates.noindex/PrecompiledHeaders/SharedPrecompiledHeaders/13206212429846841114/GitX_Prefix.pch -MMD -MT dependencies -MF /Users/josh/Library/Developer/Xcode/DerivedData/GitX-cggrrpkbzogvjfcxoxftnovmywdq/Build/Intermediates.noindex/GitX.build/Debug/GitX.build/Objects-normal/arm64/PBSourceViewItem.d --serialize-diagnostics /Users/josh/Library/Developer/Xcode/DerivedData/GitX-cggrrpkbzogvjfcxoxftnovmywdq/Build/Intermediates.noindex/GitX.build/Debug/GitX.build/Objects-normal/arm64/PBSourceViewItem.dia -c /Users/josh/x/gitx/Classes/Views/PBSourceViewItem.m -o /Users/josh/Library/Developer/Xcode/DerivedData/GitX-cggrrpkbzogvjfcxoxftnovmywdq/Build/Intermediates.noindex/GitX.build/Debug/GitX.build/Objects-normal/arm64/PBSourceViewItem.o -index-unit-output-path /GitX.build/Debug/GitX.build/Objects-normal/arm64/PBSourceViewItem.o

CompileC /Users/josh/Library/Developer/Xcode/DerivedData/GitX-cggrrpkbzogvjfcxoxftnovmywdq/Build/Intermediates.noindex/GitX.build/Debug/GitX.build/Objects-normal/arm64/PBSourceViewCell.o /Users/josh/x/gitx/Classes/Views/PBSourceViewCell.m normal arm64 objective-c com.apple.compilers.llvm.clang.1_0.compiler (in target 'GitX' from project 'GitX')
    cd /Users/josh/x/gitx
    
    Using response file: /Users/josh/Library/Developer/Xcode/DerivedData/GitX-cggrrpkbzogvjfcxoxftnovmywdq/Build/Intermediates.noindex/GitX.build/Debug/GitX.build/Objects-normal/arm64/e6072d4f65d7061329687fe24e3d63a7-common-args.resp
    
    /Applications/Xcode.app/Contents/Developer/Toolchains/XcodeDefault.xctoolchain/usr/bin/clang -x objective-c -ivfsstatcache /Users/josh/Library/Developer/Xcode/DerivedData/SDKStatCaches.noindex/macosx15.5-24F74-8254517eb8b97d462ccbc072ba9094c9.sdkstatcache -fmessage-length\=0 -fdiagnostics-show-note-include-stack -fmacro-backtrace-limit\=0 -fno-color-diagnostics -Wno-trigraphs -Wno-missing-field-initializers -Wno-missing-prototypes -Wno-implicit-atomic-properties -Wno-objc-interface-ivars -Wno-arc-repeated-use-of-weak -Wno-missing-braces -Wparentheses -Wswitch -Wno-unused-function -Wno-unused-label -Wno-unused-parameter -Wunused-variable -Wunused-value -Wno-empty-body -Wno-uninitialized -Wno-unknown-pragmas -Wno-shadow -Wno-four-char-constants -Wno-conversion -Wno-constant-conversion -Wno-int-conversion -Wno-bool-conversion -Wno-enum-conversion -Wno-float-conversion -Wno-non-literal-null-conversion -Wno-objc-literal-conversion -Wshorten-64-to-32 -Wpointer-sign -Wno-newline-eof -Wno-selector -Wno-strict-selector-match -Wno-undeclared-selector -Wno-deprecated-implementations -Wno-implicit-fallthrough -fstrict-aliasing -Wprotocol -Wdeprecated-declarations -Wno-sign-conversion -Wno-infinite-recursion -Wno-comma -Wno-block-capture-autoreleasing -Wno-strict-prototypes -Wno-semicolon-before-method-body -index-store-path /Users/josh/Library/Developer/Xcode/DerivedData/GitX-cggrrpkbzogvjfcxoxftnovmywdq/Index.noindex/DataStore -Werror\=incompatible-pointer-types @/Users/josh/Library/Developer/Xcode/DerivedData/GitX-cggrrpkbzogvjfcxoxftnovmywdq/Build/Intermediates.noindex/GitX.build/Debug/GitX.build/Objects-normal/arm64/e6072d4f65d7061329687fe24e3d63a7-common-args.resp -include /Users/josh/Library/Developer/Xcode/DerivedData/GitX-cggrrpkbzogvjfcxoxftnovmywdq/Build/Intermediates.noindex/PrecompiledHeaders/SharedPrecompiledHeaders/13206212429846841114/GitX_Prefix.pch -MMD -MT dependencies -MF /Users/josh/Library/Developer/Xcode/DerivedData/GitX-cggrrpkbzogvjfcxoxftnovmywdq/Build/Intermediates.noindex/GitX.build/Debug/GitX.build/Objects-normal/arm64/PBSourceViewCell.d --serialize-diagnostics /Users/josh/Library/Developer/Xcode/DerivedData/GitX-cggrrpkbzogvjfcxoxftnovmywdq/Build/Intermediates.noindex/GitX.build/Debug/GitX.build/Objects-normal/arm64/PBSourceViewCell.dia -c /Users/josh/x/gitx/Classes/Views/PBSourceViewCell.m -o /Users/josh/Library/Developer/Xcode/DerivedData/GitX-cggrrpkbzogvjfcxoxftnovmywdq/Build/Intermediates.noindex/GitX.build/Debug/GitX.build/Objects-normal/arm64/PBSourceViewCell.o -index-unit-output-path /GitX.build/Debug/GitX.build/Objects-normal/arm64/PBSourceViewCell.o

CompileC /Users/josh/Library/Developer/Xcode/DerivedData/GitX-cggrrpkbzogvjfcxoxftnovmywdq/Build/Intermediates.noindex/GitX.build/Debug/GitX.build/Objects-normal/arm64/PBSourceViewBadge.o /Users/josh/x/gitx/Classes/Views/PBSourceViewBadge.m normal arm64 objective-c com.apple.compilers.llvm.clang.1_0.compiler (in target 'GitX' from project 'GitX')
    cd /Users/josh/x/gitx
    
    Using response file: /Users/josh/Library/Developer/Xcode/DerivedData/GitX-cggrrpkbzogvjfcxoxftnovmywdq/Build/Intermediates.noindex/GitX.build/Debug/GitX.build/Objects-normal/arm64/e6072d4f65d7061329687fe24e3d63a7-common-args.resp
    
    /Applications/Xcode.app/Contents/Developer/Toolchains/XcodeDefault.xctoolchain/usr/bin/clang -x objective-c -ivfsstatcache /Users/josh/Library/Developer/Xcode/DerivedData/SDKStatCaches.noindex/macosx15.5-24F74-8254517eb8b97d462ccbc072ba9094c9.sdkstatcache -fmessage-length\=0 -fdiagnostics-show-note-include-stack -fmacro-backtrace-limit\=0 -fno-color-diagnostics -Wno-trigraphs -Wno-missing-field-initializers -Wno-missing-prototypes -Wno-implicit-atomic-properties -Wno-objc-interface-ivars -Wno-arc-repeated-use-of-weak -Wno-missing-braces -Wparentheses -Wswitch -Wno-unused-function -Wno-unused-label -Wno-unused-parameter -Wunused-variable -Wunused-value -Wno-empty-body -Wno-uninitialized -Wno-unknown-pragmas -Wno-shadow -Wno-four-char-constants -Wno-conversion -Wno-constant-conversion -Wno-int-conversion -Wno-bool-conversion -Wno-enum-conversion -Wno-float-conversion -Wno-non-literal-null-conversion -Wno-objc-literal-conversion -Wshorten-64-to-32 -Wpointer-sign -Wno-newline-eof -Wno-selector -Wno-strict-selector-match -Wno-undeclared-selector -Wno-deprecated-implementations -Wno-implicit-fallthrough -fstrict-aliasing -Wprotocol -Wdeprecated-declarations -Wno-sign-conversion -Wno-infinite-recursion -Wno-comma -Wno-block-capture-autoreleasing -Wno-strict-prototypes -Wno-semicolon-before-method-body -index-store-path /Users/josh/Library/Developer/Xcode/DerivedData/GitX-cggrrpkbzogvjfcxoxftnovmywdq/Index.noindex/DataStore -Werror\=incompatible-pointer-types @/Users/josh/Library/Developer/Xcode/DerivedData/GitX-cggrrpkbzogvjfcxoxftnovmywdq/Build/Intermediates.noindex/GitX.build/Debug/GitX.build/Objects-normal/arm64/e6072d4f65d7061329687fe24e3d63a7-common-args.resp -include /Users/josh/Library/Developer/Xcode/DerivedData/GitX-cggrrpkbzogvjfcxoxftnovmywdq/Build/Intermediates.noindex/PrecompiledHeaders/SharedPrecompiledHeaders/13206212429846841114/GitX_Prefix.pch -MMD -MT dependencies -MF /Users/josh/Library/Developer/Xcode/DerivedData/GitX-cggrrpkbzogvjfcxoxftnovmywdq/Build/Intermediates.noindex/GitX.build/Debug/GitX.build/Objects-normal/arm64/PBSourceViewBadge.d --serialize-diagnostics /Users/josh/Library/Developer/Xcode/DerivedData/GitX-cggrrpkbzogvjfcxoxftnovmywdq/Build/Intermediates.noindex/GitX.build/Debug/GitX.build/Objects-normal/arm64/PBSourceViewBadge.dia -c /Users/josh/x/gitx/Classes/Views/PBSourceViewBadge.m -o /Users/josh/Library/Developer/Xcode/DerivedData/GitX-cggrrpkbzogvjfcxoxftnovmywdq/Build/Intermediates.noindex/GitX.build/Debug/GitX.build/Objects-normal/arm64/PBSourceViewBadge.o -index-unit-output-path /GitX.build/Debug/GitX.build/Objects-normal/arm64/PBSourceViewBadge.o

CompileC /Users/josh/Library/Developer/Xcode/DerivedData/GitX-cggrrpkbzogvjfcxoxftnovmywdq/Build/Intermediates.noindex/GitX.build/Debug/GitX.build/Objects-normal/arm64/PBSourceViewAction.o /Users/josh/x/gitx/Classes/Views/PBSourceViewAction.m normal arm64 objective-c com.apple.compilers.llvm.clang.1_0.compiler (in target 'GitX' from project 'GitX')
    cd /Users/josh/x/gitx
    
    Using response file: /Users/josh/Library/Developer/Xcode/DerivedData/GitX-cggrrpkbzogvjfcxoxftnovmywdq/Build/Intermediates.noindex/GitX.build/Debug/GitX.build/Objects-normal/arm64/e6072d4f65d7061329687fe24e3d63a7-common-args.resp
    
    /Applications/Xcode.app/Contents/Developer/Toolchains/XcodeDefault.xctoolchain/usr/bin/clang -x objective-c -ivfsstatcache /Users/josh/Library/Developer/Xcode/DerivedData/SDKStatCaches.noindex/macosx15.5-24F74-8254517eb8b97d462ccbc072ba9094c9.sdkstatcache -fmessage-length\=0 -fdiagnostics-show-note-include-stack -fmacro-backtrace-limit\=0 -fno-color-diagnostics -Wno-trigraphs -Wno-missing-field-initializers -Wno-missing-prototypes -Wno-implicit-atomic-properties -Wno-objc-interface-ivars -Wno-arc-repeated-use-of-weak -Wno-missing-braces -Wparentheses -Wswitch -Wno-unused-function -Wno-unused-label -Wno-unused-parameter -Wunused-variable -Wunused-value -Wno-empty-body -Wno-uninitialized -Wno-unknown-pragmas -Wno-shadow -Wno-four-char-constants -Wno-conversion -Wno-constant-conversion -Wno-int-conversion -Wno-bool-conversion -Wno-enum-conversion -Wno-float-conversion -Wno-non-literal-null-conversion -Wno-objc-literal-conversion -Wshorten-64-to-32 -Wpointer-sign -Wno-newline-eof -Wno-selector -Wno-strict-selector-match -Wno-undeclared-selector -Wno-deprecated-implementations -Wno-implicit-fallthrough -fstrict-aliasing -Wprotocol -Wdeprecated-declarations -Wno-sign-conversion -Wno-infinite-recursion -Wno-comma -Wno-block-capture-autoreleasing -Wno-strict-prototypes -Wno-semicolon-before-method-body -index-store-path /Users/josh/Library/Developer/Xcode/DerivedData/GitX-cggrrpkbzogvjfcxoxftnovmywdq/Index.noindex/DataStore -Werror\=incompatible-pointer-types @/Users/josh/Library/Developer/Xcode/DerivedData/GitX-cggrrpkbzogvjfcxoxftnovmywdq/Build/Intermediates.noindex/GitX.build/Debug/GitX.build/Objects-normal/arm64/e6072d4f65d7061329687fe24e3d63a7-common-args.resp -include /Users/josh/Library/Developer/Xcode/DerivedData/GitX-cggrrpkbzogvjfcxoxftnovmywdq/Build/Intermediates.noindex/PrecompiledHeaders/SharedPrecompiledHeaders/13206212429846841114/GitX_Prefix.pch -MMD -MT dependencies -MF /Users/josh/Library/Developer/Xcode/DerivedData/GitX-cggrrpkbzogvjfcxoxftnovmywdq/Build/Intermediates.noindex/GitX.build/Debug/GitX.build/Objects-normal/arm64/PBSourceViewAction.d --serialize-diagnostics /Users/josh/Library/Developer/Xcode/DerivedData/GitX-cggrrpkbzogvjfcxoxftnovmywdq/Build/Intermediates.noindex/GitX.build/Debug/GitX.build/Objects-normal/arm64/PBSourceViewAction.dia -c /Users/josh/x/gitx/Classes/Views/PBSourceViewAction.m -o /Users/josh/Library/Developer/Xcode/DerivedData/GitX-cggrrpkbzogvjfcxoxftnovmywdq/Build/Intermediates.noindex/GitX.build/Debug/GitX.build/Objects-normal/arm64/PBSourceViewAction.o -index-unit-output-path /GitX.build/Debug/GitX.build/Objects-normal/arm64/PBSourceViewAction.o

CompileC /Users/josh/Library/Developer/Xcode/DerivedData/GitX-cggrrpkbzogvjfcxoxftnovmywdq/Build/Intermediates.noindex/GitX.build/Debug/GitX.build/Objects-normal/arm64/PBServicesController.o /Users/josh/x/gitx/Classes/Controllers/PBServicesController.m normal arm64 objective-c com.apple.compilers.llvm.clang.1_0.compiler (in target 'GitX' from project 'GitX')
    cd /Users/josh/x/gitx
    
    Using response file: /Users/josh/Library/Developer/Xcode/DerivedData/GitX-cggrrpkbzogvjfcxoxftnovmywdq/Build/Intermediates.noindex/GitX.build/Debug/GitX.build/Objects-normal/arm64/e6072d4f65d7061329687fe24e3d63a7-common-args.resp
    
    /Applications/Xcode.app/Contents/Developer/Toolchains/XcodeDefault.xctoolchain/usr/bin/clang -x objective-c -ivfsstatcache /Users/josh/Library/Developer/Xcode/DerivedData/SDKStatCaches.noindex/macosx15.5-24F74-8254517eb8b97d462ccbc072ba9094c9.sdkstatcache -fmessage-length\=0 -fdiagnostics-show-note-include-stack -fmacro-backtrace-limit\=0 -fno-color-diagnostics -Wno-trigraphs -Wno-missing-field-initializers -Wno-missing-prototypes -Wno-implicit-atomic-properties -Wno-objc-interface-ivars -Wno-arc-repeated-use-of-weak -Wno-missing-braces -Wparentheses -Wswitch -Wno-unused-function -Wno-unused-label -Wno-unused-parameter -Wunused-variable -Wunused-value -Wno-empty-body -Wno-uninitialized -Wno-unknown-pragmas -Wno-shadow -Wno-four-char-constants -Wno-conversion -Wno-constant-conversion -Wno-int-conversion -Wno-bool-conversion -Wno-enum-conversion -Wno-float-conversion -Wno-non-literal-null-conversion -Wno-objc-literal-conversion -Wshorten-64-to-32 -Wpointer-sign -Wno-newline-eof -Wno-selector -Wno-strict-selector-match -Wno-undeclared-selector -Wno-deprecated-implementations -Wno-implicit-fallthrough -fstrict-aliasing -Wprotocol -Wdeprecated-declarations -Wno-sign-conversion -Wno-infinite-recursion -Wno-comma -Wno-block-capture-autoreleasing -Wno-strict-prototypes -Wno-semicolon-before-method-body -index-store-path /Users/josh/Library/Developer/Xcode/DerivedData/GitX-cggrrpkbzogvjfcxoxftnovmywdq/Index.noindex/DataStore -Werror\=incompatible-pointer-types @/Users/josh/Library/Developer/Xcode/DerivedData/GitX-cggrrpkbzogvjfcxoxftnovmywdq/Build/Intermediates.noindex/GitX.build/Debug/GitX.build/Objects-normal/arm64/e6072d4f65d7061329687fe24e3d63a7-common-args.resp -include /Users/josh/Library/Developer/Xcode/DerivedData/GitX-cggrrpkbzogvjfcxoxftnovmywdq/Build/Intermediates.noindex/PrecompiledHeaders/SharedPrecompiledHeaders/13206212429846841114/GitX_Prefix.pch -MMD -MT dependencies -MF /Users/josh/Library/Developer/Xcode/DerivedData/GitX-cggrrpkbzogvjfcxoxftnovmywdq/Build/Intermediates.noindex/GitX.build/Debug/GitX.build/Objects-normal/arm64/PBServicesController.d --serialize-diagnostics /Users/josh/Library/Developer/Xcode/DerivedData/GitX-cggrrpkbzogvjfcxoxftnovmywdq/Build/Intermediates.noindex/GitX.build/Debug/GitX.build/Objects-normal/arm64/PBServicesController.dia -c /Users/josh/x/gitx/Classes/Controllers/PBServicesController.m -o /Users/josh/Library/Developer/Xcode/DerivedData/GitX-cggrrpkbzogvjfcxoxftnovmywdq/Build/Intermediates.noindex/GitX.build/Debug/GitX.build/Objects-normal/arm64/PBServicesController.o -index-unit-output-path /GitX.build/Debug/GitX.build/Objects-normal/arm64/PBServicesController.o
/Users/josh/x/gitx/Classes/Controllers/PBServicesController.m:20:23: warning: 'outputForArguments:retValue:' is deprecated [-Wdeprecated-declarations]
   20 |                 NSString *s = [repo outputForArguments:[NSArray arrayWithObjects:@"log", @"-1", @"--pretty=format:%h (%s)", sha, nil] retValue:&ret];
      |                                     ^
In file included from /Users/josh/x/gitx/Classes/Controllers/PBServicesController.m:10:
/Users/josh/x/gitx/Classes/git/PBGitRepository.h:92:70: note: 'outputForArguments:retValue:' has been explicitly marked deprecated here
   92 | - (NSString*) outputForArguments:(NSArray*) args retValue:(int *)ret GITX_DEPRECATED;
      |                                                                      ^
In file included from /Users/josh/x/gitx/Classes/Controllers/PBServicesController.m:1:
/Users/josh/x/gitx/GitX_Prefix.pch:11:41: note: expanded from macro 'GITX_DEPRECATED'
   11 | #define GITX_DEPRECATED __attribute__ ((deprecated))
      |                                         ^
/Users/josh/x/gitx/Classes/Controllers/PBServicesController.m:34:33: warning: 'outputForArguments:inputString:retValue:' is deprecated [-Wdeprecated-declarations]
   34 |         NSString *returnString = [repo outputForArguments:[NSArray arrayWithObjects:@"name-rev", @"--stdin", nil] inputString:s retValue:&ret];
      |                                        ^
In file included from /Users/josh/x/gitx/Classes/Controllers/PBServicesController.m:10:
/Users/josh/x/gitx/Classes/git/PBGitRepository.h:87:105: note: 'outputForArguments:inputString:retValue:' has been explicitly marked deprecated here
   87 | - (NSString *)outputForArguments:(NSArray *)arguments inputString:(NSString *)input retValue:(int *)ret GITX_DEPRECATED;
      |                                                                                                         ^
In file included from /Users/josh/x/gitx/Classes/Controllers/PBServicesController.m:1:
/Users/josh/x/gitx/GitX_Prefix.pch:11:41: note: expanded from macro 'GITX_DEPRECATED'
   11 | #define GITX_DEPRECATED __attribute__ ((deprecated))
      |                                         ^
2 warnings generated.

CompileC /Users/josh/Library/Developer/Xcode/DerivedData/GitX-cggrrpkbzogvjfcxoxftnovmywdq/Build/Intermediates.noindex/GitX.build/Debug/GitX.build/Objects-normal/arm64/PBRepositoryDocumentController.o /Users/josh/x/gitx/Classes/Controllers/PBRepositoryDocumentController.m normal arm64 objective-c com.apple.compilers.llvm.clang.1_0.compiler (in target 'GitX' from project 'GitX')
    cd /Users/josh/x/gitx
    
    Using response file: /Users/josh/Library/Developer/Xcode/DerivedData/GitX-cggrrpkbzogvjfcxoxftnovmywdq/Build/Intermediates.noindex/GitX.build/Debug/GitX.build/Objects-normal/arm64/e6072d4f65d7061329687fe24e3d63a7-common-args.resp
    
    /Applications/Xcode.app/Contents/Developer/Toolchains/XcodeDefault.xctoolchain/usr/bin/clang -x objective-c -ivfsstatcache /Users/josh/Library/Developer/Xcode/DerivedData/SDKStatCaches.noindex/macosx15.5-24F74-8254517eb8b97d462ccbc072ba9094c9.sdkstatcache -fmessage-length\=0 -fdiagnostics-show-note-include-stack -fmacro-backtrace-limit\=0 -fno-color-diagnostics -Wno-trigraphs -Wno-missing-field-initializers -Wno-missing-prototypes -Wno-implicit-atomic-properties -Wno-objc-interface-ivars -Wno-arc-repeated-use-of-weak -Wno-missing-braces -Wparentheses -Wswitch -Wno-unused-function -Wno-unused-label -Wno-unused-parameter -Wunused-variable -Wunused-value -Wno-empty-body -Wno-uninitialized -Wno-unknown-pragmas -Wno-shadow -Wno-four-char-constants -Wno-conversion -Wno-constant-conversion -Wno-int-conversion -Wno-bool-conversion -Wno-enum-conversion -Wno-float-conversion -Wno-non-literal-null-conversion -Wno-objc-literal-conversion -Wshorten-64-to-32 -Wpointer-sign -Wno-newline-eof -Wno-selector -Wno-strict-selector-match -Wno-undeclared-selector -Wno-deprecated-implementations -Wno-implicit-fallthrough -fstrict-aliasing -Wprotocol -Wdeprecated-declarations -Wno-sign-conversion -Wno-infinite-recursion -Wno-comma -Wno-block-capture-autoreleasing -Wno-strict-prototypes -Wno-semicolon-before-method-body -index-store-path /Users/josh/Library/Developer/Xcode/DerivedData/GitX-cggrrpkbzogvjfcxoxftnovmywdq/Index.noindex/DataStore -Werror\=incompatible-pointer-types @/Users/josh/Library/Developer/Xcode/DerivedData/GitX-cggrrpkbzogvjfcxoxftnovmywdq/Build/Intermediates.noindex/GitX.build/Debug/GitX.build/Objects-normal/arm64/e6072d4f65d7061329687fe24e3d63a7-common-args.resp -include /Users/josh/Library/Developer/Xcode/DerivedData/GitX-cggrrpkbzogvjfcxoxftnovmywdq/Build/Intermediates.noindex/PrecompiledHeaders/SharedPrecompiledHeaders/13206212429846841114/GitX_Prefix.pch -MMD -MT dependencies -MF /Users/josh/Library/Developer/Xcode/DerivedData/GitX-cggrrpkbzogvjfcxoxftnovmywdq/Build/Intermediates.noindex/GitX.build/Debug/GitX.build/Objects-normal/arm64/PBRepositoryDocumentController.d --serialize-diagnostics /Users/josh/Library/Developer/Xcode/DerivedData/GitX-cggrrpkbzogvjfcxoxftnovmywdq/Build/Intermediates.noindex/GitX.build/Debug/GitX.build/Objects-normal/arm64/PBRepositoryDocumentController.dia -c /Users/josh/x/gitx/Classes/Controllers/PBRepositoryDocumentController.m -o /Users/josh/Library/Developer/Xcode/DerivedData/GitX-cggrrpkbzogvjfcxoxftnovmywdq/Build/Intermediates.noindex/GitX.build/Debug/GitX.build/Objects-normal/arm64/PBRepositoryDocumentController.o -index-unit-output-path /GitX.build/Debug/GitX.build/Objects-normal/arm64/PBRepositoryDocumentController.o
/Users/josh/x/gitx/Classes/Controllers/PBRepositoryDocumentController.m:37:23: warning: 'NSFileHandlingPanelOKButton' is deprecated: first deprecated in macOS 10.13 [-Wdeprecated-declarations]
   37 |         if ([op runModal] != NSFileHandlingPanelOKButton) {
      |                              ^~~~~~~~~~~~~~~~~~~~~~~~~~~
      |                              NSModalResponseOK
In file included from /Users/josh/x/gitx/Classes/Controllers/PBRepositoryDocumentController.m:1:
In file included from /Users/josh/x/gitx/GitX_Prefix.pch:4:
In file included from /Applications/Xcode.app/Contents/Developer/Platforms/MacOSX.platform/Developer/SDKs/MacOSX15.5.sdk/System/Library/Frameworks/Cocoa.framework/Headers/Cocoa.h:13:
In file included from /Applications/Xcode.app/Contents/Developer/Platforms/MacOSX.platform/Developer/SDKs/MacOSX15.5.sdk/System/Library/Frameworks/AppKit.framework/Headers/AppKit.h:110:
In file included from /Applications/Xcode.app/Contents/Developer/Platforms/MacOSX.platform/Developer/SDKs/MacOSX15.5.sdk/System/Library/Frameworks/AppKit.framework/Headers/NSOpenPanel.h:9:
/Applications/Xcode.app/Contents/Developer/Platforms/MacOSX.platform/Developer/SDKs/MacOSX15.5.sdk/System/Library/Frameworks/AppKit.framework/Headers/NSSavePanel.h:291:5: note: 'NSFileHandlingPanelOKButton' has been explicitly marked deprecated here
  291 |     NSFileHandlingPanelOKButton API_DEPRECATED_WITH_REPLACEMENT("NSModalResponseOK", macos(10.0,10.13)) = NSModalResponseOK,
      |     ^
1 warning generated.

CompileC /Users/josh/Library/Developer/Xcode/DerivedData/GitX-cggrrpkbzogvjfcxoxftnovmywdq/Build/Intermediates.noindex/GitX.build/Debug/GitX.build/Objects-normal/arm64/PBRefMenuItem.o /Users/josh/x/gitx/Classes/Views/PBRefMenuItem.m normal arm64 objective-c com.apple.compilers.llvm.clang.1_0.compiler (in target 'GitX' from project 'GitX')
    cd /Users/josh/x/gitx
    
    Using response file: /Users/josh/Library/Developer/Xcode/DerivedData/GitX-cggrrpkbzogvjfcxoxftnovmywdq/Build/Intermediates.noindex/GitX.build/Debug/GitX.build/Objects-normal/arm64/e6072d4f65d7061329687fe24e3d63a7-common-args.resp
    
    /Applications/Xcode.app/Contents/Developer/Toolchains/XcodeDefault.xctoolchain/usr/bin/clang -x objective-c -ivfsstatcache /Users/josh/Library/Developer/Xcode/DerivedData/SDKStatCaches.noindex/macosx15.5-24F74-8254517eb8b97d462ccbc072ba9094c9.sdkstatcache -fmessage-length\=0 -fdiagnostics-show-note-include-stack -fmacro-backtrace-limit\=0 -fno-color-diagnostics -Wno-trigraphs -Wno-missing-field-initializers -Wno-missing-prototypes -Wno-implicit-atomic-properties -Wno-objc-interface-ivars -Wno-arc-repeated-use-of-weak -Wno-missing-braces -Wparentheses -Wswitch -Wno-unused-function -Wno-unused-label -Wno-unused-parameter -Wunused-variable -Wunused-value -Wno-empty-body -Wno-uninitialized -Wno-unknown-pragmas -Wno-shadow -Wno-four-char-constants -Wno-conversion -Wno-constant-conversion -Wno-int-conversion -Wno-bool-conversion -Wno-enum-conversion -Wno-float-conversion -Wno-non-literal-null-conversion -Wno-objc-literal-conversion -Wshorten-64-to-32 -Wpointer-sign -Wno-newline-eof -Wno-selector -Wno-strict-selector-match -Wno-undeclared-selector -Wno-deprecated-implementations -Wno-implicit-fallthrough -fstrict-aliasing -Wprotocol -Wdeprecated-declarations -Wno-sign-conversion -Wno-infinite-recursion -Wno-comma -Wno-block-capture-autoreleasing -Wno-strict-prototypes -Wno-semicolon-before-method-body -index-store-path /Users/josh/Library/Developer/Xcode/DerivedData/GitX-cggrrpkbzogvjfcxoxftnovmywdq/Index.noindex/DataStore -Werror\=incompatible-pointer-types @/Users/josh/Library/Developer/Xcode/DerivedData/GitX-cggrrpkbzogvjfcxoxftnovmywdq/Build/Intermediates.noindex/GitX.build/Debug/GitX.build/Objects-normal/arm64/e6072d4f65d7061329687fe24e3d63a7-common-args.resp -include /Users/josh/Library/Developer/Xcode/DerivedData/GitX-cggrrpkbzogvjfcxoxftnovmywdq/Build/Intermediates.noindex/PrecompiledHeaders/SharedPrecompiledHeaders/13206212429846841114/GitX_Prefix.pch -MMD -MT dependencies -MF /Users/josh/Library/Developer/Xcode/DerivedData/GitX-cggrrpkbzogvjfcxoxftnovmywdq/Build/Intermediates.noindex/GitX.build/Debug/GitX.build/Objects-normal/arm64/PBRefMenuItem.d --serialize-diagnostics /Users/josh/Library/Developer/Xcode/DerivedData/GitX-cggrrpkbzogvjfcxoxftnovmywdq/Build/Intermediates.noindex/GitX.build/Debug/GitX.build/Objects-normal/arm64/PBRefMenuItem.dia -c /Users/josh/x/gitx/Classes/Views/PBRefMenuItem.m -o /Users/josh/Library/Developer/Xcode/DerivedData/GitX-cggrrpkbzogvjfcxoxftnovmywdq/Build/Intermediates.noindex/GitX.build/Debug/GitX.build/Objects-normal/arm64/PBRefMenuItem.o -index-unit-output-path /GitX.build/Debug/GitX.build/Objects-normal/arm64/PBRefMenuItem.o

CompileC /Users/josh/Library/Developer/Xcode/DerivedData/GitX-cggrrpkbzogvjfcxoxftnovmywdq/Build/Intermediates.noindex/GitX.build/Debug/GitX.build/Objects-normal/arm64/PBRefController.o /Users/josh/x/gitx/Classes/Controllers/PBRefController.m normal arm64 objective-c com.apple.compilers.llvm.clang.1_0.compiler (in target 'GitX' from project 'GitX')
    cd /Users/josh/x/gitx
    
    Using response file: /Users/josh/Library/Developer/Xcode/DerivedData/GitX-cggrrpkbzogvjfcxoxftnovmywdq/Build/Intermediates.noindex/GitX.build/Debug/GitX.build/Objects-normal/arm64/e6072d4f65d7061329687fe24e3d63a7-common-args.resp
    
    /Applications/Xcode.app/Contents/Developer/Toolchains/XcodeDefault.xctoolchain/usr/bin/clang -x objective-c -ivfsstatcache /Users/josh/Library/Developer/Xcode/DerivedData/SDKStatCaches.noindex/macosx15.5-24F74-8254517eb8b97d462ccbc072ba9094c9.sdkstatcache -fmessage-length\=0 -fdiagnostics-show-note-include-stack -fmacro-backtrace-limit\=0 -fno-color-diagnostics -Wno-trigraphs -Wno-missing-field-initializers -Wno-missing-prototypes -Wno-implicit-atomic-properties -Wno-objc-interface-ivars -Wno-arc-repeated-use-of-weak -Wno-missing-braces -Wparentheses -Wswitch -Wno-unused-function -Wno-unused-label -Wno-unused-parameter -Wunused-variable -Wunused-value -Wno-empty-body -Wno-uninitialized -Wno-unknown-pragmas -Wno-shadow -Wno-four-char-constants -Wno-conversion -Wno-constant-conversion -Wno-int-conversion -Wno-bool-conversion -Wno-enum-conversion -Wno-float-conversion -Wno-non-literal-null-conversion -Wno-objc-literal-conversion -Wshorten-64-to-32 -Wpointer-sign -Wno-newline-eof -Wno-selector -Wno-strict-selector-match -Wno-undeclared-selector -Wno-deprecated-implementations -Wno-implicit-fallthrough -fstrict-aliasing -Wprotocol -Wdeprecated-declarations -Wno-sign-conversion -Wno-infinite-recursion -Wno-comma -Wno-block-capture-autoreleasing -Wno-strict-prototypes -Wno-semicolon-before-method-body -index-store-path /Users/josh/Library/Developer/Xcode/DerivedData/GitX-cggrrpkbzogvjfcxoxftnovmywdq/Index.noindex/DataStore -Werror\=incompatible-pointer-types @/Users/josh/Library/Developer/Xcode/DerivedData/GitX-cggrrpkbzogvjfcxoxftnovmywdq/Build/Intermediates.noindex/GitX.build/Debug/GitX.build/Objects-normal/arm64/e6072d4f65d7061329687fe24e3d63a7-common-args.resp -include /Users/josh/Library/Developer/Xcode/DerivedData/GitX-cggrrpkbzogvjfcxoxftnovmywdq/Build/Intermediates.noindex/PrecompiledHeaders/SharedPrecompiledHeaders/13206212429846841114/GitX_Prefix.pch -MMD -MT dependencies -MF /Users/josh/Library/Developer/Xcode/DerivedData/GitX-cggrrpkbzogvjfcxoxftnovmywdq/Build/Intermediates.noindex/GitX.build/Debug/GitX.build/Objects-normal/arm64/PBRefController.d --serialize-diagnostics /Users/josh/Library/Developer/Xcode/DerivedData/GitX-cggrrpkbzogvjfcxoxftnovmywdq/Build/Intermediates.noindex/GitX.build/Debug/GitX.build/Objects-normal/arm64/PBRefController.dia -c /Users/josh/x/gitx/Classes/Controllers/PBRefController.m -o /Users/josh/Library/Developer/Xcode/DerivedData/GitX-cggrrpkbzogvjfcxoxftnovmywdq/Build/Intermediates.noindex/GitX.build/Debug/GitX.build/Objects-normal/arm64/PBRefController.o -index-unit-output-path /GitX.build/Debug/GitX.build/Objects-normal/arm64/PBRefController.o
In file included from /Users/josh/x/gitx/Classes/Controllers/PBRefController.m:10:
/Users/josh/x/gitx/Classes/Views/PBGitRevisionCell.h:27:24: warning: 'copy' attribute on property 'objectValue' does not match the property inherited from 'NSCell' [-Wproperty-attribute-mismatch]
   27 | @property PBGitCommit* objectValue;
      |                        ^
/Users/josh/x/gitx/Classes/Controllers/PBRefController.m:189:49: warning: 'showMessageSheet:infoText:' is deprecated [-Wdeprecated-declarations]
  189 |         [historyController.repository.windowController showMessageSheet:title infoText:info];
      |                                                        ^
In file included from /Users/josh/x/gitx/Classes/Controllers/PBRefController.m:9:
In file included from /Users/josh/x/gitx/Classes/Controllers/PBRefController.h:10:
In file included from /Users/josh/x/gitx/Classes/Controllers/PBGitHistoryController.h:10:
In file included from /Users/josh/x/gitx/Classes/Controllers/PBViewController.h:11:
/Users/josh/x/gitx/Classes/Controllers/PBGitWindowController.h:39:80: note: 'showMessageSheet:infoText:' has been explicitly marked deprecated here
   39 | - (void)showMessageSheet:(NSString *)messageText infoText:(NSString *)infoText GITX_DEPRECATED;
      |                                                                                ^
In file included from /Users/josh/x/gitx/Classes/Controllers/PBRefController.m:1:
/Users/josh/x/gitx/GitX_Prefix.pch:11:41: note: expanded from macro 'GITX_DEPRECATED'
   11 | #define GITX_DEPRECATED __attribute__ ((deprecated))
      |                                         ^
/Users/josh/x/gitx/Classes/Controllers/PBRefController.m:209:28: warning: 'alertWithMessageText:defaultButton:alternateButton:otherButton:informativeTextWithFormat:' is deprecated: first deprecated in macOS 10.10 - Use -init instead [-Wdeprecated-declarations]
  209 |         NSAlert *alert = [NSAlert alertWithMessageText:[NSString stringWithFormat:@"Delete %@?", ref_desc]
      |                                   ^
In file included from /Users/josh/x/gitx/Classes/Controllers/PBRefController.m:1:
In file included from /Users/josh/x/gitx/GitX_Prefix.pch:4:
In file included from /Applications/Xcode.app/Contents/Developer/Platforms/MacOSX.platform/Developer/SDKs/MacOSX15.5.sdk/System/Library/Frameworks/Cocoa.framework/Headers/Cocoa.h:13:
In file included from /Applications/Xcode.app/Contents/Developer/Platforms/MacOSX.platform/Developer/SDKs/MacOSX15.5.sdk/System/Library/Frameworks/AppKit.framework/Headers/AppKit.h:17:
/Applications/Xcode.app/Contents/Developer/Platforms/MacOSX.platform/Developer/SDKs/MacOSX15.5.sdk/System/Library/Frameworks/AppKit.framework/Headers/NSAlert.h:184:1: note: 'alertWithMessageText:defaultButton:alternateButton:otherButton:informativeTextWithFormat:' has been explicitly marked deprecated here
  184 | + (NSAlert *)alertWithMessageText:(nullable NSString *)message defaultButton:(nullable NSString *)defaultButton alternateButton:(nullable NSString *)alternateButton otherButton:(nullable NSString *)otherButton informativeTextWithFormat:(NSString *)format, ... NS_FORMAT_FUNCTION(5,6) API_DEPRECATED("Use -init instead", macos(10.3,10.10));
      | ^
/Users/josh/x/gitx/Classes/Controllers/PBRefController.m:216:9: warning: 'beginSheetModalForWindow:modalDelegate:didEndSelector:contextInfo:' is deprecated: first deprecated in macOS 10.10 - Use -beginSheetModalForWindow:completionHandler: instead [-Wdeprecated-declarations]
  216 |         [alert beginSheetModalForWindow:[historyController.repository.windowController window]
      |                ^
In file included from /Users/josh/x/gitx/Classes/Controllers/PBRefController.m:1:
In file included from /Users/josh/x/gitx/GitX_Prefix.pch:4:
In file included from /Applications/Xcode.app/Contents/Developer/Platforms/MacOSX.platform/Developer/SDKs/MacOSX15.5.sdk/System/Library/Frameworks/Cocoa.framework/Headers/Cocoa.h:13:
In file included from /Applications/Xcode.app/Contents/Developer/Platforms/MacOSX.platform/Developer/SDKs/MacOSX15.5.sdk/System/Library/Frameworks/AppKit.framework/Headers/AppKit.h:17:
/Applications/Xcode.app/Contents/Developer/Platforms/MacOSX.platform/Developer/SDKs/MacOSX15.5.sdk/System/Library/Frameworks/AppKit.framework/Headers/NSAlert.h:186:1: note: 'beginSheetModalForWindow:modalDelegate:didEndSelector:contextInfo:' has been explicitly marked deprecated here
  186 | - (void)beginSheetModalForWindow:(NSWindow *)window modalDelegate:(nullable id)delegate didEndSelector:(nullable SEL)didEndSelector contextInfo:(nullable void *)contextInfo API_DEPRECATED("Use -beginSheetModalForWindow:completionHandler: instead", macos(10.3,10.10));
      | ^
/Users/josh/x/gitx/Classes/Controllers/PBRefController.m:229:20: warning: 'NSAlertDefaultReturn' is deprecated: first deprecated in macOS 10.10 - Use NSAlertFirstButtonReturn with an NSAlert presentation instead [-Wdeprecated-declarations]
  229 |         if (returnCode == NSAlertDefaultReturn) {
      |                           ^
In file included from /Users/josh/x/gitx/Classes/Controllers/PBRefController.m:1:
In file included from /Users/josh/x/gitx/GitX_Prefix.pch:4:
In file included from /Applications/Xcode.app/Contents/Developer/Platforms/MacOSX.platform/Developer/SDKs/MacOSX15.5.sdk/System/Library/Frameworks/Cocoa.framework/Headers/Cocoa.h:13:
In file included from /Applications/Xcode.app/Contents/Developer/Platforms/MacOSX.platform/Developer/SDKs/MacOSX15.5.sdk/System/Library/Frameworks/AppKit.framework/Headers/AppKit.h:44:
In file included from /Applications/Xcode.app/Contents/Developer/Platforms/MacOSX.platform/Developer/SDKs/MacOSX15.5.sdk/System/Library/Frameworks/AppKit.framework/Headers/NSFontPanel.h:8:
/Applications/Xcode.app/Contents/Developer/Platforms/MacOSX.platform/Developer/SDKs/MacOSX15.5.sdk/System/Library/Frameworks/AppKit.framework/Headers/NSPanel.h:45:5: note: 'NSAlertDefaultReturn' has been explicitly marked deprecated here
   45 |     NSAlertDefaultReturn API_DEPRECATED("Use NSAlertFirstButtonReturn with an NSAlert presentation instead", macos(10.0,10.10)) = 1,
      |     ^
/Users/josh/x/gitx/Classes/Controllers/PBRefController.m:271:53: warning: 'preparedCellAtColumn:row:' is deprecated: first deprecated in macOS 10.10 - Use View Based TableView and -viewAtColumn:row: [-Wdeprecated-declarations]
  271 |         PBGitRevisionCell *cell = (PBGitRevisionCell *)[tv preparedCellAtColumn:column row:row];
      |                                                            ^
In file included from /Users/josh/x/gitx/Classes/Controllers/PBRefController.m:1:
In file included from /Users/josh/x/gitx/GitX_Prefix.pch:4:
In file included from /Applications/Xcode.app/Contents/Developer/Platforms/MacOSX.platform/Developer/SDKs/MacOSX15.5.sdk/System/Library/Frameworks/Cocoa.framework/Headers/Cocoa.h:13:
In file included from /Applications/Xcode.app/Contents/Developer/Platforms/MacOSX.platform/Developer/SDKs/MacOSX15.5.sdk/System/Library/Frameworks/AppKit.framework/Headers/AppKit.h:162:
In file included from /Applications/Xcode.app/Contents/Developer/Platforms/MacOSX.platform/Developer/SDKs/MacOSX15.5.sdk/System/Library/Frameworks/AppKit.framework/Headers/NSTableCellView.h:14:
/Applications/Xcode.app/Contents/Developer/Platforms/MacOSX.platform/Developer/SDKs/MacOSX15.5.sdk/System/Library/Frameworks/AppKit.framework/Headers/NSTableView.h:851:1: note: 'preparedCellAtColumn:row:' has been explicitly marked deprecated here
  851 | - (nullable NSCell *)preparedCellAtColumn:(NSInteger)column row:(NSInteger)row  API_DEPRECATED("Use View Based TableView and -viewAtColumn:row:", macos(10.5,10.10));
      | ^
/Users/josh/x/gitx/Classes/Controllers/PBRefController.m:317:32: warning: 'outputForArguments:retValue:' is deprecated [-Wdeprecated-declarations]
  317 |         [historyController.repository outputForArguments:[NSArray arrayWithObjects:@"update-ref", @"-mUpdate from GitX", [ref ref], [dropCommit realSha], NULL] retValue:&retValue];
      |                                       ^
In file included from /Users/josh/x/gitx/Classes/Controllers/PBRefController.m:9:
In file included from /Users/josh/x/gitx/Classes/Controllers/PBRefController.h:10:
In file included from /Users/josh/x/gitx/Classes/Controllers/PBGitHistoryController.h:10:
In file included from /Users/josh/x/gitx/Classes/Controllers/PBViewController.h:10:
/Users/josh/x/gitx/Classes/git/PBGitRepository.h:92:70: note: 'outputForArguments:retValue:' has been explicitly marked deprecated here
   92 | - (NSString*) outputForArguments:(NSArray*) args retValue:(int *)ret GITX_DEPRECATED;
      |                                                                      ^
In file included from /Users/josh/x/gitx/Classes/Controllers/PBRefController.m:1:
/Users/josh/x/gitx/GitX_Prefix.pch:11:41: note: expanded from macro 'GITX_DEPRECATED'
   11 | #define GITX_DEPRECATED __attribute__ ((deprecated))
      |                                         ^
/Users/josh/x/gitx/Classes/Controllers/PBRefController.m:366:28: warning: 'alertWithMessageText:defaultButton:alternateButton:otherButton:informativeTextWithFormat:' is deprecated: first deprecated in macOS 10.10 - Use -init instead [-Wdeprecated-declarations]
  366 |         NSAlert *alert = [NSAlert alertWithMessageText:[NSString stringWithFormat:@"Move %@: %@", [ref refishType], [ref shortName]]
      |                                   ^
In file included from /Users/josh/x/gitx/Classes/Controllers/PBRefController.m:1:
In file included from /Users/josh/x/gitx/GitX_Prefix.pch:4:
In file included from /Applications/Xcode.app/Contents/Developer/Platforms/MacOSX.platform/Developer/SDKs/MacOSX15.5.sdk/System/Library/Frameworks/Cocoa.framework/Headers/Cocoa.h:13:
In file included from /Applications/Xcode.app/Contents/Developer/Platforms/MacOSX.platform/Developer/SDKs/MacOSX15.5.sdk/System/Library/Frameworks/AppKit.framework/Headers/AppKit.h:17:
/Applications/Xcode.app/Contents/Developer/Platforms/MacOSX.platform/Developer/SDKs/MacOSX15.5.sdk/System/Library/Frameworks/AppKit.framework/Headers/NSAlert.h:184:1: note: 'alertWithMessageText:defaultButton:alternateButton:otherButton:informativeTextWithFormat:' has been explicitly marked deprecated here
  184 | + (NSAlert *)alertWithMessageText:(nullable NSString *)message defaultButton:(nullable NSString *)defaultButton alternateButton:(nullable NSString *)alternateButton otherButton:(nullable NSString *)otherButton informativeTextWithFormat:(NSString *)format, ... NS_FORMAT_FUNCTION(5,6) API_DEPRECATED("Use -init instead", macos(10.3,10.10));
      | ^
/Users/josh/x/gitx/Classes/Controllers/PBRefController.m:373:9: warning: 'beginSheetModalForWindow:modalDelegate:didEndSelector:contextInfo:' is deprecated: first deprecated in macOS 10.10 - Use -beginSheetModalForWindow:completionHandler: instead [-Wdeprecated-declarations]
  373 |         [alert beginSheetModalForWindow:[historyController.repository.windowController window]
      |                ^
In file included from /Users/josh/x/gitx/Classes/Controllers/PBRefController.m:1:
In file included from /Users/josh/x/gitx/GitX_Prefix.pch:4:
In file included from /Applications/Xcode.app/Contents/Developer/Platforms/MacOSX.platform/Developer/SDKs/MacOSX15.5.sdk/System/Library/Frameworks/Cocoa.framework/Headers/Cocoa.h:13:
In file included from /Applications/Xcode.app/Contents/Developer/Platforms/MacOSX.platform/Developer/SDKs/MacOSX15.5.sdk/System/Library/Frameworks/AppKit.framework/Headers/AppKit.h:17:
/Applications/Xcode.app/Contents/Developer/Platforms/MacOSX.platform/Developer/SDKs/MacOSX15.5.sdk/System/Library/Frameworks/AppKit.framework/Headers/NSAlert.h:186:1: note: 'beginSheetModalForWindow:modalDelegate:didEndSelector:contextInfo:' has been explicitly marked deprecated here
  186 | - (void)beginSheetModalForWindow:(NSWindow *)window modalDelegate:(nullable id)delegate didEndSelector:(nullable SEL)didEndSelector contextInfo:(nullable void *)contextInfo API_DEPRECATED("Use -beginSheetModalForWindow:completionHandler: instead", macos(10.3,10.10));
      | ^
/Users/josh/x/gitx/Classes/Controllers/PBRefController.m:385:20: warning: 'NSAlertDefaultReturn' is deprecated: first deprecated in macOS 10.10 - Use NSAlertFirstButtonReturn with an NSAlert presentation instead [-Wdeprecated-declarations]
  385 |         if (returnCode == NSAlertDefaultReturn)
      |                           ^
In file included from /Users/josh/x/gitx/Classes/Controllers/PBRefController.m:1:
In file included from /Users/josh/x/gitx/GitX_Prefix.pch:4:
In file included from /Applications/Xcode.app/Contents/Developer/Platforms/MacOSX.platform/Developer/SDKs/MacOSX15.5.sdk/System/Library/Frameworks/Cocoa.framework/Headers/Cocoa.h:13:
In file included from /Applications/Xcode.app/Contents/Developer/Platforms/MacOSX.platform/Developer/SDKs/MacOSX15.5.sdk/System/Library/Frameworks/AppKit.framework/Headers/AppKit.h:44:
In file included from /Applications/Xcode.app/Contents/Developer/Platforms/MacOSX.platform/Developer/SDKs/MacOSX15.5.sdk/System/Library/Frameworks/AppKit.framework/Headers/NSFontPanel.h:8:
/Applications/Xcode.app/Contents/Developer/Platforms/MacOSX.platform/Developer/SDKs/MacOSX15.5.sdk/System/Library/Frameworks/AppKit.framework/Headers/NSPanel.h:45:5: note: 'NSAlertDefaultReturn' has been explicitly marked deprecated here
   45 |     NSAlertDefaultReturn API_DEPRECATED("Use NSAlertFirstButtonReturn with an NSAlert presentation instead", macos(10.0,10.10)) = 1,
      |     ^
10 warnings generated.

CompileC /Users/josh/Library/Developer/Xcode/DerivedData/GitX-cggrrpkbzogvjfcxoxftnovmywdq/Build/Intermediates.noindex/GitX.build/Debug/GitX.build/Objects-normal/arm64/PBQLTextView.o /Users/josh/x/gitx/Classes/Views/PBQLTextView.m normal arm64 objective-c com.apple.compilers.llvm.clang.1_0.compiler (in target 'GitX' from project 'GitX')
    cd /Users/josh/x/gitx
    
    Using response file: /Users/josh/Library/Developer/Xcode/DerivedData/GitX-cggrrpkbzogvjfcxoxftnovmywdq/Build/Intermediates.noindex/GitX.build/Debug/GitX.build/Objects-normal/arm64/e6072d4f65d7061329687fe24e3d63a7-common-args.resp
    
    /Applications/Xcode.app/Contents/Developer/Toolchains/XcodeDefault.xctoolchain/usr/bin/clang -x objective-c -ivfsstatcache /Users/josh/Library/Developer/Xcode/DerivedData/SDKStatCaches.noindex/macosx15.5-24F74-8254517eb8b97d462ccbc072ba9094c9.sdkstatcache -fmessage-length\=0 -fdiagnostics-show-note-include-stack -fmacro-backtrace-limit\=0 -fno-color-diagnostics -Wno-trigraphs -Wno-missing-field-initializers -Wno-missing-prototypes -Wno-implicit-atomic-properties -Wno-objc-interface-ivars -Wno-arc-repeated-use-of-weak -Wno-missing-braces -Wparentheses -Wswitch -Wno-unused-function -Wno-unused-label -Wno-unused-parameter -Wunused-variable -Wunused-value -Wno-empty-body -Wno-uninitialized -Wno-unknown-pragmas -Wno-shadow -Wno-four-char-constants -Wno-conversion -Wno-constant-conversion -Wno-int-conversion -Wno-bool-conversion -Wno-enum-conversion -Wno-float-conversion -Wno-non-literal-null-conversion -Wno-objc-literal-conversion -Wshorten-64-to-32 -Wpointer-sign -Wno-newline-eof -Wno-selector -Wno-strict-selector-match -Wno-undeclared-selector -Wno-deprecated-implementations -Wno-implicit-fallthrough -fstrict-aliasing -Wprotocol -Wdeprecated-declarations -Wno-sign-conversion -Wno-infinite-recursion -Wno-comma -Wno-block-capture-autoreleasing -Wno-strict-prototypes -Wno-semicolon-before-method-body -index-store-path /Users/josh/Library/Developer/Xcode/DerivedData/GitX-cggrrpkbzogvjfcxoxftnovmywdq/Index.noindex/DataStore -Werror\=incompatible-pointer-types @/Users/josh/Library/Developer/Xcode/DerivedData/GitX-cggrrpkbzogvjfcxoxftnovmywdq/Build/Intermediates.noindex/GitX.build/Debug/GitX.build/Objects-normal/arm64/e6072d4f65d7061329687fe24e3d63a7-common-args.resp -include /Users/josh/Library/Developer/Xcode/DerivedData/GitX-cggrrpkbzogvjfcxoxftnovmywdq/Build/Intermediates.noindex/PrecompiledHeaders/SharedPrecompiledHeaders/13206212429846841114/GitX_Prefix.pch -MMD -MT dependencies -MF /Users/josh/Library/Developer/Xcode/DerivedData/GitX-cggrrpkbzogvjfcxoxftnovmywdq/Build/Intermediates.noindex/GitX.build/Debug/GitX.build/Objects-normal/arm64/PBQLTextView.d --serialize-diagnostics /Users/josh/Library/Developer/Xcode/DerivedData/GitX-cggrrpkbzogvjfcxoxftnovmywdq/Build/Intermediates.noindex/GitX.build/Debug/GitX.build/Objects-normal/arm64/PBQLTextView.dia -c /Users/josh/x/gitx/Classes/Views/PBQLTextView.m -o /Users/josh/Library/Developer/Xcode/DerivedData/GitX-cggrrpkbzogvjfcxoxftnovmywdq/Build/Intermediates.noindex/GitX.build/Debug/GitX.build/Objects-normal/arm64/PBQLTextView.o -index-unit-output-path /GitX.build/Debug/GitX.build/Objects-normal/arm64/PBQLTextView.o

CompileC /Users/josh/Library/Developer/Xcode/DerivedData/GitX-cggrrpkbzogvjfcxoxftnovmywdq/Build/Intermediates.noindex/GitX.build/Debug/GitX.build/Objects-normal/arm64/PBQLOutlineView.o /Users/josh/x/gitx/Classes/Views/PBQLOutlineView.m normal arm64 objective-c com.apple.compilers.llvm.clang.1_0.compiler (in target 'GitX' from project 'GitX')
    cd /Users/josh/x/gitx
    
    Using response file: /Users/josh/Library/Developer/Xcode/DerivedData/GitX-cggrrpkbzogvjfcxoxftnovmywdq/Build/Intermediates.noindex/GitX.build/Debug/GitX.build/Objects-normal/arm64/e6072d4f65d7061329687fe24e3d63a7-common-args.resp
    
    /Applications/Xcode.app/Contents/Developer/Toolchains/XcodeDefault.xctoolchain/usr/bin/clang -x objective-c -ivfsstatcache /Users/josh/Library/Developer/Xcode/DerivedData/SDKStatCaches.noindex/macosx15.5-24F74-8254517eb8b97d462ccbc072ba9094c9.sdkstatcache -fmessage-length\=0 -fdiagnostics-show-note-include-stack -fmacro-backtrace-limit\=0 -fno-color-diagnostics -Wno-trigraphs -Wno-missing-field-initializers -Wno-missing-prototypes -Wno-implicit-atomic-properties -Wno-objc-interface-ivars -Wno-arc-repeated-use-of-weak -Wno-missing-braces -Wparentheses -Wswitch -Wno-unused-function -Wno-unused-label -Wno-unused-parameter -Wunused-variable -Wunused-value -Wno-empty-body -Wno-uninitialized -Wno-unknown-pragmas -Wno-shadow -Wno-four-char-constants -Wno-conversion -Wno-constant-conversion -Wno-int-conversion -Wno-bool-conversion -Wno-enum-conversion -Wno-float-conversion -Wno-non-literal-null-conversion -Wno-objc-literal-conversion -Wshorten-64-to-32 -Wpointer-sign -Wno-newline-eof -Wno-selector -Wno-strict-selector-match -Wno-undeclared-selector -Wno-deprecated-implementations -Wno-implicit-fallthrough -fstrict-aliasing -Wprotocol -Wdeprecated-declarations -Wno-sign-conversion -Wno-infinite-recursion -Wno-comma -Wno-block-capture-autoreleasing -Wno-strict-prototypes -Wno-semicolon-before-method-body -index-store-path /Users/josh/Library/Developer/Xcode/DerivedData/GitX-cggrrpkbzogvjfcxoxftnovmywdq/Index.noindex/DataStore -Werror\=incompatible-pointer-types @/Users/josh/Library/Developer/Xcode/DerivedData/GitX-cggrrpkbzogvjfcxoxftnovmywdq/Build/Intermediates.noindex/GitX.build/Debug/GitX.build/Objects-normal/arm64/e6072d4f65d7061329687fe24e3d63a7-common-args.resp -include /Users/josh/Library/Developer/Xcode/DerivedData/GitX-cggrrpkbzogvjfcxoxftnovmywdq/Build/Intermediates.noindex/PrecompiledHeaders/SharedPrecompiledHeaders/13206212429846841114/GitX_Prefix.pch -MMD -MT dependencies -MF /Users/josh/Library/Developer/Xcode/DerivedData/GitX-cggrrpkbzogvjfcxoxftnovmywdq/Build/Intermediates.noindex/GitX.build/Debug/GitX.build/Objects-normal/arm64/PBQLOutlineView.d --serialize-diagnostics /Users/josh/Library/Developer/Xcode/DerivedData/GitX-cggrrpkbzogvjfcxoxftnovmywdq/Build/Intermediates.noindex/GitX.build/Debug/GitX.build/Objects-normal/arm64/PBQLOutlineView.dia -c /Users/josh/x/gitx/Classes/Views/PBQLOutlineView.m -o /Users/josh/Library/Developer/Xcode/DerivedData/GitX-cggrrpkbzogvjfcxoxftnovmywdq/Build/Intermediates.noindex/GitX.build/Debug/GitX.build/Objects-normal/arm64/PBQLOutlineView.o -index-unit-output-path /GitX.build/Debug/GitX.build/Objects-normal/arm64/PBQLOutlineView.o
/Users/josh/x/gitx/Classes/Views/PBQLOutlineView.m:63:25: warning: 'NSRightMouseDown' is deprecated: first deprecated in macOS 10.12 [-Wdeprecated-declarations]
   63 |         if ([theEvent type] == NSRightMouseDown)
      |                                ^~~~~~~~~~~~~~~~
      |                                NSEventTypeRightMouseDown
In file included from /Users/josh/x/gitx/Classes/Views/PBQLOutlineView.m:1:
In file included from /Users/josh/x/gitx/GitX_Prefix.pch:4:
In file included from /Applications/Xcode.app/Contents/Developer/Platforms/MacOSX.platform/Developer/SDKs/MacOSX15.5.sdk/System/Library/Frameworks/Cocoa.framework/Headers/Cocoa.h:13:
In file included from /Applications/Xcode.app/Contents/Developer/Platforms/MacOSX.platform/Developer/SDKs/MacOSX15.5.sdk/System/Library/Frameworks/AppKit.framework/Headers/AppKit.h:15:
In file included from /Applications/Xcode.app/Contents/Developer/Platforms/MacOSX.platform/Developer/SDKs/MacOSX15.5.sdk/System/Library/Frameworks/AppKit.framework/Headers/NSAccessibilityColor.h:9:
In file included from /Applications/Xcode.app/Contents/Developer/Platforms/MacOSX.platform/Developer/SDKs/MacOSX15.5.sdk/System/Library/Frameworks/AppKit.framework/Headers/NSColor.h:46:
In file included from /Applications/Xcode.app/Contents/Developer/Platforms/MacOSX.platform/Developer/SDKs/MacOSX15.5.sdk/System/Library/Frameworks/AppKit.framework/Headers/NSApplication.h:10:
In file included from /Applications/Xcode.app/Contents/Developer/Platforms/MacOSX.platform/Developer/SDKs/MacOSX15.5.sdk/System/Library/Frameworks/AppKit.framework/Headers/NSResponder.h:10:
/Applications/Xcode.app/Contents/Developer/Platforms/MacOSX.platform/Developer/SDKs/MacOSX15.5.sdk/System/Library/Frameworks/AppKit.framework/Headers/NSEvent.h:67:26: note: 'NSRightMouseDown' has been explicitly marked deprecated here
   67 | static const NSEventType NSRightMouseDown       API_DEPRECATED_WITH_REPLACEMENT("NSEventTypeRightMouseDown", macos(10.0,10.12)) = NSEventTypeRightMouseDown;
      |                          ^
1 warning generated.

CompileC /Users/josh/Library/Developer/Xcode/DerivedData/GitX-cggrrpkbzogvjfcxoxftnovmywdq/Build/Intermediates.noindex/GitX.build/Debug/GitX.build/Objects-normal/arm64/PBPrefsWindowController.o /Users/josh/x/gitx/Classes/Controllers/PBPrefsWindowController.m normal arm64 objective-c com.apple.compilers.llvm.clang.1_0.compiler (in target 'GitX' from project 'GitX')
    cd /Users/josh/x/gitx
    
    Using response file: /Users/josh/Library/Developer/Xcode/DerivedData/GitX-cggrrpkbzogvjfcxoxftnovmywdq/Build/Intermediates.noindex/GitX.build/Debug/GitX.build/Objects-normal/arm64/e6072d4f65d7061329687fe24e3d63a7-common-args.resp
    
    /Applications/Xcode.app/Contents/Developer/Toolchains/XcodeDefault.xctoolchain/usr/bin/clang -x objective-c -ivfsstatcache /Users/josh/Library/Developer/Xcode/DerivedData/SDKStatCaches.noindex/macosx15.5-24F74-8254517eb8b97d462ccbc072ba9094c9.sdkstatcache -fmessage-length\=0 -fdiagnostics-show-note-include-stack -fmacro-backtrace-limit\=0 -fno-color-diagnostics -Wno-trigraphs -Wno-missing-field-initializers -Wno-missing-prototypes -Wno-implicit-atomic-properties -Wno-objc-interface-ivars -Wno-arc-repeated-use-of-weak -Wno-missing-braces -Wparentheses -Wswitch -Wno-unused-function -Wno-unused-label -Wno-unused-parameter -Wunused-variable -Wunused-value -Wno-empty-body -Wno-uninitialized -Wno-unknown-pragmas -Wno-shadow -Wno-four-char-constants -Wno-conversion -Wno-constant-conversion -Wno-int-conversion -Wno-bool-conversion -Wno-enum-conversion -Wno-float-conversion -Wno-non-literal-null-conversion -Wno-objc-literal-conversion -Wshorten-64-to-32 -Wpointer-sign -Wno-newline-eof -Wno-selector -Wno-strict-selector-match -Wno-undeclared-selector -Wno-deprecated-implementations -Wno-implicit-fallthrough -fstrict-aliasing -Wprotocol -Wdeprecated-declarations -Wno-sign-conversion -Wno-infinite-recursion -Wno-comma -Wno-block-capture-autoreleasing -Wno-strict-prototypes -Wno-semicolon-before-method-body -index-store-path /Users/josh/Library/Developer/Xcode/DerivedData/GitX-cggrrpkbzogvjfcxoxftnovmywdq/Index.noindex/DataStore -Werror\=incompatible-pointer-types @/Users/josh/Library/Developer/Xcode/DerivedData/GitX-cggrrpkbzogvjfcxoxftnovmywdq/Build/Intermediates.noindex/GitX.build/Debug/GitX.build/Objects-normal/arm64/e6072d4f65d7061329687fe24e3d63a7-common-args.resp -include /Users/josh/Library/Developer/Xcode/DerivedData/GitX-cggrrpkbzogvjfcxoxftnovmywdq/Build/Intermediates.noindex/PrecompiledHeaders/SharedPrecompiledHeaders/13206212429846841114/GitX_Prefix.pch -MMD -MT dependencies -MF /Users/josh/Library/Developer/Xcode/DerivedData/GitX-cggrrpkbzogvjfcxoxftnovmywdq/Build/Intermediates.noindex/GitX.build/Debug/GitX.build/Objects-normal/arm64/PBPrefsWindowController.d --serialize-diagnostics /Users/josh/Library/Developer/Xcode/DerivedData/GitX-cggrrpkbzogvjfcxoxftnovmywdq/Build/Intermediates.noindex/GitX.build/Debug/GitX.build/Objects-normal/arm64/PBPrefsWindowController.dia -c /Users/josh/x/gitx/Classes/Controllers/PBPrefsWindowController.m -o /Users/josh/Library/Developer/Xcode/DerivedData/GitX-cggrrpkbzogvjfcxoxftnovmywdq/Build/Intermediates.noindex/GitX.build/Debug/GitX.build/Objects-normal/arm64/PBPrefsWindowController.o -index-unit-output-path /GitX.build/Debug/GitX.build/Objects-normal/arm64/PBPrefsWindowController.o

CompileC /Users/josh/Library/Developer/Xcode/DerivedData/GitX-cggrrpkbzogvjfcxoxftnovmywdq/Build/Intermediates.noindex/GitX.build/Debug/GitX.build/Objects-normal/arm64/PBNiceSplitView.o /Users/josh/x/gitx/Classes/Views/PBNiceSplitView.m normal arm64 objective-c com.apple.compilers.llvm.clang.1_0.compiler (in target 'GitX' from project 'GitX')
    cd /Users/josh/x/gitx
    
    Using response file: /Users/josh/Library/Developer/Xcode/DerivedData/GitX-cggrrpkbzogvjfcxoxftnovmywdq/Build/Intermediates.noindex/GitX.build/Debug/GitX.build/Objects-normal/arm64/e6072d4f65d7061329687fe24e3d63a7-common-args.resp
    
    /Applications/Xcode.app/Contents/Developer/Toolchains/XcodeDefault.xctoolchain/usr/bin/clang -x objective-c -ivfsstatcache /Users/josh/Library/Developer/Xcode/DerivedData/SDKStatCaches.noindex/macosx15.5-24F74-8254517eb8b97d462ccbc072ba9094c9.sdkstatcache -fmessage-length\=0 -fdiagnostics-show-note-include-stack -fmacro-backtrace-limit\=0 -fno-color-diagnostics -Wno-trigraphs -Wno-missing-field-initializers -Wno-missing-prototypes -Wno-implicit-atomic-properties -Wno-objc-interface-ivars -Wno-arc-repeated-use-of-weak -Wno-missing-braces -Wparentheses -Wswitch -Wno-unused-function -Wno-unused-label -Wno-unused-parameter -Wunused-variable -Wunused-value -Wno-empty-body -Wno-uninitialized -Wno-unknown-pragmas -Wno-shadow -Wno-four-char-constants -Wno-conversion -Wno-constant-conversion -Wno-int-conversion -Wno-bool-conversion -Wno-enum-conversion -Wno-float-conversion -Wno-non-literal-null-conversion -Wno-objc-literal-conversion -Wshorten-64-to-32 -Wpointer-sign -Wno-newline-eof -Wno-selector -Wno-strict-selector-match -Wno-undeclared-selector -Wno-deprecated-implementations -Wno-implicit-fallthrough -fstrict-aliasing -Wprotocol -Wdeprecated-declarations -Wno-sign-conversion -Wno-infinite-recursion -Wno-comma -Wno-block-capture-autoreleasing -Wno-strict-prototypes -Wno-semicolon-before-method-body -index-store-path /Users/josh/Library/Developer/Xcode/DerivedData/GitX-cggrrpkbzogvjfcxoxftnovmywdq/Index.noindex/DataStore -Werror\=incompatible-pointer-types @/Users/josh/Library/Developer/Xcode/DerivedData/GitX-cggrrpkbzogvjfcxoxftnovmywdq/Build/Intermediates.noindex/GitX.build/Debug/GitX.build/Objects-normal/arm64/e6072d4f65d7061329687fe24e3d63a7-common-args.resp -include /Users/josh/Library/Developer/Xcode/DerivedData/GitX-cggrrpkbzogvjfcxoxftnovmywdq/Build/Intermediates.noindex/PrecompiledHeaders/SharedPrecompiledHeaders/13206212429846841114/GitX_Prefix.pch -MMD -MT dependencies -MF /Users/josh/Library/Developer/Xcode/DerivedData/GitX-cggrrpkbzogvjfcxoxftnovmywdq/Build/Intermediates.noindex/GitX.build/Debug/GitX.build/Objects-normal/arm64/PBNiceSplitView.d --serialize-diagnostics /Users/josh/Library/Developer/Xcode/DerivedData/GitX-cggrrpkbzogvjfcxoxftnovmywdq/Build/Intermediates.noindex/GitX.build/Debug/GitX.build/Objects-normal/arm64/PBNiceSplitView.dia -c /Users/josh/x/gitx/Classes/Views/PBNiceSplitView.m -o /Users/josh/Library/Developer/Xcode/DerivedData/GitX-cggrrpkbzogvjfcxoxftnovmywdq/Build/Intermediates.noindex/GitX.build/Debug/GitX.build/Objects-normal/arm64/PBNiceSplitView.o -index-unit-output-path /GitX.build/Debug/GitX.build/Objects-normal/arm64/PBNiceSplitView.o
/Users/josh/x/gitx/Classes/Views/PBNiceSplitView.m:20:7: warning: 'setFlipped:' is deprecated: first deprecated in macOS 10.6 - The concept of flippedness for NSImage is deprecated.  Please see the AppKit 10.6 release notes for a discussion of why and for how to replace existing usage. [-Wdeprecated-declarations]
   20 |         [bar setFlipped: YES];
      |              ^
In file included from /Users/josh/x/gitx/Classes/Views/PBNiceSplitView.m:1:
In file included from /Users/josh/x/gitx/GitX_Prefix.pch:4:
In file included from /Applications/Xcode.app/Contents/Developer/Platforms/MacOSX.platform/Developer/SDKs/MacOSX15.5.sdk/System/Library/Frameworks/Cocoa.framework/Headers/Cocoa.h:13:
In file included from /Applications/Xcode.app/Contents/Developer/Platforms/MacOSX.platform/Developer/SDKs/MacOSX15.5.sdk/System/Library/Frameworks/AppKit.framework/Headers/AppKit.h:92:
/Applications/Xcode.app/Contents/Developer/Platforms/MacOSX.platform/Developer/SDKs/MacOSX15.5.sdk/System/Library/Frameworks/AppKit.framework/Headers/NSImage.h:296:1: note: 'setFlipped:' has been explicitly marked deprecated here
  296 | - (void)setFlipped:(BOOL)flag API_DEPRECATED("The concept of flippedness for NSImage is deprecated.  Please see the AppKit 10.6 release notes for a discussion of why and for how to replace existing usage.", macos(10.0, 10.6));
      | ^
/Users/josh/x/gitx/Classes/Views/PBNiceSplitView.m:24:8: warning: 'setFlipped:' is deprecated: first deprecated in macOS 10.6 - The concept of flippedness for NSImage is deprecated.  Please see the AppKit 10.6 release notes for a discussion of why and for how to replace existing usage. [-Wdeprecated-declarations]
   24 |         [grip setFlipped: YES];
      |               ^
In file included from /Users/josh/x/gitx/Classes/Views/PBNiceSplitView.m:1:
In file included from /Users/josh/x/gitx/GitX_Prefix.pch:4:
In file included from /Applications/Xcode.app/Contents/Developer/Platforms/MacOSX.platform/Developer/SDKs/MacOSX15.5.sdk/System/Library/Frameworks/Cocoa.framework/Headers/Cocoa.h:13:
In file included from /Applications/Xcode.app/Contents/Developer/Platforms/MacOSX.platform/Developer/SDKs/MacOSX15.5.sdk/System/Library/Frameworks/AppKit.framework/Headers/AppKit.h:92:
/Applications/Xcode.app/Contents/Developer/Platforms/MacOSX.platform/Developer/SDKs/MacOSX15.5.sdk/System/Library/Frameworks/AppKit.framework/Headers/NSImage.h:296:1: note: 'setFlipped:' has been explicitly marked deprecated here
  296 | - (void)setFlipped:(BOOL)flag API_DEPRECATED("The concept of flippedness for NSImage is deprecated.  Please see the AppKit 10.6 release notes for a discussion of why and for how to replace existing usage.", macos(10.0, 10.6));
      | ^
2 warnings generated.

CompileC /Users/josh/Library/Developer/Xcode/DerivedData/GitX-cggrrpkbzogvjfcxoxftnovmywdq/Build/Intermediates.noindex/GitX.build/Debug/GitX.build/Objects-normal/arm64/PBNSURLPathUserDefaultsTransfomer.o /Users/josh/x/gitx/Classes/PBNSURLPathUserDefaultsTransfomer.m normal arm64 objective-c com.apple.compilers.llvm.clang.1_0.compiler (in target 'GitX' from project 'GitX')
    cd /Users/josh/x/gitx
    
    Using response file: /Users/josh/Library/Developer/Xcode/DerivedData/GitX-cggrrpkbzogvjfcxoxftnovmywdq/Build/Intermediates.noindex/GitX.build/Debug/GitX.build/Objects-normal/arm64/e6072d4f65d7061329687fe24e3d63a7-common-args.resp
    
    /Applications/Xcode.app/Contents/Developer/Toolchains/XcodeDefault.xctoolchain/usr/bin/clang -x objective-c -ivfsstatcache /Users/josh/Library/Developer/Xcode/DerivedData/SDKStatCaches.noindex/macosx15.5-24F74-8254517eb8b97d462ccbc072ba9094c9.sdkstatcache -fmessage-length\=0 -fdiagnostics-show-note-include-stack -fmacro-backtrace-limit\=0 -fno-color-diagnostics -Wno-trigraphs -Wno-missing-field-initializers -Wno-missing-prototypes -Wno-implicit-atomic-properties -Wno-objc-interface-ivars -Wno-arc-repeated-use-of-weak -Wno-missing-braces -Wparentheses -Wswitch -Wno-unused-function -Wno-unused-label -Wno-unused-parameter -Wunused-variable -Wunused-value -Wno-empty-body -Wno-uninitialized -Wno-unknown-pragmas -Wno-shadow -Wno-four-char-constants -Wno-conversion -Wno-constant-conversion -Wno-int-conversion -Wno-bool-conversion -Wno-enum-conversion -Wno-float-conversion -Wno-non-literal-null-conversion -Wno-objc-literal-conversion -Wshorten-64-to-32 -Wpointer-sign -Wno-newline-eof -Wno-selector -Wno-strict-selector-match -Wno-undeclared-selector -Wno-deprecated-implementations -Wno-implicit-fallthrough -fstrict-aliasing -Wprotocol -Wdeprecated-declarations -Wno-sign-conversion -Wno-infinite-recursion -Wno-comma -Wno-block-capture-autoreleasing -Wno-strict-prototypes -Wno-semicolon-before-method-body -index-store-path /Users/josh/Library/Developer/Xcode/DerivedData/GitX-cggrrpkbzogvjfcxoxftnovmywdq/Index.noindex/DataStore -Werror\=incompatible-pointer-types @/Users/josh/Library/Developer/Xcode/DerivedData/GitX-cggrrpkbzogvjfcxoxftnovmywdq/Build/Intermediates.noindex/GitX.build/Debug/GitX.build/Objects-normal/arm64/e6072d4f65d7061329687fe24e3d63a7-common-args.resp -include /Users/josh/Library/Developer/Xcode/DerivedData/GitX-cggrrpkbzogvjfcxoxftnovmywdq/Build/Intermediates.noindex/PrecompiledHeaders/SharedPrecompiledHeaders/13206212429846841114/GitX_Prefix.pch -MMD -MT dependencies -MF /Users/josh/Library/Developer/Xcode/DerivedData/GitX-cggrrpkbzogvjfcxoxftnovmywdq/Build/Intermediates.noindex/GitX.build/Debug/GitX.build/Objects-normal/arm64/PBNSURLPathUserDefaultsTransfomer.d --serialize-diagnostics /Users/josh/Library/Developer/Xcode/DerivedData/GitX-cggrrpkbzogvjfcxoxftnovmywdq/Build/Intermediates.noindex/GitX.build/Debug/GitX.build/Objects-normal/arm64/PBNSURLPathUserDefaultsTransfomer.dia -c /Users/josh/x/gitx/Classes/PBNSURLPathUserDefaultsTransfomer.m -o /Users/josh/Library/Developer/Xcode/DerivedData/GitX-cggrrpkbzogvjfcxoxftnovmywdq/Build/Intermediates.noindex/GitX.build/Debug/GitX.build/Objects-normal/arm64/PBNSURLPathUserDefaultsTransfomer.o -index-unit-output-path /GitX.build/Debug/GitX.build/Objects-normal/arm64/PBNSURLPathUserDefaultsTransfomer.o

CompileC /Users/josh/Library/Developer/Xcode/DerivedData/GitX-cggrrpkbzogvjfcxoxftnovmywdq/Build/Intermediates.noindex/GitX.build/Debug/GitX.build/Objects-normal/arm64/PBIconAndTextCell.o /Users/josh/x/gitx/Classes/Views/PBIconAndTextCell.m normal arm64 objective-c com.apple.compilers.llvm.clang.1_0.compiler (in target 'GitX' from project 'GitX')
    cd /Users/josh/x/gitx
    
    Using response file: /Users/josh/Library/Developer/Xcode/DerivedData/GitX-cggrrpkbzogvjfcxoxftnovmywdq/Build/Intermediates.noindex/GitX.build/Debug/GitX.build/Objects-normal/arm64/e6072d4f65d7061329687fe24e3d63a7-common-args.resp
    
    /Applications/Xcode.app/Contents/Developer/Toolchains/XcodeDefault.xctoolchain/usr/bin/clang -x objective-c -ivfsstatcache /Users/josh/Library/Developer/Xcode/DerivedData/SDKStatCaches.noindex/macosx15.5-24F74-8254517eb8b97d462ccbc072ba9094c9.sdkstatcache -fmessage-length\=0 -fdiagnostics-show-note-include-stack -fmacro-backtrace-limit\=0 -fno-color-diagnostics -Wno-trigraphs -Wno-missing-field-initializers -Wno-missing-prototypes -Wno-implicit-atomic-properties -Wno-objc-interface-ivars -Wno-arc-repeated-use-of-weak -Wno-missing-braces -Wparentheses -Wswitch -Wno-unused-function -Wno-unused-label -Wno-unused-parameter -Wunused-variable -Wunused-value -Wno-empty-body -Wno-uninitialized -Wno-unknown-pragmas -Wno-shadow -Wno-four-char-constants -Wno-conversion -Wno-constant-conversion -Wno-int-conversion -Wno-bool-conversion -Wno-enum-conversion -Wno-float-conversion -Wno-non-literal-null-conversion -Wno-objc-literal-conversion -Wshorten-64-to-32 -Wpointer-sign -Wno-newline-eof -Wno-selector -Wno-strict-selector-match -Wno-undeclared-selector -Wno-deprecated-implementations -Wno-implicit-fallthrough -fstrict-aliasing -Wprotocol -Wdeprecated-declarations -Wno-sign-conversion -Wno-infinite-recursion -Wno-comma -Wno-block-capture-autoreleasing -Wno-strict-prototypes -Wno-semicolon-before-method-body -index-store-path /Users/josh/Library/Developer/Xcode/DerivedData/GitX-cggrrpkbzogvjfcxoxftnovmywdq/Index.noindex/DataStore -Werror\=incompatible-pointer-types @/Users/josh/Library/Developer/Xcode/DerivedData/GitX-cggrrpkbzogvjfcxoxftnovmywdq/Build/Intermediates.noindex/GitX.build/Debug/GitX.build/Objects-normal/arm64/e6072d4f65d7061329687fe24e3d63a7-common-args.resp -include /Users/josh/Library/Developer/Xcode/DerivedData/GitX-cggrrpkbzogvjfcxoxftnovmywdq/Build/Intermediates.noindex/PrecompiledHeaders/SharedPrecompiledHeaders/13206212429846841114/GitX_Prefix.pch -MMD -MT dependencies -MF /Users/josh/Library/Developer/Xcode/DerivedData/GitX-cggrrpkbzogvjfcxoxftnovmywdq/Build/Intermediates.noindex/GitX.build/Debug/GitX.build/Objects-normal/arm64/PBIconAndTextCell.d --serialize-diagnostics /Users/josh/Library/Developer/Xcode/DerivedData/GitX-cggrrpkbzogvjfcxoxftnovmywdq/Build/Intermediates.noindex/GitX.build/Debug/GitX.build/Objects-normal/arm64/PBIconAndTextCell.dia -c /Users/josh/x/gitx/Classes/Views/PBIconAndTextCell.m -o /Users/josh/Library/Developer/Xcode/DerivedData/GitX-cggrrpkbzogvjfcxoxftnovmywdq/Build/Intermediates.noindex/GitX.build/Debug/GitX.build/Objects-normal/arm64/PBIconAndTextCell.o -index-unit-output-path /GitX.build/Debug/GitX.build/Objects-normal/arm64/PBIconAndTextCell.o
/Users/josh/x/gitx/Classes/Views/PBIconAndTextCell.m:82:1: warning: conflicting return type in implementation of 'hitTestForEvent:inRect:ofView:': 'NSCellHitResult' (aka 'enum NSCellHitResult') vs 'NSUInteger' (aka 'unsigned long') [-Wmismatched-return-types]
   82 | - (NSUInteger)hitTestForEvent:(NSEvent *)event inRect:(NSRect)cellFrame ofView:(NSView *)controlView
      | ^  ~~~~~~~~~~
In file included from /Users/josh/x/gitx/Classes/Views/PBIconAndTextCell.m:1:
In file included from /Users/josh/x/gitx/GitX_Prefix.pch:4:
In file included from /Applications/Xcode.app/Contents/Developer/Platforms/MacOSX.platform/Developer/SDKs/MacOSX15.5.sdk/System/Library/Frameworks/Cocoa.framework/Headers/Cocoa.h:13:
In file included from /Applications/Xcode.app/Contents/Developer/Platforms/MacOSX.platform/Developer/SDKs/MacOSX15.5.sdk/System/Library/Frameworks/AppKit.framework/Headers/AppKit.h:15:
In file included from /Applications/Xcode.app/Contents/Developer/Platforms/MacOSX.platform/Developer/SDKs/MacOSX15.5.sdk/System/Library/Frameworks/AppKit.framework/Headers/NSAccessibilityColor.h:9:
In file included from /Applications/Xcode.app/Contents/Developer/Platforms/MacOSX.platform/Developer/SDKs/MacOSX15.5.sdk/System/Library/Frameworks/AppKit.framework/Headers/NSColor.h:46:
In file included from /Applications/Xcode.app/Contents/Developer/Platforms/MacOSX.platform/Developer/SDKs/MacOSX15.5.sdk/System/Library/Frameworks/AppKit.framework/Headers/NSApplication.h:14:
In file included from /Applications/Xcode.app/Contents/Developer/Platforms/MacOSX.platform/Developer/SDKs/MacOSX15.5.sdk/System/Library/Frameworks/AppKit.framework/Headers/NSUserActivity.h:11:
In file included from /Applications/Xcode.app/Contents/Developer/Platforms/MacOSX.platform/Developer/SDKs/MacOSX15.5.sdk/System/Library/Frameworks/AppKit.framework/Headers/NSDocument.h:14:
In file included from /Applications/Xcode.app/Contents/Developer/Platforms/MacOSX.platform/Developer/SDKs/MacOSX15.5.sdk/System/Library/Frameworks/AppKit.framework/Headers/NSMenu.h:12:
In file included from /Applications/Xcode.app/Contents/Developer/Platforms/MacOSX.platform/Developer/SDKs/MacOSX15.5.sdk/System/Library/Frameworks/AppKit.framework/Headers/NSMenuItem.h:14:
/Applications/Xcode.app/Contents/Developer/Platforms/MacOSX.platform/Developer/SDKs/MacOSX15.5.sdk/System/Library/Frameworks/AppKit.framework/Headers/NSCell.h:273:1: note: previous definition is here
  273 | - (NSCellHitResult)hitTestForEvent:(NSEvent *)event inRect:(NSRect)cellFrame ofView:(NSView *)controlView API_AVAILABLE(macos(10.5));
      | ^  ~~~~~~~~~~~~~~~
1 warning generated.

CompileC /Users/josh/Library/Developer/Xcode/DerivedData/GitX-cggrrpkbzogvjfcxoxftnovmywdq/Build/Intermediates.noindex/GitX.build/Debug/GitX.build/Objects-normal/arm64/PBHistorySearchController.o /Users/josh/x/gitx/Classes/Controllers/PBHistorySearchController.m normal arm64 objective-c com.apple.compilers.llvm.clang.1_0.compiler (in target 'GitX' from project 'GitX')
    cd /Users/josh/x/gitx
    
    Using response file: /Users/josh/Library/Developer/Xcode/DerivedData/GitX-cggrrpkbzogvjfcxoxftnovmywdq/Build/Intermediates.noindex/GitX.build/Debug/GitX.build/Objects-normal/arm64/e6072d4f65d7061329687fe24e3d63a7-common-args.resp
    
    /Applications/Xcode.app/Contents/Developer/Toolchains/XcodeDefault.xctoolchain/usr/bin/clang -x objective-c -ivfsstatcache /Users/josh/Library/Developer/Xcode/DerivedData/SDKStatCaches.noindex/macosx15.5-24F74-8254517eb8b97d462ccbc072ba9094c9.sdkstatcache -fmessage-length\=0 -fdiagnostics-show-note-include-stack -fmacro-backtrace-limit\=0 -fno-color-diagnostics -Wno-trigraphs -Wno-missing-field-initializers -Wno-missing-prototypes -Wno-implicit-atomic-properties -Wno-objc-interface-ivars -Wno-arc-repeated-use-of-weak -Wno-missing-braces -Wparentheses -Wswitch -Wno-unused-function -Wno-unused-label -Wno-unused-parameter -Wunused-variable -Wunused-value -Wno-empty-body -Wno-uninitialized -Wno-unknown-pragmas -Wno-shadow -Wno-four-char-constants -Wno-conversion -Wno-constant-conversion -Wno-int-conversion -Wno-bool-conversion -Wno-enum-conversion -Wno-float-conversion -Wno-non-literal-null-conversion -Wno-objc-literal-conversion -Wshorten-64-to-32 -Wpointer-sign -Wno-newline-eof -Wno-selector -Wno-strict-selector-match -Wno-undeclared-selector -Wno-deprecated-implementations -Wno-implicit-fallthrough -fstrict-aliasing -Wprotocol -Wdeprecated-declarations -Wno-sign-conversion -Wno-infinite-recursion -Wno-comma -Wno-block-capture-autoreleasing -Wno-strict-prototypes -Wno-semicolon-before-method-body -index-store-path /Users/josh/Library/Developer/Xcode/DerivedData/GitX-cggrrpkbzogvjfcxoxftnovmywdq/Index.noindex/DataStore -Werror\=incompatible-pointer-types @/Users/josh/Library/Developer/Xcode/DerivedData/GitX-cggrrpkbzogvjfcxoxftnovmywdq/Build/Intermediates.noindex/GitX.build/Debug/GitX.build/Objects-normal/arm64/e6072d4f65d7061329687fe24e3d63a7-common-args.resp -include /Users/josh/Library/Developer/Xcode/DerivedData/GitX-cggrrpkbzogvjfcxoxftnovmywdq/Build/Intermediates.noindex/PrecompiledHeaders/SharedPrecompiledHeaders/13206212429846841114/GitX_Prefix.pch -MMD -MT dependencies -MF /Users/josh/Library/Developer/Xcode/DerivedData/GitX-cggrrpkbzogvjfcxoxftnovmywdq/Build/Intermediates.noindex/GitX.build/Debug/GitX.build/Objects-normal/arm64/PBHistorySearchController.d --serialize-diagnostics /Users/josh/Library/Developer/Xcode/DerivedData/GitX-cggrrpkbzogvjfcxoxftnovmywdq/Build/Intermediates.noindex/GitX.build/Debug/GitX.build/Objects-normal/arm64/PBHistorySearchController.dia -c /Users/josh/x/gitx/Classes/Controllers/PBHistorySearchController.m -o /Users/josh/Library/Developer/Xcode/DerivedData/GitX-cggrrpkbzogvjfcxoxftnovmywdq/Build/Intermediates.noindex/GitX.build/Debug/GitX.build/Objects-normal/arm64/PBHistorySearchController.o -index-unit-output-path /GitX.build/Debug/GitX.build/Objects-normal/arm64/PBHistorySearchController.o
/Users/josh/x/gitx/Classes/Controllers/PBHistorySearchController.m:73:20: warning: implicit conversion loses integer precision: 'NSInteger' (aka 'long') to 'PBHistorySearchMode' (aka 'enum historySearchModes') [-Wshorten-64-to-32]
   73 |         self.searchMode = [(NSView*)sender tag];
      |                         ~ ^~~~~~~~~~~~~~~~~~~~~
/Users/josh/x/gitx/Classes/Controllers/PBHistorySearchController.m:118:21: warning: implicit conversion loses integer precision: 'NSInteger' (aka 'long') to 'PBHistorySearchMode' (aka 'enum historySearchModes') [-Wshorten-64-to-32]
  118 |                 self.searchMode = mode;
      |                                 ~ ^~~~
/Users/josh/x/gitx/Classes/Controllers/PBHistorySearchController.m:128:20: warning: implicit conversion loses integer precision: 'NSInteger' (aka 'long') to 'PBHistorySearchMode' (aka 'enum historySearchModes') [-Wshorten-64-to-32]
  128 |         self.searchMode = [PBGitDefaults historySearchMode];
      |                         ~ ^~~~~~~~~~~~~~~~~~~~~~~~~~~~~~~~~
/Users/josh/x/gitx/Classes/Controllers/PBHistorySearchController.m:426:37: warning: 'taskForCommand:withArgs:inDir:' is deprecated [-Wdeprecated-declarations]
  426 |         backgroundSearchTask = [PBEasyPipe taskForCommand:[PBGitBinary path] withArgs:searchArguments inDir:[[historyController.repository fileURL] path]];
      |                                            ^
In file included from /Users/josh/x/gitx/Classes/Controllers/PBHistorySearchController.m:16:
/Users/josh/x/gitx/Classes/Util/PBEasyPipe.h:15:92: note: 'taskForCommand:withArgs:inDir:' has been explicitly marked deprecated here
   15 | + (NSTask *) taskForCommand:(NSString *)cmd withArgs:(NSArray *)args inDir:(NSString *)dir GITX_DEPRECATED;
      |                                                                                            ^
In file included from /Users/josh/x/gitx/Classes/Controllers/PBHistorySearchController.m:1:
/Users/josh/x/gitx/GitX_Prefix.pch:11:41: note: expanded from macro 'GITX_DEPRECATED'
   11 | #define GITX_DEPRECATED __attribute__ ((deprecated))
      |                                         ^
/Users/josh/x/gitx/Classes/Controllers/PBHistorySearchController.m:482:50: warning: 'convertRectToBase:' is deprecated: first deprecated in macOS 10.7 [-Wdeprecated-declarations]
  482 |         NSRect historyFrame = [[historyController view] convertRectToBase:[[historyController view] frame]];
      |                                                         ^
In file included from /Users/josh/x/gitx/Classes/Controllers/PBHistorySearchController.m:1:
In file included from /Users/josh/x/gitx/GitX_Prefix.pch:4:
In file included from /Applications/Xcode.app/Contents/Developer/Platforms/MacOSX.platform/Developer/SDKs/MacOSX15.5.sdk/System/Library/Frameworks/Cocoa.framework/Headers/Cocoa.h:13:
In file included from /Applications/Xcode.app/Contents/Developer/Platforms/MacOSX.platform/Developer/SDKs/MacOSX15.5.sdk/System/Library/Frameworks/AppKit.framework/Headers/AppKit.h:15:
In file included from /Applications/Xcode.app/Contents/Developer/Platforms/MacOSX.platform/Developer/SDKs/MacOSX15.5.sdk/System/Library/Frameworks/AppKit.framework/Headers/NSAccessibilityColor.h:9:
In file included from /Applications/Xcode.app/Contents/Developer/Platforms/MacOSX.platform/Developer/SDKs/MacOSX15.5.sdk/System/Library/Frameworks/AppKit.framework/Headers/NSColor.h:46:
In file included from /Applications/Xcode.app/Contents/Developer/Platforms/MacOSX.platform/Developer/SDKs/MacOSX15.5.sdk/System/Library/Frameworks/AppKit.framework/Headers/NSApplication.h:14:
In file included from /Applications/Xcode.app/Contents/Developer/Platforms/MacOSX.platform/Developer/SDKs/MacOSX15.5.sdk/System/Library/Frameworks/AppKit.framework/Headers/NSUserActivity.h:11:
In file included from /Applications/Xcode.app/Contents/Developer/Platforms/MacOSX.platform/Developer/SDKs/MacOSX15.5.sdk/System/Library/Frameworks/AppKit.framework/Headers/NSDocument.h:14:
In file included from /Applications/Xcode.app/Contents/Developer/Platforms/MacOSX.platform/Developer/SDKs/MacOSX15.5.sdk/System/Library/Frameworks/AppKit.framework/Headers/NSMenu.h:12:
In file included from /Applications/Xcode.app/Contents/Developer/Platforms/MacOSX.platform/Developer/SDKs/MacOSX15.5.sdk/System/Library/Frameworks/AppKit.framework/Headers/NSMenuItem.h:13:
/Applications/Xcode.app/Contents/Developer/Platforms/MacOSX.platform/Developer/SDKs/MacOSX15.5.sdk/System/Library/Frameworks/AppKit.framework/Headers/NSView.h:618:1: note: 'convertRectToBase:' has been explicitly marked deprecated here
  618 | - (NSRect)convertRectToBase:(NSRect)rect API_DEPRECATED("", macos(10.5,10.7));
      | ^
/Users/josh/x/gitx/Classes/Controllers/PBHistorySearchController.m:496:9: warning: 'useOptimizedDrawing:' is deprecated: first deprecated in macOS 10.10 - This method does not do anything and should not be called. [-Wdeprecated-declarations]
  496 |         [panel useOptimizedDrawing:YES];
      |                ^
In file included from /Users/josh/x/gitx/Classes/Controllers/PBHistorySearchController.m:1:
In file included from /Users/josh/x/gitx/GitX_Prefix.pch:4:
In file included from /Applications/Xcode.app/Contents/Developer/Platforms/MacOSX.platform/Developer/SDKs/MacOSX15.5.sdk/System/Library/Frameworks/Cocoa.framework/Headers/Cocoa.h:13:
In file included from /Applications/Xcode.app/Contents/Developer/Platforms/MacOSX.platform/Developer/SDKs/MacOSX15.5.sdk/System/Library/Frameworks/AppKit.framework/Headers/AppKit.h:44:
In file included from /Applications/Xcode.app/Contents/Developer/Platforms/MacOSX.platform/Developer/SDKs/MacOSX15.5.sdk/System/Library/Frameworks/AppKit.framework/Headers/NSFontPanel.h:8:
In file included from /Applications/Xcode.app/Contents/Developer/Platforms/MacOSX.platform/Developer/SDKs/MacOSX15.5.sdk/System/Library/Frameworks/AppKit.framework/Headers/NSPanel.h:8:
/Applications/Xcode.app/Contents/Developer/Platforms/MacOSX.platform/Developer/SDKs/MacOSX15.5.sdk/System/Library/Frameworks/AppKit.framework/Headers/NSWindow.h:1005:1: note: 'useOptimizedDrawing:' has been explicitly marked deprecated here
 1005 | - (void)useOptimizedDrawing:(BOOL)flag API_DEPRECATED("This method does not do anything and should not be called.", macos(10.0,10.10));
      | ^
/Users/josh/x/gitx/Classes/Controllers/PBHistorySearchController.m:508:15: warning: 'setFlipped:' is deprecated: first deprecated in macOS 10.6 - The concept of flippedness for NSImage is deprecated.  Please see the AppKit 10.6 release notes for a discussion of why and for how to replace existing usage. [-Wdeprecated-declarations]
  508 |         [rewindImage setFlipped:isReversed];
      |                      ^
In file included from /Users/josh/x/gitx/Classes/Controllers/PBHistorySearchController.m:1:
In file included from /Users/josh/x/gitx/GitX_Prefix.pch:4:
In file included from /Applications/Xcode.app/Contents/Developer/Platforms/MacOSX.platform/Developer/SDKs/MacOSX15.5.sdk/System/Library/Frameworks/Cocoa.framework/Headers/Cocoa.h:13:
In file included from /Applications/Xcode.app/Contents/Developer/Platforms/MacOSX.platform/Developer/SDKs/MacOSX15.5.sdk/System/Library/Frameworks/AppKit.framework/Headers/AppKit.h:92:
/Applications/Xcode.app/Contents/Developer/Platforms/MacOSX.platform/Developer/SDKs/MacOSX15.5.sdk/System/Library/Frameworks/AppKit.framework/Headers/NSImage.h:296:1: note: 'setFlipped:' has been explicitly marked deprecated here
  296 | - (void)setFlipped:(BOOL)flag API_DEPRECATED("The concept of flippedness for NSImage is deprecated.  Please see the AppKit 10.6 release notes for a discussion of why and for how to replace existing usage.", macos(10.0, 10.6));
      | ^
7 warnings generated.

CompileC /Users/josh/Library/Developer/Xcode/DerivedData/GitX-cggrrpkbzogvjfcxoxftnovmywdq/Build/Intermediates.noindex/GitX.build/Debug/GitX.build/Objects-normal/arm64/PBGraphCellInfo.o /Users/josh/x/gitx/Classes/PBGraphCellInfo.m normal arm64 objective-c com.apple.compilers.llvm.clang.1_0.compiler (in target 'GitX' from project 'GitX')
    cd /Users/josh/x/gitx
    
    Using response file: /Users/josh/Library/Developer/Xcode/DerivedData/GitX-cggrrpkbzogvjfcxoxftnovmywdq/Build/Intermediates.noindex/GitX.build/Debug/GitX.build/Objects-normal/arm64/e6072d4f65d7061329687fe24e3d63a7-common-args.resp
    
    /Applications/Xcode.app/Contents/Developer/Toolchains/XcodeDefault.xctoolchain/usr/bin/clang -x objective-c -ivfsstatcache /Users/josh/Library/Developer/Xcode/DerivedData/SDKStatCaches.noindex/macosx15.5-24F74-8254517eb8b97d462ccbc072ba9094c9.sdkstatcache -fmessage-length\=0 -fdiagnostics-show-note-include-stack -fmacro-backtrace-limit\=0 -fno-color-diagnostics -Wno-trigraphs -Wno-missing-field-initializers -Wno-missing-prototypes -Wno-implicit-atomic-properties -Wno-objc-interface-ivars -Wno-arc-repeated-use-of-weak -Wno-missing-braces -Wparentheses -Wswitch -Wno-unused-function -Wno-unused-label -Wno-unused-parameter -Wunused-variable -Wunused-value -Wno-empty-body -Wno-uninitialized -Wno-unknown-pragmas -Wno-shadow -Wno-four-char-constants -Wno-conversion -Wno-constant-conversion -Wno-int-conversion -Wno-bool-conversion -Wno-enum-conversion -Wno-float-conversion -Wno-non-literal-null-conversion -Wno-objc-literal-conversion -Wshorten-64-to-32 -Wpointer-sign -Wno-newline-eof -Wno-selector -Wno-strict-selector-match -Wno-undeclared-selector -Wno-deprecated-implementations -Wno-implicit-fallthrough -fstrict-aliasing -Wprotocol -Wdeprecated-declarations -Wno-sign-conversion -Wno-infinite-recursion -Wno-comma -Wno-block-capture-autoreleasing -Wno-strict-prototypes -Wno-semicolon-before-method-body -index-store-path /Users/josh/Library/Developer/Xcode/DerivedData/GitX-cggrrpkbzogvjfcxoxftnovmywdq/Index.noindex/DataStore -Werror\=incompatible-pointer-types @/Users/josh/Library/Developer/Xcode/DerivedData/GitX-cggrrpkbzogvjfcxoxftnovmywdq/Build/Intermediates.noindex/GitX.build/Debug/GitX.build/Objects-normal/arm64/e6072d4f65d7061329687fe24e3d63a7-common-args.resp -include /Users/josh/Library/Developer/Xcode/DerivedData/GitX-cggrrpkbzogvjfcxoxftnovmywdq/Build/Intermediates.noindex/PrecompiledHeaders/SharedPrecompiledHeaders/13206212429846841114/GitX_Prefix.pch -MMD -MT dependencies -MF /Users/josh/Library/Developer/Xcode/DerivedData/GitX-cggrrpkbzogvjfcxoxftnovmywdq/Build/Intermediates.noindex/GitX.build/Debug/GitX.build/Objects-normal/arm64/PBGraphCellInfo.d --serialize-diagnostics /Users/josh/Library/Developer/Xcode/DerivedData/GitX-cggrrpkbzogvjfcxoxftnovmywdq/Build/Intermediates.noindex/GitX.build/Debug/GitX.build/Objects-normal/arm64/PBGraphCellInfo.dia -c /Users/josh/x/gitx/Classes/PBGraphCellInfo.m -o /Users/josh/Library/Developer/Xcode/DerivedData/GitX-cggrrpkbzogvjfcxoxftnovmywdq/Build/Intermediates.noindex/GitX.build/Debug/GitX.build/Objects-normal/arm64/PBGraphCellInfo.o -index-unit-output-path /GitX.build/Debug/GitX.build/Objects-normal/arm64/PBGraphCellInfo.o

CompileC /Users/josh/Library/Developer/Xcode/DerivedData/GitX-cggrrpkbzogvjfcxoxftnovmywdq/Build/Intermediates.noindex/GitX.build/Debug/GitX.build/Objects-normal/arm64/PBGitXProtocol.o /Users/josh/x/gitx/Classes/git/PBGitXProtocol.m normal arm64 objective-c com.apple.compilers.llvm.clang.1_0.compiler (in target 'GitX' from project 'GitX')
    cd /Users/josh/x/gitx
    
    Using response file: /Users/josh/Library/Developer/Xcode/DerivedData/GitX-cggrrpkbzogvjfcxoxftnovmywdq/Build/Intermediates.noindex/GitX.build/Debug/GitX.build/Objects-normal/arm64/e6072d4f65d7061329687fe24e3d63a7-common-args.resp
    
    /Applications/Xcode.app/Contents/Developer/Toolchains/XcodeDefault.xctoolchain/usr/bin/clang -x objective-c -ivfsstatcache /Users/josh/Library/Developer/Xcode/DerivedData/SDKStatCaches.noindex/macosx15.5-24F74-8254517eb8b97d462ccbc072ba9094c9.sdkstatcache -fmessage-length\=0 -fdiagnostics-show-note-include-stack -fmacro-backtrace-limit\=0 -fno-color-diagnostics -Wno-trigraphs -Wno-missing-field-initializers -Wno-missing-prototypes -Wno-implicit-atomic-properties -Wno-objc-interface-ivars -Wno-arc-repeated-use-of-weak -Wno-missing-braces -Wparentheses -Wswitch -Wno-unused-function -Wno-unused-label -Wno-unused-parameter -Wunused-variable -Wunused-value -Wno-empty-body -Wno-uninitialized -Wno-unknown-pragmas -Wno-shadow -Wno-four-char-constants -Wno-conversion -Wno-constant-conversion -Wno-int-conversion -Wno-bool-conversion -Wno-enum-conversion -Wno-float-conversion -Wno-non-literal-null-conversion -Wno-objc-literal-conversion -Wshorten-64-to-32 -Wpointer-sign -Wno-newline-eof -Wno-selector -Wno-strict-selector-match -Wno-undeclared-selector -Wno-deprecated-implementations -Wno-implicit-fallthrough -fstrict-aliasing -Wprotocol -Wdeprecated-declarations -Wno-sign-conversion -Wno-infinite-recursion -Wno-comma -Wno-block-capture-autoreleasing -Wno-strict-prototypes -Wno-semicolon-before-method-body -index-store-path /Users/josh/Library/Developer/Xcode/DerivedData/GitX-cggrrpkbzogvjfcxoxftnovmywdq/Index.noindex/DataStore -Werror\=incompatible-pointer-types @/Users/josh/Library/Developer/Xcode/DerivedData/GitX-cggrrpkbzogvjfcxoxftnovmywdq/Build/Intermediates.noindex/GitX.build/Debug/GitX.build/Objects-normal/arm64/e6072d4f65d7061329687fe24e3d63a7-common-args.resp -include /Users/josh/Library/Developer/Xcode/DerivedData/GitX-cggrrpkbzogvjfcxoxftnovmywdq/Build/Intermediates.noindex/PrecompiledHeaders/SharedPrecompiledHeaders/13206212429846841114/GitX_Prefix.pch -MMD -MT dependencies -MF /Users/josh/Library/Developer/Xcode/DerivedData/GitX-cggrrpkbzogvjfcxoxftnovmywdq/Build/Intermediates.noindex/GitX.build/Debug/GitX.build/Objects-normal/arm64/PBGitXProtocol.d --serialize-diagnostics /Users/josh/Library/Developer/Xcode/DerivedData/GitX-cggrrpkbzogvjfcxoxftnovmywdq/Build/Intermediates.noindex/GitX.build/Debug/GitX.build/Objects-normal/arm64/PBGitXProtocol.dia -c /Users/josh/x/gitx/Classes/git/PBGitXProtocol.m -o /Users/josh/Library/Developer/Xcode/DerivedData/GitX-cggrrpkbzogvjfcxoxftnovmywdq/Build/Intermediates.noindex/GitX.build/Debug/GitX.build/Objects-normal/arm64/PBGitXProtocol.o -index-unit-output-path /GitX.build/Debug/GitX.build/Objects-normal/arm64/PBGitXProtocol.o
/Users/josh/x/gitx/Classes/git/PBGitXProtocol.m:35:17: warning: 'handleInWorkDirForArguments:' is deprecated [-Wdeprecated-declarations]
   35 |         handle = [repo handleInWorkDirForArguments:[NSArray arrayWithObjects:@"cat-file", @"blob", specifier, nil]];
      |                        ^
In file included from /Users/josh/x/gitx/Classes/git/PBGitXProtocol.m:10:
/Users/josh/x/gitx/Classes/git/PBGitRepository.h:84:64: note: 'handleInWorkDirForArguments:' has been explicitly marked deprecated here
   84 | - (NSFileHandle *) handleInWorkDirForArguments:(NSArray *)args GITX_DEPRECATED;
      |                                                                ^
In file included from /Users/josh/x/gitx/Classes/git/PBGitXProtocol.m:1:
/Users/josh/x/gitx/GitX_Prefix.pch:11:41: note: expanded from macro 'GITX_DEPRECATED'
   11 | #define GITX_DEPRECATED __attribute__ ((deprecated))
      |                                         ^
1 warning generated.

CompileC /Users/josh/Library/Developer/Xcode/DerivedData/GitX-cggrrpkbzogvjfcxoxftnovmywdq/Build/Intermediates.noindex/GitX.build/Debug/GitX.build/Objects-normal/arm64/PBGitXMessageSheet.o /Users/josh/x/gitx/Classes/Views/PBGitXMessageSheet.m normal arm64 objective-c com.apple.compilers.llvm.clang.1_0.compiler (in target 'GitX' from project 'GitX')
    cd /Users/josh/x/gitx
    
    Using response file: /Users/josh/Library/Developer/Xcode/DerivedData/GitX-cggrrpkbzogvjfcxoxftnovmywdq/Build/Intermediates.noindex/GitX.build/Debug/GitX.build/Objects-normal/arm64/e6072d4f65d7061329687fe24e3d63a7-common-args.resp
    
    /Applications/Xcode.app/Contents/Developer/Toolchains/XcodeDefault.xctoolchain/usr/bin/clang -x objective-c -ivfsstatcache /Users/josh/Library/Developer/Xcode/DerivedData/SDKStatCaches.noindex/macosx15.5-24F74-8254517eb8b97d462ccbc072ba9094c9.sdkstatcache -fmessage-length\=0 -fdiagnostics-show-note-include-stack -fmacro-backtrace-limit\=0 -fno-color-diagnostics -Wno-trigraphs -Wno-missing-field-initializers -Wno-missing-prototypes -Wno-implicit-atomic-properties -Wno-objc-interface-ivars -Wno-arc-repeated-use-of-weak -Wno-missing-braces -Wparentheses -Wswitch -Wno-unused-function -Wno-unused-label -Wno-unused-parameter -Wunused-variable -Wunused-value -Wno-empty-body -Wno-uninitialized -Wno-unknown-pragmas -Wno-shadow -Wno-four-char-constants -Wno-conversion -Wno-constant-conversion -Wno-int-conversion -Wno-bool-conversion -Wno-enum-conversion -Wno-float-conversion -Wno-non-literal-null-conversion -Wno-objc-literal-conversion -Wshorten-64-to-32 -Wpointer-sign -Wno-newline-eof -Wno-selector -Wno-strict-selector-match -Wno-undeclared-selector -Wno-deprecated-implementations -Wno-implicit-fallthrough -fstrict-aliasing -Wprotocol -Wdeprecated-declarations -Wno-sign-conversion -Wno-infinite-recursion -Wno-comma -Wno-block-capture-autoreleasing -Wno-strict-prototypes -Wno-semicolon-before-method-body -index-store-path /Users/josh/Library/Developer/Xcode/DerivedData/GitX-cggrrpkbzogvjfcxoxftnovmywdq/Index.noindex/DataStore -Werror\=incompatible-pointer-types @/Users/josh/Library/Developer/Xcode/DerivedData/GitX-cggrrpkbzogvjfcxoxftnovmywdq/Build/Intermediates.noindex/GitX.build/Debug/GitX.build/Objects-normal/arm64/e6072d4f65d7061329687fe24e3d63a7-common-args.resp -include /Users/josh/Library/Developer/Xcode/DerivedData/GitX-cggrrpkbzogvjfcxoxftnovmywdq/Build/Intermediates.noindex/PrecompiledHeaders/SharedPrecompiledHeaders/13206212429846841114/GitX_Prefix.pch -MMD -MT dependencies -MF /Users/josh/Library/Developer/Xcode/DerivedData/GitX-cggrrpkbzogvjfcxoxftnovmywdq/Build/Intermediates.noindex/GitX.build/Debug/GitX.build/Objects-normal/arm64/PBGitXMessageSheet.d --serialize-diagnostics /Users/josh/Library/Developer/Xcode/DerivedData/GitX-cggrrpkbzogvjfcxoxftnovmywdq/Build/Intermediates.noindex/GitX.build/Debug/GitX.build/Objects-normal/arm64/PBGitXMessageSheet.dia -c /Users/josh/x/gitx/Classes/Views/PBGitXMessageSheet.m -o /Users/josh/Library/Developer/Xcode/DerivedData/GitX-cggrrpkbzogvjfcxoxftnovmywdq/Build/Intermediates.noindex/GitX.build/Debug/GitX.build/Objects-normal/arm64/PBGitXMessageSheet.o -index-unit-output-path /GitX.build/Debug/GitX.build/Objects-normal/arm64/PBGitXMessageSheet.o

CompileC /Users/josh/Library/Developer/Xcode/DerivedData/GitX-cggrrpkbzogvjfcxoxftnovmywdq/Build/Intermediates.noindex/GitX.build/Debug/GitX.build/Objects-normal/arm64/PBGitXErrors.o /Users/josh/x/gitx/Classes/git/PBGitXErrors.m normal arm64 objective-c com.apple.compilers.llvm.clang.1_0.compiler (in target 'GitX' from project 'GitX')
    cd /Users/josh/x/gitx
    
    Using response file: /Users/josh/Library/Developer/Xcode/DerivedData/GitX-cggrrpkbzogvjfcxoxftnovmywdq/Build/Intermediates.noindex/GitX.build/Debug/GitX.build/Objects-normal/arm64/e6072d4f65d7061329687fe24e3d63a7-common-args.resp
    
    /Applications/Xcode.app/Contents/Developer/Toolchains/XcodeDefault.xctoolchain/usr/bin/clang -x objective-c -ivfsstatcache /Users/josh/Library/Developer/Xcode/DerivedData/SDKStatCaches.noindex/macosx15.5-24F74-8254517eb8b97d462ccbc072ba9094c9.sdkstatcache -fmessage-length\=0 -fdiagnostics-show-note-include-stack -fmacro-backtrace-limit\=0 -fno-color-diagnostics -Wno-trigraphs -Wno-missing-field-initializers -Wno-missing-prototypes -Wno-implicit-atomic-properties -Wno-objc-interface-ivars -Wno-arc-repeated-use-of-weak -Wno-missing-braces -Wparentheses -Wswitch -Wno-unused-function -Wno-unused-label -Wno-unused-parameter -Wunused-variable -Wunused-value -Wno-empty-body -Wno-uninitialized -Wno-unknown-pragmas -Wno-shadow -Wno-four-char-constants -Wno-conversion -Wno-constant-conversion -Wno-int-conversion -Wno-bool-conversion -Wno-enum-conversion -Wno-float-conversion -Wno-non-literal-null-conversion -Wno-objc-literal-conversion -Wshorten-64-to-32 -Wpointer-sign -Wno-newline-eof -Wno-selector -Wno-strict-selector-match -Wno-undeclared-selector -Wno-deprecated-implementations -Wno-implicit-fallthrough -fstrict-aliasing -Wprotocol -Wdeprecated-declarations -Wno-sign-conversion -Wno-infinite-recursion -Wno-comma -Wno-block-capture-autoreleasing -Wno-strict-prototypes -Wno-semicolon-before-method-body -index-store-path /Users/josh/Library/Developer/Xcode/DerivedData/GitX-cggrrpkbzogvjfcxoxftnovmywdq/Index.noindex/DataStore -Werror\=incompatible-pointer-types @/Users/josh/Library/Developer/Xcode/DerivedData/GitX-cggrrpkbzogvjfcxoxftnovmywdq/Build/Intermediates.noindex/GitX.build/Debug/GitX.build/Objects-normal/arm64/e6072d4f65d7061329687fe24e3d63a7-common-args.resp -include /Users/josh/Library/Developer/Xcode/DerivedData/GitX-cggrrpkbzogvjfcxoxftnovmywdq/Build/Intermediates.noindex/PrecompiledHeaders/SharedPrecompiledHeaders/13206212429846841114/GitX_Prefix.pch -MMD -MT dependencies -MF /Users/josh/Library/Developer/Xcode/DerivedData/GitX-cggrrpkbzogvjfcxoxftnovmywdq/Build/Intermediates.noindex/GitX.build/Debug/GitX.build/Objects-normal/arm64/PBGitXErrors.d --serialize-diagnostics /Users/josh/Library/Developer/Xcode/DerivedData/GitX-cggrrpkbzogvjfcxoxftnovmywdq/Build/Intermediates.noindex/GitX.build/Debug/GitX.build/Objects-normal/arm64/PBGitXErrors.dia -c /Users/josh/x/gitx/Classes/git/PBGitXErrors.m -o /Users/josh/Library/Developer/Xcode/DerivedData/GitX-cggrrpkbzogvjfcxoxftnovmywdq/Build/Intermediates.noindex/GitX.build/Debug/GitX.build/Objects-normal/arm64/PBGitXErrors.o -index-unit-output-path /GitX.build/Debug/GitX.build/Objects-normal/arm64/PBGitXErrors.o

CompileC /Users/josh/Library/Developer/Xcode/DerivedData/GitX-cggrrpkbzogvjfcxoxftnovmywdq/Build/Intermediates.noindex/GitX.build/Debug/GitX.build/Objects-normal/arm64/PBGitWindowController.o /Users/josh/x/gitx/Classes/Controllers/PBGitWindowController.m normal arm64 objective-c com.apple.compilers.llvm.clang.1_0.compiler (in target 'GitX' from project 'GitX')
    cd /Users/josh/x/gitx
    
    Using response file: /Users/josh/Library/Developer/Xcode/DerivedData/GitX-cggrrpkbzogvjfcxoxftnovmywdq/Build/Intermediates.noindex/GitX.build/Debug/GitX.build/Objects-normal/arm64/e6072d4f65d7061329687fe24e3d63a7-common-args.resp
    
    /Applications/Xcode.app/Contents/Developer/Toolchains/XcodeDefault.xctoolchain/usr/bin/clang -x objective-c -ivfsstatcache /Users/josh/Library/Developer/Xcode/DerivedData/SDKStatCaches.noindex/macosx15.5-24F74-8254517eb8b97d462ccbc072ba9094c9.sdkstatcache -fmessage-length\=0 -fdiagnostics-show-note-include-stack -fmacro-backtrace-limit\=0 -fno-color-diagnostics -Wno-trigraphs -Wno-missing-field-initializers -Wno-missing-prototypes -Wno-implicit-atomic-properties -Wno-objc-interface-ivars -Wno-arc-repeated-use-of-weak -Wno-missing-braces -Wparentheses -Wswitch -Wno-unused-function -Wno-unused-label -Wno-unused-parameter -Wunused-variable -Wunused-value -Wno-empty-body -Wno-uninitialized -Wno-unknown-pragmas -Wno-shadow -Wno-four-char-constants -Wno-conversion -Wno-constant-conversion -Wno-int-conversion -Wno-bool-conversion -Wno-enum-conversion -Wno-float-conversion -Wno-non-literal-null-conversion -Wno-objc-literal-conversion -Wshorten-64-to-32 -Wpointer-sign -Wno-newline-eof -Wno-selector -Wno-strict-selector-match -Wno-undeclared-selector -Wno-deprecated-implementations -Wno-implicit-fallthrough -fstrict-aliasing -Wprotocol -Wdeprecated-declarations -Wno-sign-conversion -Wno-infinite-recursion -Wno-comma -Wno-block-capture-autoreleasing -Wno-strict-prototypes -Wno-semicolon-before-method-body -index-store-path /Users/josh/Library/Developer/Xcode/DerivedData/GitX-cggrrpkbzogvjfcxoxftnovmywdq/Index.noindex/DataStore -Werror\=incompatible-pointer-types @/Users/josh/Library/Developer/Xcode/DerivedData/GitX-cggrrpkbzogvjfcxoxftnovmywdq/Build/Intermediates.noindex/GitX.build/Debug/GitX.build/Objects-normal/arm64/e6072d4f65d7061329687fe24e3d63a7-common-args.resp -include /Users/josh/Library/Developer/Xcode/DerivedData/GitX-cggrrpkbzogvjfcxoxftnovmywdq/Build/Intermediates.noindex/PrecompiledHeaders/SharedPrecompiledHeaders/13206212429846841114/GitX_Prefix.pch -MMD -MT dependencies -MF /Users/josh/Library/Developer/Xcode/DerivedData/GitX-cggrrpkbzogvjfcxoxftnovmywdq/Build/Intermediates.noindex/GitX.build/Debug/GitX.build/Objects-normal/arm64/PBGitWindowController.d --serialize-diagnostics /Users/josh/Library/Developer/Xcode/DerivedData/GitX-cggrrpkbzogvjfcxoxftnovmywdq/Build/Intermediates.noindex/GitX.build/Debug/GitX.build/Objects-normal/arm64/PBGitWindowController.dia -c /Users/josh/x/gitx/Classes/Controllers/PBGitWindowController.m -o /Users/josh/Library/Developer/Xcode/DerivedData/GitX-cggrrpkbzogvjfcxoxftnovmywdq/Build/Intermediates.noindex/GitX.build/Debug/GitX.build/Objects-normal/arm64/PBGitWindowController.o -index-unit-output-path /GitX.build/Debug/GitX.build/Objects-normal/arm64/PBGitWindowController.o
/Users/josh/x/gitx/Classes/Controllers/PBGitWindowController.m:237:10: warning: 'beginSheet:modalForWindow:modalDelegate:didEndSelector:contextInfo:' is deprecated: first deprecated in macOS 10.10 - Use -[NSWindow beginSheet:completionHandler:] instead [-Wdeprecated-declarations]
  237 |                 [NSApp beginSheet:[sheet window]
      |                        ^
In file included from /Users/josh/x/gitx/Classes/Controllers/PBGitWindowController.m:1:
In file included from /Users/josh/x/gitx/GitX_Prefix.pch:4:
In file included from /Applications/Xcode.app/Contents/Developer/Platforms/MacOSX.platform/Developer/SDKs/MacOSX15.5.sdk/System/Library/Frameworks/Cocoa.framework/Headers/Cocoa.h:13:
In file included from /Applications/Xcode.app/Contents/Developer/Platforms/MacOSX.platform/Developer/SDKs/MacOSX15.5.sdk/System/Library/Frameworks/AppKit.framework/Headers/AppKit.h:15:
In file included from /Applications/Xcode.app/Contents/Developer/Platforms/MacOSX.platform/Developer/SDKs/MacOSX15.5.sdk/System/Library/Frameworks/AppKit.framework/Headers/NSAccessibilityColor.h:9:
In file included from /Applications/Xcode.app/Contents/Developer/Platforms/MacOSX.platform/Developer/SDKs/MacOSX15.5.sdk/System/Library/Frameworks/AppKit.framework/Headers/NSColor.h:46:
/Applications/Xcode.app/Contents/Developer/Platforms/MacOSX.platform/Developer/SDKs/MacOSX15.5.sdk/System/Library/Frameworks/AppKit.framework/Headers/NSApplication.h:700:1: note: 'beginSheet:modalForWindow:modalDelegate:didEndSelector:contextInfo:' has been explicitly marked deprecated here
  700 | - (void)beginSheet:(NSWindow *)sheet modalForWindow:(NSWindow *)docWindow modalDelegate:(nullable id)modalDelegate didEndSelector:(nullable SEL)didEndSelector contextInfo:(null_unspecified void *)contextInfo API_DEPRECATED("Use -[NSWindow beginSheet:completionHandler:] instead", macos(10.0,10.10));
      | ^
1 warning generated.

CompileC /Users/josh/Library/Developer/Xcode/DerivedData/GitX-cggrrpkbzogvjfcxoxftnovmywdq/Build/Intermediates.noindex/GitX.build/Debug/GitX.build/Objects-normal/arm64/PBGitTree.o /Users/josh/x/gitx/Classes/git/PBGitTree.m normal arm64 objective-c com.apple.compilers.llvm.clang.1_0.compiler (in target 'GitX' from project 'GitX')
    cd /Users/josh/x/gitx
    
    Using response file: /Users/josh/Library/Developer/Xcode/DerivedData/GitX-cggrrpkbzogvjfcxoxftnovmywdq/Build/Intermediates.noindex/GitX.build/Debug/GitX.build/Objects-normal/arm64/e6072d4f65d7061329687fe24e3d63a7-common-args.resp
    
    /Applications/Xcode.app/Contents/Developer/Toolchains/XcodeDefault.xctoolchain/usr/bin/clang -x objective-c -ivfsstatcache /Users/josh/Library/Developer/Xcode/DerivedData/SDKStatCaches.noindex/macosx15.5-24F74-8254517eb8b97d462ccbc072ba9094c9.sdkstatcache -fmessage-length\=0 -fdiagnostics-show-note-include-stack -fmacro-backtrace-limit\=0 -fno-color-diagnostics -Wno-trigraphs -Wno-missing-field-initializers -Wno-missing-prototypes -Wno-implicit-atomic-properties -Wno-objc-interface-ivars -Wno-arc-repeated-use-of-weak -Wno-missing-braces -Wparentheses -Wswitch -Wno-unused-function -Wno-unused-label -Wno-unused-parameter -Wunused-variable -Wunused-value -Wno-empty-body -Wno-uninitialized -Wno-unknown-pragmas -Wno-shadow -Wno-four-char-constants -Wno-conversion -Wno-constant-conversion -Wno-int-conversion -Wno-bool-conversion -Wno-enum-conversion -Wno-float-conversion -Wno-non-literal-null-conversion -Wno-objc-literal-conversion -Wshorten-64-to-32 -Wpointer-sign -Wno-newline-eof -Wno-selector -Wno-strict-selector-match -Wno-undeclared-selector -Wno-deprecated-implementations -Wno-implicit-fallthrough -fstrict-aliasing -Wprotocol -Wdeprecated-declarations -Wno-sign-conversion -Wno-infinite-recursion -Wno-comma -Wno-block-capture-autoreleasing -Wno-strict-prototypes -Wno-semicolon-before-method-body -index-store-path /Users/josh/Library/Developer/Xcode/DerivedData/GitX-cggrrpkbzogvjfcxoxftnovmywdq/Index.noindex/DataStore -Werror\=incompatible-pointer-types @/Users/josh/Library/Developer/Xcode/DerivedData/GitX-cggrrpkbzogvjfcxoxftnovmywdq/Build/Intermediates.noindex/GitX.build/Debug/GitX.build/Objects-normal/arm64/e6072d4f65d7061329687fe24e3d63a7-common-args.resp -include /Users/josh/Library/Developer/Xcode/DerivedData/GitX-cggrrpkbzogvjfcxoxftnovmywdq/Build/Intermediates.noindex/PrecompiledHeaders/SharedPrecompiledHeaders/13206212429846841114/GitX_Prefix.pch -MMD -MT dependencies -MF /Users/josh/Library/Developer/Xcode/DerivedData/GitX-cggrrpkbzogvjfcxoxftnovmywdq/Build/Intermediates.noindex/GitX.build/Debug/GitX.build/Objects-normal/arm64/PBGitTree.d --serialize-diagnostics /Users/josh/Library/Developer/Xcode/DerivedData/GitX-cggrrpkbzogvjfcxoxftnovmywdq/Build/Intermediates.noindex/GitX.build/Debug/GitX.build/Objects-normal/arm64/PBGitTree.dia -c /Users/josh/x/gitx/Classes/git/PBGitTree.m -o /Users/josh/Library/Developer/Xcode/DerivedData/GitX-cggrrpkbzogvjfcxoxftnovmywdq/Build/Intermediates.noindex/GitX.build/Debug/GitX.build/Objects-normal/arm64/PBGitTree.o -index-unit-output-path /GitX.build/Debug/GitX.build/Objects-normal/arm64/PBGitTree.o
/Users/josh/x/gitx/Classes/git/PBGitTree.m:81:38: warning: 'handleInWorkDirForArguments:' is deprecated [-Wdeprecated-declarations]
   81 |                 NSFileHandle *handle = [repository handleInWorkDirForArguments:
      |                                                    ^
In file included from /Users/josh/x/gitx/Classes/git/PBGitTree.m:9:
/Users/josh/x/gitx/Classes/git/PBGitRepository.h:84:64: note: 'handleInWorkDirForArguments:' has been explicitly marked deprecated here
   84 | - (NSFileHandle *) handleInWorkDirForArguments:(NSArray *)args GITX_DEPRECATED;
      |                                                                ^
In file included from /Users/josh/x/gitx/Classes/git/PBGitTree.m:1:
/Users/josh/x/gitx/GitX_Prefix.pch:11:41: note: expanded from macro 'GITX_DEPRECATED'
   11 | #define GITX_DEPRECATED __attribute__ ((deprecated))
      |                                         ^
/Users/josh/x/gitx/Classes/git/PBGitTree.m:127:21: warning: 'outputForArguments:' is deprecated [-Wdeprecated-declarations]
  127 |         return [repository outputForArguments:[NSArray arrayWithObjects:@"show", [self refSpec], nil]];
      |                            ^
In file included from /Users/josh/x/gitx/Classes/git/PBGitTree.m:9:
/Users/josh/x/gitx/Classes/git/PBGitRepository.h:91:50: note: 'outputForArguments:' has been explicitly marked deprecated here
   91 | - (NSString*) outputForArguments:(NSArray*) args GITX_DEPRECATED;
      |                                                  ^
In file included from /Users/josh/x/gitx/Classes/git/PBGitTree.m:1:
/Users/josh/x/gitx/GitX_Prefix.pch:11:41: note: expanded from macro 'GITX_DEPRECATED'
   11 | #define GITX_DEPRECATED __attribute__ ((deprecated))
      |                                         ^
/Users/josh/x/gitx/Classes/git/PBGitTree.m:141:33: warning: 'outputInWorkdirForArguments:' is deprecated [-Wdeprecated-declarations]
  141 |         NSString *contents=[repository outputInWorkdirForArguments:[NSArray arrayWithObjects:@"blame", @"-p",  sha, @"--", [self fullPath], nil]];
      |                                        ^
In file included from /Users/josh/x/gitx/Classes/git/PBGitTree.m:9:
/Users/josh/x/gitx/Classes/git/PBGitRepository.h:93:64: note: 'outputInWorkdirForArguments:' has been explicitly marked deprecated here
   93 | - (NSString *)outputInWorkdirForArguments:(NSArray*) arguments GITX_DEPRECATED;
      |                                                                ^
In file included from /Users/josh/x/gitx/Classes/git/PBGitTree.m:1:
/Users/josh/x/gitx/GitX_Prefix.pch:11:41: note: expanded from macro 'GITX_DEPRECATED'
   11 | #define GITX_DEPRECATED __attribute__ ((deprecated))
      |                                         ^
/Users/josh/x/gitx/Classes/git/PBGitTree.m:161:33: warning: 'outputInWorkdirForArguments:' is deprecated [-Wdeprecated-declarations]
  161 |         NSString *contents=[repository outputInWorkdirForArguments:[NSArray arrayWithObjects:@"log", [NSString stringWithFormat:@"--pretty=format:%@",format], @"--", [self fullPath], nil]];
      |                                        ^
In file included from /Users/josh/x/gitx/Classes/git/PBGitTree.m:9:
/Users/josh/x/gitx/Classes/git/PBGitRepository.h:93:64: note: 'outputInWorkdirForArguments:' has been explicitly marked deprecated here
   93 | - (NSString *)outputInWorkdirForArguments:(NSArray*) arguments GITX_DEPRECATED;
      |                                                                ^
In file included from /Users/josh/x/gitx/Classes/git/PBGitTree.m:1:
/Users/josh/x/gitx/GitX_Prefix.pch:11:41: note: expanded from macro 'GITX_DEPRECATED'
   11 | #define GITX_DEPRECATED __attribute__ ((deprecated))
      |                                         ^
/Users/josh/x/gitx/Classes/git/PBGitTree.m:175:37: warning: 'handleForArguments:' is deprecated [-Wdeprecated-declarations]
  175 |         NSFileHandle *handle = [repository handleForArguments:[NSArray arrayWithObjects:@"cat-file", @"-s", [self refSpec], nil]];
      |                                            ^
In file included from /Users/josh/x/gitx/Classes/git/PBGitTree.m:9:
/Users/josh/x/gitx/Classes/git/PBGitRepository.h:83:54: note: 'handleForArguments:' has been explicitly marked deprecated here
   83 | - (NSFileHandle*) handleForArguments:(NSArray*) args GITX_DEPRECATED;
      |                                                      ^
In file included from /Users/josh/x/gitx/Classes/git/PBGitTree.m:1:
/Users/josh/x/gitx/GitX_Prefix.pch:11:41: note: expanded from macro 'GITX_DEPRECATED'
   11 | #define GITX_DEPRECATED __attribute__ ((deprecated))
      |                                         ^
/Users/josh/x/gitx/Classes/git/PBGitTree.m:210:38: warning: 'handleForArguments:' is deprecated [-Wdeprecated-declarations]
  210 |                 NSFileHandle* handle = [repository handleForArguments:[NSArray arrayWithObjects:@"show", [self refSpec], nil]];
      |                                                    ^
In file included from /Users/josh/x/gitx/Classes/git/PBGitTree.m:9:
/Users/josh/x/gitx/Classes/git/PBGitRepository.h:83:54: note: 'handleForArguments:' has been explicitly marked deprecated here
   83 | - (NSFileHandle*) handleForArguments:(NSArray*) args GITX_DEPRECATED;
      |                                                      ^
In file included from /Users/josh/x/gitx/Classes/git/PBGitTree.m:1:
/Users/josh/x/gitx/GitX_Prefix.pch:11:41: note: expanded from macro 'GITX_DEPRECATED'
   11 | #define GITX_DEPRECATED __attribute__ ((deprecated))
      |                                         ^
/Users/josh/x/gitx/Classes/git/PBGitTree.m:252:37: warning: 'handleForArguments:' is deprecated [-Wdeprecated-declarations]
  252 |         NSFileHandle* handle = [repository handleForArguments:[NSArray arrayWithObjects:@"show", [self refSpec], nil]];
      |                                            ^
In file included from /Users/josh/x/gitx/Classes/git/PBGitTree.m:9:
/Users/josh/x/gitx/Classes/git/PBGitRepository.h:83:54: note: 'handleForArguments:' has been explicitly marked deprecated here
   83 | - (NSFileHandle*) handleForArguments:(NSArray*) args GITX_DEPRECATED;
      |                                                      ^
In file included from /Users/josh/x/gitx/Classes/git/PBGitTree.m:1:
/Users/josh/x/gitx/GitX_Prefix.pch:11:41: note: expanded from macro 'GITX_DEPRECATED'
   11 | #define GITX_DEPRECATED __attribute__ ((deprecated))
      |                                         ^
/Users/josh/x/gitx/Classes/git/PBGitTree.m:269:37: warning: 'handleForArguments:' is deprecated [-Wdeprecated-declarations]
  269 |         NSFileHandle* handle = [repository handleForArguments:[NSArray arrayWithObjects:@"show", ref, nil]];
      |                                            ^
In file included from /Users/josh/x/gitx/Classes/git/PBGitTree.m:9:
/Users/josh/x/gitx/Classes/git/PBGitRepository.h:83:54: note: 'handleForArguments:' has been explicitly marked deprecated here
   83 | - (NSFileHandle*) handleForArguments:(NSArray*) args GITX_DEPRECATED;
      |                                                      ^
In file included from /Users/josh/x/gitx/Classes/git/PBGitTree.m:1:
/Users/josh/x/gitx/GitX_Prefix.pch:11:41: note: expanded from macro 'GITX_DEPRECATED'
   11 | #define GITX_DEPRECATED __attribute__ ((deprecated))
      |                                         ^
8 warnings generated.

CompileC /Users/josh/Library/Developer/Xcode/DerivedData/GitX-cggrrpkbzogvjfcxoxftnovmywdq/Build/Intermediates.noindex/GitX.build/Debug/GitX.build/Objects-normal/arm64/PBGitSidebarController.o /Users/josh/x/gitx/Classes/Controllers/PBGitSidebarController.m normal arm64 objective-c com.apple.compilers.llvm.clang.1_0.compiler (in target 'GitX' from project 'GitX')
    cd /Users/josh/x/gitx
    
    Using response file: /Users/josh/Library/Developer/Xcode/DerivedData/GitX-cggrrpkbzogvjfcxoxftnovmywdq/Build/Intermediates.noindex/GitX.build/Debug/GitX.build/Objects-normal/arm64/e6072d4f65d7061329687fe24e3d63a7-common-args.resp
    
    /Applications/Xcode.app/Contents/Developer/Toolchains/XcodeDefault.xctoolchain/usr/bin/clang -x objective-c -ivfsstatcache /Users/josh/Library/Developer/Xcode/DerivedData/SDKStatCaches.noindex/macosx15.5-24F74-8254517eb8b97d462ccbc072ba9094c9.sdkstatcache -fmessage-length\=0 -fdiagnostics-show-note-include-stack -fmacro-backtrace-limit\=0 -fno-color-diagnostics -Wno-trigraphs -Wno-missing-field-initializers -Wno-missing-prototypes -Wno-implicit-atomic-properties -Wno-objc-interface-ivars -Wno-arc-repeated-use-of-weak -Wno-missing-braces -Wparentheses -Wswitch -Wno-unused-function -Wno-unused-label -Wno-unused-parameter -Wunused-variable -Wunused-value -Wno-empty-body -Wno-uninitialized -Wno-unknown-pragmas -Wno-shadow -Wno-four-char-constants -Wno-conversion -Wno-constant-conversion -Wno-int-conversion -Wno-bool-conversion -Wno-enum-conversion -Wno-float-conversion -Wno-non-literal-null-conversion -Wno-objc-literal-conversion -Wshorten-64-to-32 -Wpointer-sign -Wno-newline-eof -Wno-selector -Wno-strict-selector-match -Wno-undeclared-selector -Wno-deprecated-implementations -Wno-implicit-fallthrough -fstrict-aliasing -Wprotocol -Wdeprecated-declarations -Wno-sign-conversion -Wno-infinite-recursion -Wno-comma -Wno-block-capture-autoreleasing -Wno-strict-prototypes -Wno-semicolon-before-method-body -index-store-path /Users/josh/Library/Developer/Xcode/DerivedData/GitX-cggrrpkbzogvjfcxoxftnovmywdq/Index.noindex/DataStore -Werror\=incompatible-pointer-types @/Users/josh/Library/Developer/Xcode/DerivedData/GitX-cggrrpkbzogvjfcxoxftnovmywdq/Build/Intermediates.noindex/GitX.build/Debug/GitX.build/Objects-normal/arm64/e6072d4f65d7061329687fe24e3d63a7-common-args.resp -include /Users/josh/Library/Developer/Xcode/DerivedData/GitX-cggrrpkbzogvjfcxoxftnovmywdq/Build/Intermediates.noindex/PrecompiledHeaders/SharedPrecompiledHeaders/13206212429846841114/GitX_Prefix.pch -MMD -MT dependencies -MF /Users/josh/Library/Developer/Xcode/DerivedData/GitX-cggrrpkbzogvjfcxoxftnovmywdq/Build/Intermediates.noindex/GitX.build/Debug/GitX.build/Objects-normal/arm64/PBGitSidebarController.d --serialize-diagnostics /Users/josh/Library/Developer/Xcode/DerivedData/GitX-cggrrpkbzogvjfcxoxftnovmywdq/Build/Intermediates.noindex/GitX.build/Debug/GitX.build/Objects-normal/arm64/PBGitSidebarController.dia -c /Users/josh/x/gitx/Classes/Controllers/PBGitSidebarController.m -o /Users/josh/Library/Developer/Xcode/DerivedData/GitX-cggrrpkbzogvjfcxoxftnovmywdq/Build/Intermediates.noindex/GitX.build/Debug/GitX.build/Objects-normal/arm64/PBGitSidebarController.o -index-unit-output-path /GitX.build/Debug/GitX.build/Objects-normal/arm64/PBGitSidebarController.o
/Users/josh/x/gitx/Classes/Controllers/PBGitSidebarController.m:232:55: warning: 'showErrorSheet:' is deprecated [-Wdeprecated-declarations]
  232 |                                                                                                                                                          [self.repository.windowController showErrorSheet:error];
      |                                                                                                                                                                                            ^
In file included from /Users/josh/x/gitx/Classes/Controllers/PBGitSidebarController.m:9:
In file included from /Users/josh/x/gitx/Classes/Controllers/PBGitSidebarController.h:10:
In file included from /Users/josh/x/gitx/Classes/Controllers/PBViewController.h:11:
/Users/josh/x/gitx/Classes/Controllers/PBGitWindowController.h:40:41: note: 'showErrorSheet:' has been explicitly marked deprecated here
   40 | - (void)showErrorSheet:(NSError *)error GITX_DEPRECATED;
      |                                         ^
In file included from /Users/josh/x/gitx/Classes/Controllers/PBGitSidebarController.m:1:
/Users/josh/x/gitx/GitX_Prefix.pch:11:41: note: expanded from macro 'GITX_DEPRECATED'
   11 | #define GITX_DEPRECATED __attribute__ ((deprecated))
      |                                         ^
1 warning generated.

CompileC /Users/josh/Library/Developer/Xcode/DerivedData/GitX-cggrrpkbzogvjfcxoxftnovmywdq/Build/Intermediates.noindex/GitX.build/Debug/GitX.build/Objects-normal/arm64/PBGitSVTagItem.o /Users/josh/x/gitx/Classes/git/PBGitSVTagItem.m normal arm64 objective-c com.apple.compilers.llvm.clang.1_0.compiler (in target 'GitX' from project 'GitX')
    cd /Users/josh/x/gitx
    
    Using response file: /Users/josh/Library/Developer/Xcode/DerivedData/GitX-cggrrpkbzogvjfcxoxftnovmywdq/Build/Intermediates.noindex/GitX.build/Debug/GitX.build/Objects-normal/arm64/e6072d4f65d7061329687fe24e3d63a7-common-args.resp
    
    /Applications/Xcode.app/Contents/Developer/Toolchains/XcodeDefault.xctoolchain/usr/bin/clang -x objective-c -ivfsstatcache /Users/josh/Library/Developer/Xcode/DerivedData/SDKStatCaches.noindex/macosx15.5-24F74-8254517eb8b97d462ccbc072ba9094c9.sdkstatcache -fmessage-length\=0 -fdiagnostics-show-note-include-stack -fmacro-backtrace-limit\=0 -fno-color-diagnostics -Wno-trigraphs -Wno-missing-field-initializers -Wno-missing-prototypes -Wno-implicit-atomic-properties -Wno-objc-interface-ivars -Wno-arc-repeated-use-of-weak -Wno-missing-braces -Wparentheses -Wswitch -Wno-unused-function -Wno-unused-label -Wno-unused-parameter -Wunused-variable -Wunused-value -Wno-empty-body -Wno-uninitialized -Wno-unknown-pragmas -Wno-shadow -Wno-four-char-constants -Wno-conversion -Wno-constant-conversion -Wno-int-conversion -Wno-bool-conversion -Wno-enum-conversion -Wno-float-conversion -Wno-non-literal-null-conversion -Wno-objc-literal-conversion -Wshorten-64-to-32 -Wpointer-sign -Wno-newline-eof -Wno-selector -Wno-strict-selector-match -Wno-undeclared-selector -Wno-deprecated-implementations -Wno-implicit-fallthrough -fstrict-aliasing -Wprotocol -Wdeprecated-declarations -Wno-sign-conversion -Wno-infinite-recursion -Wno-comma -Wno-block-capture-autoreleasing -Wno-strict-prototypes -Wno-semicolon-before-method-body -index-store-path /Users/josh/Library/Developer/Xcode/DerivedData/GitX-cggrrpkbzogvjfcxoxftnovmywdq/Index.noindex/DataStore -Werror\=incompatible-pointer-types @/Users/josh/Library/Developer/Xcode/DerivedData/GitX-cggrrpkbzogvjfcxoxftnovmywdq/Build/Intermediates.noindex/GitX.build/Debug/GitX.build/Objects-normal/arm64/e6072d4f65d7061329687fe24e3d63a7-common-args.resp -include /Users/josh/Library/Developer/Xcode/DerivedData/GitX-cggrrpkbzogvjfcxoxftnovmywdq/Build/Intermediates.noindex/PrecompiledHeaders/SharedPrecompiledHeaders/13206212429846841114/GitX_Prefix.pch -MMD -MT dependencies -MF /Users/josh/Library/Developer/Xcode/DerivedData/GitX-cggrrpkbzogvjfcxoxftnovmywdq/Build/Intermediates.noindex/GitX.build/Debug/GitX.build/Objects-normal/arm64/PBGitSVTagItem.d --serialize-diagnostics /Users/josh/Library/Developer/Xcode/DerivedData/GitX-cggrrpkbzogvjfcxoxftnovmywdq/Build/Intermediates.noindex/GitX.build/Debug/GitX.build/Objects-normal/arm64/PBGitSVTagItem.dia -c /Users/josh/x/gitx/Classes/git/PBGitSVTagItem.m -o /Users/josh/Library/Developer/Xcode/DerivedData/GitX-cggrrpkbzogvjfcxoxftnovmywdq/Build/Intermediates.noindex/GitX.build/Debug/GitX.build/Objects-normal/arm64/PBGitSVTagItem.o -index-unit-output-path /GitX.build/Debug/GitX.build/Objects-normal/arm64/PBGitSVTagItem.o

CompileC /Users/josh/Library/Developer/Xcode/DerivedData/GitX-cggrrpkbzogvjfcxoxftnovmywdq/Build/Intermediates.noindex/GitX.build/Debug/GitX.build/Objects-normal/arm64/PBGitSVSubmoduleItem.o /Users/josh/x/gitx/Classes/git/PBGitSVSubmoduleItem.m normal arm64 objective-c com.apple.compilers.llvm.clang.1_0.compiler (in target 'GitX' from project 'GitX')
    cd /Users/josh/x/gitx
    
    Using response file: /Users/josh/Library/Developer/Xcode/DerivedData/GitX-cggrrpkbzogvjfcxoxftnovmywdq/Build/Intermediates.noindex/GitX.build/Debug/GitX.build/Objects-normal/arm64/e6072d4f65d7061329687fe24e3d63a7-common-args.resp
    
    /Applications/Xcode.app/Contents/Developer/Toolchains/XcodeDefault.xctoolchain/usr/bin/clang -x objective-c -ivfsstatcache /Users/josh/Library/Developer/Xcode/DerivedData/SDKStatCaches.noindex/macosx15.5-24F74-8254517eb8b97d462ccbc072ba9094c9.sdkstatcache -fmessage-length\=0 -fdiagnostics-show-note-include-stack -fmacro-backtrace-limit\=0 -fno-color-diagnostics -Wno-trigraphs -Wno-missing-field-initializers -Wno-missing-prototypes -Wno-implicit-atomic-properties -Wno-objc-interface-ivars -Wno-arc-repeated-use-of-weak -Wno-missing-braces -Wparentheses -Wswitch -Wno-unused-function -Wno-unused-label -Wno-unused-parameter -Wunused-variable -Wunused-value -Wno-empty-body -Wno-uninitialized -Wno-unknown-pragmas -Wno-shadow -Wno-four-char-constants -Wno-conversion -Wno-constant-conversion -Wno-int-conversion -Wno-bool-conversion -Wno-enum-conversion -Wno-float-conversion -Wno-non-literal-null-conversion -Wno-objc-literal-conversion -Wshorten-64-to-32 -Wpointer-sign -Wno-newline-eof -Wno-selector -Wno-strict-selector-match -Wno-undeclared-selector -Wno-deprecated-implementations -Wno-implicit-fallthrough -fstrict-aliasing -Wprotocol -Wdeprecated-declarations -Wno-sign-conversion -Wno-infinite-recursion -Wno-comma -Wno-block-capture-autoreleasing -Wno-strict-prototypes -Wno-semicolon-before-method-body -index-store-path /Users/josh/Library/Developer/Xcode/DerivedData/GitX-cggrrpkbzogvjfcxoxftnovmywdq/Index.noindex/DataStore -Werror\=incompatible-pointer-types @/Users/josh/Library/Developer/Xcode/DerivedData/GitX-cggrrpkbzogvjfcxoxftnovmywdq/Build/Intermediates.noindex/GitX.build/Debug/GitX.build/Objects-normal/arm64/e6072d4f65d7061329687fe24e3d63a7-common-args.resp -include /Users/josh/Library/Developer/Xcode/DerivedData/GitX-cggrrpkbzogvjfcxoxftnovmywdq/Build/Intermediates.noindex/PrecompiledHeaders/SharedPrecompiledHeaders/13206212429846841114/GitX_Prefix.pch -MMD -MT dependencies -MF /Users/josh/Library/Developer/Xcode/DerivedData/GitX-cggrrpkbzogvjfcxoxftnovmywdq/Build/Intermediates.noindex/GitX.build/Debug/GitX.build/Objects-normal/arm64/PBGitSVSubmoduleItem.d --serialize-diagnostics /Users/josh/Library/Developer/Xcode/DerivedData/GitX-cggrrpkbzogvjfcxoxftnovmywdq/Build/Intermediates.noindex/GitX.build/Debug/GitX.build/Objects-normal/arm64/PBGitSVSubmoduleItem.dia -c /Users/josh/x/gitx/Classes/git/PBGitSVSubmoduleItem.m -o /Users/josh/Library/Developer/Xcode/DerivedData/GitX-cggrrpkbzogvjfcxoxftnovmywdq/Build/Intermediates.noindex/GitX.build/Debug/GitX.build/Objects-normal/arm64/PBGitSVSubmoduleItem.o -index-unit-output-path /GitX.build/Debug/GitX.build/Objects-normal/arm64/PBGitSVSubmoduleItem.o

CompileC /Users/josh/Library/Developer/Xcode/DerivedData/GitX-cggrrpkbzogvjfcxoxftnovmywdq/Build/Intermediates.noindex/GitX.build/Debug/GitX.build/Objects-normal/arm64/PBGitSVStageItem.o /Users/josh/x/gitx/Classes/git/PBGitSVStageItem.m normal arm64 objective-c com.apple.compilers.llvm.clang.1_0.compiler (in target 'GitX' from project 'GitX')
    cd /Users/josh/x/gitx
    
    Using response file: /Users/josh/Library/Developer/Xcode/DerivedData/GitX-cggrrpkbzogvjfcxoxftnovmywdq/Build/Intermediates.noindex/GitX.build/Debug/GitX.build/Objects-normal/arm64/e6072d4f65d7061329687fe24e3d63a7-common-args.resp
    
    /Applications/Xcode.app/Contents/Developer/Toolchains/XcodeDefault.xctoolchain/usr/bin/clang -x objective-c -ivfsstatcache /Users/josh/Library/Developer/Xcode/DerivedData/SDKStatCaches.noindex/macosx15.5-24F74-8254517eb8b97d462ccbc072ba9094c9.sdkstatcache -fmessage-length\=0 -fdiagnostics-show-note-include-stack -fmacro-backtrace-limit\=0 -fno-color-diagnostics -Wno-trigraphs -Wno-missing-field-initializers -Wno-missing-prototypes -Wno-implicit-atomic-properties -Wno-objc-interface-ivars -Wno-arc-repeated-use-of-weak -Wno-missing-braces -Wparentheses -Wswitch -Wno-unused-function -Wno-unused-label -Wno-unused-parameter -Wunused-variable -Wunused-value -Wno-empty-body -Wno-uninitialized -Wno-unknown-pragmas -Wno-shadow -Wno-four-char-constants -Wno-conversion -Wno-constant-conversion -Wno-int-conversion -Wno-bool-conversion -Wno-enum-conversion -Wno-float-conversion -Wno-non-literal-null-conversion -Wno-objc-literal-conversion -Wshorten-64-to-32 -Wpointer-sign -Wno-newline-eof -Wno-selector -Wno-strict-selector-match -Wno-undeclared-selector -Wno-deprecated-implementations -Wno-implicit-fallthrough -fstrict-aliasing -Wprotocol -Wdeprecated-declarations -Wno-sign-conversion -Wno-infinite-recursion -Wno-comma -Wno-block-capture-autoreleasing -Wno-strict-prototypes -Wno-semicolon-before-method-body -index-store-path /Users/josh/Library/Developer/Xcode/DerivedData/GitX-cggrrpkbzogvjfcxoxftnovmywdq/Index.noindex/DataStore -Werror\=incompatible-pointer-types @/Users/josh/Library/Developer/Xcode/DerivedData/GitX-cggrrpkbzogvjfcxoxftnovmywdq/Build/Intermediates.noindex/GitX.build/Debug/GitX.build/Objects-normal/arm64/e6072d4f65d7061329687fe24e3d63a7-common-args.resp -include /Users/josh/Library/Developer/Xcode/DerivedData/GitX-cggrrpkbzogvjfcxoxftnovmywdq/Build/Intermediates.noindex/PrecompiledHeaders/SharedPrecompiledHeaders/13206212429846841114/GitX_Prefix.pch -MMD -MT dependencies -MF /Users/josh/Library/Developer/Xcode/DerivedData/GitX-cggrrpkbzogvjfcxoxftnovmywdq/Build/Intermediates.noindex/GitX.build/Debug/GitX.build/Objects-normal/arm64/PBGitSVStageItem.d --serialize-diagnostics /Users/josh/Library/Developer/Xcode/DerivedData/GitX-cggrrpkbzogvjfcxoxftnovmywdq/Build/Intermediates.noindex/GitX.build/Debug/GitX.build/Objects-normal/arm64/PBGitSVStageItem.dia -c /Users/josh/x/gitx/Classes/git/PBGitSVStageItem.m -o /Users/josh/Library/Developer/Xcode/DerivedData/GitX-cggrrpkbzogvjfcxoxftnovmywdq/Build/Intermediates.noindex/GitX.build/Debug/GitX.build/Objects-normal/arm64/PBGitSVStageItem.o -index-unit-output-path /GitX.build/Debug/GitX.build/Objects-normal/arm64/PBGitSVStageItem.o

CompileC /Users/josh/Library/Developer/Xcode/DerivedData/GitX-cggrrpkbzogvjfcxoxftnovmywdq/Build/Intermediates.noindex/GitX.build/Debug/GitX.build/Objects-normal/arm64/PBGitSVRemoteItem.o /Users/josh/x/gitx/Classes/git/PBGitSVRemoteItem.m normal arm64 objective-c com.apple.compilers.llvm.clang.1_0.compiler (in target 'GitX' from project 'GitX')
    cd /Users/josh/x/gitx
    
    Using response file: /Users/josh/Library/Developer/Xcode/DerivedData/GitX-cggrrpkbzogvjfcxoxftnovmywdq/Build/Intermediates.noindex/GitX.build/Debug/GitX.build/Objects-normal/arm64/e6072d4f65d7061329687fe24e3d63a7-common-args.resp
    
    /Applications/Xcode.app/Contents/Developer/Toolchains/XcodeDefault.xctoolchain/usr/bin/clang -x objective-c -ivfsstatcache /Users/josh/Library/Developer/Xcode/DerivedData/SDKStatCaches.noindex/macosx15.5-24F74-8254517eb8b97d462ccbc072ba9094c9.sdkstatcache -fmessage-length\=0 -fdiagnostics-show-note-include-stack -fmacro-backtrace-limit\=0 -fno-color-diagnostics -Wno-trigraphs -Wno-missing-field-initializers -Wno-missing-prototypes -Wno-implicit-atomic-properties -Wno-objc-interface-ivars -Wno-arc-repeated-use-of-weak -Wno-missing-braces -Wparentheses -Wswitch -Wno-unused-function -Wno-unused-label -Wno-unused-parameter -Wunused-variable -Wunused-value -Wno-empty-body -Wno-uninitialized -Wno-unknown-pragmas -Wno-shadow -Wno-four-char-constants -Wno-conversion -Wno-constant-conversion -Wno-int-conversion -Wno-bool-conversion -Wno-enum-conversion -Wno-float-conversion -Wno-non-literal-null-conversion -Wno-objc-literal-conversion -Wshorten-64-to-32 -Wpointer-sign -Wno-newline-eof -Wno-selector -Wno-strict-selector-match -Wno-undeclared-selector -Wno-deprecated-implementations -Wno-implicit-fallthrough -fstrict-aliasing -Wprotocol -Wdeprecated-declarations -Wno-sign-conversion -Wno-infinite-recursion -Wno-comma -Wno-block-capture-autoreleasing -Wno-strict-prototypes -Wno-semicolon-before-method-body -index-store-path /Users/josh/Library/Developer/Xcode/DerivedData/GitX-cggrrpkbzogvjfcxoxftnovmywdq/Index.noindex/DataStore -Werror\=incompatible-pointer-types @/Users/josh/Library/Developer/Xcode/DerivedData/GitX-cggrrpkbzogvjfcxoxftnovmywdq/Build/Intermediates.noindex/GitX.build/Debug/GitX.build/Objects-normal/arm64/e6072d4f65d7061329687fe24e3d63a7-common-args.resp -include /Users/josh/Library/Developer/Xcode/DerivedData/GitX-cggrrpkbzogvjfcxoxftnovmywdq/Build/Intermediates.noindex/PrecompiledHeaders/SharedPrecompiledHeaders/13206212429846841114/GitX_Prefix.pch -MMD -MT dependencies -MF /Users/josh/Library/Developer/Xcode/DerivedData/GitX-cggrrpkbzogvjfcxoxftnovmywdq/Build/Intermediates.noindex/GitX.build/Debug/GitX.build/Objects-normal/arm64/PBGitSVRemoteItem.d --serialize-diagnostics /Users/josh/Library/Developer/Xcode/DerivedData/GitX-cggrrpkbzogvjfcxoxftnovmywdq/Build/Intermediates.noindex/GitX.build/Debug/GitX.build/Objects-normal/arm64/PBGitSVRemoteItem.dia -c /Users/josh/x/gitx/Classes/git/PBGitSVRemoteItem.m -o /Users/josh/Library/Developer/Xcode/DerivedData/GitX-cggrrpkbzogvjfcxoxftnovmywdq/Build/Intermediates.noindex/GitX.build/Debug/GitX.build/Objects-normal/arm64/PBGitSVRemoteItem.o -index-unit-output-path /GitX.build/Debug/GitX.build/Objects-normal/arm64/PBGitSVRemoteItem.o

CompileC /Users/josh/Library/Developer/Xcode/DerivedData/GitX-cggrrpkbzogvjfcxoxftnovmywdq/Build/Intermediates.noindex/GitX.build/Debug/GitX.build/Objects-normal/arm64/PBGitSVRemoteBranchItem.o /Users/josh/x/gitx/Classes/git/PBGitSVRemoteBranchItem.m normal arm64 objective-c com.apple.compilers.llvm.clang.1_0.compiler (in target 'GitX' from project 'GitX')
    cd /Users/josh/x/gitx
    
    Using response file: /Users/josh/Library/Developer/Xcode/DerivedData/GitX-cggrrpkbzogvjfcxoxftnovmywdq/Build/Intermediates.noindex/GitX.build/Debug/GitX.build/Objects-normal/arm64/e6072d4f65d7061329687fe24e3d63a7-common-args.resp
    
    /Applications/Xcode.app/Contents/Developer/Toolchains/XcodeDefault.xctoolchain/usr/bin/clang -x objective-c -ivfsstatcache /Users/josh/Library/Developer/Xcode/DerivedData/SDKStatCaches.noindex/macosx15.5-24F74-8254517eb8b97d462ccbc072ba9094c9.sdkstatcache -fmessage-length\=0 -fdiagnostics-show-note-include-stack -fmacro-backtrace-limit\=0 -fno-color-diagnostics -Wno-trigraphs -Wno-missing-field-initializers -Wno-missing-prototypes -Wno-implicit-atomic-properties -Wno-objc-interface-ivars -Wno-arc-repeated-use-of-weak -Wno-missing-braces -Wparentheses -Wswitch -Wno-unused-function -Wno-unused-label -Wno-unused-parameter -Wunused-variable -Wunused-value -Wno-empty-body -Wno-uninitialized -Wno-unknown-pragmas -Wno-shadow -Wno-four-char-constants -Wno-conversion -Wno-constant-conversion -Wno-int-conversion -Wno-bool-conversion -Wno-enum-conversion -Wno-float-conversion -Wno-non-literal-null-conversion -Wno-objc-literal-conversion -Wshorten-64-to-32 -Wpointer-sign -Wno-newline-eof -Wno-selector -Wno-strict-selector-match -Wno-undeclared-selector -Wno-deprecated-implementations -Wno-implicit-fallthrough -fstrict-aliasing -Wprotocol -Wdeprecated-declarations -Wno-sign-conversion -Wno-infinite-recursion -Wno-comma -Wno-block-capture-autoreleasing -Wno-strict-prototypes -Wno-semicolon-before-method-body -index-store-path /Users/josh/Library/Developer/Xcode/DerivedData/GitX-cggrrpkbzogvjfcxoxftnovmywdq/Index.noindex/DataStore -Werror\=incompatible-pointer-types @/Users/josh/Library/Developer/Xcode/DerivedData/GitX-cggrrpkbzogvjfcxoxftnovmywdq/Build/Intermediates.noindex/GitX.build/Debug/GitX.build/Objects-normal/arm64/e6072d4f65d7061329687fe24e3d63a7-common-args.resp -include /Users/josh/Library/Developer/Xcode/DerivedData/GitX-cggrrpkbzogvjfcxoxftnovmywdq/Build/Intermediates.noindex/PrecompiledHeaders/SharedPrecompiledHeaders/13206212429846841114/GitX_Prefix.pch -MMD -MT dependencies -MF /Users/josh/Library/Developer/Xcode/DerivedData/GitX-cggrrpkbzogvjfcxoxftnovmywdq/Build/Intermediates.noindex/GitX.build/Debug/GitX.build/Objects-normal/arm64/PBGitSVRemoteBranchItem.d --serialize-diagnostics /Users/josh/Library/Developer/Xcode/DerivedData/GitX-cggrrpkbzogvjfcxoxftnovmywdq/Build/Intermediates.noindex/GitX.build/Debug/GitX.build/Objects-normal/arm64/PBGitSVRemoteBranchItem.dia -c /Users/josh/x/gitx/Classes/git/PBGitSVRemoteBranchItem.m -o /Users/josh/Library/Developer/Xcode/DerivedData/GitX-cggrrpkbzogvjfcxoxftnovmywdq/Build/Intermediates.noindex/GitX.build/Debug/GitX.build/Objects-normal/arm64/PBGitSVRemoteBranchItem.o -index-unit-output-path /GitX.build/Debug/GitX.build/Objects-normal/arm64/PBGitSVRemoteBranchItem.o

CompileC /Users/josh/Library/Developer/Xcode/DerivedData/GitX-cggrrpkbzogvjfcxoxftnovmywdq/Build/Intermediates.noindex/GitX.build/Debug/GitX.build/Objects-normal/arm64/PBGitSVOtherRevItem.o /Users/josh/x/gitx/Classes/git/PBGitSVOtherRevItem.m normal arm64 objective-c com.apple.compilers.llvm.clang.1_0.compiler (in target 'GitX' from project 'GitX')
    cd /Users/josh/x/gitx
    
    Using response file: /Users/josh/Library/Developer/Xcode/DerivedData/GitX-cggrrpkbzogvjfcxoxftnovmywdq/Build/Intermediates.noindex/GitX.build/Debug/GitX.build/Objects-normal/arm64/e6072d4f65d7061329687fe24e3d63a7-common-args.resp
    
    /Applications/Xcode.app/Contents/Developer/Toolchains/XcodeDefault.xctoolchain/usr/bin/clang -x objective-c -ivfsstatcache /Users/josh/Library/Developer/Xcode/DerivedData/SDKStatCaches.noindex/macosx15.5-24F74-8254517eb8b97d462ccbc072ba9094c9.sdkstatcache -fmessage-length\=0 -fdiagnostics-show-note-include-stack -fmacro-backtrace-limit\=0 -fno-color-diagnostics -Wno-trigraphs -Wno-missing-field-initializers -Wno-missing-prototypes -Wno-implicit-atomic-properties -Wno-objc-interface-ivars -Wno-arc-repeated-use-of-weak -Wno-missing-braces -Wparentheses -Wswitch -Wno-unused-function -Wno-unused-label -Wno-unused-parameter -Wunused-variable -Wunused-value -Wno-empty-body -Wno-uninitialized -Wno-unknown-pragmas -Wno-shadow -Wno-four-char-constants -Wno-conversion -Wno-constant-conversion -Wno-int-conversion -Wno-bool-conversion -Wno-enum-conversion -Wno-float-conversion -Wno-non-literal-null-conversion -Wno-objc-literal-conversion -Wshorten-64-to-32 -Wpointer-sign -Wno-newline-eof -Wno-selector -Wno-strict-selector-match -Wno-undeclared-selector -Wno-deprecated-implementations -Wno-implicit-fallthrough -fstrict-aliasing -Wprotocol -Wdeprecated-declarations -Wno-sign-conversion -Wno-infinite-recursion -Wno-comma -Wno-block-capture-autoreleasing -Wno-strict-prototypes -Wno-semicolon-before-method-body -index-store-path /Users/josh/Library/Developer/Xcode/DerivedData/GitX-cggrrpkbzogvjfcxoxftnovmywdq/Index.noindex/DataStore -Werror\=incompatible-pointer-types @/Users/josh/Library/Developer/Xcode/DerivedData/GitX-cggrrpkbzogvjfcxoxftnovmywdq/Build/Intermediates.noindex/GitX.build/Debug/GitX.build/Objects-normal/arm64/e6072d4f65d7061329687fe24e3d63a7-common-args.resp -include /Users/josh/Library/Developer/Xcode/DerivedData/GitX-cggrrpkbzogvjfcxoxftnovmywdq/Build/Intermediates.noindex/PrecompiledHeaders/SharedPrecompiledHeaders/13206212429846841114/GitX_Prefix.pch -MMD -MT dependencies -MF /Users/josh/Library/Developer/Xcode/DerivedData/GitX-cggrrpkbzogvjfcxoxftnovmywdq/Build/Intermediates.noindex/GitX.build/Debug/GitX.build/Objects-normal/arm64/PBGitSVOtherRevItem.d --serialize-diagnostics /Users/josh/Library/Developer/Xcode/DerivedData/GitX-cggrrpkbzogvjfcxoxftnovmywdq/Build/Intermediates.noindex/GitX.build/Debug/GitX.build/Objects-normal/arm64/PBGitSVOtherRevItem.dia -c /Users/josh/x/gitx/Classes/git/PBGitSVOtherRevItem.m -o /Users/josh/Library/Developer/Xcode/DerivedData/GitX-cggrrpkbzogvjfcxoxftnovmywdq/Build/Intermediates.noindex/GitX.build/Debug/GitX.build/Objects-normal/arm64/PBGitSVOtherRevItem.o -index-unit-output-path /GitX.build/Debug/GitX.build/Objects-normal/arm64/PBGitSVOtherRevItem.o

CompileC /Users/josh/Library/Developer/Xcode/DerivedData/GitX-cggrrpkbzogvjfcxoxftnovmywdq/Build/Intermediates.noindex/GitX.build/Debug/GitX.build/Objects-normal/arm64/PBGitSVFolderItem.o /Users/josh/x/gitx/Classes/git/PBGitSVFolderItem.m normal arm64 objective-c com.apple.compilers.llvm.clang.1_0.compiler (in target 'GitX' from project 'GitX')
    cd /Users/josh/x/gitx
    
    Using response file: /Users/josh/Library/Developer/Xcode/DerivedData/GitX-cggrrpkbzogvjfcxoxftnovmywdq/Build/Intermediates.noindex/GitX.build/Debug/GitX.build/Objects-normal/arm64/e6072d4f65d7061329687fe24e3d63a7-common-args.resp
    
    /Applications/Xcode.app/Contents/Developer/Toolchains/XcodeDefault.xctoolchain/usr/bin/clang -x objective-c -ivfsstatcache /Users/josh/Library/Developer/Xcode/DerivedData/SDKStatCaches.noindex/macosx15.5-24F74-8254517eb8b97d462ccbc072ba9094c9.sdkstatcache -fmessage-length\=0 -fdiagnostics-show-note-include-stack -fmacro-backtrace-limit\=0 -fno-color-diagnostics -Wno-trigraphs -Wno-missing-field-initializers -Wno-missing-prototypes -Wno-implicit-atomic-properties -Wno-objc-interface-ivars -Wno-arc-repeated-use-of-weak -Wno-missing-braces -Wparentheses -Wswitch -Wno-unused-function -Wno-unused-label -Wno-unused-parameter -Wunused-variable -Wunused-value -Wno-empty-body -Wno-uninitialized -Wno-unknown-pragmas -Wno-shadow -Wno-four-char-constants -Wno-conversion -Wno-constant-conversion -Wno-int-conversion -Wno-bool-conversion -Wno-enum-conversion -Wno-float-conversion -Wno-non-literal-null-conversion -Wno-objc-literal-conversion -Wshorten-64-to-32 -Wpointer-sign -Wno-newline-eof -Wno-selector -Wno-strict-selector-match -Wno-undeclared-selector -Wno-deprecated-implementations -Wno-implicit-fallthrough -fstrict-aliasing -Wprotocol -Wdeprecated-declarations -Wno-sign-conversion -Wno-infinite-recursion -Wno-comma -Wno-block-capture-autoreleasing -Wno-strict-prototypes -Wno-semicolon-before-method-body -index-store-path /Users/josh/Library/Developer/Xcode/DerivedData/GitX-cggrrpkbzogvjfcxoxftnovmywdq/Index.noindex/DataStore -Werror\=incompatible-pointer-types @/Users/josh/Library/Developer/Xcode/DerivedData/GitX-cggrrpkbzogvjfcxoxftnovmywdq/Build/Intermediates.noindex/GitX.build/Debug/GitX.build/Objects-normal/arm64/e6072d4f65d7061329687fe24e3d63a7-common-args.resp -include /Users/josh/Library/Developer/Xcode/DerivedData/GitX-cggrrpkbzogvjfcxoxftnovmywdq/Build/Intermediates.noindex/PrecompiledHeaders/SharedPrecompiledHeaders/13206212429846841114/GitX_Prefix.pch -MMD -MT dependencies -MF /Users/josh/Library/Developer/Xcode/DerivedData/GitX-cggrrpkbzogvjfcxoxftnovmywdq/Build/Intermediates.noindex/GitX.build/Debug/GitX.build/Objects-normal/arm64/PBGitSVFolderItem.d --serialize-diagnostics /Users/josh/Library/Developer/Xcode/DerivedData/GitX-cggrrpkbzogvjfcxoxftnovmywdq/Build/Intermediates.noindex/GitX.build/Debug/GitX.build/Objects-normal/arm64/PBGitSVFolderItem.dia -c /Users/josh/x/gitx/Classes/git/PBGitSVFolderItem.m -o /Users/josh/Library/Developer/Xcode/DerivedData/GitX-cggrrpkbzogvjfcxoxftnovmywdq/Build/Intermediates.noindex/GitX.build/Debug/GitX.build/Objects-normal/arm64/PBGitSVFolderItem.o -index-unit-output-path /GitX.build/Debug/GitX.build/Objects-normal/arm64/PBGitSVFolderItem.o

CompileC /Users/josh/Library/Developer/Xcode/DerivedData/GitX-cggrrpkbzogvjfcxoxftnovmywdq/Build/Intermediates.noindex/GitX.build/Debug/GitX.build/Objects-normal/arm64/PBGitSVBranchItem.o /Users/josh/x/gitx/Classes/git/PBGitSVBranchItem.m normal arm64 objective-c com.apple.compilers.llvm.clang.1_0.compiler (in target 'GitX' from project 'GitX')
    cd /Users/josh/x/gitx
    
    Using response file: /Users/josh/Library/Developer/Xcode/DerivedData/GitX-cggrrpkbzogvjfcxoxftnovmywdq/Build/Intermediates.noindex/GitX.build/Debug/GitX.build/Objects-normal/arm64/e6072d4f65d7061329687fe24e3d63a7-common-args.resp
    
    /Applications/Xcode.app/Contents/Developer/Toolchains/XcodeDefault.xctoolchain/usr/bin/clang -x objective-c -ivfsstatcache /Users/josh/Library/Developer/Xcode/DerivedData/SDKStatCaches.noindex/macosx15.5-24F74-8254517eb8b97d462ccbc072ba9094c9.sdkstatcache -fmessage-length\=0 -fdiagnostics-show-note-include-stack -fmacro-backtrace-limit\=0 -fno-color-diagnostics -Wno-trigraphs -Wno-missing-field-initializers -Wno-missing-prototypes -Wno-implicit-atomic-properties -Wno-objc-interface-ivars -Wno-arc-repeated-use-of-weak -Wno-missing-braces -Wparentheses -Wswitch -Wno-unused-function -Wno-unused-label -Wno-unused-parameter -Wunused-variable -Wunused-value -Wno-empty-body -Wno-uninitialized -Wno-unknown-pragmas -Wno-shadow -Wno-four-char-constants -Wno-conversion -Wno-constant-conversion -Wno-int-conversion -Wno-bool-conversion -Wno-enum-conversion -Wno-float-conversion -Wno-non-literal-null-conversion -Wno-objc-literal-conversion -Wshorten-64-to-32 -Wpointer-sign -Wno-newline-eof -Wno-selector -Wno-strict-selector-match -Wno-undeclared-selector -Wno-deprecated-implementations -Wno-implicit-fallthrough -fstrict-aliasing -Wprotocol -Wdeprecated-declarations -Wno-sign-conversion -Wno-infinite-recursion -Wno-comma -Wno-block-capture-autoreleasing -Wno-strict-prototypes -Wno-semicolon-before-method-body -index-store-path /Users/josh/Library/Developer/Xcode/DerivedData/GitX-cggrrpkbzogvjfcxoxftnovmywdq/Index.noindex/DataStore -Werror\=incompatible-pointer-types @/Users/josh/Library/Developer/Xcode/DerivedData/GitX-cggrrpkbzogvjfcxoxftnovmywdq/Build/Intermediates.noindex/GitX.build/Debug/GitX.build/Objects-normal/arm64/e6072d4f65d7061329687fe24e3d63a7-common-args.resp -include /Users/josh/Library/Developer/Xcode/DerivedData/GitX-cggrrpkbzogvjfcxoxftnovmywdq/Build/Intermediates.noindex/PrecompiledHeaders/SharedPrecompiledHeaders/13206212429846841114/GitX_Prefix.pch -MMD -MT dependencies -MF /Users/josh/Library/Developer/Xcode/DerivedData/GitX-cggrrpkbzogvjfcxoxftnovmywdq/Build/Intermediates.noindex/GitX.build/Debug/GitX.build/Objects-normal/arm64/PBGitSVBranchItem.d --serialize-diagnostics /Users/josh/Library/Developer/Xcode/DerivedData/GitX-cggrrpkbzogvjfcxoxftnovmywdq/Build/Intermediates.noindex/GitX.build/Debug/GitX.build/Objects-normal/arm64/PBGitSVBranchItem.dia -c /Users/josh/x/gitx/Classes/git/PBGitSVBranchItem.m -o /Users/josh/Library/Developer/Xcode/DerivedData/GitX-cggrrpkbzogvjfcxoxftnovmywdq/Build/Intermediates.noindex/GitX.build/Debug/GitX.build/Objects-normal/arm64/PBGitSVBranchItem.o -index-unit-output-path /GitX.build/Debug/GitX.build/Objects-normal/arm64/PBGitSVBranchItem.o

CompileC /Users/josh/Library/Developer/Xcode/DerivedData/GitX-cggrrpkbzogvjfcxoxftnovmywdq/Build/Intermediates.noindex/GitX.build/Debug/GitX.build/Objects-normal/arm64/PBGitRevisionCell.o /Users/josh/x/gitx/Classes/Views/PBGitRevisionCell.m normal arm64 objective-c com.apple.compilers.llvm.clang.1_0.compiler (in target 'GitX' from project 'GitX')
    cd /Users/josh/x/gitx
    
    Using response file: /Users/josh/Library/Developer/Xcode/DerivedData/GitX-cggrrpkbzogvjfcxoxftnovmywdq/Build/Intermediates.noindex/GitX.build/Debug/GitX.build/Objects-normal/arm64/e6072d4f65d7061329687fe24e3d63a7-common-args.resp
    
    /Applications/Xcode.app/Contents/Developer/Toolchains/XcodeDefault.xctoolchain/usr/bin/clang -x objective-c -ivfsstatcache /Users/josh/Library/Developer/Xcode/DerivedData/SDKStatCaches.noindex/macosx15.5-24F74-8254517eb8b97d462ccbc072ba9094c9.sdkstatcache -fmessage-length\=0 -fdiagnostics-show-note-include-stack -fmacro-backtrace-limit\=0 -fno-color-diagnostics -Wno-trigraphs -Wno-missing-field-initializers -Wno-missing-prototypes -Wno-implicit-atomic-properties -Wno-objc-interface-ivars -Wno-arc-repeated-use-of-weak -Wno-missing-braces -Wparentheses -Wswitch -Wno-unused-function -Wno-unused-label -Wno-unused-parameter -Wunused-variable -Wunused-value -Wno-empty-body -Wno-uninitialized -Wno-unknown-pragmas -Wno-shadow -Wno-four-char-constants -Wno-conversion -Wno-constant-conversion -Wno-int-conversion -Wno-bool-conversion -Wno-enum-conversion -Wno-float-conversion -Wno-non-literal-null-conversion -Wno-objc-literal-conversion -Wshorten-64-to-32 -Wpointer-sign -Wno-newline-eof -Wno-selector -Wno-strict-selector-match -Wno-undeclared-selector -Wno-deprecated-implementations -Wno-implicit-fallthrough -fstrict-aliasing -Wprotocol -Wdeprecated-declarations -Wno-sign-conversion -Wno-infinite-recursion -Wno-comma -Wno-block-capture-autoreleasing -Wno-strict-prototypes -Wno-semicolon-before-method-body -index-store-path /Users/josh/Library/Developer/Xcode/DerivedData/GitX-cggrrpkbzogvjfcxoxftnovmywdq/Index.noindex/DataStore -Werror\=incompatible-pointer-types @/Users/josh/Library/Developer/Xcode/DerivedData/GitX-cggrrpkbzogvjfcxoxftnovmywdq/Build/Intermediates.noindex/GitX.build/Debug/GitX.build/Objects-normal/arm64/e6072d4f65d7061329687fe24e3d63a7-common-args.resp -include /Users/josh/Library/Developer/Xcode/DerivedData/GitX-cggrrpkbzogvjfcxoxftnovmywdq/Build/Intermediates.noindex/PrecompiledHeaders/SharedPrecompiledHeaders/13206212429846841114/GitX_Prefix.pch -MMD -MT dependencies -MF /Users/josh/Library/Developer/Xcode/DerivedData/GitX-cggrrpkbzogvjfcxoxftnovmywdq/Build/Intermediates.noindex/GitX.build/Debug/GitX.build/Objects-normal/arm64/PBGitRevisionCell.d --serialize-diagnostics /Users/josh/Library/Developer/Xcode/DerivedData/GitX-cggrrpkbzogvjfcxoxftnovmywdq/Build/Intermediates.noindex/GitX.build/Debug/GitX.build/Objects-normal/arm64/PBGitRevisionCell.dia -c /Users/josh/x/gitx/Classes/Views/PBGitRevisionCell.m -o /Users/josh/Library/Developer/Xcode/DerivedData/GitX-cggrrpkbzogvjfcxoxftnovmywdq/Build/Intermediates.noindex/GitX.build/Debug/GitX.build/Objects-normal/arm64/PBGitRevisionCell.o -index-unit-output-path /GitX.build/Debug/GitX.build/Objects-normal/arm64/PBGitRevisionCell.o
In file included from /Users/josh/x/gitx/Classes/Views/PBGitRevisionCell.m:9:
/Users/josh/x/gitx/Classes/Views/PBGitRevisionCell.h:27:24: warning: 'copy' attribute on property 'objectValue' does not match the property inherited from 'NSCell' [-Wproperty-attribute-mismatch]
   27 | @property PBGitCommit* objectValue;
      |                        ^
1 warning generated.

CompileC /Users/josh/Library/Developer/Xcode/DerivedData/GitX-cggrrpkbzogvjfcxoxftnovmywdq/Build/Intermediates.noindex/GitX.build/Debug/GitX.build/Objects-normal/arm64/PBGitRevSpecifier.o /Users/josh/x/gitx/Classes/git/PBGitRevSpecifier.m normal arm64 objective-c com.apple.compilers.llvm.clang.1_0.compiler (in target 'GitX' from project 'GitX')
    cd /Users/josh/x/gitx
    
    Using response file: /Users/josh/Library/Developer/Xcode/DerivedData/GitX-cggrrpkbzogvjfcxoxftnovmywdq/Build/Intermediates.noindex/GitX.build/Debug/GitX.build/Objects-normal/arm64/e6072d4f65d7061329687fe24e3d63a7-common-args.resp
    
    /Applications/Xcode.app/Contents/Developer/Toolchains/XcodeDefault.xctoolchain/usr/bin/clang -x objective-c -ivfsstatcache /Users/josh/Library/Developer/Xcode/DerivedData/SDKStatCaches.noindex/macosx15.5-24F74-8254517eb8b97d462ccbc072ba9094c9.sdkstatcache -fmessage-length\=0 -fdiagnostics-show-note-include-stack -fmacro-backtrace-limit\=0 -fno-color-diagnostics -Wno-trigraphs -Wno-missing-field-initializers -Wno-missing-prototypes -Wno-implicit-atomic-properties -Wno-objc-interface-ivars -Wno-arc-repeated-use-of-weak -Wno-missing-braces -Wparentheses -Wswitch -Wno-unused-function -Wno-unused-label -Wno-unused-parameter -Wunused-variable -Wunused-value -Wno-empty-body -Wno-uninitialized -Wno-unknown-pragmas -Wno-shadow -Wno-four-char-constants -Wno-conversion -Wno-constant-conversion -Wno-int-conversion -Wno-bool-conversion -Wno-enum-conversion -Wno-float-conversion -Wno-non-literal-null-conversion -Wno-objc-literal-conversion -Wshorten-64-to-32 -Wpointer-sign -Wno-newline-eof -Wno-selector -Wno-strict-selector-match -Wno-undeclared-selector -Wno-deprecated-implementations -Wno-implicit-fallthrough -fstrict-aliasing -Wprotocol -Wdeprecated-declarations -Wno-sign-conversion -Wno-infinite-recursion -Wno-comma -Wno-block-capture-autoreleasing -Wno-strict-prototypes -Wno-semicolon-before-method-body -index-store-path /Users/josh/Library/Developer/Xcode/DerivedData/GitX-cggrrpkbzogvjfcxoxftnovmywdq/Index.noindex/DataStore -Werror\=incompatible-pointer-types @/Users/josh/Library/Developer/Xcode/DerivedData/GitX-cggrrpkbzogvjfcxoxftnovmywdq/Build/Intermediates.noindex/GitX.build/Debug/GitX.build/Objects-normal/arm64/e6072d4f65d7061329687fe24e3d63a7-common-args.resp -include /Users/josh/Library/Developer/Xcode/DerivedData/GitX-cggrrpkbzogvjfcxoxftnovmywdq/Build/Intermediates.noindex/PrecompiledHeaders/SharedPrecompiledHeaders/13206212429846841114/GitX_Prefix.pch -MMD -MT dependencies -MF /Users/josh/Library/Developer/Xcode/DerivedData/GitX-cggrrpkbzogvjfcxoxftnovmywdq/Build/Intermediates.noindex/GitX.build/Debug/GitX.build/Objects-normal/arm64/PBGitRevSpecifier.d --serialize-diagnostics /Users/josh/Library/Developer/Xcode/DerivedData/GitX-cggrrpkbzogvjfcxoxftnovmywdq/Build/Intermediates.noindex/GitX.build/Debug/GitX.build/Objects-normal/arm64/PBGitRevSpecifier.dia -c /Users/josh/x/gitx/Classes/git/PBGitRevSpecifier.m -o /Users/josh/Library/Developer/Xcode/DerivedData/GitX-cggrrpkbzogvjfcxoxftnovmywdq/Build/Intermediates.noindex/GitX.build/Debug/GitX.build/Objects-normal/arm64/PBGitRevSpecifier.o -index-unit-output-path /GitX.build/Debug/GitX.build/Objects-normal/arm64/PBGitRevSpecifier.o

CompileC /Users/josh/Library/Developer/Xcode/DerivedData/GitX-cggrrpkbzogvjfcxoxftnovmywdq/Build/Intermediates.noindex/GitX.build/Debug/GitX.build/Objects-normal/arm64/PBGitRevList.o /Users/josh/x/gitx/Classes/git/PBGitRevList.mm normal arm64 objective-c++ com.apple.compilers.llvm.clang.1_0.compiler (in target 'GitX' from project 'GitX')
    cd /Users/josh/x/gitx
    
    Using response file: /Users/josh/Library/Developer/Xcode/DerivedData/GitX-cggrrpkbzogvjfcxoxftnovmywdq/Build/Intermediates.noindex/GitX.build/Debug/GitX.build/Objects-normal/arm64/af3fcb34312c57c0f52879cdce924b91-common-args.resp
    
    /Applications/Xcode.app/Contents/Developer/Toolchains/XcodeDefault.xctoolchain/usr/bin/clang -x objective-c++ -ivfsstatcache /Users/josh/Library/Developer/Xcode/DerivedData/SDKStatCaches.noindex/macosx15.5-24F74-8254517eb8b97d462ccbc072ba9094c9.sdkstatcache -fmessage-length\=0 -fdiagnostics-show-note-include-stack -fmacro-backtrace-limit\=0 -fno-color-diagnostics -Wno-trigraphs -Wno-missing-field-initializers -Wno-missing-prototypes -Wno-implicit-atomic-properties -Wno-objc-interface-ivars -Wno-arc-repeated-use-of-weak -Wno-non-virtual-dtor -Wno-overloaded-virtual -Wno-exit-time-destructors -Wno-missing-braces -Wparentheses -Wswitch -Wno-unused-function -Wno-unused-label -Wno-unused-parameter -Wunused-variable -Wunused-value -Wno-empty-body -Wno-uninitialized -Wno-unknown-pragmas -Wno-shadow -Wno-four-char-constants -Wno-conversion -Wno-constant-conversion -Wno-int-conversion -Wno-bool-conversion -Wno-enum-conversion -Wno-float-conversion -Wno-non-literal-null-conversion -Wno-objc-literal-conversion -Wshorten-64-to-32 -Wno-newline-eof -Wno-selector -Wno-strict-selector-match -Wno-undeclared-selector -Wno-deprecated-implementations -Wno-c++11-extensions -Wno-implicit-fallthrough -fstrict-aliasing -Wprotocol -Wdeprecated-declarations -Winvalid-offsetof -Wno-sign-conversion -Wno-infinite-recursion -Wno-move -Wno-comma -Wno-block-capture-autoreleasing -Wno-strict-prototypes -Wno-range-loop-analysis -Wno-semicolon-before-method-body -index-store-path /Users/josh/Library/Developer/Xcode/DerivedData/GitX-cggrrpkbzogvjfcxoxftnovmywdq/Index.noindex/DataStore -Werror\=incompatible-pointer-types @/Users/josh/Library/Developer/Xcode/DerivedData/GitX-cggrrpkbzogvjfcxoxftnovmywdq/Build/Intermediates.noindex/GitX.build/Debug/GitX.build/Objects-normal/arm64/af3fcb34312c57c0f52879cdce924b91-common-args.resp -include /Users/josh/Library/Developer/Xcode/DerivedData/GitX-cggrrpkbzogvjfcxoxftnovmywdq/Build/Intermediates.noindex/PrecompiledHeaders/SharedPrecompiledHeaders/6236784496394605759/GitX_Prefix.pch -MMD -MT dependencies -MF /Users/josh/Library/Developer/Xcode/DerivedData/GitX-cggrrpkbzogvjfcxoxftnovmywdq/Build/Intermediates.noindex/GitX.build/Debug/GitX.build/Objects-normal/arm64/PBGitRevList.d --serialize-diagnostics /Users/josh/Library/Developer/Xcode/DerivedData/GitX-cggrrpkbzogvjfcxoxftnovmywdq/Build/Intermediates.noindex/GitX.build/Debug/GitX.build/Objects-normal/arm64/PBGitRevList.dia -c /Users/josh/x/gitx/Classes/git/PBGitRevList.mm -o /Users/josh/Library/Developer/Xcode/DerivedData/GitX-cggrrpkbzogvjfcxoxftnovmywdq/Build/Intermediates.noindex/GitX.build/Debug/GitX.build/Objects-normal/arm64/PBGitRevList.o -index-unit-output-path /GitX.build/Debug/GitX.build/Objects-normal/arm64/PBGitRevList.o

CompileC /Users/josh/Library/Developer/Xcode/DerivedData/GitX-cggrrpkbzogvjfcxoxftnovmywdq/Build/Intermediates.noindex/GitX.build/Debug/GitX.build/Objects-normal/arm64/PBGitRepositoryWatcherEventPath.o /Users/josh/x/gitx/Classes/git/PBGitRepositoryWatcherEventPath.m normal arm64 objective-c com.apple.compilers.llvm.clang.1_0.compiler (in target 'GitX' from project 'GitX')
    cd /Users/josh/x/gitx
    
    Using response file: /Users/josh/Library/Developer/Xcode/DerivedData/GitX-cggrrpkbzogvjfcxoxftnovmywdq/Build/Intermediates.noindex/GitX.build/Debug/GitX.build/Objects-normal/arm64/e6072d4f65d7061329687fe24e3d63a7-common-args.resp
    
    /Applications/Xcode.app/Contents/Developer/Toolchains/XcodeDefault.xctoolchain/usr/bin/clang -x objective-c -ivfsstatcache /Users/josh/Library/Developer/Xcode/DerivedData/SDKStatCaches.noindex/macosx15.5-24F74-8254517eb8b97d462ccbc072ba9094c9.sdkstatcache -fmessage-length\=0 -fdiagnostics-show-note-include-stack -fmacro-backtrace-limit\=0 -fno-color-diagnostics -Wno-trigraphs -Wno-missing-field-initializers -Wno-missing-prototypes -Wno-implicit-atomic-properties -Wno-objc-interface-ivars -Wno-arc-repeated-use-of-weak -Wno-missing-braces -Wparentheses -Wswitch -Wno-unused-function -Wno-unused-label -Wno-unused-parameter -Wunused-variable -Wunused-value -Wno-empty-body -Wno-uninitialized -Wno-unknown-pragmas -Wno-shadow -Wno-four-char-constants -Wno-conversion -Wno-constant-conversion -Wno-int-conversion -Wno-bool-conversion -Wno-enum-conversion -Wno-float-conversion -Wno-non-literal-null-conversion -Wno-objc-literal-conversion -Wshorten-64-to-32 -Wpointer-sign -Wno-newline-eof -Wno-selector -Wno-strict-selector-match -Wno-undeclared-selector -Wno-deprecated-implementations -Wno-implicit-fallthrough -fstrict-aliasing -Wprotocol -Wdeprecated-declarations -Wno-sign-conversion -Wno-infinite-recursion -Wno-comma -Wno-block-capture-autoreleasing -Wno-strict-prototypes -Wno-semicolon-before-method-body -index-store-path /Users/josh/Library/Developer/Xcode/DerivedData/GitX-cggrrpkbzogvjfcxoxftnovmywdq/Index.noindex/DataStore -Werror\=incompatible-pointer-types @/Users/josh/Library/Developer/Xcode/DerivedData/GitX-cggrrpkbzogvjfcxoxftnovmywdq/Build/Intermediates.noindex/GitX.build/Debug/GitX.build/Objects-normal/arm64/e6072d4f65d7061329687fe24e3d63a7-common-args.resp -include /Users/josh/Library/Developer/Xcode/DerivedData/GitX-cggrrpkbzogvjfcxoxftnovmywdq/Build/Intermediates.noindex/PrecompiledHeaders/SharedPrecompiledHeaders/13206212429846841114/GitX_Prefix.pch -MMD -MT dependencies -MF /Users/josh/Library/Developer/Xcode/DerivedData/GitX-cggrrpkbzogvjfcxoxftnovmywdq/Build/Intermediates.noindex/GitX.build/Debug/GitX.build/Objects-normal/arm64/PBGitRepositoryWatcherEventPath.d --serialize-diagnostics /Users/josh/Library/Developer/Xcode/DerivedData/GitX-cggrrpkbzogvjfcxoxftnovmywdq/Build/Intermediates.noindex/GitX.build/Debug/GitX.build/Objects-normal/arm64/PBGitRepositoryWatcherEventPath.dia -c /Users/josh/x/gitx/Classes/git/PBGitRepositoryWatcherEventPath.m -o /Users/josh/Library/Developer/Xcode/DerivedData/GitX-cggrrpkbzogvjfcxoxftnovmywdq/Build/Intermediates.noindex/GitX.build/Debug/GitX.build/Objects-normal/arm64/PBGitRepositoryWatcherEventPath.o -index-unit-output-path /GitX.build/Debug/GitX.build/Objects-normal/arm64/PBGitRepositoryWatcherEventPath.o

CompileC /Users/josh/Library/Developer/Xcode/DerivedData/GitX-cggrrpkbzogvjfcxoxftnovmywdq/Build/Intermediates.noindex/GitX.build/Debug/GitX.build/Objects-normal/arm64/PBGitRepositoryWatcher.o /Users/josh/x/gitx/Classes/git/PBGitRepositoryWatcher.m normal arm64 objective-c com.apple.compilers.llvm.clang.1_0.compiler (in target 'GitX' from project 'GitX')
    cd /Users/josh/x/gitx
    
    Using response file: /Users/josh/Library/Developer/Xcode/DerivedData/GitX-cggrrpkbzogvjfcxoxftnovmywdq/Build/Intermediates.noindex/GitX.build/Debug/GitX.build/Objects-normal/arm64/e6072d4f65d7061329687fe24e3d63a7-common-args.resp
    
    /Applications/Xcode.app/Contents/Developer/Toolchains/XcodeDefault.xctoolchain/usr/bin/clang -x objective-c -ivfsstatcache /Users/josh/Library/Developer/Xcode/DerivedData/SDKStatCaches.noindex/macosx15.5-24F74-8254517eb8b97d462ccbc072ba9094c9.sdkstatcache -fmessage-length\=0 -fdiagnostics-show-note-include-stack -fmacro-backtrace-limit\=0 -fno-color-diagnostics -Wno-trigraphs -Wno-missing-field-initializers -Wno-missing-prototypes -Wno-implicit-atomic-properties -Wno-objc-interface-ivars -Wno-arc-repeated-use-of-weak -Wno-missing-braces -Wparentheses -Wswitch -Wno-unused-function -Wno-unused-label -Wno-unused-parameter -Wunused-variable -Wunused-value -Wno-empty-body -Wno-uninitialized -Wno-unknown-pragmas -Wno-shadow -Wno-four-char-constants -Wno-conversion -Wno-constant-conversion -Wno-int-conversion -Wno-bool-conversion -Wno-enum-conversion -Wno-float-conversion -Wno-non-literal-null-conversion -Wno-objc-literal-conversion -Wshorten-64-to-32 -Wpointer-sign -Wno-newline-eof -Wno-selector -Wno-strict-selector-match -Wno-undeclared-selector -Wno-deprecated-implementations -Wno-implicit-fallthrough -fstrict-aliasing -Wprotocol -Wdeprecated-declarations -Wno-sign-conversion -Wno-infinite-recursion -Wno-comma -Wno-block-capture-autoreleasing -Wno-strict-prototypes -Wno-semicolon-before-method-body -index-store-path /Users/josh/Library/Developer/Xcode/DerivedData/GitX-cggrrpkbzogvjfcxoxftnovmywdq/Index.noindex/DataStore -Werror\=incompatible-pointer-types @/Users/josh/Library/Developer/Xcode/DerivedData/GitX-cggrrpkbzogvjfcxoxftnovmywdq/Build/Intermediates.noindex/GitX.build/Debug/GitX.build/Objects-normal/arm64/e6072d4f65d7061329687fe24e3d63a7-common-args.resp -include /Users/josh/Library/Developer/Xcode/DerivedData/GitX-cggrrpkbzogvjfcxoxftnovmywdq/Build/Intermediates.noindex/PrecompiledHeaders/SharedPrecompiledHeaders/13206212429846841114/GitX_Prefix.pch -MMD -MT dependencies -MF /Users/josh/Library/Developer/Xcode/DerivedData/GitX-cggrrpkbzogvjfcxoxftnovmywdq/Build/Intermediates.noindex/GitX.build/Debug/GitX.build/Objects-normal/arm64/PBGitRepositoryWatcher.d --serialize-diagnostics /Users/josh/Library/Developer/Xcode/DerivedData/GitX-cggrrpkbzogvjfcxoxftnovmywdq/Build/Intermediates.noindex/GitX.build/Debug/GitX.build/Objects-normal/arm64/PBGitRepositoryWatcher.dia -c /Users/josh/x/gitx/Classes/git/PBGitRepositoryWatcher.m -o /Users/josh/Library/Developer/Xcode/DerivedData/GitX-cggrrpkbzogvjfcxoxftnovmywdq/Build/Intermediates.noindex/GitX.build/Debug/GitX.build/Objects-normal/arm64/PBGitRepositoryWatcher.o -index-unit-output-path /GitX.build/Debug/GitX.build/Objects-normal/arm64/PBGitRepositoryWatcher.o

CompileC /Users/josh/Library/Developer/Xcode/DerivedData/GitX-cggrrpkbzogvjfcxoxftnovmywdq/Build/Intermediates.noindex/GitX.build/Debug/GitX.build/Objects-normal/arm64/PBGitRepository.o /Users/josh/x/gitx/Classes/git/PBGitRepository.m normal arm64 objective-c com.apple.compilers.llvm.clang.1_0.compiler (in target 'GitX' from project 'GitX')
    cd /Users/josh/x/gitx
    
    Using response file: /Users/josh/Library/Developer/Xcode/DerivedData/GitX-cggrrpkbzogvjfcxoxftnovmywdq/Build/Intermediates.noindex/GitX.build/Debug/GitX.build/Objects-normal/arm64/e6072d4f65d7061329687fe24e3d63a7-common-args.resp
    
    /Applications/Xcode.app/Contents/Developer/Toolchains/XcodeDefault.xctoolchain/usr/bin/clang -x objective-c -ivfsstatcache /Users/josh/Library/Developer/Xcode/DerivedData/SDKStatCaches.noindex/macosx15.5-24F74-8254517eb8b97d462ccbc072ba9094c9.sdkstatcache -fmessage-length\=0 -fdiagnostics-show-note-include-stack -fmacro-backtrace-limit\=0 -fno-color-diagnostics -Wno-trigraphs -Wno-missing-field-initializers -Wno-missing-prototypes -Wno-implicit-atomic-properties -Wno-objc-interface-ivars -Wno-arc-repeated-use-of-weak -Wno-missing-braces -Wparentheses -Wswitch -Wno-unused-function -Wno-unused-label -Wno-unused-parameter -Wunused-variable -Wunused-value -Wno-empty-body -Wno-uninitialized -Wno-unknown-pragmas -Wno-shadow -Wno-four-char-constants -Wno-conversion -Wno-constant-conversion -Wno-int-conversion -Wno-bool-conversion -Wno-enum-conversion -Wno-float-conversion -Wno-non-literal-null-conversion -Wno-objc-literal-conversion -Wshorten-64-to-32 -Wpointer-sign -Wno-newline-eof -Wno-selector -Wno-strict-selector-match -Wno-undeclared-selector -Wno-deprecated-implementations -Wno-implicit-fallthrough -fstrict-aliasing -Wprotocol -Wdeprecated-declarations -Wno-sign-conversion -Wno-infinite-recursion -Wno-comma -Wno-block-capture-autoreleasing -Wno-strict-prototypes -Wno-semicolon-before-method-body -index-store-path /Users/josh/Library/Developer/Xcode/DerivedData/GitX-cggrrpkbzogvjfcxoxftnovmywdq/Index.noindex/DataStore -Werror\=incompatible-pointer-types @/Users/josh/Library/Developer/Xcode/DerivedData/GitX-cggrrpkbzogvjfcxoxftnovmywdq/Build/Intermediates.noindex/GitX.build/Debug/GitX.build/Objects-normal/arm64/e6072d4f65d7061329687fe24e3d63a7-common-args.resp -include /Users/josh/Library/Developer/Xcode/DerivedData/GitX-cggrrpkbzogvjfcxoxftnovmywdq/Build/Intermediates.noindex/PrecompiledHeaders/SharedPrecompiledHeaders/13206212429846841114/GitX_Prefix.pch -MMD -MT dependencies -MF /Users/josh/Library/Developer/Xcode/DerivedData/GitX-cggrrpkbzogvjfcxoxftnovmywdq/Build/Intermediates.noindex/GitX.build/Debug/GitX.build/Objects-normal/arm64/PBGitRepository.d --serialize-diagnostics /Users/josh/Library/Developer/Xcode/DerivedData/GitX-cggrrpkbzogvjfcxoxftnovmywdq/Build/Intermediates.noindex/GitX.build/Debug/GitX.build/Objects-normal/arm64/PBGitRepository.dia -c /Users/josh/x/gitx/Classes/git/PBGitRepository.m -o /Users/josh/Library/Developer/Xcode/DerivedData/GitX-cggrrpkbzogvjfcxoxftnovmywdq/Build/Intermediates.noindex/GitX.build/Debug/GitX.build/Objects-normal/arm64/PBGitRepository.o -index-unit-output-path /GitX.build/Debug/GitX.build/Objects-normal/arm64/PBGitRepository.o
/Users/josh/x/gitx/Classes/git/PBGitRepository.m:95:9: warning: unused variable 'repoURL' [-Wunused-variable]
   95 |         NSURL *repoURL = [GitRepoFinder gitDirForURL:absoluteURL];
      |                ^~~~~~~
/Users/josh/x/gitx/Classes/git/PBGitRepository.m:709:30: warning: 'outputInWorkdirForArguments:retValue:' is deprecated [-Wdeprecated-declarations]
  709 |     NSString *output = [self outputInWorkdirForArguments:[NSArray arrayWithObjects:@"show-ref", name, nil] retValue:&retValue];
      |                              ^
In file included from /Users/josh/x/gitx/Classes/git/PBGitRepository.m:9:
/Users/josh/x/gitx/Classes/git/PBGitRepository.h:94:84: note: 'outputInWorkdirForArguments:retValue:' has been explicitly marked deprecated here
   94 | - (NSString *)outputInWorkdirForArguments:(NSArray*) arguments retValue:(int *)ret GITX_DEPRECATED;
      |                                                                                    ^
In file included from /Users/josh/x/gitx/Classes/git/PBGitRepository.m:1:
/Users/josh/x/gitx/GitX_Prefix.pch:11:41: note: expanded from macro 'GITX_DEPRECATED'
   11 | #define GITX_DEPRECATED __attribute__ ((deprecated))
      |                                         ^
/Users/josh/x/gitx/Classes/git/PBGitRepository.m:807:28: warning: 'outputInWorkdirForArguments:retValue:' is deprecated [-Wdeprecated-declarations]
  807 |         NSString *remotes = [self outputInWorkdirForArguments:[NSArray arrayWithObject:@"remote"] retValue:&retValue];
      |                                   ^
In file included from /Users/josh/x/gitx/Classes/git/PBGitRepository.m:9:
/Users/josh/x/gitx/Classes/git/PBGitRepository.h:94:84: note: 'outputInWorkdirForArguments:retValue:' has been explicitly marked deprecated here
   94 | - (NSString *)outputInWorkdirForArguments:(NSArray*) arguments retValue:(int *)ret GITX_DEPRECATED;
      |                                                                                    ^
In file included from /Users/josh/x/gitx/Classes/git/PBGitRepository.m:1:
/Users/josh/x/gitx/GitX_Prefix.pch:11:41: note: expanded from macro 'GITX_DEPRECATED'
   11 | #define GITX_DEPRECATED __attribute__ ((deprecated))
      |                                         ^
/Users/josh/x/gitx/Classes/git/PBGitRepository.m:909:27: warning: 'outputInWorkdirForArguments:retValue:' is deprecated [-Wdeprecated-declarations]
  909 |         NSString *output = [self outputInWorkdirForArguments:arguments retValue:&retValue];
      |                                  ^
In file included from /Users/josh/x/gitx/Classes/git/PBGitRepository.m:9:
/Users/josh/x/gitx/Classes/git/PBGitRepository.h:94:84: note: 'outputInWorkdirForArguments:retValue:' has been explicitly marked deprecated here
   94 | - (NSString *)outputInWorkdirForArguments:(NSArray*) arguments retValue:(int *)ret GITX_DEPRECATED;
      |                                                                                    ^
In file included from /Users/josh/x/gitx/Classes/git/PBGitRepository.m:1:
/Users/josh/x/gitx/GitX_Prefix.pch:11:41: note: expanded from macro 'GITX_DEPRECATED'
   11 | #define GITX_DEPRECATED __attribute__ ((deprecated))
      |                                         ^
/Users/josh/x/gitx/Classes/git/PBGitRepository.m:912:26: warning: 'showErrorSheetTitle:message:arguments:output:' is deprecated [-Wdeprecated-declarations]
  912 |                 [self.windowController showErrorSheetTitle:@"Checkout failed!" message:message arguments:arguments output:output];
      |                                        ^
In file included from /Users/josh/x/gitx/Classes/git/PBGitRepository.m:11:
/Users/josh/x/gitx/Classes/Controllers/PBGitWindowController.h:41:132: note: 'showErrorSheetTitle:message:arguments:output:' has been explicitly marked deprecated here
   41 | - (void)showErrorSheetTitle:(NSString *)title message:(NSString *)message arguments:(NSArray *)arguments output:(NSString *)output GITX_DEPRECATED;
      |                                                                                                                                    ^
In file included from /Users/josh/x/gitx/Classes/git/PBGitRepository.m:1:
/Users/josh/x/gitx/GitX_Prefix.pch:11:41: note: expanded from macro 'GITX_DEPRECATED'
   11 | #define GITX_DEPRECATED __attribute__ ((deprecated))
      |                                         ^
/Users/josh/x/gitx/Classes/git/PBGitRepository.m:929:27: warning: 'outputInWorkdirForArguments:retValue:' is deprecated [-Wdeprecated-declarations]
  929 |         NSString *output = [self outputInWorkdirForArguments:arguments retValue:&retValue];
      |                                  ^
In file included from /Users/josh/x/gitx/Classes/git/PBGitRepository.m:9:
/Users/josh/x/gitx/Classes/git/PBGitRepository.h:94:84: note: 'outputInWorkdirForArguments:retValue:' has been explicitly marked deprecated here
   94 | - (NSString *)outputInWorkdirForArguments:(NSArray*) arguments retValue:(int *)ret GITX_DEPRECATED;
      |                                                                                    ^
In file included from /Users/josh/x/gitx/Classes/git/PBGitRepository.m:1:
/Users/josh/x/gitx/GitX_Prefix.pch:11:41: note: expanded from macro 'GITX_DEPRECATED'
   11 | #define GITX_DEPRECATED __attribute__ ((deprecated))
      |                                         ^
/Users/josh/x/gitx/Classes/git/PBGitRepository.m:933:26: warning: 'showErrorSheetTitle:message:arguments:output:' is deprecated [-Wdeprecated-declarations]
  933 |                 [self.windowController showErrorSheetTitle:@"Merge failed!" message:message arguments:arguments output:output];
      |                                        ^
In file included from /Users/josh/x/gitx/Classes/git/PBGitRepository.m:11:
/Users/josh/x/gitx/Classes/Controllers/PBGitWindowController.h:41:132: note: 'showErrorSheetTitle:message:arguments:output:' has been explicitly marked deprecated here
   41 | - (void)showErrorSheetTitle:(NSString *)title message:(NSString *)message arguments:(NSArray *)arguments output:(NSString *)output GITX_DEPRECATED;
      |                                                                                                                                    ^
In file included from /Users/josh/x/gitx/Classes/git/PBGitRepository.m:1:
/Users/josh/x/gitx/GitX_Prefix.pch:11:41: note: expanded from macro 'GITX_DEPRECATED'
   11 | #define GITX_DEPRECATED __attribute__ ((deprecated))
      |                                         ^
/Users/josh/x/gitx/Classes/git/PBGitRepository.m:951:27: warning: 'outputInWorkdirForArguments:retValue:' is deprecated [-Wdeprecated-declarations]
  951 |         NSString *output = [self outputInWorkdirForArguments:arguments retValue:&retValue];
      |                                  ^
In file included from /Users/josh/x/gitx/Classes/git/PBGitRepository.m:9:
/Users/josh/x/gitx/Classes/git/PBGitRepository.h:94:84: note: 'outputInWorkdirForArguments:retValue:' has been explicitly marked deprecated here
   94 | - (NSString *)outputInWorkdirForArguments:(NSArray*) arguments retValue:(int *)ret GITX_DEPRECATED;
      |                                                                                    ^
In file included from /Users/josh/x/gitx/Classes/git/PBGitRepository.m:1:
/Users/josh/x/gitx/GitX_Prefix.pch:11:41: note: expanded from macro 'GITX_DEPRECATED'
   11 | #define GITX_DEPRECATED __attribute__ ((deprecated))
      |                                         ^
/Users/josh/x/gitx/Classes/git/PBGitRepository.m:954:26: warning: 'showErrorSheetTitle:message:arguments:output:' is deprecated [-Wdeprecated-declarations]
  954 |                 [self.windowController showErrorSheetTitle:@"Cherry pick failed!" message:message arguments:arguments output:output];
      |                                        ^
In file included from /Users/josh/x/gitx/Classes/git/PBGitRepository.m:11:
/Users/josh/x/gitx/Classes/Controllers/PBGitWindowController.h:41:132: note: 'showErrorSheetTitle:message:arguments:output:' has been explicitly marked deprecated here
   41 | - (void)showErrorSheetTitle:(NSString *)title message:(NSString *)message arguments:(NSArray *)arguments output:(NSString *)output GITX_DEPRECATED;
      |                                                                                                                                    ^
In file included from /Users/josh/x/gitx/Classes/git/PBGitRepository.m:1:
/Users/josh/x/gitx/GitX_Prefix.pch:11:41: note: expanded from macro 'GITX_DEPRECATED'
   11 | #define GITX_DEPRECATED __attribute__ ((deprecated))
      |                                         ^
/Users/josh/x/gitx/Classes/git/PBGitRepository.m:974:27: warning: 'outputInWorkdirForArguments:retValue:' is deprecated [-Wdeprecated-declarations]
  974 |         NSString *output = [self outputInWorkdirForArguments:arguments retValue:&retValue];
      |                                  ^
In file included from /Users/josh/x/gitx/Classes/git/PBGitRepository.m:9:
/Users/josh/x/gitx/Classes/git/PBGitRepository.h:94:84: note: 'outputInWorkdirForArguments:retValue:' has been explicitly marked deprecated here
   94 | - (NSString *)outputInWorkdirForArguments:(NSArray*) arguments retValue:(int *)ret GITX_DEPRECATED;
      |                                                                                    ^
In file included from /Users/josh/x/gitx/Classes/git/PBGitRepository.m:1:
/Users/josh/x/gitx/GitX_Prefix.pch:11:41: note: expanded from macro 'GITX_DEPRECATED'
   11 | #define GITX_DEPRECATED __attribute__ ((deprecated))
      |                                         ^
/Users/josh/x/gitx/Classes/git/PBGitRepository.m:980:26: warning: 'showErrorSheetTitle:message:arguments:output:' is deprecated [-Wdeprecated-declarations]
  980 |                 [self.windowController showErrorSheetTitle:@"Rebase failed!" message:message arguments:arguments output:output];
      |                                        ^
In file included from /Users/josh/x/gitx/Classes/git/PBGitRepository.m:11:
/Users/josh/x/gitx/Classes/Controllers/PBGitWindowController.h:41:132: note: 'showErrorSheetTitle:message:arguments:output:' has been explicitly marked deprecated here
   41 | - (void)showErrorSheetTitle:(NSString *)title message:(NSString *)message arguments:(NSArray *)arguments output:(NSString *)output GITX_DEPRECATED;
      |                                                                                                                                    ^
In file included from /Users/josh/x/gitx/Classes/git/PBGitRepository.m:1:
/Users/josh/x/gitx/GitX_Prefix.pch:11:41: note: expanded from macro 'GITX_DEPRECATED'
   11 | #define GITX_DEPRECATED __attribute__ ((deprecated))
      |                                         ^
/Users/josh/x/gitx/Classes/git/PBGitRepository.m:996:27: warning: 'outputInWorkdirForArguments:retValue:' is deprecated [-Wdeprecated-declarations]
  996 |         NSString *output = [self outputInWorkdirForArguments:arguments retValue:&retValue];
      |                                  ^
In file included from /Users/josh/x/gitx/Classes/git/PBGitRepository.m:9:
/Users/josh/x/gitx/Classes/git/PBGitRepository.h:94:84: note: 'outputInWorkdirForArguments:retValue:' has been explicitly marked deprecated here
   94 | - (NSString *)outputInWorkdirForArguments:(NSArray*) arguments retValue:(int *)ret GITX_DEPRECATED;
      |                                                                                    ^
In file included from /Users/josh/x/gitx/Classes/git/PBGitRepository.m:1:
/Users/josh/x/gitx/GitX_Prefix.pch:11:41: note: expanded from macro 'GITX_DEPRECATED'
   11 | #define GITX_DEPRECATED __attribute__ ((deprecated))
      |                                         ^
/Users/josh/x/gitx/Classes/git/PBGitRepository.m:999:26: warning: 'showErrorSheetTitle:message:arguments:output:' is deprecated [-Wdeprecated-declarations]
  999 |                 [self.windowController showErrorSheetTitle:@"Create Branch failed!" message:message arguments:arguments output:output];
      |                                        ^
In file included from /Users/josh/x/gitx/Classes/git/PBGitRepository.m:11:
/Users/josh/x/gitx/Classes/Controllers/PBGitWindowController.h:41:132: note: 'showErrorSheetTitle:message:arguments:output:' has been explicitly marked deprecated here
   41 | - (void)showErrorSheetTitle:(NSString *)title message:(NSString *)message arguments:(NSArray *)arguments output:(NSString *)output GITX_DEPRECATED;
      |                                                                                                                                    ^
In file included from /Users/josh/x/gitx/Classes/git/PBGitRepository.m:1:
/Users/josh/x/gitx/GitX_Prefix.pch:11:41: note: expanded from macro 'GITX_DEPRECATED'
   11 | #define GITX_DEPRECATED __attribute__ ((deprecated))
      |                                         ^
/Users/josh/x/gitx/Classes/git/PBGitRepository.m:1022:27: warning: 'outputForArguments:retValue:' is deprecated [-Wdeprecated-declarations]
 1022 |         NSString *output = [self outputForArguments:arguments retValue:&retValue];
      |                                  ^
In file included from /Users/josh/x/gitx/Classes/git/PBGitRepository.m:9:
/Users/josh/x/gitx/Classes/git/PBGitRepository.h:92:70: note: 'outputForArguments:retValue:' has been explicitly marked deprecated here
   92 | - (NSString*) outputForArguments:(NSArray*) args retValue:(int *)ret GITX_DEPRECATED;
      |                                                                      ^
In file included from /Users/josh/x/gitx/Classes/git/PBGitRepository.m:1:
/Users/josh/x/gitx/GitX_Prefix.pch:11:41: note: expanded from macro 'GITX_DEPRECATED'
   11 | #define GITX_DEPRECATED __attribute__ ((deprecated))
      |                                         ^
/Users/josh/x/gitx/Classes/git/PBGitRepository.m:1025:26: warning: 'showErrorSheetTitle:message:arguments:output:' is deprecated [-Wdeprecated-declarations]
 1025 |                 [self.windowController showErrorSheetTitle:@"Create Tag failed!" message:errorMessage arguments:arguments output:output];
      |                                        ^
In file included from /Users/josh/x/gitx/Classes/git/PBGitRepository.m:11:
/Users/josh/x/gitx/Classes/Controllers/PBGitWindowController.h:41:132: note: 'showErrorSheetTitle:message:arguments:output:' has been explicitly marked deprecated here
   41 | - (void)showErrorSheetTitle:(NSString *)title message:(NSString *)message arguments:(NSArray *)arguments output:(NSString *)output GITX_DEPRECATED;
      |                                                                                                                                    ^
In file included from /Users/josh/x/gitx/Classes/git/PBGitRepository.m:1:
/Users/josh/x/gitx/GitX_Prefix.pch:11:41: note: expanded from macro 'GITX_DEPRECATED'
   11 | #define GITX_DEPRECATED __attribute__ ((deprecated))
      |                                         ^
/Users/josh/x/gitx/Classes/git/PBGitRepository.m:1043:28: warning: 'outputForArguments:retValue:' is deprecated [-Wdeprecated-declarations]
 1043 |         NSString * output = [self outputForArguments:arguments retValue:&retValue];
      |                                   ^
In file included from /Users/josh/x/gitx/Classes/git/PBGitRepository.m:9:
/Users/josh/x/gitx/Classes/git/PBGitRepository.h:92:70: note: 'outputForArguments:retValue:' has been explicitly marked deprecated here
   92 | - (NSString*) outputForArguments:(NSArray*) args retValue:(int *)ret GITX_DEPRECATED;
      |                                                                      ^
In file included from /Users/josh/x/gitx/Classes/git/PBGitRepository.m:1:
/Users/josh/x/gitx/GitX_Prefix.pch:11:41: note: expanded from macro 'GITX_DEPRECATED'
   11 | #define GITX_DEPRECATED __attribute__ ((deprecated))
      |                                         ^
/Users/josh/x/gitx/Classes/git/PBGitRepository.m:1046:26: warning: 'showErrorSheetTitle:message:arguments:output:' is deprecated [-Wdeprecated-declarations]
 1046 |                 [self.windowController showErrorSheetTitle:@"Delete ref failed!" message:message arguments:arguments output:output];
      |                                        ^
In file included from /Users/josh/x/gitx/Classes/git/PBGitRepository.m:11:
/Users/josh/x/gitx/Classes/Controllers/PBGitWindowController.h:41:132: note: 'showErrorSheetTitle:message:arguments:output:' has been explicitly marked deprecated here
   41 | - (void)showErrorSheetTitle:(NSString *)title message:(NSString *)message arguments:(NSArray *)arguments output:(NSString *)output GITX_DEPRECATED;
      |                                                                                                                                    ^
In file included from /Users/josh/x/gitx/Classes/git/PBGitRepository.m:1:
/Users/josh/x/gitx/GitX_Prefix.pch:11:41: note: expanded from macro 'GITX_DEPRECATED'
   11 | #define GITX_DEPRECATED __attribute__ ((deprecated))
      |                                         ^
/Users/josh/x/gitx/Classes/git/PBGitRepository.m:1161:8: warning: 'outputForCommand:retValue:' is deprecated [-Wdeprecated-declarations]
 1161 |         [self outputForCommand:cmd retValue: &i];
      |               ^
In file included from /Users/josh/x/gitx/Classes/git/PBGitRepository.m:9:
/Users/josh/x/gitx/Classes/git/PBGitRepository.h:86:68: note: 'outputForCommand:retValue:' has been explicitly marked deprecated here
   86 | - (NSString *)outputForCommand:(NSString *)str retValue:(int *)ret GITX_DEPRECATED;
      |                                                                    ^
In file included from /Users/josh/x/gitx/Classes/git/PBGitRepository.m:1:
/Users/josh/x/gitx/GitX_Prefix.pch:11:41: note: expanded from macro 'GITX_DEPRECATED'
   11 | #define GITX_DEPRECATED __attribute__ ((deprecated))
      |                                         ^
/Users/josh/x/gitx/Classes/git/PBGitRepository.m:1267:24: warning: 'outputForArguments:retValue:' is deprecated [-Wdeprecated-declarations]
 1267 |         NSString *ref = [self outputForArguments:[NSArray arrayWithObjects: @"rev-parse", @"--verify", reference, nil] retValue: &ret];
      |                               ^
In file included from /Users/josh/x/gitx/Classes/git/PBGitRepository.m:9:
/Users/josh/x/gitx/Classes/git/PBGitRepository.h:92:70: note: 'outputForArguments:retValue:' has been explicitly marked deprecated here
   92 | - (NSString*) outputForArguments:(NSArray*) args retValue:(int *)ret GITX_DEPRECATED;
      |                                                                      ^
In file included from /Users/josh/x/gitx/Classes/git/PBGitRepository.m:1:
/Users/josh/x/gitx/GitX_Prefix.pch:11:41: note: expanded from macro 'GITX_DEPRECATED'
   11 | #define GITX_DEPRECATED __attribute__ ((deprecated))
      |                                         ^
/Users/josh/x/gitx/Classes/git/PBGitRepository.m:1276:24: warning: 'outputForArguments:' is deprecated [-Wdeprecated-declarations]
 1276 |         NSString* ref = [self outputForArguments:[NSArray arrayWithObjects: @"symbolic-ref", @"-q", reference, nil]];
      |                               ^
In file included from /Users/josh/x/gitx/Classes/git/PBGitRepository.m:9:
/Users/josh/x/gitx/Classes/git/PBGitRepository.h:91:50: note: 'outputForArguments:' has been explicitly marked deprecated here
   91 | - (NSString*) outputForArguments:(NSArray*) args GITX_DEPRECATED;
      |                                                  ^
In file included from /Users/josh/x/gitx/Classes/git/PBGitRepository.m:1:
/Users/josh/x/gitx/GitX_Prefix.pch:11:41: note: expanded from macro 'GITX_DEPRECATED'
   11 | #define GITX_DEPRECATED __attribute__ ((deprecated))
      |                                         ^
20 warnings generated.

CompileC /Users/josh/Library/Developer/Xcode/DerivedData/GitX-cggrrpkbzogvjfcxoxftnovmywdq/Build/Intermediates.noindex/GitX.build/Debug/GitX.build/Objects-normal/arm64/PBGitRef.o /Users/josh/x/gitx/Classes/git/PBGitRef.m normal arm64 objective-c com.apple.compilers.llvm.clang.1_0.compiler (in target 'GitX' from project 'GitX')
    cd /Users/josh/x/gitx
    
    Using response file: /Users/josh/Library/Developer/Xcode/DerivedData/GitX-cggrrpkbzogvjfcxoxftnovmywdq/Build/Intermediates.noindex/GitX.build/Debug/GitX.build/Objects-normal/arm64/e6072d4f65d7061329687fe24e3d63a7-common-args.resp
    
    /Applications/Xcode.app/Contents/Developer/Toolchains/XcodeDefault.xctoolchain/usr/bin/clang -x objective-c -ivfsstatcache /Users/josh/Library/Developer/Xcode/DerivedData/SDKStatCaches.noindex/macosx15.5-24F74-8254517eb8b97d462ccbc072ba9094c9.sdkstatcache -fmessage-length\=0 -fdiagnostics-show-note-include-stack -fmacro-backtrace-limit\=0 -fno-color-diagnostics -Wno-trigraphs -Wno-missing-field-initializers -Wno-missing-prototypes -Wno-implicit-atomic-properties -Wno-objc-interface-ivars -Wno-arc-repeated-use-of-weak -Wno-missing-braces -Wparentheses -Wswitch -Wno-unused-function -Wno-unused-label -Wno-unused-parameter -Wunused-variable -Wunused-value -Wno-empty-body -Wno-uninitialized -Wno-unknown-pragmas -Wno-shadow -Wno-four-char-constants -Wno-conversion -Wno-constant-conversion -Wno-int-conversion -Wno-bool-conversion -Wno-enum-conversion -Wno-float-conversion -Wno-non-literal-null-conversion -Wno-objc-literal-conversion -Wshorten-64-to-32 -Wpointer-sign -Wno-newline-eof -Wno-selector -Wno-strict-selector-match -Wno-undeclared-selector -Wno-deprecated-implementations -Wno-implicit-fallthrough -fstrict-aliasing -Wprotocol -Wdeprecated-declarations -Wno-sign-conversion -Wno-infinite-recursion -Wno-comma -Wno-block-capture-autoreleasing -Wno-strict-prototypes -Wno-semicolon-before-method-body -index-store-path /Users/josh/Library/Developer/Xcode/DerivedData/GitX-cggrrpkbzogvjfcxoxftnovmywdq/Index.noindex/DataStore -Werror\=incompatible-pointer-types @/Users/josh/Library/Developer/Xcode/DerivedData/GitX-cggrrpkbzogvjfcxoxftnovmywdq/Build/Intermediates.noindex/GitX.build/Debug/GitX.build/Objects-normal/arm64/e6072d4f65d7061329687fe24e3d63a7-common-args.resp -include /Users/josh/Library/Developer/Xcode/DerivedData/GitX-cggrrpkbzogvjfcxoxftnovmywdq/Build/Intermediates.noindex/PrecompiledHeaders/SharedPrecompiledHeaders/13206212429846841114/GitX_Prefix.pch -MMD -MT dependencies -MF /Users/josh/Library/Developer/Xcode/DerivedData/GitX-cggrrpkbzogvjfcxoxftnovmywdq/Build/Intermediates.noindex/GitX.build/Debug/GitX.build/Objects-normal/arm64/PBGitRef.d --serialize-diagnostics /Users/josh/Library/Developer/Xcode/DerivedData/GitX-cggrrpkbzogvjfcxoxftnovmywdq/Build/Intermediates.noindex/GitX.build/Debug/GitX.build/Objects-normal/arm64/PBGitRef.dia -c /Users/josh/x/gitx/Classes/git/PBGitRef.m -o /Users/josh/Library/Developer/Xcode/DerivedData/GitX-cggrrpkbzogvjfcxoxftnovmywdq/Build/Intermediates.noindex/GitX.build/Debug/GitX.build/Objects-normal/arm64/PBGitRef.o -index-unit-output-path /GitX.build/Debug/GitX.build/Objects-normal/arm64/PBGitRef.o

CompileC /Users/josh/Library/Developer/Xcode/DerivedData/GitX-cggrrpkbzogvjfcxoxftnovmywdq/Build/Intermediates.noindex/GitX.build/Debug/GitX.build/Objects-normal/arm64/PBGitLane.o /Users/josh/x/gitx/Classes/git/PBGitLane.mm normal arm64 objective-c++ com.apple.compilers.llvm.clang.1_0.compiler (in target 'GitX' from project 'GitX')
    cd /Users/josh/x/gitx
    
    Using response file: /Users/josh/Library/Developer/Xcode/DerivedData/GitX-cggrrpkbzogvjfcxoxftnovmywdq/Build/Intermediates.noindex/GitX.build/Debug/GitX.build/Objects-normal/arm64/af3fcb34312c57c0f52879cdce924b91-common-args.resp
    
    /Applications/Xcode.app/Contents/Developer/Toolchains/XcodeDefault.xctoolchain/usr/bin/clang -x objective-c++ -ivfsstatcache /Users/josh/Library/Developer/Xcode/DerivedData/SDKStatCaches.noindex/macosx15.5-24F74-8254517eb8b97d462ccbc072ba9094c9.sdkstatcache -fmessage-length\=0 -fdiagnostics-show-note-include-stack -fmacro-backtrace-limit\=0 -fno-color-diagnostics -Wno-trigraphs -Wno-missing-field-initializers -Wno-missing-prototypes -Wno-implicit-atomic-properties -Wno-objc-interface-ivars -Wno-arc-repeated-use-of-weak -Wno-non-virtual-dtor -Wno-overloaded-virtual -Wno-exit-time-destructors -Wno-missing-braces -Wparentheses -Wswitch -Wno-unused-function -Wno-unused-label -Wno-unused-parameter -Wunused-variable -Wunused-value -Wno-empty-body -Wno-uninitialized -Wno-unknown-pragmas -Wno-shadow -Wno-four-char-constants -Wno-conversion -Wno-constant-conversion -Wno-int-conversion -Wno-bool-conversion -Wno-enum-conversion -Wno-float-conversion -Wno-non-literal-null-conversion -Wno-objc-literal-conversion -Wshorten-64-to-32 -Wno-newline-eof -Wno-selector -Wno-strict-selector-match -Wno-undeclared-selector -Wno-deprecated-implementations -Wno-c++11-extensions -Wno-implicit-fallthrough -fstrict-aliasing -Wprotocol -Wdeprecated-declarations -Winvalid-offsetof -Wno-sign-conversion -Wno-infinite-recursion -Wno-move -Wno-comma -Wno-block-capture-autoreleasing -Wno-strict-prototypes -Wno-range-loop-analysis -Wno-semicolon-before-method-body -index-store-path /Users/josh/Library/Developer/Xcode/DerivedData/GitX-cggrrpkbzogvjfcxoxftnovmywdq/Index.noindex/DataStore -Werror\=incompatible-pointer-types @/Users/josh/Library/Developer/Xcode/DerivedData/GitX-cggrrpkbzogvjfcxoxftnovmywdq/Build/Intermediates.noindex/GitX.build/Debug/GitX.build/Objects-normal/arm64/af3fcb34312c57c0f52879cdce924b91-common-args.resp -include /Users/josh/Library/Developer/Xcode/DerivedData/GitX-cggrrpkbzogvjfcxoxftnovmywdq/Build/Intermediates.noindex/PrecompiledHeaders/SharedPrecompiledHeaders/6236784496394605759/GitX_Prefix.pch -MMD -MT dependencies -MF /Users/josh/Library/Developer/Xcode/DerivedData/GitX-cggrrpkbzogvjfcxoxftnovmywdq/Build/Intermediates.noindex/GitX.build/Debug/GitX.build/Objects-normal/arm64/PBGitLane.d --serialize-diagnostics /Users/josh/Library/Developer/Xcode/DerivedData/GitX-cggrrpkbzogvjfcxoxftnovmywdq/Build/Intermediates.noindex/GitX.build/Debug/GitX.build/Objects-normal/arm64/PBGitLane.dia -c /Users/josh/x/gitx/Classes/git/PBGitLane.mm -o /Users/josh/Library/Developer/Xcode/DerivedData/GitX-cggrrpkbzogvjfcxoxftnovmywdq/Build/Intermediates.noindex/GitX.build/Debug/GitX.build/Objects-normal/arm64/PBGitLane.o -index-unit-output-path /GitX.build/Debug/GitX.build/Objects-normal/arm64/PBGitLane.o

CompileC /Users/josh/Library/Developer/Xcode/DerivedData/GitX-cggrrpkbzogvjfcxoxftnovmywdq/Build/Intermediates.noindex/GitX.build/Debug/GitX.build/Objects-normal/arm64/PBGitIndexController.o /Users/josh/x/gitx/Classes/Controllers/PBGitIndexController.m normal arm64 objective-c com.apple.compilers.llvm.clang.1_0.compiler (in target 'GitX' from project 'GitX')
    cd /Users/josh/x/gitx
    
    Using response file: /Users/josh/Library/Developer/Xcode/DerivedData/GitX-cggrrpkbzogvjfcxoxftnovmywdq/Build/Intermediates.noindex/GitX.build/Debug/GitX.build/Objects-normal/arm64/e6072d4f65d7061329687fe24e3d63a7-common-args.resp
    
    /Applications/Xcode.app/Contents/Developer/Toolchains/XcodeDefault.xctoolchain/usr/bin/clang -x objective-c -ivfsstatcache /Users/josh/Library/Developer/Xcode/DerivedData/SDKStatCaches.noindex/macosx15.5-24F74-8254517eb8b97d462ccbc072ba9094c9.sdkstatcache -fmessage-length\=0 -fdiagnostics-show-note-include-stack -fmacro-backtrace-limit\=0 -fno-color-diagnostics -Wno-trigraphs -Wno-missing-field-initializers -Wno-missing-prototypes -Wno-implicit-atomic-properties -Wno-objc-interface-ivars -Wno-arc-repeated-use-of-weak -Wno-missing-braces -Wparentheses -Wswitch -Wno-unused-function -Wno-unused-label -Wno-unused-parameter -Wunused-variable -Wunused-value -Wno-empty-body -Wno-uninitialized -Wno-unknown-pragmas -Wno-shadow -Wno-four-char-constants -Wno-conversion -Wno-constant-conversion -Wno-int-conversion -Wno-bool-conversion -Wno-enum-conversion -Wno-float-conversion -Wno-non-literal-null-conversion -Wno-objc-literal-conversion -Wshorten-64-to-32 -Wpointer-sign -Wno-newline-eof -Wno-selector -Wno-strict-selector-match -Wno-undeclared-selector -Wno-deprecated-implementations -Wno-implicit-fallthrough -fstrict-aliasing -Wprotocol -Wdeprecated-declarations -Wno-sign-conversion -Wno-infinite-recursion -Wno-comma -Wno-block-capture-autoreleasing -Wno-strict-prototypes -Wno-semicolon-before-method-body -index-store-path /Users/josh/Library/Developer/Xcode/DerivedData/GitX-cggrrpkbzogvjfcxoxftnovmywdq/Index.noindex/DataStore -Werror\=incompatible-pointer-types @/Users/josh/Library/Developer/Xcode/DerivedData/GitX-cggrrpkbzogvjfcxoxftnovmywdq/Build/Intermediates.noindex/GitX.build/Debug/GitX.build/Objects-normal/arm64/e6072d4f65d7061329687fe24e3d63a7-common-args.resp -include /Users/josh/Library/Developer/Xcode/DerivedData/GitX-cggrrpkbzogvjfcxoxftnovmywdq/Build/Intermediates.noindex/PrecompiledHeaders/SharedPrecompiledHeaders/13206212429846841114/GitX_Prefix.pch -MMD -MT dependencies -MF /Users/josh/Library/Developer/Xcode/DerivedData/GitX-cggrrpkbzogvjfcxoxftnovmywdq/Build/Intermediates.noindex/GitX.build/Debug/GitX.build/Objects-normal/arm64/PBGitIndexController.d --serialize-diagnostics /Users/josh/Library/Developer/Xcode/DerivedData/GitX-cggrrpkbzogvjfcxoxftnovmywdq/Build/Intermediates.noindex/GitX.build/Debug/GitX.build/Objects-normal/arm64/PBGitIndexController.dia -c /Users/josh/x/gitx/Classes/Controllers/PBGitIndexController.m -o /Users/josh/Library/Developer/Xcode/DerivedData/GitX-cggrrpkbzogvjfcxoxftnovmywdq/Build/Intermediates.noindex/GitX.build/Debug/GitX.build/Objects-normal/arm64/PBGitIndexController.o -index-unit-output-path /GitX.build/Debug/GitX.build/Objects-normal/arm64/PBGitIndexController.o
/Users/josh/x/gitx/Classes/Controllers/PBGitIndexController.m:58:52: warning: 'showErrorSheet:' is deprecated [-Wdeprecated-declarations]
   58 |                         [[commitController.repository windowController] showErrorSheet:error];
      |                                                                         ^
In file included from /Users/josh/x/gitx/Classes/Controllers/PBGitIndexController.m:9:
In file included from /Users/josh/x/gitx/Classes/Controllers/PBGitIndexController.h:10:
In file included from /Users/josh/x/gitx/Classes/Controllers/PBGitCommitController.h:10:
In file included from /Users/josh/x/gitx/Classes/Controllers/PBViewController.h:11:
/Users/josh/x/gitx/Classes/Controllers/PBGitWindowController.h:40:41: note: 'showErrorSheet:' has been explicitly marked deprecated here
   40 | - (void)showErrorSheet:(NSError *)error GITX_DEPRECATED;
      |                                         ^
In file included from /Users/josh/x/gitx/Classes/Controllers/PBGitIndexController.m:1:
/Users/josh/x/gitx/GitX_Prefix.pch:11:41: note: expanded from macro 'GITX_DEPRECATED'
   11 | #define GITX_DEPRECATED __attribute__ ((deprecated))
      |                                         ^
/Users/josh/x/gitx/Classes/Controllers/PBGitIndexController.m:69:51: warning: 'showErrorSheet:' is deprecated [-Wdeprecated-declarations]
   69 |                 [[commitController.repository windowController] showErrorSheet:error];
      |                                                                 ^
In file included from /Users/josh/x/gitx/Classes/Controllers/PBGitIndexController.m:9:
In file included from /Users/josh/x/gitx/Classes/Controllers/PBGitIndexController.h:10:
In file included from /Users/josh/x/gitx/Classes/Controllers/PBGitCommitController.h:10:
In file included from /Users/josh/x/gitx/Classes/Controllers/PBViewController.h:11:
/Users/josh/x/gitx/Classes/Controllers/PBGitWindowController.h:40:41: note: 'showErrorSheet:' has been explicitly marked deprecated here
   40 | - (void)showErrorSheet:(NSError *)error GITX_DEPRECATED;
      |                                         ^
In file included from /Users/josh/x/gitx/Classes/Controllers/PBGitIndexController.m:1:
/Users/josh/x/gitx/GitX_Prefix.pch:11:41: note: expanded from macro 'GITX_DEPRECATED'
   11 | #define GITX_DEPRECATED __attribute__ ((deprecated))
      |                                         ^
/Users/josh/x/gitx/Classes/Controllers/PBGitIndexController.m:250:48: warning: null passed to a callee that requires a non-null argument [-Wnonnull]
  250 |         [ws selectFile: path inFileViewerRootedAtPath:nil];
      |                                                       ^~~
In file included from /Users/josh/x/gitx/Classes/Controllers/PBGitIndexController.m:1:
In file included from /Users/josh/x/gitx/GitX_Prefix.pch:4:
In file included from /Applications/Xcode.app/Contents/Developer/Platforms/MacOSX.platform/Developer/SDKs/MacOSX15.5.sdk/System/Library/Frameworks/Cocoa.framework/Headers/Cocoa.h:12:
In file included from /Applications/Xcode.app/Contents/Developer/Platforms/MacOSX.platform/Developer/SDKs/MacOSX15.5.sdk/System/Library/Frameworks/Foundation.framework/Headers/Foundation.h:6:
In file included from /Applications/Xcode.app/Contents/Developer/Platforms/MacOSX.platform/Developer/SDKs/MacOSX15.5.sdk/System/Library/Frameworks/CoreFoundation.framework/Headers/CoreFoundation.h:54:
In file included from /Applications/Xcode.app/Contents/Developer/Platforms/MacOSX.platform/Developer/SDKs/MacOSX15.5.sdk/System/Library/Frameworks/CoreFoundation.framework/Headers/CFBase.h:80:
/Applications/Xcode.app/Contents/Developer/Platforms/MacOSX.platform/Developer/SDKs/MacOSX15.5.sdk/usr/include/MacTypes.h:96:19: note: expanded from macro 'nil'
   96 |       #define nil __DARWIN_NULL
      |                   ^~~~~~~~~~~~~
In file included from /Users/josh/x/gitx/Classes/Controllers/PBGitIndexController.m:1:
In file included from /Users/josh/x/gitx/GitX_Prefix.pch:4:
In file included from /Applications/Xcode.app/Contents/Developer/Platforms/MacOSX.platform/Developer/SDKs/MacOSX15.5.sdk/System/Library/Frameworks/Cocoa.framework/Headers/Cocoa.h:12:
In file included from /Applications/Xcode.app/Contents/Developer/Platforms/MacOSX.platform/Developer/SDKs/MacOSX15.5.sdk/System/Library/Frameworks/Foundation.framework/Headers/Foundation.h:6:
In file included from /Applications/Xcode.app/Contents/Developer/Platforms/MacOSX.platform/Developer/SDKs/MacOSX15.5.sdk/System/Library/Frameworks/CoreFoundation.framework/Headers/CoreFoundation.h:18:
In file included from /Applications/Xcode.app/Contents/Developer/Platforms/MacOSX.platform/Developer/SDKs/MacOSX15.5.sdk/usr/include/sys/types.h:79:
/Applications/Xcode.app/Contents/Developer/Platforms/MacOSX.platform/Developer/SDKs/MacOSX15.5.sdk/usr/include/sys/_types.h:64:23: note: expanded from macro '__DARWIN_NULL'
   64 | #define __DARWIN_NULL ((void *)0)
      |                       ^~~~~~~~~~~
/Users/josh/x/gitx/Classes/Controllers/PBGitIndexController.m:284:20: warning: 'NSAlertDefaultReturn' is deprecated: first deprecated in macOS 10.10 - Use NSAlertFirstButtonReturn with an NSAlert presentation instead [-Wdeprecated-declarations]
  284 |         if (returnCode == NSAlertDefaultReturn) {
      |                           ^
In file included from /Users/josh/x/gitx/Classes/Controllers/PBGitIndexController.m:1:
In file included from /Users/josh/x/gitx/GitX_Prefix.pch:4:
In file included from /Applications/Xcode.app/Contents/Developer/Platforms/MacOSX.platform/Developer/SDKs/MacOSX15.5.sdk/System/Library/Frameworks/Cocoa.framework/Headers/Cocoa.h:13:
In file included from /Applications/Xcode.app/Contents/Developer/Platforms/MacOSX.platform/Developer/SDKs/MacOSX15.5.sdk/System/Library/Frameworks/AppKit.framework/Headers/AppKit.h:44:
In file included from /Applications/Xcode.app/Contents/Developer/Platforms/MacOSX.platform/Developer/SDKs/MacOSX15.5.sdk/System/Library/Frameworks/AppKit.framework/Headers/NSFontPanel.h:8:
/Applications/Xcode.app/Contents/Developer/Platforms/MacOSX.platform/Developer/SDKs/MacOSX15.5.sdk/System/Library/Frameworks/AppKit.framework/Headers/NSPanel.h:45:5: note: 'NSAlertDefaultReturn' has been explicitly marked deprecated here
   45 |     NSAlertDefaultReturn API_DEPRECATED("Use NSAlertFirstButtonReturn with an NSAlert presentation instead", macos(10.0,10.10)) = 1,
      |     ^
/Users/josh/x/gitx/Classes/Controllers/PBGitIndexController.m:292:29: warning: 'alertWithMessageText:defaultButton:alternateButton:otherButton:informativeTextWithFormat:' is deprecated: first deprecated in macOS 10.10 - Use -init instead [-Wdeprecated-declarations]
  292 |                 NSAlert *alert = [NSAlert alertWithMessageText:@"Discard changes"
      |                                           ^
In file included from /Users/josh/x/gitx/Classes/Controllers/PBGitIndexController.m:1:
In file included from /Users/josh/x/gitx/GitX_Prefix.pch:4:
In file included from /Applications/Xcode.app/Contents/Developer/Platforms/MacOSX.platform/Developer/SDKs/MacOSX15.5.sdk/System/Library/Frameworks/Cocoa.framework/Headers/Cocoa.h:13:
In file included from /Applications/Xcode.app/Contents/Developer/Platforms/MacOSX.platform/Developer/SDKs/MacOSX15.5.sdk/System/Library/Frameworks/AppKit.framework/Headers/AppKit.h:17:
/Applications/Xcode.app/Contents/Developer/Platforms/MacOSX.platform/Developer/SDKs/MacOSX15.5.sdk/System/Library/Frameworks/AppKit.framework/Headers/NSAlert.h:184:1: note: 'alertWithMessageText:defaultButton:alternateButton:otherButton:informativeTextWithFormat:' has been explicitly marked deprecated here
  184 | + (NSAlert *)alertWithMessageText:(nullable NSString *)message defaultButton:(nullable NSString *)defaultButton alternateButton:(nullable NSString *)alternateButton otherButton:(nullable NSString *)otherButton informativeTextWithFormat:(NSString *)format, ... NS_FORMAT_FUNCTION(5,6) API_DEPRECATED("Use -init instead", macos(10.3,10.10));
      | ^
/Users/josh/x/gitx/Classes/Controllers/PBGitIndexController.m:297:16: warning: 'beginSheetModalForWindow:modalDelegate:didEndSelector:contextInfo:' is deprecated: first deprecated in macOS 10.10 - Use -beginSheetModalForWindow:completionHandler: instead [-Wdeprecated-declarations]
  297 |         [alert beginSheetModalForWindow:[[commitController view] window]
      |                ^
In file included from /Users/josh/x/gitx/Classes/Controllers/PBGitIndexController.m:1:
In file included from /Users/josh/x/gitx/GitX_Prefix.pch:4:
In file included from /Applications/Xcode.app/Contents/Developer/Platforms/MacOSX.platform/Developer/SDKs/MacOSX15.5.sdk/System/Library/Frameworks/Cocoa.framework/Headers/Cocoa.h:13:
In file included from /Applications/Xcode.app/Contents/Developer/Platforms/MacOSX.platform/Developer/SDKs/MacOSX15.5.sdk/System/Library/Frameworks/AppKit.framework/Headers/AppKit.h:17:
/Applications/Xcode.app/Contents/Developer/Platforms/MacOSX.platform/Developer/SDKs/MacOSX15.5.sdk/System/Library/Frameworks/AppKit.framework/Headers/NSAlert.h:186:1: note: 'beginSheetModalForWindow:modalDelegate:didEndSelector:contextInfo:' has been explicitly marked deprecated here
  186 | - (void)beginSheetModalForWindow:(NSWindow *)window modalDelegate:(nullable id)delegate didEndSelector:(nullable SEL)didEndSelector contextInfo:(nullable void *)contextInfo API_DEPRECATED("Use -beginSheetModalForWindow:completionHandler: instead", macos(10.3,10.10));
      | ^
6 warnings generated.

CompileC /Users/josh/Library/Developer/Xcode/DerivedData/GitX-cggrrpkbzogvjfcxoxftnovmywdq/Build/Intermediates.noindex/GitX.build/Debug/GitX.build/Objects-normal/arm64/PBGitIndex.o /Users/josh/x/gitx/Classes/git/PBGitIndex.m normal arm64 objective-c com.apple.compilers.llvm.clang.1_0.compiler (in target 'GitX' from project 'GitX')
    cd /Users/josh/x/gitx
    
    Using response file: /Users/josh/Library/Developer/Xcode/DerivedData/GitX-cggrrpkbzogvjfcxoxftnovmywdq/Build/Intermediates.noindex/GitX.build/Debug/GitX.build/Objects-normal/arm64/e6072d4f65d7061329687fe24e3d63a7-common-args.resp
    
    /Applications/Xcode.app/Contents/Developer/Toolchains/XcodeDefault.xctoolchain/usr/bin/clang -x objective-c -ivfsstatcache /Users/josh/Library/Developer/Xcode/DerivedData/SDKStatCaches.noindex/macosx15.5-24F74-8254517eb8b97d462ccbc072ba9094c9.sdkstatcache -fmessage-length\=0 -fdiagnostics-show-note-include-stack -fmacro-backtrace-limit\=0 -fno-color-diagnostics -Wno-trigraphs -Wno-missing-field-initializers -Wno-missing-prototypes -Wno-implicit-atomic-properties -Wno-objc-interface-ivars -Wno-arc-repeated-use-of-weak -Wno-missing-braces -Wparentheses -Wswitch -Wno-unused-function -Wno-unused-label -Wno-unused-parameter -Wunused-variable -Wunused-value -Wno-empty-body -Wno-uninitialized -Wno-unknown-pragmas -Wno-shadow -Wno-four-char-constants -Wno-conversion -Wno-constant-conversion -Wno-int-conversion -Wno-bool-conversion -Wno-enum-conversion -Wno-float-conversion -Wno-non-literal-null-conversion -Wno-objc-literal-conversion -Wshorten-64-to-32 -Wpointer-sign -Wno-newline-eof -Wno-selector -Wno-strict-selector-match -Wno-undeclared-selector -Wno-deprecated-implementations -Wno-implicit-fallthrough -fstrict-aliasing -Wprotocol -Wdeprecated-declarations -Wno-sign-conversion -Wno-infinite-recursion -Wno-comma -Wno-block-capture-autoreleasing -Wno-strict-prototypes -Wno-semicolon-before-method-body -index-store-path /Users/josh/Library/Developer/Xcode/DerivedData/GitX-cggrrpkbzogvjfcxoxftnovmywdq/Index.noindex/DataStore -Werror\=incompatible-pointer-types @/Users/josh/Library/Developer/Xcode/DerivedData/GitX-cggrrpkbzogvjfcxoxftnovmywdq/Build/Intermediates.noindex/GitX.build/Debug/GitX.build/Objects-normal/arm64/e6072d4f65d7061329687fe24e3d63a7-common-args.resp -include /Users/josh/Library/Developer/Xcode/DerivedData/GitX-cggrrpkbzogvjfcxoxftnovmywdq/Build/Intermediates.noindex/PrecompiledHeaders/SharedPrecompiledHeaders/13206212429846841114/GitX_Prefix.pch -MMD -MT dependencies -MF /Users/josh/Library/Developer/Xcode/DerivedData/GitX-cggrrpkbzogvjfcxoxftnovmywdq/Build/Intermediates.noindex/GitX.build/Debug/GitX.build/Objects-normal/arm64/PBGitIndex.d --serialize-diagnostics /Users/josh/Library/Developer/Xcode/DerivedData/GitX-cggrrpkbzogvjfcxoxftnovmywdq/Build/Intermediates.noindex/GitX.build/Debug/GitX.build/Objects-normal/arm64/PBGitIndex.dia -c /Users/josh/x/gitx/Classes/git/PBGitIndex.m -o /Users/josh/Library/Developer/Xcode/DerivedData/GitX-cggrrpkbzogvjfcxoxftnovmywdq/Build/Intermediates.noindex/GitX.build/Debug/GitX.build/Objects-normal/arm64/PBGitIndex.o -index-unit-output-path /GitX.build/Debug/GitX.build/Objects-normal/arm64/PBGitIndex.o
/Users/josh/x/gitx/Classes/git/PBGitIndex.m:98:34: warning: 'outputForCommand:' is deprecated [-Wdeprecated-declarations]
   98 |         NSString *message = [repository outputForCommand:@"cat-file commit HEAD"];
      |                                         ^
In file included from /Users/josh/x/gitx/Classes/git/PBGitIndex.m:10:
/Users/josh/x/gitx/Classes/git/PBGitRepository.h:85:48: note: 'outputForCommand:' has been explicitly marked deprecated here
   85 | - (NSString*) outputForCommand:(NSString*) cmd GITX_DEPRECATED;
      |                                                ^
In file included from /Users/josh/x/gitx/Classes/git/PBGitIndex.m:1:
/Users/josh/x/gitx/GitX_Prefix.pch:11:41: note: expanded from macro 'GITX_DEPRECATED'
   11 | #define GITX_DEPRECATED __attribute__ ((deprecated))
      |                                         ^
/Users/josh/x/gitx/Classes/git/PBGitIndex.m:132:43: warning: 'handleForCommand:withArgs:inDir:' is deprecated [-Wdeprecated-declarations]
  132 |         NSFileHandle *updateHandle = [PBEasyPipe handleForCommand:[PBGitBinary path] 
      |                                                  ^
In file included from /Users/josh/x/gitx/Classes/git/PBGitIndex.m:12:
/Users/josh/x/gitx/Classes/Util/PBEasyPipe.h:18:102: note: 'handleForCommand:withArgs:inDir:' has been explicitly marked deprecated here
   18 | + (NSFileHandle*) handleForCommand: (NSString*) cmd withArgs: (NSArray*) args inDir: (NSString*) dir GITX_DEPRECATED;
      |                                                                                                      ^
In file included from /Users/josh/x/gitx/Classes/git/PBGitIndex.m:1:
/Users/josh/x/gitx/GitX_Prefix.pch:11:41: note: expanded from macro 'GITX_DEPRECATED'
   11 | #define GITX_DEPRECATED __attribute__ ((deprecated))
      |                                         ^
/Users/josh/x/gitx/Classes/git/PBGitIndex.m:172:31: warning: 'outputForCommand:' is deprecated [-Wdeprecated-declarations]
  172 |         NSString *tree = [repository outputForCommand:@"write-tree"];
      |                                      ^
In file included from /Users/josh/x/gitx/Classes/git/PBGitIndex.m:10:
/Users/josh/x/gitx/Classes/git/PBGitRepository.h:85:48: note: 'outputForCommand:' has been explicitly marked deprecated here
   85 | - (NSString*) outputForCommand:(NSString*) cmd GITX_DEPRECATED;
      |                                                ^
In file included from /Users/josh/x/gitx/Classes/git/PBGitIndex.m:1:
/Users/josh/x/gitx/GitX_Prefix.pch:11:41: note: expanded from macro 'GITX_DEPRECATED'
   11 | #define GITX_DEPRECATED __attribute__ ((deprecated))
      |                                         ^
/Users/josh/x/gitx/Classes/git/PBGitIndex.m:191:26: warning: 'executeHook:output:' is deprecated [-Wdeprecated-declarations]
  191 |         if (![repository executeHook:@"pre-commit" output:&hookOutput]) {
      |                          ^
In file included from /Users/josh/x/gitx/Classes/git/PBGitIndex.m:10:
/Users/josh/x/gitx/Classes/git/PBGitRepository.h:95:65: note: 'executeHook:output:' has been explicitly marked deprecated here
   95 | - (BOOL)executeHook:(NSString *)name output:(NSString **)output GITX_DEPRECATED;
      |                                                                 ^
In file included from /Users/josh/x/gitx/Classes/git/PBGitIndex.m:1:
/Users/josh/x/gitx/GitX_Prefix.pch:11:41: note: expanded from macro 'GITX_DEPRECATED'
   11 | #define GITX_DEPRECATED __attribute__ ((deprecated))
      |                                         ^
/Users/josh/x/gitx/Classes/git/PBGitIndex.m:197:26: warning: 'executeHook:withArgs:output:' is deprecated [-Wdeprecated-declarations]
  197 |         if (![repository executeHook:@"commit-msg" withArgs:[NSArray arrayWithObject:commitMessageFile] output:nil]) {
      |                          ^
In file included from /Users/josh/x/gitx/Classes/git/PBGitIndex.m:10:
/Users/josh/x/gitx/Classes/git/PBGitRepository.h:96:95: note: 'executeHook:withArgs:output:' has been explicitly marked deprecated here
   96 | - (BOOL)executeHook:(NSString *)name withArgs:(NSArray*) arguments output:(NSString **)output GITX_DEPRECATED;
      |                                                                                               ^
In file included from /Users/josh/x/gitx/Classes/git/PBGitIndex.m:1:
/Users/josh/x/gitx/GitX_Prefix.pch:11:41: note: expanded from macro 'GITX_DEPRECATED'
   11 | #define GITX_DEPRECATED __attribute__ ((deprecated))
      |                                         ^
/Users/josh/x/gitx/Classes/git/PBGitIndex.m:210:33: warning: 'outputForArguments:inputString:byExtendingEnvironment:retValue:' is deprecated [-Wdeprecated-declarations]
  210 |         NSString *commit = [repository outputForArguments:arguments
      |                                        ^
In file included from /Users/josh/x/gitx/Classes/git/PBGitIndex.m:10:
/Users/josh/x/gitx/Classes/git/PBGitRepository.h:88:149: note: 'outputForArguments:inputString:byExtendingEnvironment:retValue:' has been explicitly marked deprecated here
   88 | - (NSString *)outputForArguments:(NSArray *)arguments inputString:(NSString *)input byExtendingEnvironment:(NSDictionary *)dict retValue:(int *)ret GITX_DEPRECATED;
      |                                                                                                                                                     ^
In file included from /Users/josh/x/gitx/Classes/git/PBGitIndex.m:1:
/Users/josh/x/gitx/GitX_Prefix.pch:11:41: note: expanded from macro 'GITX_DEPRECATED'
   11 | #define GITX_DEPRECATED __attribute__ ((deprecated))
      |                                         ^
/Users/josh/x/gitx/Classes/git/PBGitIndex.m:219:14: warning: 'outputForArguments:retValue:' is deprecated [-Wdeprecated-declarations]
  219 |         [repository outputForArguments:[NSArray arrayWithObjects:@"update-ref", @"-m", commitSubject, @"HEAD", commit, nil]
      |                     ^
In file included from /Users/josh/x/gitx/Classes/git/PBGitIndex.m:10:
/Users/josh/x/gitx/Classes/git/PBGitRepository.h:92:70: note: 'outputForArguments:retValue:' has been explicitly marked deprecated here
   92 | - (NSString*) outputForArguments:(NSArray*) args retValue:(int *)ret GITX_DEPRECATED;
      |                                                                      ^
In file included from /Users/josh/x/gitx/Classes/git/PBGitIndex.m:1:
/Users/josh/x/gitx/GitX_Prefix.pch:11:41: note: expanded from macro 'GITX_DEPRECATED'
   11 | #define GITX_DEPRECATED __attribute__ ((deprecated))
      |                                         ^
/Users/josh/x/gitx/Classes/git/PBGitIndex.m:226:29: warning: 'executeHook:output:' is deprecated [-Wdeprecated-declarations]
  226 |         BOOL success = [repository executeHook:@"post-commit" output:nil];
      |                                    ^
In file included from /Users/josh/x/gitx/Classes/git/PBGitIndex.m:10:
/Users/josh/x/gitx/Classes/git/PBGitRepository.h:95:65: note: 'executeHook:output:' has been explicitly marked deprecated here
   95 | - (BOOL)executeHook:(NSString *)name output:(NSString **)output GITX_DEPRECATED;
      |                                                                 ^
In file included from /Users/josh/x/gitx/Classes/git/PBGitIndex.m:1:
/Users/josh/x/gitx/GitX_Prefix.pch:11:41: note: expanded from macro 'GITX_DEPRECATED'
   11 | #define GITX_DEPRECATED __attribute__ ((deprecated))
      |                                         ^
/Users/josh/x/gitx/Classes/git/PBGitIndex.m:313:15: warning: 'outputForArguments:inputString:retValue:' is deprecated [-Wdeprecated-declarations]
  313 |                 [repository outputForArguments:[NSArray arrayWithObjects:@"update-index", @"--add", @"--remove", @"-z", @"--stdin", nil]
      |                             ^
In file included from /Users/josh/x/gitx/Classes/git/PBGitIndex.m:10:
/Users/josh/x/gitx/Classes/git/PBGitRepository.h:87:105: note: 'outputForArguments:inputString:retValue:' has been explicitly marked deprecated here
   87 | - (NSString *)outputForArguments:(NSArray *)arguments inputString:(NSString *)input retValue:(int *)ret GITX_DEPRECATED;
      |                                                                                                         ^
In file included from /Users/josh/x/gitx/Classes/git/PBGitIndex.m:1:
/Users/josh/x/gitx/GitX_Prefix.pch:11:41: note: expanded from macro 'GITX_DEPRECATED'
   11 | #define GITX_DEPRECATED __attribute__ ((deprecated))
      |                                         ^
/Users/josh/x/gitx/Classes/git/PBGitIndex.m:368:15: warning: 'outputForArguments:inputString:retValue:' is deprecated [-Wdeprecated-declarations]
  368 |                 [repository outputForArguments:[NSArray arrayWithObjects:@"update-index", @"-z", @"--index-info", nil]
      |                             ^
In file included from /Users/josh/x/gitx/Classes/git/PBGitIndex.m:10:
/Users/josh/x/gitx/Classes/git/PBGitRepository.h:87:105: note: 'outputForArguments:inputString:retValue:' has been explicitly marked deprecated here
   87 | - (NSString *)outputForArguments:(NSArray *)arguments inputString:(NSString *)input retValue:(int *)ret GITX_DEPRECATED;
      |                                                                                                         ^
In file included from /Users/josh/x/gitx/Classes/git/PBGitIndex.m:1:
/Users/josh/x/gitx/GitX_Prefix.pch:11:41: note: expanded from macro 'GITX_DEPRECATED'
   11 | #define GITX_DEPRECATED __attribute__ ((deprecated))
      |                                         ^
/Users/josh/x/gitx/Classes/git/PBGitIndex.m:404:14: warning: 'outputForCommand:withArgs:inDir:inputString:retValue:' is deprecated [-Wdeprecated-declarations]
  404 |         [PBEasyPipe outputForCommand:[PBGitBinary path] withArgs:arguments inDir:[workingDirectory path] inputString:input retValue:&ret];
      |                     ^
In file included from /Users/josh/x/gitx/Classes/git/PBGitIndex.m:12:
/Users/josh/x/gitx/Classes/Util/PBEasyPipe.h:30:37: note: 'outputForCommand:withArgs:inDir:inputString:retValue:' has been explicitly marked deprecated here
   30 |                                       retValue:(int *)      ret GITX_DEPRECATED;
      |                                                                 ^
In file included from /Users/josh/x/gitx/Classes/git/PBGitIndex.m:1:
/Users/josh/x/gitx/GitX_Prefix.pch:11:41: note: expanded from macro 'GITX_DEPRECATED'
   11 | #define GITX_DEPRECATED __attribute__ ((deprecated))
      |                                         ^
/Users/josh/x/gitx/Classes/git/PBGitIndex.m:427:32: warning: 'outputForArguments:inputString:retValue:' is deprecated [-Wdeprecated-declarations]
  427 |         NSString *error = [repository outputForArguments:array
      |                                       ^
In file included from /Users/josh/x/gitx/Classes/git/PBGitIndex.m:10:
/Users/josh/x/gitx/Classes/git/PBGitRepository.h:87:105: note: 'outputForArguments:inputString:retValue:' has been explicitly marked deprecated here
   87 | - (NSString *)outputForArguments:(NSArray *)arguments inputString:(NSString *)input retValue:(int *)ret GITX_DEPRECATED;
      |                                                                                                         ^
In file included from /Users/josh/x/gitx/Classes/git/PBGitIndex.m:1:
/Users/josh/x/gitx/GitX_Prefix.pch:11:41: note: expanded from macro 'GITX_DEPRECATED'
   11 | #define GITX_DEPRECATED __attribute__ ((deprecated))
      |                                         ^
/Users/josh/x/gitx/Classes/git/PBGitIndex.m:449:23: warning: 'outputForArguments:' is deprecated [-Wdeprecated-declarations]
  449 |                         return [repository outputForArguments:[NSArray arrayWithObjects:@"show", indexPath, nil]];
      |                                            ^
In file included from /Users/josh/x/gitx/Classes/git/PBGitIndex.m:10:
/Users/josh/x/gitx/Classes/git/PBGitRepository.h:91:50: note: 'outputForArguments:' has been explicitly marked deprecated here
   91 | - (NSString*) outputForArguments:(NSArray*) args GITX_DEPRECATED;
      |                                                  ^
In file included from /Users/josh/x/gitx/Classes/git/PBGitIndex.m:1:
/Users/josh/x/gitx/GitX_Prefix.pch:11:41: note: expanded from macro 'GITX_DEPRECATED'
   11 | #define GITX_DEPRECATED __attribute__ ((deprecated))
      |                                         ^
/Users/josh/x/gitx/Classes/git/PBGitIndex.m:451:22: warning: 'outputInWorkdirForArguments:' is deprecated [-Wdeprecated-declarations]
  451 |                 return [repository outputInWorkdirForArguments:[NSArray arrayWithObjects:@"diff-index", parameter, @"--cached", [self parentTree], @"--", file.path, nil]];
      |                                    ^
In file included from /Users/josh/x/gitx/Classes/git/PBGitIndex.m:10:
/Users/josh/x/gitx/Classes/git/PBGitRepository.h:93:64: note: 'outputInWorkdirForArguments:' has been explicitly marked deprecated here
   93 | - (NSString *)outputInWorkdirForArguments:(NSArray*) arguments GITX_DEPRECATED;
      |                                                                ^
In file included from /Users/josh/x/gitx/Classes/git/PBGitIndex.m:1:
/Users/josh/x/gitx/GitX_Prefix.pch:11:41: note: expanded from macro 'GITX_DEPRECATED'
   11 | #define GITX_DEPRECATED __attribute__ ((deprecated))
      |                                         ^
/Users/josh/x/gitx/Classes/git/PBGitIndex.m:468:21: warning: 'outputInWorkdirForArguments:' is deprecated [-Wdeprecated-declarations]
  468 |         return [repository outputInWorkdirForArguments:[NSArray arrayWithObjects:@"diff-files", parameter, @"--", file.path, nil]];
      |                            ^
In file included from /Users/josh/x/gitx/Classes/git/PBGitIndex.m:10:
/Users/josh/x/gitx/Classes/git/PBGitRepository.h:93:64: note: 'outputInWorkdirForArguments:' has been explicitly marked deprecated here
   93 | - (NSString *)outputInWorkdirForArguments:(NSArray*) arguments GITX_DEPRECATED;
      |                                                                ^
In file included from /Users/josh/x/gitx/Classes/git/PBGitIndex.m:1:
/Users/josh/x/gitx/GitX_Prefix.pch:11:41: note: expanded from macro 'GITX_DEPRECATED'
   11 | #define GITX_DEPRECATED __attribute__ ((deprecated))
      |                                         ^
/Users/josh/x/gitx/Classes/git/PBGitIndex.m:512:37: warning: 'handleForCommand:withArgs:inDir:' is deprecated [-Wdeprecated-declarations]
  512 |         NSFileHandle *handle = [PBEasyPipe handleForCommand:[PBGitBinary path] 
      |                                            ^
In file included from /Users/josh/x/gitx/Classes/git/PBGitIndex.m:12:
/Users/josh/x/gitx/Classes/Util/PBEasyPipe.h:18:102: note: 'handleForCommand:withArgs:inDir:' has been explicitly marked deprecated here
   18 | + (NSFileHandle*) handleForCommand: (NSString*) cmd withArgs: (NSArray*) args inDir: (NSString*) dir GITX_DEPRECATED;
      |                                                                                                      ^
In file included from /Users/josh/x/gitx/Classes/git/PBGitIndex.m:1:
/Users/josh/x/gitx/GitX_Prefix.pch:11:41: note: expanded from macro 'GITX_DEPRECATED'
   11 | #define GITX_DEPRECATED __attribute__ ((deprecated))
      |                                         ^
/Users/josh/x/gitx/Classes/git/PBGitIndex.m:520:23: warning: 'handleForCommand:withArgs:inDir:' is deprecated [-Wdeprecated-declarations]
  520 |         handle = [PBEasyPipe handleForCommand:[PBGitBinary path] 
      |                              ^
In file included from /Users/josh/x/gitx/Classes/git/PBGitIndex.m:12:
/Users/josh/x/gitx/Classes/Util/PBEasyPipe.h:18:102: note: 'handleForCommand:withArgs:inDir:' has been explicitly marked deprecated here
   18 | + (NSFileHandle*) handleForCommand: (NSString*) cmd withArgs: (NSArray*) args inDir: (NSString*) dir GITX_DEPRECATED;
      |                                                                                                      ^
In file included from /Users/josh/x/gitx/Classes/git/PBGitIndex.m:1:
/Users/josh/x/gitx/GitX_Prefix.pch:11:41: note: expanded from macro 'GITX_DEPRECATED'
   11 | #define GITX_DEPRECATED __attribute__ ((deprecated))
      |                                         ^
/Users/josh/x/gitx/Classes/git/PBGitIndex.m:528:23: warning: 'handleForCommand:withArgs:inDir:' is deprecated [-Wdeprecated-declarations]
  528 |         handle = [PBEasyPipe handleForCommand:[PBGitBinary path] 
      |                              ^
In file included from /Users/josh/x/gitx/Classes/git/PBGitIndex.m:12:
/Users/josh/x/gitx/Classes/Util/PBEasyPipe.h:18:102: note: 'handleForCommand:withArgs:inDir:' has been explicitly marked deprecated here
   18 | + (NSFileHandle*) handleForCommand: (NSString*) cmd withArgs: (NSArray*) args inDir: (NSString*) dir GITX_DEPRECATED;
      |                                                                                                      ^
In file included from /Users/josh/x/gitx/Classes/git/PBGitIndex.m:1:
/Users/josh/x/gitx/GitX_Prefix.pch:11:41: note: expanded from macro 'GITX_DEPRECATED'
   11 | #define GITX_DEPRECATED __attribute__ ((deprecated))
      |                                         ^
18 warnings generated.

CompileC /Users/josh/Library/Developer/Xcode/DerivedData/GitX-cggrrpkbzogvjfcxoxftnovmywdq/Build/Intermediates.noindex/GitX.build/Debug/GitX.build/Objects-normal/arm64/PBGitHistoryList.o /Users/josh/x/gitx/Classes/git/PBGitHistoryList.m normal arm64 objective-c com.apple.compilers.llvm.clang.1_0.compiler (in target 'GitX' from project 'GitX')
    cd /Users/josh/x/gitx
    
    Using response file: /Users/josh/Library/Developer/Xcode/DerivedData/GitX-cggrrpkbzogvjfcxoxftnovmywdq/Build/Intermediates.noindex/GitX.build/Debug/GitX.build/Objects-normal/arm64/e6072d4f65d7061329687fe24e3d63a7-common-args.resp
    
    /Applications/Xcode.app/Contents/Developer/Toolchains/XcodeDefault.xctoolchain/usr/bin/clang -x objective-c -ivfsstatcache /Users/josh/Library/Developer/Xcode/DerivedData/SDKStatCaches.noindex/macosx15.5-24F74-8254517eb8b97d462ccbc072ba9094c9.sdkstatcache -fmessage-length\=0 -fdiagnostics-show-note-include-stack -fmacro-backtrace-limit\=0 -fno-color-diagnostics -Wno-trigraphs -Wno-missing-field-initializers -Wno-missing-prototypes -Wno-implicit-atomic-properties -Wno-objc-interface-ivars -Wno-arc-repeated-use-of-weak -Wno-missing-braces -Wparentheses -Wswitch -Wno-unused-function -Wno-unused-label -Wno-unused-parameter -Wunused-variable -Wunused-value -Wno-empty-body -Wno-uninitialized -Wno-unknown-pragmas -Wno-shadow -Wno-four-char-constants -Wno-conversion -Wno-constant-conversion -Wno-int-conversion -Wno-bool-conversion -Wno-enum-conversion -Wno-float-conversion -Wno-non-literal-null-conversion -Wno-objc-literal-conversion -Wshorten-64-to-32 -Wpointer-sign -Wno-newline-eof -Wno-selector -Wno-strict-selector-match -Wno-undeclared-selector -Wno-deprecated-implementations -Wno-implicit-fallthrough -fstrict-aliasing -Wprotocol -Wdeprecated-declarations -Wno-sign-conversion -Wno-infinite-recursion -Wno-comma -Wno-block-capture-autoreleasing -Wno-strict-prototypes -Wno-semicolon-before-method-body -index-store-path /Users/josh/Library/Developer/Xcode/DerivedData/GitX-cggrrpkbzogvjfcxoxftnovmywdq/Index.noindex/DataStore -Werror\=incompatible-pointer-types @/Users/josh/Library/Developer/Xcode/DerivedData/GitX-cggrrpkbzogvjfcxoxftnovmywdq/Build/Intermediates.noindex/GitX.build/Debug/GitX.build/Objects-normal/arm64/e6072d4f65d7061329687fe24e3d63a7-common-args.resp -include /Users/josh/Library/Developer/Xcode/DerivedData/GitX-cggrrpkbzogvjfcxoxftnovmywdq/Build/Intermediates.noindex/PrecompiledHeaders/SharedPrecompiledHeaders/13206212429846841114/GitX_Prefix.pch -MMD -MT dependencies -MF /Users/josh/Library/Developer/Xcode/DerivedData/GitX-cggrrpkbzogvjfcxoxftnovmywdq/Build/Intermediates.noindex/GitX.build/Debug/GitX.build/Objects-normal/arm64/PBGitHistoryList.d --serialize-diagnostics /Users/josh/Library/Developer/Xcode/DerivedData/GitX-cggrrpkbzogvjfcxoxftnovmywdq/Build/Intermediates.noindex/GitX.build/Debug/GitX.build/Objects-normal/arm64/PBGitHistoryList.dia -c /Users/josh/x/gitx/Classes/git/PBGitHistoryList.m -o /Users/josh/Library/Developer/Xcode/DerivedData/GitX-cggrrpkbzogvjfcxoxftnovmywdq/Build/Intermediates.noindex/GitX.build/Debug/GitX.build/Objects-normal/arm64/PBGitHistoryList.o -index-unit-output-path /GitX.build/Debug/GitX.build/Objects-normal/arm64/PBGitHistoryList.o

CompileC /Users/josh/Library/Developer/Xcode/DerivedData/GitX-cggrrpkbzogvjfcxoxftnovmywdq/Build/Intermediates.noindex/GitX.build/Debug/GitX.build/Objects-normal/arm64/PBGitHistoryGrapher.o /Users/josh/x/gitx/Classes/git/PBGitHistoryGrapher.m normal arm64 objective-c com.apple.compilers.llvm.clang.1_0.compiler (in target 'GitX' from project 'GitX')
    cd /Users/josh/x/gitx
    
    Using response file: /Users/josh/Library/Developer/Xcode/DerivedData/GitX-cggrrpkbzogvjfcxoxftnovmywdq/Build/Intermediates.noindex/GitX.build/Debug/GitX.build/Objects-normal/arm64/e6072d4f65d7061329687fe24e3d63a7-common-args.resp
    
    /Applications/Xcode.app/Contents/Developer/Toolchains/XcodeDefault.xctoolchain/usr/bin/clang -x objective-c -ivfsstatcache /Users/josh/Library/Developer/Xcode/DerivedData/SDKStatCaches.noindex/macosx15.5-24F74-8254517eb8b97d462ccbc072ba9094c9.sdkstatcache -fmessage-length\=0 -fdiagnostics-show-note-include-stack -fmacro-backtrace-limit\=0 -fno-color-diagnostics -Wno-trigraphs -Wno-missing-field-initializers -Wno-missing-prototypes -Wno-implicit-atomic-properties -Wno-objc-interface-ivars -Wno-arc-repeated-use-of-weak -Wno-missing-braces -Wparentheses -Wswitch -Wno-unused-function -Wno-unused-label -Wno-unused-parameter -Wunused-variable -Wunused-value -Wno-empty-body -Wno-uninitialized -Wno-unknown-pragmas -Wno-shadow -Wno-four-char-constants -Wno-conversion -Wno-constant-conversion -Wno-int-conversion -Wno-bool-conversion -Wno-enum-conversion -Wno-float-conversion -Wno-non-literal-null-conversion -Wno-objc-literal-conversion -Wshorten-64-to-32 -Wpointer-sign -Wno-newline-eof -Wno-selector -Wno-strict-selector-match -Wno-undeclared-selector -Wno-deprecated-implementations -Wno-implicit-fallthrough -fstrict-aliasing -Wprotocol -Wdeprecated-declarations -Wno-sign-conversion -Wno-infinite-recursion -Wno-comma -Wno-block-capture-autoreleasing -Wno-strict-prototypes -Wno-semicolon-before-method-body -index-store-path /Users/josh/Library/Developer/Xcode/DerivedData/GitX-cggrrpkbzogvjfcxoxftnovmywdq/Index.noindex/DataStore -Werror\=incompatible-pointer-types @/Users/josh/Library/Developer/Xcode/DerivedData/GitX-cggrrpkbzogvjfcxoxftnovmywdq/Build/Intermediates.noindex/GitX.build/Debug/GitX.build/Objects-normal/arm64/e6072d4f65d7061329687fe24e3d63a7-common-args.resp -include /Users/josh/Library/Developer/Xcode/DerivedData/GitX-cggrrpkbzogvjfcxoxftnovmywdq/Build/Intermediates.noindex/PrecompiledHeaders/SharedPrecompiledHeaders/13206212429846841114/GitX_Prefix.pch -MMD -MT dependencies -MF /Users/josh/Library/Developer/Xcode/DerivedData/GitX-cggrrpkbzogvjfcxoxftnovmywdq/Build/Intermediates.noindex/GitX.build/Debug/GitX.build/Objects-normal/arm64/PBGitHistoryGrapher.d --serialize-diagnostics /Users/josh/Library/Developer/Xcode/DerivedData/GitX-cggrrpkbzogvjfcxoxftnovmywdq/Build/Intermediates.noindex/GitX.build/Debug/GitX.build/Objects-normal/arm64/PBGitHistoryGrapher.dia -c /Users/josh/x/gitx/Classes/git/PBGitHistoryGrapher.m -o /Users/josh/Library/Developer/Xcode/DerivedData/GitX-cggrrpkbzogvjfcxoxftnovmywdq/Build/Intermediates.noindex/GitX.build/Debug/GitX.build/Objects-normal/arm64/PBGitHistoryGrapher.o -index-unit-output-path /GitX.build/Debug/GitX.build/Objects-normal/arm64/PBGitHistoryGrapher.o

CompileC /Users/josh/Library/Developer/Xcode/DerivedData/GitX-cggrrpkbzogvjfcxoxftnovmywdq/Build/Intermediates.noindex/GitX.build/Debug/GitX.build/Objects-normal/arm64/PBGitHistoryController.o /Users/josh/x/gitx/Classes/Controllers/PBGitHistoryController.m normal arm64 objective-c com.apple.compilers.llvm.clang.1_0.compiler (in target 'GitX' from project 'GitX')
    cd /Users/josh/x/gitx
    
    Using response file: /Users/josh/Library/Developer/Xcode/DerivedData/GitX-cggrrpkbzogvjfcxoxftnovmywdq/Build/Intermediates.noindex/GitX.build/Debug/GitX.build/Objects-normal/arm64/e6072d4f65d7061329687fe24e3d63a7-common-args.resp
    
    /Applications/Xcode.app/Contents/Developer/Toolchains/XcodeDefault.xctoolchain/usr/bin/clang -x objective-c -ivfsstatcache /Users/josh/Library/Developer/Xcode/DerivedData/SDKStatCaches.noindex/macosx15.5-24F74-8254517eb8b97d462ccbc072ba9094c9.sdkstatcache -fmessage-length\=0 -fdiagnostics-show-note-include-stack -fmacro-backtrace-limit\=0 -fno-color-diagnostics -Wno-trigraphs -Wno-missing-field-initializers -Wno-missing-prototypes -Wno-implicit-atomic-properties -Wno-objc-interface-ivars -Wno-arc-repeated-use-of-weak -Wno-missing-braces -Wparentheses -Wswitch -Wno-unused-function -Wno-unused-label -Wno-unused-parameter -Wunused-variable -Wunused-value -Wno-empty-body -Wno-uninitialized -Wno-unknown-pragmas -Wno-shadow -Wno-four-char-constants -Wno-conversion -Wno-constant-conversion -Wno-int-conversion -Wno-bool-conversion -Wno-enum-conversion -Wno-float-conversion -Wno-non-literal-null-conversion -Wno-objc-literal-conversion -Wshorten-64-to-32 -Wpointer-sign -Wno-newline-eof -Wno-selector -Wno-strict-selector-match -Wno-undeclared-selector -Wno-deprecated-implementations -Wno-implicit-fallthrough -fstrict-aliasing -Wprotocol -Wdeprecated-declarations -Wno-sign-conversion -Wno-infinite-recursion -Wno-comma -Wno-block-capture-autoreleasing -Wno-strict-prototypes -Wno-semicolon-before-method-body -index-store-path /Users/josh/Library/Developer/Xcode/DerivedData/GitX-cggrrpkbzogvjfcxoxftnovmywdq/Index.noindex/DataStore -Werror\=incompatible-pointer-types @/Users/josh/Library/Developer/Xcode/DerivedData/GitX-cggrrpkbzogvjfcxoxftnovmywdq/Build/Intermediates.noindex/GitX.build/Debug/GitX.build/Objects-normal/arm64/e6072d4f65d7061329687fe24e3d63a7-common-args.resp -include /Users/josh/Library/Developer/Xcode/DerivedData/GitX-cggrrpkbzogvjfcxoxftnovmywdq/Build/Intermediates.noindex/PrecompiledHeaders/SharedPrecompiledHeaders/13206212429846841114/GitX_Prefix.pch -MMD -MT dependencies -MF /Users/josh/Library/Developer/Xcode/DerivedData/GitX-cggrrpkbzogvjfcxoxftnovmywdq/Build/Intermediates.noindex/GitX.build/Debug/GitX.build/Objects-normal/arm64/PBGitHistoryController.d --serialize-diagnostics /Users/josh/Library/Developer/Xcode/DerivedData/GitX-cggrrpkbzogvjfcxoxftnovmywdq/Build/Intermediates.noindex/GitX.build/Debug/GitX.build/Objects-normal/arm64/PBGitHistoryController.dia -c /Users/josh/x/gitx/Classes/Controllers/PBGitHistoryController.m -o /Users/josh/Library/Developer/Xcode/DerivedData/GitX-cggrrpkbzogvjfcxoxftnovmywdq/Build/Intermediates.noindex/GitX.build/Debug/GitX.build/Objects-normal/arm64/PBGitHistoryController.o -index-unit-output-path /GitX.build/Debug/GitX.build/Objects-normal/arm64/PBGitHistoryController.o
In file included from /Users/josh/x/gitx/Classes/Controllers/PBGitHistoryController.m:19:
/Users/josh/x/gitx/Classes/Views/PBGitRevisionCell.h:27:24: warning: 'copy' attribute on property 'objectValue' does not match the property inherited from 'NSCell' [-Wproperty-attribute-mismatch]
   27 | @property PBGitCommit* objectValue;
      |                        ^
1 warning generated.

CompileC /Users/josh/Library/Developer/Xcode/DerivedData/GitX-cggrrpkbzogvjfcxoxftnovmywdq/Build/Intermediates.noindex/GitX.build/Debug/GitX.build/Objects-normal/arm64/PBGitGrapher.o /Users/josh/x/gitx/Classes/git/PBGitGrapher.mm normal arm64 objective-c++ com.apple.compilers.llvm.clang.1_0.compiler (in target 'GitX' from project 'GitX')
    cd /Users/josh/x/gitx
    
    Using response file: /Users/josh/Library/Developer/Xcode/DerivedData/GitX-cggrrpkbzogvjfcxoxftnovmywdq/Build/Intermediates.noindex/GitX.build/Debug/GitX.build/Objects-normal/arm64/af3fcb34312c57c0f52879cdce924b91-common-args.resp
    
    /Applications/Xcode.app/Contents/Developer/Toolchains/XcodeDefault.xctoolchain/usr/bin/clang -x objective-c++ -ivfsstatcache /Users/josh/Library/Developer/Xcode/DerivedData/SDKStatCaches.noindex/macosx15.5-24F74-8254517eb8b97d462ccbc072ba9094c9.sdkstatcache -fmessage-length\=0 -fdiagnostics-show-note-include-stack -fmacro-backtrace-limit\=0 -fno-color-diagnostics -Wno-trigraphs -Wno-missing-field-initializers -Wno-missing-prototypes -Wno-implicit-atomic-properties -Wno-objc-interface-ivars -Wno-arc-repeated-use-of-weak -Wno-non-virtual-dtor -Wno-overloaded-virtual -Wno-exit-time-destructors -Wno-missing-braces -Wparentheses -Wswitch -Wno-unused-function -Wno-unused-label -Wno-unused-parameter -Wunused-variable -Wunused-value -Wno-empty-body -Wno-uninitialized -Wno-unknown-pragmas -Wno-shadow -Wno-four-char-constants -Wno-conversion -Wno-constant-conversion -Wno-int-conversion -Wno-bool-conversion -Wno-enum-conversion -Wno-float-conversion -Wno-non-literal-null-conversion -Wno-objc-literal-conversion -Wshorten-64-to-32 -Wno-newline-eof -Wno-selector -Wno-strict-selector-match -Wno-undeclared-selector -Wno-deprecated-implementations -Wno-c++11-extensions -Wno-implicit-fallthrough -fstrict-aliasing -Wprotocol -Wdeprecated-declarations -Winvalid-offsetof -Wno-sign-conversion -Wno-infinite-recursion -Wno-move -Wno-comma -Wno-block-capture-autoreleasing -Wno-strict-prototypes -Wno-range-loop-analysis -Wno-semicolon-before-method-body -index-store-path /Users/josh/Library/Developer/Xcode/DerivedData/GitX-cggrrpkbzogvjfcxoxftnovmywdq/Index.noindex/DataStore -Werror\=incompatible-pointer-types @/Users/josh/Library/Developer/Xcode/DerivedData/GitX-cggrrpkbzogvjfcxoxftnovmywdq/Build/Intermediates.noindex/GitX.build/Debug/GitX.build/Objects-normal/arm64/af3fcb34312c57c0f52879cdce924b91-common-args.resp -include /Users/josh/Library/Developer/Xcode/DerivedData/GitX-cggrrpkbzogvjfcxoxftnovmywdq/Build/Intermediates.noindex/PrecompiledHeaders/SharedPrecompiledHeaders/6236784496394605759/GitX_Prefix.pch -MMD -MT dependencies -MF /Users/josh/Library/Developer/Xcode/DerivedData/GitX-cggrrpkbzogvjfcxoxftnovmywdq/Build/Intermediates.noindex/GitX.build/Debug/GitX.build/Objects-normal/arm64/PBGitGrapher.d --serialize-diagnostics /Users/josh/Library/Developer/Xcode/DerivedData/GitX-cggrrpkbzogvjfcxoxftnovmywdq/Build/Intermediates.noindex/GitX.build/Debug/GitX.build/Objects-normal/arm64/PBGitGrapher.dia -c /Users/josh/x/gitx/Classes/git/PBGitGrapher.mm -o /Users/josh/Library/Developer/Xcode/DerivedData/GitX-cggrrpkbzogvjfcxoxftnovmywdq/Build/Intermediates.noindex/GitX.build/Debug/GitX.build/Objects-normal/arm64/PBGitGrapher.o -index-unit-output-path /GitX.build/Debug/GitX.build/Objects-normal/arm64/PBGitGrapher.o
/Users/josh/x/gitx/Classes/git/PBGitGrapher.mm:63:17: warning: implicit conversion loses integer precision: 'NSUInteger' (aka 'unsigned long') to 'int' [-Wshorten-64-to-32]
   63 |         int nParents = [parents count];
      |             ~~~~~~~~   ^~~~~~~~~~~~~~~
/Users/josh/x/gitx/Classes/git/PBGitGrapher.mm:72:56: warning: implicit conversion loses integer precision: 'size_type' (aka 'unsigned long') to 'int' [-Wshorten-64-to-32]
   72 |         int maxLines = (previousLanes->size() + nParents + 2) * 2;
      |             ~~~~~~~~   ~~~~~~~~~~~~~~~~~~~~~~~~~~~~~~~~~~~~~~~^~~
/Users/josh/x/gitx/Classes/git/PBGitGrapher.mm:96:29: warning: implicit conversion loses integer precision: 'size_type' (aka 'unsigned long') to 'int' [-Wshorten-64-to-32]
   96 |                                         newPos = currentLanes->size();
      |                                                ~ ~~~~~~~~~~~~~~^~~~~~
/Users/josh/x/gitx/Classes/git/PBGitGrapher.mm:109:55: warning: implicit conversion loses integer precision: 'size_type' (aka 'unsigned long') to 'int' [-Wshorten-64-to-32]
  109 |                                 add_line(lines, &currentLine, 1, i, currentLanes->size(),(*it)->index());
      |                                 ~~~~~~~~                            ~~~~~~~~~~~~~~^~~~~~
/Users/josh/x/gitx/Classes/git/PBGitGrapher.mm:110:74: warning: implicit conversion loses integer precision: 'size_type' (aka 'unsigned long') to 'int' [-Wshorten-64-to-32]
  110 |                                 add_line(lines, &currentLine, 0, currentLanes->size(), currentLanes->size(), (*it)->index());
      |                                 ~~~~~~~~                                               ~~~~~~~~~~~~~~^~~~~~
/Users/josh/x/gitx/Classes/git/PBGitGrapher.mm:110:52: warning: implicit conversion loses integer precision: 'size_type' (aka 'unsigned long') to 'int' [-Wshorten-64-to-32]
  110 |                                 add_line(lines, &currentLine, 0, currentLanes->size(), currentLanes->size(), (*it)->index());
      |                                 ~~~~~~~~                         ~~~~~~~~~~~~~~^~~~~~
/Users/josh/x/gitx/Classes/git/PBGitGrapher.mm:137:27: warning: implicit conversion loses integer precision: 'size_type' (aka 'unsigned long') to 'int' [-Wshorten-64-to-32]
  137 |                         newPos = currentLanes->size();
      |                                ~ ~~~~~~~~~~~~~~^~~~~~
/Users/josh/x/gitx/Classes/git/PBGitGrapher.mm:183:51: warning: implicit conversion loses integer precision: 'size_type' (aka 'unsigned long') to 'int' [-Wshorten-64-to-32]
  183 |                         add_line(lines, &currentLine, 0, currentLanes->size(), newPos, newLane->index());
      |                         ~~~~~~~~                         ~~~~~~~~~~~~~~^~~~~~
/Users/josh/x/gitx/Classes/git/PBGitGrapher.mm:204:51: warning: implicit conversion loses integer precision: 'size_type' (aka 'unsigned long') to 'int' [-Wshorten-64-to-32]
  204 |                 self.previous.numColumns = currentLanes->size() - 1;
      |                                          ~ ~~~~~~~~~~~~~~~~~~~~~^~~
/Users/josh/x/gitx/Classes/git/PBGitGrapher.mm:206:44: warning: implicit conversion loses integer precision: 'size_type' (aka 'unsigned long') to 'int' [-Wshorten-64-to-32]
  206 |                 self.previous.numColumns = currentLanes->size();
      |                                          ~ ~~~~~~~~~~~~~~^~~~~~
10 warnings generated.

CompileC /Users/josh/Library/Developer/Xcode/DerivedData/GitX-cggrrpkbzogvjfcxoxftnovmywdq/Build/Intermediates.noindex/GitX.build/Debug/GitX.build/Objects-normal/arm64/PBGitGraphLine.o /Users/josh/x/gitx/Classes/git/PBGitGraphLine.m normal arm64 objective-c com.apple.compilers.llvm.clang.1_0.compiler (in target 'GitX' from project 'GitX')
    cd /Users/josh/x/gitx
    
    Using response file: /Users/josh/Library/Developer/Xcode/DerivedData/GitX-cggrrpkbzogvjfcxoxftnovmywdq/Build/Intermediates.noindex/GitX.build/Debug/GitX.build/Objects-normal/arm64/e6072d4f65d7061329687fe24e3d63a7-common-args.resp
    
    /Applications/Xcode.app/Contents/Developer/Toolchains/XcodeDefault.xctoolchain/usr/bin/clang -x objective-c -ivfsstatcache /Users/josh/Library/Developer/Xcode/DerivedData/SDKStatCaches.noindex/macosx15.5-24F74-8254517eb8b97d462ccbc072ba9094c9.sdkstatcache -fmessage-length\=0 -fdiagnostics-show-note-include-stack -fmacro-backtrace-limit\=0 -fno-color-diagnostics -Wno-trigraphs -Wno-missing-field-initializers -Wno-missing-prototypes -Wno-implicit-atomic-properties -Wno-objc-interface-ivars -Wno-arc-repeated-use-of-weak -Wno-missing-braces -Wparentheses -Wswitch -Wno-unused-function -Wno-unused-label -Wno-unused-parameter -Wunused-variable -Wunused-value -Wno-empty-body -Wno-uninitialized -Wno-unknown-pragmas -Wno-shadow -Wno-four-char-constants -Wno-conversion -Wno-constant-conversion -Wno-int-conversion -Wno-bool-conversion -Wno-enum-conversion -Wno-float-conversion -Wno-non-literal-null-conversion -Wno-objc-literal-conversion -Wshorten-64-to-32 -Wpointer-sign -Wno-newline-eof -Wno-selector -Wno-strict-selector-match -Wno-undeclared-selector -Wno-deprecated-implementations -Wno-implicit-fallthrough -fstrict-aliasing -Wprotocol -Wdeprecated-declarations -Wno-sign-conversion -Wno-infinite-recursion -Wno-comma -Wno-block-capture-autoreleasing -Wno-strict-prototypes -Wno-semicolon-before-method-body -index-store-path /Users/josh/Library/Developer/Xcode/DerivedData/GitX-cggrrpkbzogvjfcxoxftnovmywdq/Index.noindex/DataStore -Werror\=incompatible-pointer-types @/Users/josh/Library/Developer/Xcode/DerivedData/GitX-cggrrpkbzogvjfcxoxftnovmywdq/Build/Intermediates.noindex/GitX.build/Debug/GitX.build/Objects-normal/arm64/e6072d4f65d7061329687fe24e3d63a7-common-args.resp -include /Users/josh/Library/Developer/Xcode/DerivedData/GitX-cggrrpkbzogvjfcxoxftnovmywdq/Build/Intermediates.noindex/PrecompiledHeaders/SharedPrecompiledHeaders/13206212429846841114/GitX_Prefix.pch -MMD -MT dependencies -MF /Users/josh/Library/Developer/Xcode/DerivedData/GitX-cggrrpkbzogvjfcxoxftnovmywdq/Build/Intermediates.noindex/GitX.build/Debug/GitX.build/Objects-normal/arm64/PBGitGraphLine.d --serialize-diagnostics /Users/josh/Library/Developer/Xcode/DerivedData/GitX-cggrrpkbzogvjfcxoxftnovmywdq/Build/Intermediates.noindex/GitX.build/Debug/GitX.build/Objects-normal/arm64/PBGitGraphLine.dia -c /Users/josh/x/gitx/Classes/git/PBGitGraphLine.m -o /Users/josh/Library/Developer/Xcode/DerivedData/GitX-cggrrpkbzogvjfcxoxftnovmywdq/Build/Intermediates.noindex/GitX.build/Debug/GitX.build/Objects-normal/arm64/PBGitGraphLine.o -index-unit-output-path /GitX.build/Debug/GitX.build/Objects-normal/arm64/PBGitGraphLine.o

CompileC /Users/josh/Library/Developer/Xcode/DerivedData/GitX-cggrrpkbzogvjfcxoxftnovmywdq/Build/Intermediates.noindex/GitX.build/Debug/GitX.build/Objects-normal/arm64/PBGitGradientBarView.o /Users/josh/x/gitx/Classes/Views/PBGitGradientBarView.m normal arm64 objective-c com.apple.compilers.llvm.clang.1_0.compiler (in target 'GitX' from project 'GitX')
    cd /Users/josh/x/gitx
    
    Using response file: /Users/josh/Library/Developer/Xcode/DerivedData/GitX-cggrrpkbzogvjfcxoxftnovmywdq/Build/Intermediates.noindex/GitX.build/Debug/GitX.build/Objects-normal/arm64/e6072d4f65d7061329687fe24e3d63a7-common-args.resp
    
    /Applications/Xcode.app/Contents/Developer/Toolchains/XcodeDefault.xctoolchain/usr/bin/clang -x objective-c -ivfsstatcache /Users/josh/Library/Developer/Xcode/DerivedData/SDKStatCaches.noindex/macosx15.5-24F74-8254517eb8b97d462ccbc072ba9094c9.sdkstatcache -fmessage-length\=0 -fdiagnostics-show-note-include-stack -fmacro-backtrace-limit\=0 -fno-color-diagnostics -Wno-trigraphs -Wno-missing-field-initializers -Wno-missing-prototypes -Wno-implicit-atomic-properties -Wno-objc-interface-ivars -Wno-arc-repeated-use-of-weak -Wno-missing-braces -Wparentheses -Wswitch -Wno-unused-function -Wno-unused-label -Wno-unused-parameter -Wunused-variable -Wunused-value -Wno-empty-body -Wno-uninitialized -Wno-unknown-pragmas -Wno-shadow -Wno-four-char-constants -Wno-conversion -Wno-constant-conversion -Wno-int-conversion -Wno-bool-conversion -Wno-enum-conversion -Wno-float-conversion -Wno-non-literal-null-conversion -Wno-objc-literal-conversion -Wshorten-64-to-32 -Wpointer-sign -Wno-newline-eof -Wno-selector -Wno-strict-selector-match -Wno-undeclared-selector -Wno-deprecated-implementations -Wno-implicit-fallthrough -fstrict-aliasing -Wprotocol -Wdeprecated-declarations -Wno-sign-conversion -Wno-infinite-recursion -Wno-comma -Wno-block-capture-autoreleasing -Wno-strict-prototypes -Wno-semicolon-before-method-body -index-store-path /Users/josh/Library/Developer/Xcode/DerivedData/GitX-cggrrpkbzogvjfcxoxftnovmywdq/Index.noindex/DataStore -Werror\=incompatible-pointer-types @/Users/josh/Library/Developer/Xcode/DerivedData/GitX-cggrrpkbzogvjfcxoxftnovmywdq/Build/Intermediates.noindex/GitX.build/Debug/GitX.build/Objects-normal/arm64/e6072d4f65d7061329687fe24e3d63a7-common-args.resp -include /Users/josh/Library/Developer/Xcode/DerivedData/GitX-cggrrpkbzogvjfcxoxftnovmywdq/Build/Intermediates.noindex/PrecompiledHeaders/SharedPrecompiledHeaders/13206212429846841114/GitX_Prefix.pch -MMD -MT dependencies -MF /Users/josh/Library/Developer/Xcode/DerivedData/GitX-cggrrpkbzogvjfcxoxftnovmywdq/Build/Intermediates.noindex/GitX.build/Debug/GitX.build/Objects-normal/arm64/PBGitGradientBarView.d --serialize-diagnostics /Users/josh/Library/Developer/Xcode/DerivedData/GitX-cggrrpkbzogvjfcxoxftnovmywdq/Build/Intermediates.noindex/GitX.build/Debug/GitX.build/Objects-normal/arm64/PBGitGradientBarView.dia -c /Users/josh/x/gitx/Classes/Views/PBGitGradientBarView.m -o /Users/josh/Library/Developer/Xcode/DerivedData/GitX-cggrrpkbzogvjfcxoxftnovmywdq/Build/Intermediates.noindex/GitX.build/Debug/GitX.build/Objects-normal/arm64/PBGitGradientBarView.o -index-unit-output-path /GitX.build/Debug/GitX.build/Objects-normal/arm64/PBGitGradientBarView.o

CompileC /Users/josh/Library/Developer/Xcode/DerivedData/GitX-cggrrpkbzogvjfcxoxftnovmywdq/Build/Intermediates.noindex/GitX.build/Debug/GitX.build/Objects-normal/arm64/PBGitDefaults.o /Users/josh/x/gitx/Classes/git/PBGitDefaults.m normal arm64 objective-c com.apple.compilers.llvm.clang.1_0.compiler (in target 'GitX' from project 'GitX')
    cd /Users/josh/x/gitx
    
    Using response file: /Users/josh/Library/Developer/Xcode/DerivedData/GitX-cggrrpkbzogvjfcxoxftnovmywdq/Build/Intermediates.noindex/GitX.build/Debug/GitX.build/Objects-normal/arm64/e6072d4f65d7061329687fe24e3d63a7-common-args.resp
    
    /Applications/Xcode.app/Contents/Developer/Toolchains/XcodeDefault.xctoolchain/usr/bin/clang -x objective-c -ivfsstatcache /Users/josh/Library/Developer/Xcode/DerivedData/SDKStatCaches.noindex/macosx15.5-24F74-8254517eb8b97d462ccbc072ba9094c9.sdkstatcache -fmessage-length\=0 -fdiagnostics-show-note-include-stack -fmacro-backtrace-limit\=0 -fno-color-diagnostics -Wno-trigraphs -Wno-missing-field-initializers -Wno-missing-prototypes -Wno-implicit-atomic-properties -Wno-objc-interface-ivars -Wno-arc-repeated-use-of-weak -Wno-missing-braces -Wparentheses -Wswitch -Wno-unused-function -Wno-unused-label -Wno-unused-parameter -Wunused-variable -Wunused-value -Wno-empty-body -Wno-uninitialized -Wno-unknown-pragmas -Wno-shadow -Wno-four-char-constants -Wno-conversion -Wno-constant-conversion -Wno-int-conversion -Wno-bool-conversion -Wno-enum-conversion -Wno-float-conversion -Wno-non-literal-null-conversion -Wno-objc-literal-conversion -Wshorten-64-to-32 -Wpointer-sign -Wno-newline-eof -Wno-selector -Wno-strict-selector-match -Wno-undeclared-selector -Wno-deprecated-implementations -Wno-implicit-fallthrough -fstrict-aliasing -Wprotocol -Wdeprecated-declarations -Wno-sign-conversion -Wno-infinite-recursion -Wno-comma -Wno-block-capture-autoreleasing -Wno-strict-prototypes -Wno-semicolon-before-method-body -index-store-path /Users/josh/Library/Developer/Xcode/DerivedData/GitX-cggrrpkbzogvjfcxoxftnovmywdq/Index.noindex/DataStore -Werror\=incompatible-pointer-types @/Users/josh/Library/Developer/Xcode/DerivedData/GitX-cggrrpkbzogvjfcxoxftnovmywdq/Build/Intermediates.noindex/GitX.build/Debug/GitX.build/Objects-normal/arm64/e6072d4f65d7061329687fe24e3d63a7-common-args.resp -include /Users/josh/Library/Developer/Xcode/DerivedData/GitX-cggrrpkbzogvjfcxoxftnovmywdq/Build/Intermediates.noindex/PrecompiledHeaders/SharedPrecompiledHeaders/13206212429846841114/GitX_Prefix.pch -MMD -MT dependencies -MF /Users/josh/Library/Developer/Xcode/DerivedData/GitX-cggrrpkbzogvjfcxoxftnovmywdq/Build/Intermediates.noindex/GitX.build/Debug/GitX.build/Objects-normal/arm64/PBGitDefaults.d --serialize-diagnostics /Users/josh/Library/Developer/Xcode/DerivedData/GitX-cggrrpkbzogvjfcxoxftnovmywdq/Build/Intermediates.noindex/GitX.build/Debug/GitX.build/Objects-normal/arm64/PBGitDefaults.dia -c /Users/josh/x/gitx/Classes/git/PBGitDefaults.m -o /Users/josh/Library/Developer/Xcode/DerivedData/GitX-cggrrpkbzogvjfcxoxftnovmywdq/Build/Intermediates.noindex/GitX.build/Debug/GitX.build/Objects-normal/arm64/PBGitDefaults.o -index-unit-output-path /GitX.build/Debug/GitX.build/Objects-normal/arm64/PBGitDefaults.o

CompileC /Users/josh/Library/Developer/Xcode/DerivedData/GitX-cggrrpkbzogvjfcxoxftnovmywdq/Build/Intermediates.noindex/GitX.build/Debug/GitX.build/Objects-normal/arm64/PBGitCommitController.o /Users/josh/x/gitx/Classes/Controllers/PBGitCommitController.m normal arm64 objective-c com.apple.compilers.llvm.clang.1_0.compiler (in target 'GitX' from project 'GitX')
    cd /Users/josh/x/gitx
    
    Using response file: /Users/josh/Library/Developer/Xcode/DerivedData/GitX-cggrrpkbzogvjfcxoxftnovmywdq/Build/Intermediates.noindex/GitX.build/Debug/GitX.build/Objects-normal/arm64/e6072d4f65d7061329687fe24e3d63a7-common-args.resp
    
    /Applications/Xcode.app/Contents/Developer/Toolchains/XcodeDefault.xctoolchain/usr/bin/clang -x objective-c -ivfsstatcache /Users/josh/Library/Developer/Xcode/DerivedData/SDKStatCaches.noindex/macosx15.5-24F74-8254517eb8b97d462ccbc072ba9094c9.sdkstatcache -fmessage-length\=0 -fdiagnostics-show-note-include-stack -fmacro-backtrace-limit\=0 -fno-color-diagnostics -Wno-trigraphs -Wno-missing-field-initializers -Wno-missing-prototypes -Wno-implicit-atomic-properties -Wno-objc-interface-ivars -Wno-arc-repeated-use-of-weak -Wno-missing-braces -Wparentheses -Wswitch -Wno-unused-function -Wno-unused-label -Wno-unused-parameter -Wunused-variable -Wunused-value -Wno-empty-body -Wno-uninitialized -Wno-unknown-pragmas -Wno-shadow -Wno-four-char-constants -Wno-conversion -Wno-constant-conversion -Wno-int-conversion -Wno-bool-conversion -Wno-enum-conversion -Wno-float-conversion -Wno-non-literal-null-conversion -Wno-objc-literal-conversion -Wshorten-64-to-32 -Wpointer-sign -Wno-newline-eof -Wno-selector -Wno-strict-selector-match -Wno-undeclared-selector -Wno-deprecated-implementations -Wno-implicit-fallthrough -fstrict-aliasing -Wprotocol -Wdeprecated-declarations -Wno-sign-conversion -Wno-infinite-recursion -Wno-comma -Wno-block-capture-autoreleasing -Wno-strict-prototypes -Wno-semicolon-before-method-body -index-store-path /Users/josh/Library/Developer/Xcode/DerivedData/GitX-cggrrpkbzogvjfcxoxftnovmywdq/Index.noindex/DataStore -Werror\=incompatible-pointer-types @/Users/josh/Library/Developer/Xcode/DerivedData/GitX-cggrrpkbzogvjfcxoxftnovmywdq/Build/Intermediates.noindex/GitX.build/Debug/GitX.build/Objects-normal/arm64/e6072d4f65d7061329687fe24e3d63a7-common-args.resp -include /Users/josh/Library/Developer/Xcode/DerivedData/GitX-cggrrpkbzogvjfcxoxftnovmywdq/Build/Intermediates.noindex/PrecompiledHeaders/SharedPrecompiledHeaders/13206212429846841114/GitX_Prefix.pch -MMD -MT dependencies -MF /Users/josh/Library/Developer/Xcode/DerivedData/GitX-cggrrpkbzogvjfcxoxftnovmywdq/Build/Intermediates.noindex/GitX.build/Debug/GitX.build/Objects-normal/arm64/PBGitCommitController.d --serialize-diagnostics /Users/josh/Library/Developer/Xcode/DerivedData/GitX-cggrrpkbzogvjfcxoxftnovmywdq/Build/Intermediates.noindex/GitX.build/Debug/GitX.build/Objects-normal/arm64/PBGitCommitController.dia -c /Users/josh/x/gitx/Classes/Controllers/PBGitCommitController.m -o /Users/josh/Library/Developer/Xcode/DerivedData/GitX-cggrrpkbzogvjfcxoxftnovmywdq/Build/Intermediates.noindex/GitX.build/Debug/GitX.build/Objects-normal/arm64/PBGitCommitController.o -index-unit-output-path /GitX.build/Debug/GitX.build/Objects-normal/arm64/PBGitCommitController.o
/Users/josh/x/gitx/Classes/Controllers/PBGitCommitController.m:157:41: warning: 'showMessageSheet:infoText:' is deprecated [-Wdeprecated-declarations]
  157 |                 return [[repository windowController] showMessageSheet:@"User's name not set" infoText:@"Signing off a commit requires setting user.name and user.email in your git config"];
      |                                                       ^
In file included from /Users/josh/x/gitx/Classes/Controllers/PBGitCommitController.m:9:
In file included from /Users/josh/x/gitx/Classes/Controllers/PBGitCommitController.h:10:
In file included from /Users/josh/x/gitx/Classes/Controllers/PBViewController.h:11:
/Users/josh/x/gitx/Classes/Controllers/PBGitWindowController.h:39:80: note: 'showMessageSheet:infoText:' has been explicitly marked deprecated here
   39 | - (void)showMessageSheet:(NSString *)messageText infoText:(NSString *)infoText GITX_DEPRECATED;
      |                                                                                ^
In file included from /Users/josh/x/gitx/Classes/Controllers/PBGitCommitController.m:1:
/Users/josh/x/gitx/GitX_Prefix.pch:11:41: note: expanded from macro 'GITX_DEPRECATED'
   11 | #define GITX_DEPRECATED __attribute__ ((deprecated))
      |                                         ^
/Users/josh/x/gitx/Classes/Controllers/PBGitCommitController.m:199:34: warning: 'showMessageSheet:infoText:' is deprecated [-Wdeprecated-declarations]
  199 |                 [[repository windowController] showMessageSheet:@"Cannot commit merges" infoText:@"GitX cannot commit merges yet. Please commit your changes from the command line."];
      |                                                ^
In file included from /Users/josh/x/gitx/Classes/Controllers/PBGitCommitController.m:9:
In file included from /Users/josh/x/gitx/Classes/Controllers/PBGitCommitController.h:10:
In file included from /Users/josh/x/gitx/Classes/Controllers/PBViewController.h:11:
/Users/josh/x/gitx/Classes/Controllers/PBGitWindowController.h:39:80: note: 'showMessageSheet:infoText:' has been explicitly marked deprecated here
   39 | - (void)showMessageSheet:(NSString *)messageText infoText:(NSString *)infoText GITX_DEPRECATED;
      |                                                                                ^
In file included from /Users/josh/x/gitx/Classes/Controllers/PBGitCommitController.m:1:
/Users/josh/x/gitx/GitX_Prefix.pch:11:41: note: expanded from macro 'GITX_DEPRECATED'
   11 | #define GITX_DEPRECATED __attribute__ ((deprecated))
      |                                         ^
/Users/josh/x/gitx/Classes/Controllers/PBGitCommitController.m:204:34: warning: 'showMessageSheet:infoText:' is deprecated [-Wdeprecated-declarations]
  204 |                 [[repository windowController] showMessageSheet:@"No changes to commit" infoText:@"You must first stage some changes before committing"];
      |                                                ^
In file included from /Users/josh/x/gitx/Classes/Controllers/PBGitCommitController.m:9:
In file included from /Users/josh/x/gitx/Classes/Controllers/PBGitCommitController.h:10:
In file included from /Users/josh/x/gitx/Classes/Controllers/PBViewController.h:11:
/Users/josh/x/gitx/Classes/Controllers/PBGitWindowController.h:39:80: note: 'showMessageSheet:infoText:' has been explicitly marked deprecated here
   39 | - (void)showMessageSheet:(NSString *)messageText infoText:(NSString *)infoText GITX_DEPRECATED;
      |                                                                                ^
In file included from /Users/josh/x/gitx/Classes/Controllers/PBGitCommitController.m:1:
/Users/josh/x/gitx/GitX_Prefix.pch:11:41: note: expanded from macro 'GITX_DEPRECATED'
   11 | #define GITX_DEPRECATED __attribute__ ((deprecated))
      |                                         ^
/Users/josh/x/gitx/Classes/Controllers/PBGitCommitController.m:210:34: warning: 'showMessageSheet:infoText:' is deprecated [-Wdeprecated-declarations]
  210 |                 [[repository windowController] showMessageSheet:@"Commitmessage missing" infoText:@"Please enter a commit message before committing"];
      |                                                ^
In file included from /Users/josh/x/gitx/Classes/Controllers/PBGitCommitController.m:9:
In file included from /Users/josh/x/gitx/Classes/Controllers/PBGitCommitController.h:10:
In file included from /Users/josh/x/gitx/Classes/Controllers/PBViewController.h:11:
/Users/josh/x/gitx/Classes/Controllers/PBGitWindowController.h:39:80: note: 'showMessageSheet:infoText:' has been explicitly marked deprecated here
   39 | - (void)showMessageSheet:(NSString *)messageText infoText:(NSString *)infoText GITX_DEPRECATED;
      |                                                                                ^
In file included from /Users/josh/x/gitx/Classes/Controllers/PBGitCommitController.m:1:
/Users/josh/x/gitx/GitX_Prefix.pch:11:41: note: expanded from macro 'GITX_DEPRECATED'
   11 | #define GITX_DEPRECATED __attribute__ ((deprecated))
      |                                         ^
/Users/josh/x/gitx/Classes/Controllers/PBGitCommitController.m:249:33: warning: 'showMessageSheet:infoText:' is deprecated [-Wdeprecated-declarations]
  249 |         [[repository windowController] showMessageSheet:@"Commit failed" infoText:reason];
      |                                        ^
In file included from /Users/josh/x/gitx/Classes/Controllers/PBGitCommitController.m:9:
In file included from /Users/josh/x/gitx/Classes/Controllers/PBGitCommitController.h:10:
In file included from /Users/josh/x/gitx/Classes/Controllers/PBViewController.h:11:
/Users/josh/x/gitx/Classes/Controllers/PBGitWindowController.h:39:80: note: 'showMessageSheet:infoText:' has been explicitly marked deprecated here
   39 | - (void)showMessageSheet:(NSString *)messageText infoText:(NSString *)infoText GITX_DEPRECATED;
      |                                                                                ^
In file included from /Users/josh/x/gitx/Classes/Controllers/PBGitCommitController.m:1:
/Users/josh/x/gitx/GitX_Prefix.pch:11:41: note: expanded from macro 'GITX_DEPRECATED'
   11 | #define GITX_DEPRECATED __attribute__ ((deprecated))
      |                                         ^
/Users/josh/x/gitx/Classes/Controllers/PBGitCommitController.m:258:33: warning: 'showCommitHookFailedSheet:infoText:commitController:' is deprecated [-Wdeprecated-declarations]
  258 |         [[repository windowController] showCommitHookFailedSheet:@"Commit hook failed" infoText:reason commitController:self];
      |                                        ^
In file included from /Users/josh/x/gitx/Classes/Controllers/PBGitCommitController.m:9:
In file included from /Users/josh/x/gitx/Classes/Controllers/PBGitCommitController.h:10:
In file included from /Users/josh/x/gitx/Classes/Controllers/PBViewController.h:11:
/Users/josh/x/gitx/Classes/Controllers/PBGitWindowController.h:38:142: note: 'showCommitHookFailedSheet:infoText:commitController:' has been explicitly marked deprecated here
   38 | - (void)showCommitHookFailedSheet:(NSString *)messageText infoText:(NSString *)infoText commitController:(PBGitCommitController *)controller GITX_DEPRECATED;
      |                                                                                                                                              ^
In file included from /Users/josh/x/gitx/Classes/Controllers/PBGitCommitController.m:1:
/Users/josh/x/gitx/GitX_Prefix.pch:11:41: note: expanded from macro 'GITX_DEPRECATED'
   11 | #define GITX_DEPRECATED __attribute__ ((deprecated))
      |                                         ^
/Users/josh/x/gitx/Classes/Controllers/PBGitCommitController.m:286:33: warning: 'showMessageSheet:infoText:' is deprecated [-Wdeprecated-declarations]
  286 |         [[repository windowController] showMessageSheet:@"Index operation failed" infoText:[[notification userInfo] objectForKey:@"description"]];
      |                                        ^
In file included from /Users/josh/x/gitx/Classes/Controllers/PBGitCommitController.m:9:
In file included from /Users/josh/x/gitx/Classes/Controllers/PBGitCommitController.h:10:
In file included from /Users/josh/x/gitx/Classes/Controllers/PBViewController.h:11:
/Users/josh/x/gitx/Classes/Controllers/PBGitWindowController.h:39:80: note: 'showMessageSheet:infoText:' has been explicitly marked deprecated here
   39 | - (void)showMessageSheet:(NSString *)messageText infoText:(NSString *)infoText GITX_DEPRECATED;
      |                                                                                ^
In file included from /Users/josh/x/gitx/Classes/Controllers/PBGitCommitController.m:1:
/Users/josh/x/gitx/GitX_Prefix.pch:11:41: note: expanded from macro 'GITX_DEPRECATED'
   11 | #define GITX_DEPRECATED __attribute__ ((deprecated))
      |                                         ^
7 warnings generated.

CompileC /Users/josh/Library/Developer/Xcode/DerivedData/GitX-cggrrpkbzogvjfcxoxftnovmywdq/Build/Intermediates.noindex/GitX.build/Debug/GitX.build/Objects-normal/arm64/PBGitCommit.o /Users/josh/x/gitx/Classes/git/PBGitCommit.m normal arm64 objective-c com.apple.compilers.llvm.clang.1_0.compiler (in target 'GitX' from project 'GitX')
    cd /Users/josh/x/gitx
    
    Using response file: /Users/josh/Library/Developer/Xcode/DerivedData/GitX-cggrrpkbzogvjfcxoxftnovmywdq/Build/Intermediates.noindex/GitX.build/Debug/GitX.build/Objects-normal/arm64/e6072d4f65d7061329687fe24e3d63a7-common-args.resp
    
    /Applications/Xcode.app/Contents/Developer/Toolchains/XcodeDefault.xctoolchain/usr/bin/clang -x objective-c -ivfsstatcache /Users/josh/Library/Developer/Xcode/DerivedData/SDKStatCaches.noindex/macosx15.5-24F74-8254517eb8b97d462ccbc072ba9094c9.sdkstatcache -fmessage-length\=0 -fdiagnostics-show-note-include-stack -fmacro-backtrace-limit\=0 -fno-color-diagnostics -Wno-trigraphs -Wno-missing-field-initializers -Wno-missing-prototypes -Wno-implicit-atomic-properties -Wno-objc-interface-ivars -Wno-arc-repeated-use-of-weak -Wno-missing-braces -Wparentheses -Wswitch -Wno-unused-function -Wno-unused-label -Wno-unused-parameter -Wunused-variable -Wunused-value -Wno-empty-body -Wno-uninitialized -Wno-unknown-pragmas -Wno-shadow -Wno-four-char-constants -Wno-conversion -Wno-constant-conversion -Wno-int-conversion -Wno-bool-conversion -Wno-enum-conversion -Wno-float-conversion -Wno-non-literal-null-conversion -Wno-objc-literal-conversion -Wshorten-64-to-32 -Wpointer-sign -Wno-newline-eof -Wno-selector -Wno-strict-selector-match -Wno-undeclared-selector -Wno-deprecated-implementations -Wno-implicit-fallthrough -fstrict-aliasing -Wprotocol -Wdeprecated-declarations -Wno-sign-conversion -Wno-infinite-recursion -Wno-comma -Wno-block-capture-autoreleasing -Wno-strict-prototypes -Wno-semicolon-before-method-body -index-store-path /Users/josh/Library/Developer/Xcode/DerivedData/GitX-cggrrpkbzogvjfcxoxftnovmywdq/Index.noindex/DataStore -Werror\=incompatible-pointer-types @/Users/josh/Library/Developer/Xcode/DerivedData/GitX-cggrrpkbzogvjfcxoxftnovmywdq/Build/Intermediates.noindex/GitX.build/Debug/GitX.build/Objects-normal/arm64/e6072d4f65d7061329687fe24e3d63a7-common-args.resp -include /Users/josh/Library/Developer/Xcode/DerivedData/GitX-cggrrpkbzogvjfcxoxftnovmywdq/Build/Intermediates.noindex/PrecompiledHeaders/SharedPrecompiledHeaders/13206212429846841114/GitX_Prefix.pch -MMD -MT dependencies -MF /Users/josh/Library/Developer/Xcode/DerivedData/GitX-cggrrpkbzogvjfcxoxftnovmywdq/Build/Intermediates.noindex/GitX.build/Debug/GitX.build/Objects-normal/arm64/PBGitCommit.d --serialize-diagnostics /Users/josh/Library/Developer/Xcode/DerivedData/GitX-cggrrpkbzogvjfcxoxftnovmywdq/Build/Intermediates.noindex/GitX.build/Debug/GitX.build/Objects-normal/arm64/PBGitCommit.dia -c /Users/josh/x/gitx/Classes/git/PBGitCommit.m -o /Users/josh/Library/Developer/Xcode/DerivedData/GitX-cggrrpkbzogvjfcxoxftnovmywdq/Build/Intermediates.noindex/GitX.build/Debug/GitX.build/Objects-normal/arm64/PBGitCommit.o -index-unit-output-path /GitX.build/Debug/GitX.build/Objects-normal/arm64/PBGitCommit.o
/Users/josh/x/gitx/Classes/git/PBGitCommit.m:42:56: warning: 'initWithDateFormat:allowNaturalLanguage:' is deprecated: first deprecated in macOS 10.9 - Create an NSDateFormatter with `init` and set the dateFormat property instead. [-Wdeprecated-declarations]
   42 |         NSDateFormatter* formatter = [[NSDateFormatter alloc] initWithDateFormat:@"%Y-%m-%d %H:%M:%S" allowNaturalLanguage:NO];
      |                                                               ^
In file included from /Users/josh/x/gitx/Classes/git/PBGitCommit.m:1:
In file included from /Users/josh/x/gitx/GitX_Prefix.pch:4:
In file included from /Applications/Xcode.app/Contents/Developer/Platforms/MacOSX.platform/Developer/SDKs/MacOSX15.5.sdk/System/Library/Frameworks/Cocoa.framework/Headers/Cocoa.h:12:
In file included from /Applications/Xcode.app/Contents/Developer/Platforms/MacOSX.platform/Developer/SDKs/MacOSX15.5.sdk/System/Library/Frameworks/Foundation.framework/Headers/Foundation.h:21:
/Applications/Xcode.app/Contents/Developer/Platforms/MacOSX.platform/Developer/SDKs/MacOSX15.5.sdk/System/Library/Frameworks/Foundation.framework/Headers/NSDateFormatter.h:121:1: note: 'initWithDateFormat:allowNaturalLanguage:' has been explicitly marked deprecated here
  121 | - (id)initWithDateFormat:(NSString *)format allowNaturalLanguage:(BOOL)flag API_DEPRECATED("Create an NSDateFormatter with `init` and set the dateFormat property instead.", macos(10.4, 10.9));
      | ^
/Users/josh/x/gitx/Classes/git/PBGitCommit.m:230:33: warning: 'outputForArguments:' is deprecated [-Wdeprecated-declarations]
  230 |         NSString *p = [self.repository outputForArguments:[NSArray arrayWithObjects:@"format-patch",  @"-1", @"--stdout", [self realSha], nil]];
      |                                        ^
In file included from /Users/josh/x/gitx/Classes/git/PBGitCommit.m:9:
/Users/josh/x/gitx/Classes/git/PBGitRepository.h:91:50: note: 'outputForArguments:' has been explicitly marked deprecated here
   91 | - (NSString*) outputForArguments:(NSArray*) args GITX_DEPRECATED;
      |                                                  ^
In file included from /Users/josh/x/gitx/Classes/git/PBGitCommit.m:1:
/Users/josh/x/gitx/GitX_Prefix.pch:11:41: note: expanded from macro 'GITX_DEPRECATED'
   11 | #define GITX_DEPRECATED __attribute__ ((deprecated))
      |                                         ^
2 warnings generated.

CompileC /Users/josh/Library/Developer/Xcode/DerivedData/GitX-cggrrpkbzogvjfcxoxftnovmywdq/Build/Intermediates.noindex/GitX.build/Debug/GitX.build/Objects-normal/arm64/PBGitBinary.o /Users/josh/x/gitx/Classes/git/PBGitBinary.m normal arm64 objective-c com.apple.compilers.llvm.clang.1_0.compiler (in target 'GitX' from project 'GitX')
    cd /Users/josh/x/gitx
    
    Using response file: /Users/josh/Library/Developer/Xcode/DerivedData/GitX-cggrrpkbzogvjfcxoxftnovmywdq/Build/Intermediates.noindex/GitX.build/Debug/GitX.build/Objects-normal/arm64/e6072d4f65d7061329687fe24e3d63a7-common-args.resp
    
    /Applications/Xcode.app/Contents/Developer/Toolchains/XcodeDefault.xctoolchain/usr/bin/clang -x objective-c -ivfsstatcache /Users/josh/Library/Developer/Xcode/DerivedData/SDKStatCaches.noindex/macosx15.5-24F74-8254517eb8b97d462ccbc072ba9094c9.sdkstatcache -fmessage-length\=0 -fdiagnostics-show-note-include-stack -fmacro-backtrace-limit\=0 -fno-color-diagnostics -Wno-trigraphs -Wno-missing-field-initializers -Wno-missing-prototypes -Wno-implicit-atomic-properties -Wno-objc-interface-ivars -Wno-arc-repeated-use-of-weak -Wno-missing-braces -Wparentheses -Wswitch -Wno-unused-function -Wno-unused-label -Wno-unused-parameter -Wunused-variable -Wunused-value -Wno-empty-body -Wno-uninitialized -Wno-unknown-pragmas -Wno-shadow -Wno-four-char-constants -Wno-conversion -Wno-constant-conversion -Wno-int-conversion -Wno-bool-conversion -Wno-enum-conversion -Wno-float-conversion -Wno-non-literal-null-conversion -Wno-objc-literal-conversion -Wshorten-64-to-32 -Wpointer-sign -Wno-newline-eof -Wno-selector -Wno-strict-selector-match -Wno-undeclared-selector -Wno-deprecated-implementations -Wno-implicit-fallthrough -fstrict-aliasing -Wprotocol -Wdeprecated-declarations -Wno-sign-conversion -Wno-infinite-recursion -Wno-comma -Wno-block-capture-autoreleasing -Wno-strict-prototypes -Wno-semicolon-before-method-body -index-store-path /Users/josh/Library/Developer/Xcode/DerivedData/GitX-cggrrpkbzogvjfcxoxftnovmywdq/Index.noindex/DataStore -Werror\=incompatible-pointer-types @/Users/josh/Library/Developer/Xcode/DerivedData/GitX-cggrrpkbzogvjfcxoxftnovmywdq/Build/Intermediates.noindex/GitX.build/Debug/GitX.build/Objects-normal/arm64/e6072d4f65d7061329687fe24e3d63a7-common-args.resp -include /Users/josh/Library/Developer/Xcode/DerivedData/GitX-cggrrpkbzogvjfcxoxftnovmywdq/Build/Intermediates.noindex/PrecompiledHeaders/SharedPrecompiledHeaders/13206212429846841114/GitX_Prefix.pch -MMD -MT dependencies -MF /Users/josh/Library/Developer/Xcode/DerivedData/GitX-cggrrpkbzogvjfcxoxftnovmywdq/Build/Intermediates.noindex/GitX.build/Debug/GitX.build/Objects-normal/arm64/PBGitBinary.d --serialize-diagnostics /Users/josh/Library/Developer/Xcode/DerivedData/GitX-cggrrpkbzogvjfcxoxftnovmywdq/Build/Intermediates.noindex/GitX.build/Debug/GitX.build/Objects-normal/arm64/PBGitBinary.dia -c /Users/josh/x/gitx/Classes/git/PBGitBinary.m -o /Users/josh/Library/Developer/Xcode/DerivedData/GitX-cggrrpkbzogvjfcxoxftnovmywdq/Build/Intermediates.noindex/GitX.build/Debug/GitX.build/Objects-normal/arm64/PBGitBinary.o -index-unit-output-path /GitX.build/Debug/GitX.build/Objects-normal/arm64/PBGitBinary.o
/Users/josh/x/gitx/Classes/git/PBGitBinary.m:24:34: warning: 'outputForCommand:withArgs:' is deprecated [-Wdeprecated-declarations]
   24 |         NSString *version = [PBEasyPipe outputForCommand:path withArgs:[NSArray arrayWithObject:@"--version"]];
      |                                         ^
In file included from /Users/josh/x/gitx/Classes/git/PBGitBinary.m:10:
/Users/josh/x/gitx/Classes/Util/PBEasyPipe.h:20:75: note: 'outputForCommand:withArgs:' has been explicitly marked deprecated here
   20 | + (NSString*) outputForCommand: (NSString*) cmd withArgs: (NSArray*) args GITX_DEPRECATED;
      |                                                                           ^
In file included from /Users/josh/x/gitx/Classes/git/PBGitBinary.m:1:
/Users/josh/x/gitx/GitX_Prefix.pch:11:41: note: expanded from macro 'GITX_DEPRECATED'
   11 | #define GITX_DEPRECATED __attribute__ ((deprecated))
      |                                         ^
/Users/josh/x/gitx/Classes/git/PBGitBinary.m:75:36: warning: 'outputForCommand:withArgs:' is deprecated [-Wdeprecated-declarations]
   75 |         NSString* whichPath = [PBEasyPipe outputForCommand:@"/usr/bin/which"
      |                                           ^
In file included from /Users/josh/x/gitx/Classes/git/PBGitBinary.m:10:
/Users/josh/x/gitx/Classes/Util/PBEasyPipe.h:20:75: note: 'outputForCommand:withArgs:' has been explicitly marked deprecated here
   20 | + (NSString*) outputForCommand: (NSString*) cmd withArgs: (NSArray*) args GITX_DEPRECATED;
      |                                                                           ^
In file included from /Users/josh/x/gitx/Classes/git/PBGitBinary.m:1:
/Users/josh/x/gitx/GitX_Prefix.pch:11:41: note: expanded from macro 'GITX_DEPRECATED'
   11 | #define GITX_DEPRECATED __attribute__ ((deprecated))
      |                                         ^
/Users/josh/x/gitx/Classes/git/PBGitBinary.m:87:36: warning: 'outputForCommand:withArgs:' is deprecated [-Wdeprecated-declarations]
   87 |         NSString* xcrunPath = [PBEasyPipe outputForCommand:@"/usr/bin/xcrun"
      |                                           ^
In file included from /Users/josh/x/gitx/Classes/git/PBGitBinary.m:10:
/Users/josh/x/gitx/Classes/Util/PBEasyPipe.h:20:75: note: 'outputForCommand:withArgs:' has been explicitly marked deprecated here
   20 | + (NSString*) outputForCommand: (NSString*) cmd withArgs: (NSArray*) args GITX_DEPRECATED;
      |                                                                           ^
In file included from /Users/josh/x/gitx/Classes/git/PBGitBinary.m:1:
/Users/josh/x/gitx/GitX_Prefix.pch:11:41: note: expanded from macro 'GITX_DEPRECATED'
   11 | #define GITX_DEPRECATED __attribute__ ((deprecated))
      |                                         ^
3 warnings generated.

CompileC /Users/josh/Library/Developer/Xcode/DerivedData/GitX-cggrrpkbzogvjfcxoxftnovmywdq/Build/Intermediates.noindex/GitX.build/Debug/GitX.build/Objects-normal/arm64/PBFileChangesTableView.o /Users/josh/x/gitx/Classes/Views/PBFileChangesTableView.m normal arm64 objective-c com.apple.compilers.llvm.clang.1_0.compiler (in target 'GitX' from project 'GitX')
    cd /Users/josh/x/gitx
    
    Using response file: /Users/josh/Library/Developer/Xcode/DerivedData/GitX-cggrrpkbzogvjfcxoxftnovmywdq/Build/Intermediates.noindex/GitX.build/Debug/GitX.build/Objects-normal/arm64/e6072d4f65d7061329687fe24e3d63a7-common-args.resp
    
    /Applications/Xcode.app/Contents/Developer/Toolchains/XcodeDefault.xctoolchain/usr/bin/clang -x objective-c -ivfsstatcache /Users/josh/Library/Developer/Xcode/DerivedData/SDKStatCaches.noindex/macosx15.5-24F74-8254517eb8b97d462ccbc072ba9094c9.sdkstatcache -fmessage-length\=0 -fdiagnostics-show-note-include-stack -fmacro-backtrace-limit\=0 -fno-color-diagnostics -Wno-trigraphs -Wno-missing-field-initializers -Wno-missing-prototypes -Wno-implicit-atomic-properties -Wno-objc-interface-ivars -Wno-arc-repeated-use-of-weak -Wno-missing-braces -Wparentheses -Wswitch -Wno-unused-function -Wno-unused-label -Wno-unused-parameter -Wunused-variable -Wunused-value -Wno-empty-body -Wno-uninitialized -Wno-unknown-pragmas -Wno-shadow -Wno-four-char-constants -Wno-conversion -Wno-constant-conversion -Wno-int-conversion -Wno-bool-conversion -Wno-enum-conversion -Wno-float-conversion -Wno-non-literal-null-conversion -Wno-objc-literal-conversion -Wshorten-64-to-32 -Wpointer-sign -Wno-newline-eof -Wno-selector -Wno-strict-selector-match -Wno-undeclared-selector -Wno-deprecated-implementations -Wno-implicit-fallthrough -fstrict-aliasing -Wprotocol -Wdeprecated-declarations -Wno-sign-conversion -Wno-infinite-recursion -Wno-comma -Wno-block-capture-autoreleasing -Wno-strict-prototypes -Wno-semicolon-before-method-body -index-store-path /Users/josh/Library/Developer/Xcode/DerivedData/GitX-cggrrpkbzogvjfcxoxftnovmywdq/Index.noindex/DataStore -Werror\=incompatible-pointer-types @/Users/josh/Library/Developer/Xcode/DerivedData/GitX-cggrrpkbzogvjfcxoxftnovmywdq/Build/Intermediates.noindex/GitX.build/Debug/GitX.build/Objects-normal/arm64/e6072d4f65d7061329687fe24e3d63a7-common-args.resp -include /Users/josh/Library/Developer/Xcode/DerivedData/GitX-cggrrpkbzogvjfcxoxftnovmywdq/Build/Intermediates.noindex/PrecompiledHeaders/SharedPrecompiledHeaders/13206212429846841114/GitX_Prefix.pch -MMD -MT dependencies -MF /Users/josh/Library/Developer/Xcode/DerivedData/GitX-cggrrpkbzogvjfcxoxftnovmywdq/Build/Intermediates.noindex/GitX.build/Debug/GitX.build/Objects-normal/arm64/PBFileChangesTableView.d --serialize-diagnostics /Users/josh/Library/Developer/Xcode/DerivedData/GitX-cggrrpkbzogvjfcxoxftnovmywdq/Build/Intermediates.noindex/GitX.build/Debug/GitX.build/Objects-normal/arm64/PBFileChangesTableView.dia -c /Users/josh/x/gitx/Classes/Views/PBFileChangesTableView.m -o /Users/josh/Library/Developer/Xcode/DerivedData/GitX-cggrrpkbzogvjfcxoxftnovmywdq/Build/Intermediates.noindex/GitX.build/Debug/GitX.build/Objects-normal/arm64/PBFileChangesTableView.o -index-unit-output-path /GitX.build/Debug/GitX.build/Objects-normal/arm64/PBFileChangesTableView.o

CompileC /Users/josh/Library/Developer/Xcode/DerivedData/GitX-cggrrpkbzogvjfcxoxftnovmywdq/Build/Intermediates.noindex/GitX.build/Debug/GitX.build/Objects-normal/arm64/PBEasyPipe.o /Users/josh/x/gitx/Classes/Util/PBEasyPipe.m normal arm64 objective-c com.apple.compilers.llvm.clang.1_0.compiler (in target 'GitX' from project 'GitX')
    cd /Users/josh/x/gitx
    
    Using response file: /Users/josh/Library/Developer/Xcode/DerivedData/GitX-cggrrpkbzogvjfcxoxftnovmywdq/Build/Intermediates.noindex/GitX.build/Debug/GitX.build/Objects-normal/arm64/e6072d4f65d7061329687fe24e3d63a7-common-args.resp
    
    /Applications/Xcode.app/Contents/Developer/Toolchains/XcodeDefault.xctoolchain/usr/bin/clang -x objective-c -ivfsstatcache /Users/josh/Library/Developer/Xcode/DerivedData/SDKStatCaches.noindex/macosx15.5-24F74-8254517eb8b97d462ccbc072ba9094c9.sdkstatcache -fmessage-length\=0 -fdiagnostics-show-note-include-stack -fmacro-backtrace-limit\=0 -fno-color-diagnostics -Wno-trigraphs -Wno-missing-field-initializers -Wno-missing-prototypes -Wno-implicit-atomic-properties -Wno-objc-interface-ivars -Wno-arc-repeated-use-of-weak -Wno-missing-braces -Wparentheses -Wswitch -Wno-unused-function -Wno-unused-label -Wno-unused-parameter -Wunused-variable -Wunused-value -Wno-empty-body -Wno-uninitialized -Wno-unknown-pragmas -Wno-shadow -Wno-four-char-constants -Wno-conversion -Wno-constant-conversion -Wno-int-conversion -Wno-bool-conversion -Wno-enum-conversion -Wno-float-conversion -Wno-non-literal-null-conversion -Wno-objc-literal-conversion -Wshorten-64-to-32 -Wpointer-sign -Wno-newline-eof -Wno-selector -Wno-strict-selector-match -Wno-undeclared-selector -Wno-deprecated-implementations -Wno-implicit-fallthrough -fstrict-aliasing -Wprotocol -Wdeprecated-declarations -Wno-sign-conversion -Wno-infinite-recursion -Wno-comma -Wno-block-capture-autoreleasing -Wno-strict-prototypes -Wno-semicolon-before-method-body -index-store-path /Users/josh/Library/Developer/Xcode/DerivedData/GitX-cggrrpkbzogvjfcxoxftnovmywdq/Index.noindex/DataStore -Werror\=incompatible-pointer-types @/Users/josh/Library/Developer/Xcode/DerivedData/GitX-cggrrpkbzogvjfcxoxftnovmywdq/Build/Intermediates.noindex/GitX.build/Debug/GitX.build/Objects-normal/arm64/e6072d4f65d7061329687fe24e3d63a7-common-args.resp -include /Users/josh/Library/Developer/Xcode/DerivedData/GitX-cggrrpkbzogvjfcxoxftnovmywdq/Build/Intermediates.noindex/PrecompiledHeaders/SharedPrecompiledHeaders/13206212429846841114/GitX_Prefix.pch -MMD -MT dependencies -MF /Users/josh/Library/Developer/Xcode/DerivedData/GitX-cggrrpkbzogvjfcxoxftnovmywdq/Build/Intermediates.noindex/GitX.build/Debug/GitX.build/Objects-normal/arm64/PBEasyPipe.d --serialize-diagnostics /Users/josh/Library/Developer/Xcode/DerivedData/GitX-cggrrpkbzogvjfcxoxftnovmywdq/Build/Intermediates.noindex/GitX.build/Debug/GitX.build/Objects-normal/arm64/PBEasyPipe.dia -c /Users/josh/x/gitx/Classes/Util/PBEasyPipe.m -o /Users/josh/Library/Developer/Xcode/DerivedData/GitX-cggrrpkbzogvjfcxoxftnovmywdq/Build/Intermediates.noindex/GitX.build/Debug/GitX.build/Objects-normal/arm64/PBEasyPipe.o -index-unit-output-path /GitX.build/Debug/GitX.build/Objects-normal/arm64/PBEasyPipe.o

CompileC /Users/josh/Library/Developer/Xcode/DerivedData/GitX-cggrrpkbzogvjfcxoxftnovmywdq/Build/Intermediates.noindex/GitX.build/Debug/GitX.build/Objects-normal/arm64/PBEasyFS.o /Users/josh/x/gitx/Classes/Util/PBEasyFS.m normal arm64 objective-c com.apple.compilers.llvm.clang.1_0.compiler (in target 'GitX' from project 'GitX')
    cd /Users/josh/x/gitx
    
    Using response file: /Users/josh/Library/Developer/Xcode/DerivedData/GitX-cggrrpkbzogvjfcxoxftnovmywdq/Build/Intermediates.noindex/GitX.build/Debug/GitX.build/Objects-normal/arm64/e6072d4f65d7061329687fe24e3d63a7-common-args.resp
    
    /Applications/Xcode.app/Contents/Developer/Toolchains/XcodeDefault.xctoolchain/usr/bin/clang -x objective-c -ivfsstatcache /Users/josh/Library/Developer/Xcode/DerivedData/SDKStatCaches.noindex/macosx15.5-24F74-8254517eb8b97d462ccbc072ba9094c9.sdkstatcache -fmessage-length\=0 -fdiagnostics-show-note-include-stack -fmacro-backtrace-limit\=0 -fno-color-diagnostics -Wno-trigraphs -Wno-missing-field-initializers -Wno-missing-prototypes -Wno-implicit-atomic-properties -Wno-objc-interface-ivars -Wno-arc-repeated-use-of-weak -Wno-missing-braces -Wparentheses -Wswitch -Wno-unused-function -Wno-unused-label -Wno-unused-parameter -Wunused-variable -Wunused-value -Wno-empty-body -Wno-uninitialized -Wno-unknown-pragmas -Wno-shadow -Wno-four-char-constants -Wno-conversion -Wno-constant-conversion -Wno-int-conversion -Wno-bool-conversion -Wno-enum-conversion -Wno-float-conversion -Wno-non-literal-null-conversion -Wno-objc-literal-conversion -Wshorten-64-to-32 -Wpointer-sign -Wno-newline-eof -Wno-selector -Wno-strict-selector-match -Wno-undeclared-selector -Wno-deprecated-implementations -Wno-implicit-fallthrough -fstrict-aliasing -Wprotocol -Wdeprecated-declarations -Wno-sign-conversion -Wno-infinite-recursion -Wno-comma -Wno-block-capture-autoreleasing -Wno-strict-prototypes -Wno-semicolon-before-method-body -index-store-path /Users/josh/Library/Developer/Xcode/DerivedData/GitX-cggrrpkbzogvjfcxoxftnovmywdq/Index.noindex/DataStore -Werror\=incompatible-pointer-types @/Users/josh/Library/Developer/Xcode/DerivedData/GitX-cggrrpkbzogvjfcxoxftnovmywdq/Build/Intermediates.noindex/GitX.build/Debug/GitX.build/Objects-normal/arm64/e6072d4f65d7061329687fe24e3d63a7-common-args.resp -include /Users/josh/Library/Developer/Xcode/DerivedData/GitX-cggrrpkbzogvjfcxoxftnovmywdq/Build/Intermediates.noindex/PrecompiledHeaders/SharedPrecompiledHeaders/13206212429846841114/GitX_Prefix.pch -MMD -MT dependencies -MF /Users/josh/Library/Developer/Xcode/DerivedData/GitX-cggrrpkbzogvjfcxoxftnovmywdq/Build/Intermediates.noindex/GitX.build/Debug/GitX.build/Objects-normal/arm64/PBEasyFS.d --serialize-diagnostics /Users/josh/Library/Developer/Xcode/DerivedData/GitX-cggrrpkbzogvjfcxoxftnovmywdq/Build/Intermediates.noindex/GitX.build/Debug/GitX.build/Objects-normal/arm64/PBEasyFS.dia -c /Users/josh/x/gitx/Classes/Util/PBEasyFS.m -o /Users/josh/Library/Developer/Xcode/DerivedData/GitX-cggrrpkbzogvjfcxoxftnovmywdq/Build/Intermediates.noindex/GitX.build/Debug/GitX.build/Objects-normal/arm64/PBEasyFS.o -index-unit-output-path /GitX.build/Debug/GitX.build/Objects-normal/arm64/PBEasyFS.o
/Users/josh/x/gitx/Classes/Util/PBEasyFS.m:18:30: warning: implicit conversion loses integer precision: 'NSUInteger' (aka 'unsigned long') to 'int' [-Wshorten-64-to-32]
   18 |         int fd = mkstemps(template, [path length]);
      |                  ~~~~~~~~           ^~~~~~~~~~~~~
1 warning generated.

CompileC /Users/josh/Library/Developer/Xcode/DerivedData/GitX-cggrrpkbzogvjfcxoxftnovmywdq/Build/Intermediates.noindex/GitX.build/Debug/GitX.build/Objects-normal/arm64/PBDiffWindowController.o /Users/josh/x/gitx/Classes/Controllers/PBDiffWindowController.m normal arm64 objective-c com.apple.compilers.llvm.clang.1_0.compiler (in target 'GitX' from project 'GitX')
    cd /Users/josh/x/gitx
    
    Using response file: /Users/josh/Library/Developer/Xcode/DerivedData/GitX-cggrrpkbzogvjfcxoxftnovmywdq/Build/Intermediates.noindex/GitX.build/Debug/GitX.build/Objects-normal/arm64/e6072d4f65d7061329687fe24e3d63a7-common-args.resp
    
    /Applications/Xcode.app/Contents/Developer/Toolchains/XcodeDefault.xctoolchain/usr/bin/clang -x objective-c -ivfsstatcache /Users/josh/Library/Developer/Xcode/DerivedData/SDKStatCaches.noindex/macosx15.5-24F74-8254517eb8b97d462ccbc072ba9094c9.sdkstatcache -fmessage-length\=0 -fdiagnostics-show-note-include-stack -fmacro-backtrace-limit\=0 -fno-color-diagnostics -Wno-trigraphs -Wno-missing-field-initializers -Wno-missing-prototypes -Wno-implicit-atomic-properties -Wno-objc-interface-ivars -Wno-arc-repeated-use-of-weak -Wno-missing-braces -Wparentheses -Wswitch -Wno-unused-function -Wno-unused-label -Wno-unused-parameter -Wunused-variable -Wunused-value -Wno-empty-body -Wno-uninitialized -Wno-unknown-pragmas -Wno-shadow -Wno-four-char-constants -Wno-conversion -Wno-constant-conversion -Wno-int-conversion -Wno-bool-conversion -Wno-enum-conversion -Wno-float-conversion -Wno-non-literal-null-conversion -Wno-objc-literal-conversion -Wshorten-64-to-32 -Wpointer-sign -Wno-newline-eof -Wno-selector -Wno-strict-selector-match -Wno-undeclared-selector -Wno-deprecated-implementations -Wno-implicit-fallthrough -fstrict-aliasing -Wprotocol -Wdeprecated-declarations -Wno-sign-conversion -Wno-infinite-recursion -Wno-comma -Wno-block-capture-autoreleasing -Wno-strict-prototypes -Wno-semicolon-before-method-body -index-store-path /Users/josh/Library/Developer/Xcode/DerivedData/GitX-cggrrpkbzogvjfcxoxftnovmywdq/Index.noindex/DataStore -Werror\=incompatible-pointer-types @/Users/josh/Library/Developer/Xcode/DerivedData/GitX-cggrrpkbzogvjfcxoxftnovmywdq/Build/Intermediates.noindex/GitX.build/Debug/GitX.build/Objects-normal/arm64/e6072d4f65d7061329687fe24e3d63a7-common-args.resp -include /Users/josh/Library/Developer/Xcode/DerivedData/GitX-cggrrpkbzogvjfcxoxftnovmywdq/Build/Intermediates.noindex/PrecompiledHeaders/SharedPrecompiledHeaders/13206212429846841114/GitX_Prefix.pch -MMD -MT dependencies -MF /Users/josh/Library/Developer/Xcode/DerivedData/GitX-cggrrpkbzogvjfcxoxftnovmywdq/Build/Intermediates.noindex/GitX.build/Debug/GitX.build/Objects-normal/arm64/PBDiffWindowController.d --serialize-diagnostics /Users/josh/Library/Developer/Xcode/DerivedData/GitX-cggrrpkbzogvjfcxoxftnovmywdq/Build/Intermediates.noindex/GitX.build/Debug/GitX.build/Objects-normal/arm64/PBDiffWindowController.dia -c /Users/josh/x/gitx/Classes/Controllers/PBDiffWindowController.m -o /Users/josh/Library/Developer/Xcode/DerivedData/GitX-cggrrpkbzogvjfcxoxftnovmywdq/Build/Intermediates.noindex/GitX.build/Debug/GitX.build/Objects-normal/arm64/PBDiffWindowController.o -index-unit-output-path /GitX.build/Debug/GitX.build/Objects-normal/arm64/PBDiffWindowController.o
/Users/josh/x/gitx/Classes/Controllers/PBDiffWindowController.m:49:43: warning: 'outputInWorkdirForArguments:retValue:' is deprecated [-Wdeprecated-declarations]
   49 |         NSString *diff = [startCommit.repository outputInWorkdirForArguments:arguments retValue:&retValue];
      |                                                  ^
In file included from /Users/josh/x/gitx/Classes/Controllers/PBDiffWindowController.m:10:
/Users/josh/x/gitx/Classes/git/PBGitRepository.h:94:84: note: 'outputInWorkdirForArguments:retValue:' has been explicitly marked deprecated here
   94 | - (NSString *)outputInWorkdirForArguments:(NSArray*) arguments retValue:(int *)ret GITX_DEPRECATED;
      |                                                                                    ^
In file included from /Users/josh/x/gitx/Classes/Controllers/PBDiffWindowController.m:1:
/Users/josh/x/gitx/GitX_Prefix.pch:11:41: note: expanded from macro 'GITX_DEPRECATED'
   11 | #define GITX_DEPRECATED __attribute__ ((deprecated))
      |                                         ^
1 warning generated.

CompileC /Users/josh/Library/Developer/Xcode/DerivedData/GitX-cggrrpkbzogvjfcxoxftnovmywdq/Build/Intermediates.noindex/GitX.build/Debug/GitX.build/Objects-normal/arm64/PBCreateTagSheet.o /Users/josh/x/gitx/Classes/Views/PBCreateTagSheet.m normal arm64 objective-c com.apple.compilers.llvm.clang.1_0.compiler (in target 'GitX' from project 'GitX')
    cd /Users/josh/x/gitx
    
    Using response file: /Users/josh/Library/Developer/Xcode/DerivedData/GitX-cggrrpkbzogvjfcxoxftnovmywdq/Build/Intermediates.noindex/GitX.build/Debug/GitX.build/Objects-normal/arm64/e6072d4f65d7061329687fe24e3d63a7-common-args.resp
    
    /Applications/Xcode.app/Contents/Developer/Toolchains/XcodeDefault.xctoolchain/usr/bin/clang -x objective-c -ivfsstatcache /Users/josh/Library/Developer/Xcode/DerivedData/SDKStatCaches.noindex/macosx15.5-24F74-8254517eb8b97d462ccbc072ba9094c9.sdkstatcache -fmessage-length\=0 -fdiagnostics-show-note-include-stack -fmacro-backtrace-limit\=0 -fno-color-diagnostics -Wno-trigraphs -Wno-missing-field-initializers -Wno-missing-prototypes -Wno-implicit-atomic-properties -Wno-objc-interface-ivars -Wno-arc-repeated-use-of-weak -Wno-missing-braces -Wparentheses -Wswitch -Wno-unused-function -Wno-unused-label -Wno-unused-parameter -Wunused-variable -Wunused-value -Wno-empty-body -Wno-uninitialized -Wno-unknown-pragmas -Wno-shadow -Wno-four-char-constants -Wno-conversion -Wno-constant-conversion -Wno-int-conversion -Wno-bool-conversion -Wno-enum-conversion -Wno-float-conversion -Wno-non-literal-null-conversion -Wno-objc-literal-conversion -Wshorten-64-to-32 -Wpointer-sign -Wno-newline-eof -Wno-selector -Wno-strict-selector-match -Wno-undeclared-selector -Wno-deprecated-implementations -Wno-implicit-fallthrough -fstrict-aliasing -Wprotocol -Wdeprecated-declarations -Wno-sign-conversion -Wno-infinite-recursion -Wno-comma -Wno-block-capture-autoreleasing -Wno-strict-prototypes -Wno-semicolon-before-method-body -index-store-path /Users/josh/Library/Developer/Xcode/DerivedData/GitX-cggrrpkbzogvjfcxoxftnovmywdq/Index.noindex/DataStore -Werror\=incompatible-pointer-types @/Users/josh/Library/Developer/Xcode/DerivedData/GitX-cggrrpkbzogvjfcxoxftnovmywdq/Build/Intermediates.noindex/GitX.build/Debug/GitX.build/Objects-normal/arm64/e6072d4f65d7061329687fe24e3d63a7-common-args.resp -include /Users/josh/Library/Developer/Xcode/DerivedData/GitX-cggrrpkbzogvjfcxoxftnovmywdq/Build/Intermediates.noindex/PrecompiledHeaders/SharedPrecompiledHeaders/13206212429846841114/GitX_Prefix.pch -MMD -MT dependencies -MF /Users/josh/Library/Developer/Xcode/DerivedData/GitX-cggrrpkbzogvjfcxoxftnovmywdq/Build/Intermediates.noindex/GitX.build/Debug/GitX.build/Objects-normal/arm64/PBCreateTagSheet.d --serialize-diagnostics /Users/josh/Library/Developer/Xcode/DerivedData/GitX-cggrrpkbzogvjfcxoxftnovmywdq/Build/Intermediates.noindex/GitX.build/Debug/GitX.build/Objects-normal/arm64/PBCreateTagSheet.dia -c /Users/josh/x/gitx/Classes/Views/PBCreateTagSheet.m -o /Users/josh/Library/Developer/Xcode/DerivedData/GitX-cggrrpkbzogvjfcxoxftnovmywdq/Build/Intermediates.noindex/GitX.build/Debug/GitX.build/Objects-normal/arm64/PBCreateTagSheet.o -index-unit-output-path /GitX.build/Debug/GitX.build/Objects-normal/arm64/PBCreateTagSheet.o

CompileC /Users/josh/Library/Developer/Xcode/DerivedData/GitX-cggrrpkbzogvjfcxoxftnovmywdq/Build/Intermediates.noindex/GitX.build/Debug/GitX.build/Objects-normal/arm64/PBCreateBranchSheet.o /Users/josh/x/gitx/Classes/Views/PBCreateBranchSheet.m normal arm64 objective-c com.apple.compilers.llvm.clang.1_0.compiler (in target 'GitX' from project 'GitX')
    cd /Users/josh/x/gitx
    
    Using response file: /Users/josh/Library/Developer/Xcode/DerivedData/GitX-cggrrpkbzogvjfcxoxftnovmywdq/Build/Intermediates.noindex/GitX.build/Debug/GitX.build/Objects-normal/arm64/e6072d4f65d7061329687fe24e3d63a7-common-args.resp
    
    /Applications/Xcode.app/Contents/Developer/Toolchains/XcodeDefault.xctoolchain/usr/bin/clang -x objective-c -ivfsstatcache /Users/josh/Library/Developer/Xcode/DerivedData/SDKStatCaches.noindex/macosx15.5-24F74-8254517eb8b97d462ccbc072ba9094c9.sdkstatcache -fmessage-length\=0 -fdiagnostics-show-note-include-stack -fmacro-backtrace-limit\=0 -fno-color-diagnostics -Wno-trigraphs -Wno-missing-field-initializers -Wno-missing-prototypes -Wno-implicit-atomic-properties -Wno-objc-interface-ivars -Wno-arc-repeated-use-of-weak -Wno-missing-braces -Wparentheses -Wswitch -Wno-unused-function -Wno-unused-label -Wno-unused-parameter -Wunused-variable -Wunused-value -Wno-empty-body -Wno-uninitialized -Wno-unknown-pragmas -Wno-shadow -Wno-four-char-constants -Wno-conversion -Wno-constant-conversion -Wno-int-conversion -Wno-bool-conversion -Wno-enum-conversion -Wno-float-conversion -Wno-non-literal-null-conversion -Wno-objc-literal-conversion -Wshorten-64-to-32 -Wpointer-sign -Wno-newline-eof -Wno-selector -Wno-strict-selector-match -Wno-undeclared-selector -Wno-deprecated-implementations -Wno-implicit-fallthrough -fstrict-aliasing -Wprotocol -Wdeprecated-declarations -Wno-sign-conversion -Wno-infinite-recursion -Wno-comma -Wno-block-capture-autoreleasing -Wno-strict-prototypes -Wno-semicolon-before-method-body -index-store-path /Users/josh/Library/Developer/Xcode/DerivedData/GitX-cggrrpkbzogvjfcxoxftnovmywdq/Index.noindex/DataStore -Werror\=incompatible-pointer-types @/Users/josh/Library/Developer/Xcode/DerivedData/GitX-cggrrpkbzogvjfcxoxftnovmywdq/Build/Intermediates.noindex/GitX.build/Debug/GitX.build/Objects-normal/arm64/e6072d4f65d7061329687fe24e3d63a7-common-args.resp -include /Users/josh/Library/Developer/Xcode/DerivedData/GitX-cggrrpkbzogvjfcxoxftnovmywdq/Build/Intermediates.noindex/PrecompiledHeaders/SharedPrecompiledHeaders/13206212429846841114/GitX_Prefix.pch -MMD -MT dependencies -MF /Users/josh/Library/Developer/Xcode/DerivedData/GitX-cggrrpkbzogvjfcxoxftnovmywdq/Build/Intermediates.noindex/GitX.build/Debug/GitX.build/Objects-normal/arm64/PBCreateBranchSheet.d --serialize-diagnostics /Users/josh/Library/Developer/Xcode/DerivedData/GitX-cggrrpkbzogvjfcxoxftnovmywdq/Build/Intermediates.noindex/GitX.build/Debug/GitX.build/Objects-normal/arm64/PBCreateBranchSheet.dia -c /Users/josh/x/gitx/Classes/Views/PBCreateBranchSheet.m -o /Users/josh/Library/Developer/Xcode/DerivedData/GitX-cggrrpkbzogvjfcxoxftnovmywdq/Build/Intermediates.noindex/GitX.build/Debug/GitX.build/Objects-normal/arm64/PBCreateBranchSheet.o -index-unit-output-path /GitX.build/Debug/GitX.build/Objects-normal/arm64/PBCreateBranchSheet.o

CompileC /Users/josh/Library/Developer/Xcode/DerivedData/GitX-cggrrpkbzogvjfcxoxftnovmywdq/Build/Intermediates.noindex/GitX.build/Debug/GitX.build/Objects-normal/arm64/PBCommitMessageView.o /Users/josh/x/gitx/Classes/Views/PBCommitMessageView.m normal arm64 objective-c com.apple.compilers.llvm.clang.1_0.compiler (in target 'GitX' from project 'GitX')
    cd /Users/josh/x/gitx
    
    Using response file: /Users/josh/Library/Developer/Xcode/DerivedData/GitX-cggrrpkbzogvjfcxoxftnovmywdq/Build/Intermediates.noindex/GitX.build/Debug/GitX.build/Objects-normal/arm64/e6072d4f65d7061329687fe24e3d63a7-common-args.resp
    
    /Applications/Xcode.app/Contents/Developer/Toolchains/XcodeDefault.xctoolchain/usr/bin/clang -x objective-c -ivfsstatcache /Users/josh/Library/Developer/Xcode/DerivedData/SDKStatCaches.noindex/macosx15.5-24F74-8254517eb8b97d462ccbc072ba9094c9.sdkstatcache -fmessage-length\=0 -fdiagnostics-show-note-include-stack -fmacro-backtrace-limit\=0 -fno-color-diagnostics -Wno-trigraphs -Wno-missing-field-initializers -Wno-missing-prototypes -Wno-implicit-atomic-properties -Wno-objc-interface-ivars -Wno-arc-repeated-use-of-weak -Wno-missing-braces -Wparentheses -Wswitch -Wno-unused-function -Wno-unused-label -Wno-unused-parameter -Wunused-variable -Wunused-value -Wno-empty-body -Wno-uninitialized -Wno-unknown-pragmas -Wno-shadow -Wno-four-char-constants -Wno-conversion -Wno-constant-conversion -Wno-int-conversion -Wno-bool-conversion -Wno-enum-conversion -Wno-float-conversion -Wno-non-literal-null-conversion -Wno-objc-literal-conversion -Wshorten-64-to-32 -Wpointer-sign -Wno-newline-eof -Wno-selector -Wno-strict-selector-match -Wno-undeclared-selector -Wno-deprecated-implementations -Wno-implicit-fallthrough -fstrict-aliasing -Wprotocol -Wdeprecated-declarations -Wno-sign-conversion -Wno-infinite-recursion -Wno-comma -Wno-block-capture-autoreleasing -Wno-strict-prototypes -Wno-semicolon-before-method-body -index-store-path /Users/josh/Library/Developer/Xcode/DerivedData/GitX-cggrrpkbzogvjfcxoxftnovmywdq/Index.noindex/DataStore -Werror\=incompatible-pointer-types @/Users/josh/Library/Developer/Xcode/DerivedData/GitX-cggrrpkbzogvjfcxoxftnovmywdq/Build/Intermediates.noindex/GitX.build/Debug/GitX.build/Objects-normal/arm64/e6072d4f65d7061329687fe24e3d63a7-common-args.resp -include /Users/josh/Library/Developer/Xcode/DerivedData/GitX-cggrrpkbzogvjfcxoxftnovmywdq/Build/Intermediates.noindex/PrecompiledHeaders/SharedPrecompiledHeaders/13206212429846841114/GitX_Prefix.pch -MMD -MT dependencies -MF /Users/josh/Library/Developer/Xcode/DerivedData/GitX-cggrrpkbzogvjfcxoxftnovmywdq/Build/Intermediates.noindex/GitX.build/Debug/GitX.build/Objects-normal/arm64/PBCommitMessageView.d --serialize-diagnostics /Users/josh/Library/Developer/Xcode/DerivedData/GitX-cggrrpkbzogvjfcxoxftnovmywdq/Build/Intermediates.noindex/GitX.build/Debug/GitX.build/Objects-normal/arm64/PBCommitMessageView.dia -c /Users/josh/x/gitx/Classes/Views/PBCommitMessageView.m -o /Users/josh/Library/Developer/Xcode/DerivedData/GitX-cggrrpkbzogvjfcxoxftnovmywdq/Build/Intermediates.noindex/GitX.build/Debug/GitX.build/Objects-normal/arm64/PBCommitMessageView.o -index-unit-output-path /GitX.build/Debug/GitX.build/Objects-normal/arm64/PBCommitMessageView.o

CompileC /Users/josh/Library/Developer/Xcode/DerivedData/GitX-cggrrpkbzogvjfcxoxftnovmywdq/Build/Intermediates.noindex/GitX.build/Debug/GitX.build/Objects-normal/arm64/PBCommitList.o /Users/josh/x/gitx/Classes/PBCommitList.m normal arm64 objective-c com.apple.compilers.llvm.clang.1_0.compiler (in target 'GitX' from project 'GitX')
    cd /Users/josh/x/gitx
    
    Using response file: /Users/josh/Library/Developer/Xcode/DerivedData/GitX-cggrrpkbzogvjfcxoxftnovmywdq/Build/Intermediates.noindex/GitX.build/Debug/GitX.build/Objects-normal/arm64/e6072d4f65d7061329687fe24e3d63a7-common-args.resp
    
    /Applications/Xcode.app/Contents/Developer/Toolchains/XcodeDefault.xctoolchain/usr/bin/clang -x objective-c -ivfsstatcache /Users/josh/Library/Developer/Xcode/DerivedData/SDKStatCaches.noindex/macosx15.5-24F74-8254517eb8b97d462ccbc072ba9094c9.sdkstatcache -fmessage-length\=0 -fdiagnostics-show-note-include-stack -fmacro-backtrace-limit\=0 -fno-color-diagnostics -Wno-trigraphs -Wno-missing-field-initializers -Wno-missing-prototypes -Wno-implicit-atomic-properties -Wno-objc-interface-ivars -Wno-arc-repeated-use-of-weak -Wno-missing-braces -Wparentheses -Wswitch -Wno-unused-function -Wno-unused-label -Wno-unused-parameter -Wunused-variable -Wunused-value -Wno-empty-body -Wno-uninitialized -Wno-unknown-pragmas -Wno-shadow -Wno-four-char-constants -Wno-conversion -Wno-constant-conversion -Wno-int-conversion -Wno-bool-conversion -Wno-enum-conversion -Wno-float-conversion -Wno-non-literal-null-conversion -Wno-objc-literal-conversion -Wshorten-64-to-32 -Wpointer-sign -Wno-newline-eof -Wno-selector -Wno-strict-selector-match -Wno-undeclared-selector -Wno-deprecated-implementations -Wno-implicit-fallthrough -fstrict-aliasing -Wprotocol -Wdeprecated-declarations -Wno-sign-conversion -Wno-infinite-recursion -Wno-comma -Wno-block-capture-autoreleasing -Wno-strict-prototypes -Wno-semicolon-before-method-body -index-store-path /Users/josh/Library/Developer/Xcode/DerivedData/GitX-cggrrpkbzogvjfcxoxftnovmywdq/Index.noindex/DataStore -Werror\=incompatible-pointer-types @/Users/josh/Library/Developer/Xcode/DerivedData/GitX-cggrrpkbzogvjfcxoxftnovmywdq/Build/Intermediates.noindex/GitX.build/Debug/GitX.build/Objects-normal/arm64/e6072d4f65d7061329687fe24e3d63a7-common-args.resp -include /Users/josh/Library/Developer/Xcode/DerivedData/GitX-cggrrpkbzogvjfcxoxftnovmywdq/Build/Intermediates.noindex/PrecompiledHeaders/SharedPrecompiledHeaders/13206212429846841114/GitX_Prefix.pch -MMD -MT dependencies -MF /Users/josh/Library/Developer/Xcode/DerivedData/GitX-cggrrpkbzogvjfcxoxftnovmywdq/Build/Intermediates.noindex/GitX.build/Debug/GitX.build/Objects-normal/arm64/PBCommitList.d --serialize-diagnostics /Users/josh/Library/Developer/Xcode/DerivedData/GitX-cggrrpkbzogvjfcxoxftnovmywdq/Build/Intermediates.noindex/GitX.build/Debug/GitX.build/Objects-normal/arm64/PBCommitList.dia -c /Users/josh/x/gitx/Classes/PBCommitList.m -o /Users/josh/Library/Developer/Xcode/DerivedData/GitX-cggrrpkbzogvjfcxoxftnovmywdq/Build/Intermediates.noindex/GitX.build/Debug/GitX.build/Objects-normal/arm64/PBCommitList.o -index-unit-output-path /GitX.build/Debug/GitX.build/Objects-normal/arm64/PBCommitList.o
In file included from /Users/josh/x/gitx/Classes/PBCommitList.m:10:
/Users/josh/x/gitx/Classes/Views/PBGitRevisionCell.h:27:24: warning: 'copy' attribute on property 'objectValue' does not match the property inherited from 'NSCell' [-Wproperty-attribute-mismatch]
   27 | @property PBGitCommit* objectValue;
      |                        ^
/Users/josh/x/gitx/Classes/PBCommitList.m:102:55: warning: 'preparedCellAtColumn:row:' is deprecated: first deprecated in macOS 10.10 - Use View Based TableView and -viewAtColumn:row: [-Wdeprecated-declarations]
  102 |         PBGitRevisionCell *cell = (PBGitRevisionCell *)[self preparedCellAtColumn:column row:row];
      |                                                              ^
In file included from /Users/josh/x/gitx/Classes/PBCommitList.m:1:
In file included from /Users/josh/x/gitx/GitX_Prefix.pch:4:
In file included from /Applications/Xcode.app/Contents/Developer/Platforms/MacOSX.platform/Developer/SDKs/MacOSX15.5.sdk/System/Library/Frameworks/Cocoa.framework/Headers/Cocoa.h:13:
In file included from /Applications/Xcode.app/Contents/Developer/Platforms/MacOSX.platform/Developer/SDKs/MacOSX15.5.sdk/System/Library/Frameworks/AppKit.framework/Headers/AppKit.h:162:
In file included from /Applications/Xcode.app/Contents/Developer/Platforms/MacOSX.platform/Developer/SDKs/MacOSX15.5.sdk/System/Library/Frameworks/AppKit.framework/Headers/NSTableCellView.h:14:
/Applications/Xcode.app/Contents/Developer/Platforms/MacOSX.platform/Developer/SDKs/MacOSX15.5.sdk/System/Library/Frameworks/AppKit.framework/Headers/NSTableView.h:851:1: note: 'preparedCellAtColumn:row:' has been explicitly marked deprecated here
  851 | - (nullable NSCell *)preparedCellAtColumn:(NSInteger)column row:(NSInteger)row  API_DEPRECATED("Use View Based TableView and -viewAtColumn:row:", macos(10.5,10.10));
      | ^
/Users/josh/x/gitx/Classes/PBCommitList.m:100:12: warning: implicit conversion loses integer precision: 'NSInteger' (aka 'long') to 'int' [-Wshorten-64-to-32]
  100 |         int row = [self rowAtPoint:location];
      |             ~~~   ^~~~~~~~~~~~~~~~~~~~~~~~~~
/Users/josh/x/gitx/Classes/PBCommitList.m:101:15: warning: implicit conversion loses integer precision: 'NSInteger' (aka 'long') to 'int' [-Wshorten-64-to-32]
  101 |         int column = [self columnAtPoint:location];
      |             ~~~~~~   ^~~~~~~~~~~~~~~~~~~~~~~~~~~~~
4 warnings generated.

CompileC /Users/josh/Library/Developer/Xcode/DerivedData/GitX-cggrrpkbzogvjfcxoxftnovmywdq/Build/Intermediates.noindex/GitX.build/Debug/GitX.build/Objects-normal/arm64/PBCommitHookFailedSheet.o /Users/josh/x/gitx/Classes/Views/PBCommitHookFailedSheet.m normal arm64 objective-c com.apple.compilers.llvm.clang.1_0.compiler (in target 'GitX' from project 'GitX')
    cd /Users/josh/x/gitx
    
    Using response file: /Users/josh/Library/Developer/Xcode/DerivedData/GitX-cggrrpkbzogvjfcxoxftnovmywdq/Build/Intermediates.noindex/GitX.build/Debug/GitX.build/Objects-normal/arm64/e6072d4f65d7061329687fe24e3d63a7-common-args.resp
    
    /Applications/Xcode.app/Contents/Developer/Toolchains/XcodeDefault.xctoolchain/usr/bin/clang -x objective-c -ivfsstatcache /Users/josh/Library/Developer/Xcode/DerivedData/SDKStatCaches.noindex/macosx15.5-24F74-8254517eb8b97d462ccbc072ba9094c9.sdkstatcache -fmessage-length\=0 -fdiagnostics-show-note-include-stack -fmacro-backtrace-limit\=0 -fno-color-diagnostics -Wno-trigraphs -Wno-missing-field-initializers -Wno-missing-prototypes -Wno-implicit-atomic-properties -Wno-objc-interface-ivars -Wno-arc-repeated-use-of-weak -Wno-missing-braces -Wparentheses -Wswitch -Wno-unused-function -Wno-unused-label -Wno-unused-parameter -Wunused-variable -Wunused-value -Wno-empty-body -Wno-uninitialized -Wno-unknown-pragmas -Wno-shadow -Wno-four-char-constants -Wno-conversion -Wno-constant-conversion -Wno-int-conversion -Wno-bool-conversion -Wno-enum-conversion -Wno-float-conversion -Wno-non-literal-null-conversion -Wno-objc-literal-conversion -Wshorten-64-to-32 -Wpointer-sign -Wno-newline-eof -Wno-selector -Wno-strict-selector-match -Wno-undeclared-selector -Wno-deprecated-implementations -Wno-implicit-fallthrough -fstrict-aliasing -Wprotocol -Wdeprecated-declarations -Wno-sign-conversion -Wno-infinite-recursion -Wno-comma -Wno-block-capture-autoreleasing -Wno-strict-prototypes -Wno-semicolon-before-method-body -index-store-path /Users/josh/Library/Developer/Xcode/DerivedData/GitX-cggrrpkbzogvjfcxoxftnovmywdq/Index.noindex/DataStore -Werror\=incompatible-pointer-types @/Users/josh/Library/Developer/Xcode/DerivedData/GitX-cggrrpkbzogvjfcxoxftnovmywdq/Build/Intermediates.noindex/GitX.build/Debug/GitX.build/Objects-normal/arm64/e6072d4f65d7061329687fe24e3d63a7-common-args.resp -include /Users/josh/Library/Developer/Xcode/DerivedData/GitX-cggrrpkbzogvjfcxoxftnovmywdq/Build/Intermediates.noindex/PrecompiledHeaders/SharedPrecompiledHeaders/13206212429846841114/GitX_Prefix.pch -MMD -MT dependencies -MF /Users/josh/Library/Developer/Xcode/DerivedData/GitX-cggrrpkbzogvjfcxoxftnovmywdq/Build/Intermediates.noindex/GitX.build/Debug/GitX.build/Objects-normal/arm64/PBCommitHookFailedSheet.d --serialize-diagnostics /Users/josh/Library/Developer/Xcode/DerivedData/GitX-cggrrpkbzogvjfcxoxftnovmywdq/Build/Intermediates.noindex/GitX.build/Debug/GitX.build/Objects-normal/arm64/PBCommitHookFailedSheet.dia -c /Users/josh/x/gitx/Classes/Views/PBCommitHookFailedSheet.m -o /Users/josh/Library/Developer/Xcode/DerivedData/GitX-cggrrpkbzogvjfcxoxftnovmywdq/Build/Intermediates.noindex/GitX.build/Debug/GitX.build/Objects-normal/arm64/PBCommitHookFailedSheet.o -index-unit-output-path /GitX.build/Debug/GitX.build/Objects-normal/arm64/PBCommitHookFailedSheet.o

CompileC /Users/josh/Library/Developer/Xcode/DerivedData/GitX-cggrrpkbzogvjfcxoxftnovmywdq/Build/Intermediates.noindex/GitX.build/Debug/GitX.build/Objects-normal/arm64/PBCollapsibleSplitView.o /Users/josh/x/gitx/Classes/Views/PBCollapsibleSplitView.m normal arm64 objective-c com.apple.compilers.llvm.clang.1_0.compiler (in target 'GitX' from project 'GitX')
    cd /Users/josh/x/gitx
    
    Using response file: /Users/josh/Library/Developer/Xcode/DerivedData/GitX-cggrrpkbzogvjfcxoxftnovmywdq/Build/Intermediates.noindex/GitX.build/Debug/GitX.build/Objects-normal/arm64/e6072d4f65d7061329687fe24e3d63a7-common-args.resp
    
    /Applications/Xcode.app/Contents/Developer/Toolchains/XcodeDefault.xctoolchain/usr/bin/clang -x objective-c -ivfsstatcache /Users/josh/Library/Developer/Xcode/DerivedData/SDKStatCaches.noindex/macosx15.5-24F74-8254517eb8b97d462ccbc072ba9094c9.sdkstatcache -fmessage-length\=0 -fdiagnostics-show-note-include-stack -fmacro-backtrace-limit\=0 -fno-color-diagnostics -Wno-trigraphs -Wno-missing-field-initializers -Wno-missing-prototypes -Wno-implicit-atomic-properties -Wno-objc-interface-ivars -Wno-arc-repeated-use-of-weak -Wno-missing-braces -Wparentheses -Wswitch -Wno-unused-function -Wno-unused-label -Wno-unused-parameter -Wunused-variable -Wunused-value -Wno-empty-body -Wno-uninitialized -Wno-unknown-pragmas -Wno-shadow -Wno-four-char-constants -Wno-conversion -Wno-constant-conversion -Wno-int-conversion -Wno-bool-conversion -Wno-enum-conversion -Wno-float-conversion -Wno-non-literal-null-conversion -Wno-objc-literal-conversion -Wshorten-64-to-32 -Wpointer-sign -Wno-newline-eof -Wno-selector -Wno-strict-selector-match -Wno-undeclared-selector -Wno-deprecated-implementations -Wno-implicit-fallthrough -fstrict-aliasing -Wprotocol -Wdeprecated-declarations -Wno-sign-conversion -Wno-infinite-recursion -Wno-comma -Wno-block-capture-autoreleasing -Wno-strict-prototypes -Wno-semicolon-before-method-body -index-store-path /Users/josh/Library/Developer/Xcode/DerivedData/GitX-cggrrpkbzogvjfcxoxftnovmywdq/Index.noindex/DataStore -Werror\=incompatible-pointer-types @/Users/josh/Library/Developer/Xcode/DerivedData/GitX-cggrrpkbzogvjfcxoxftnovmywdq/Build/Intermediates.noindex/GitX.build/Debug/GitX.build/Objects-normal/arm64/e6072d4f65d7061329687fe24e3d63a7-common-args.resp -include /Users/josh/Library/Developer/Xcode/DerivedData/GitX-cggrrpkbzogvjfcxoxftnovmywdq/Build/Intermediates.noindex/PrecompiledHeaders/SharedPrecompiledHeaders/13206212429846841114/GitX_Prefix.pch -MMD -MT dependencies -MF /Users/josh/Library/Developer/Xcode/DerivedData/GitX-cggrrpkbzogvjfcxoxftnovmywdq/Build/Intermediates.noindex/GitX.build/Debug/GitX.build/Objects-normal/arm64/PBCollapsibleSplitView.d --serialize-diagnostics /Users/josh/Library/Developer/Xcode/DerivedData/GitX-cggrrpkbzogvjfcxoxftnovmywdq/Build/Intermediates.noindex/GitX.build/Debug/GitX.build/Objects-normal/arm64/PBCollapsibleSplitView.dia -c /Users/josh/x/gitx/Classes/Views/PBCollapsibleSplitView.m -o /Users/josh/Library/Developer/Xcode/DerivedData/GitX-cggrrpkbzogvjfcxoxftnovmywdq/Build/Intermediates.noindex/GitX.build/Debug/GitX.build/Objects-normal/arm64/PBCollapsibleSplitView.o -index-unit-output-path /GitX.build/Debug/GitX.build/Objects-normal/arm64/PBCollapsibleSplitView.o

CompileC /Users/josh/Library/Developer/Xcode/DerivedData/GitX-cggrrpkbzogvjfcxoxftnovmywdq/Build/Intermediates.noindex/GitX.build/Debug/GitX.build/Objects-normal/arm64/PBChangedFile.o /Users/josh/x/gitx/Classes/PBChangedFile.m normal arm64 objective-c com.apple.compilers.llvm.clang.1_0.compiler (in target 'GitX' from project 'GitX')
    cd /Users/josh/x/gitx
    
    Using response file: /Users/josh/Library/Developer/Xcode/DerivedData/GitX-cggrrpkbzogvjfcxoxftnovmywdq/Build/Intermediates.noindex/GitX.build/Debug/GitX.build/Objects-normal/arm64/e6072d4f65d7061329687fe24e3d63a7-common-args.resp
    
    /Applications/Xcode.app/Contents/Developer/Toolchains/XcodeDefault.xctoolchain/usr/bin/clang -x objective-c -ivfsstatcache /Users/josh/Library/Developer/Xcode/DerivedData/SDKStatCaches.noindex/macosx15.5-24F74-8254517eb8b97d462ccbc072ba9094c9.sdkstatcache -fmessage-length\=0 -fdiagnostics-show-note-include-stack -fmacro-backtrace-limit\=0 -fno-color-diagnostics -Wno-trigraphs -Wno-missing-field-initializers -Wno-missing-prototypes -Wno-implicit-atomic-properties -Wno-objc-interface-ivars -Wno-arc-repeated-use-of-weak -Wno-missing-braces -Wparentheses -Wswitch -Wno-unused-function -Wno-unused-label -Wno-unused-parameter -Wunused-variable -Wunused-value -Wno-empty-body -Wno-uninitialized -Wno-unknown-pragmas -Wno-shadow -Wno-four-char-constants -Wno-conversion -Wno-constant-conversion -Wno-int-conversion -Wno-bool-conversion -Wno-enum-conversion -Wno-float-conversion -Wno-non-literal-null-conversion -Wno-objc-literal-conversion -Wshorten-64-to-32 -Wpointer-sign -Wno-newline-eof -Wno-selector -Wno-strict-selector-match -Wno-undeclared-selector -Wno-deprecated-implementations -Wno-implicit-fallthrough -fstrict-aliasing -Wprotocol -Wdeprecated-declarations -Wno-sign-conversion -Wno-infinite-recursion -Wno-comma -Wno-block-capture-autoreleasing -Wno-strict-prototypes -Wno-semicolon-before-method-body -index-store-path /Users/josh/Library/Developer/Xcode/DerivedData/GitX-cggrrpkbzogvjfcxoxftnovmywdq/Index.noindex/DataStore -Werror\=incompatible-pointer-types @/Users/josh/Library/Developer/Xcode/DerivedData/GitX-cggrrpkbzogvjfcxoxftnovmywdq/Build/Intermediates.noindex/GitX.build/Debug/GitX.build/Objects-normal/arm64/e6072d4f65d7061329687fe24e3d63a7-common-args.resp -include /Users/josh/Library/Developer/Xcode/DerivedData/GitX-cggrrpkbzogvjfcxoxftnovmywdq/Build/Intermediates.noindex/PrecompiledHeaders/SharedPrecompiledHeaders/13206212429846841114/GitX_Prefix.pch -MMD -MT dependencies -MF /Users/josh/Library/Developer/Xcode/DerivedData/GitX-cggrrpkbzogvjfcxoxftnovmywdq/Build/Intermediates.noindex/GitX.build/Debug/GitX.build/Objects-normal/arm64/PBChangedFile.d --serialize-diagnostics /Users/josh/Library/Developer/Xcode/DerivedData/GitX-cggrrpkbzogvjfcxoxftnovmywdq/Build/Intermediates.noindex/GitX.build/Debug/GitX.build/Objects-normal/arm64/PBChangedFile.dia -c /Users/josh/x/gitx/Classes/PBChangedFile.m -o /Users/josh/Library/Developer/Xcode/DerivedData/GitX-cggrrpkbzogvjfcxoxftnovmywdq/Build/Intermediates.noindex/GitX.build/Debug/GitX.build/Objects-normal/arm64/PBChangedFile.o -index-unit-output-path /GitX.build/Debug/GitX.build/Objects-normal/arm64/PBChangedFile.o

CompileC /Users/josh/Library/Developer/Xcode/DerivedData/GitX-cggrrpkbzogvjfcxoxftnovmywdq/Build/Intermediates.noindex/GitX.build/Debug/GitX.build/Objects-normal/arm64/PBCLIProxy.o /Users/josh/x/gitx/Classes/PBCLIProxy.m normal arm64 objective-c com.apple.compilers.llvm.clang.1_0.compiler (in target 'GitX' from project 'GitX')
    cd /Users/josh/x/gitx
    
    Using response file: /Users/josh/Library/Developer/Xcode/DerivedData/GitX-cggrrpkbzogvjfcxoxftnovmywdq/Build/Intermediates.noindex/GitX.build/Debug/GitX.build/Objects-normal/arm64/e6072d4f65d7061329687fe24e3d63a7-common-args.resp
    
    /Applications/Xcode.app/Contents/Developer/Toolchains/XcodeDefault.xctoolchain/usr/bin/clang -x objective-c -ivfsstatcache /Users/josh/Library/Developer/Xcode/DerivedData/SDKStatCaches.noindex/macosx15.5-24F74-8254517eb8b97d462ccbc072ba9094c9.sdkstatcache -fmessage-length\=0 -fdiagnostics-show-note-include-stack -fmacro-backtrace-limit\=0 -fno-color-diagnostics -Wno-trigraphs -Wno-missing-field-initializers -Wno-missing-prototypes -Wno-implicit-atomic-properties -Wno-objc-interface-ivars -Wno-arc-repeated-use-of-weak -Wno-missing-braces -Wparentheses -Wswitch -Wno-unused-function -Wno-unused-label -Wno-unused-parameter -Wunused-variable -Wunused-value -Wno-empty-body -Wno-uninitialized -Wno-unknown-pragmas -Wno-shadow -Wno-four-char-constants -Wno-conversion -Wno-constant-conversion -Wno-int-conversion -Wno-bool-conversion -Wno-enum-conversion -Wno-float-conversion -Wno-non-literal-null-conversion -Wno-objc-literal-conversion -Wshorten-64-to-32 -Wpointer-sign -Wno-newline-eof -Wno-selector -Wno-strict-selector-match -Wno-undeclared-selector -Wno-deprecated-implementations -Wno-implicit-fallthrough -fstrict-aliasing -Wprotocol -Wdeprecated-declarations -Wno-sign-conversion -Wno-infinite-recursion -Wno-comma -Wno-block-capture-autoreleasing -Wno-strict-prototypes -Wno-semicolon-before-method-body -index-store-path /Users/josh/Library/Developer/Xcode/DerivedData/GitX-cggrrpkbzogvjfcxoxftnovmywdq/Index.noindex/DataStore -Werror\=incompatible-pointer-types @/Users/josh/Library/Developer/Xcode/DerivedData/GitX-cggrrpkbzogvjfcxoxftnovmywdq/Build/Intermediates.noindex/GitX.build/Debug/GitX.build/Objects-normal/arm64/e6072d4f65d7061329687fe24e3d63a7-common-args.resp -include /Users/josh/Library/Developer/Xcode/DerivedData/GitX-cggrrpkbzogvjfcxoxftnovmywdq/Build/Intermediates.noindex/PrecompiledHeaders/SharedPrecompiledHeaders/13206212429846841114/GitX_Prefix.pch -MMD -MT dependencies -MF /Users/josh/Library/Developer/Xcode/DerivedData/GitX-cggrrpkbzogvjfcxoxftnovmywdq/Build/Intermediates.noindex/GitX.build/Debug/GitX.build/Objects-normal/arm64/PBCLIProxy.d --serialize-diagnostics /Users/josh/Library/Developer/Xcode/DerivedData/GitX-cggrrpkbzogvjfcxoxftnovmywdq/Build/Intermediates.noindex/GitX.build/Debug/GitX.build/Objects-normal/arm64/PBCLIProxy.dia -c /Users/josh/x/gitx/Classes/PBCLIProxy.m -o /Users/josh/Library/Developer/Xcode/DerivedData/GitX-cggrrpkbzogvjfcxoxftnovmywdq/Build/Intermediates.noindex/GitX.build/Debug/GitX.build/Objects-normal/arm64/PBCLIProxy.o -index-unit-output-path /GitX.build/Debug/GitX.build/Objects-normal/arm64/PBCLIProxy.o
In file included from /Users/josh/x/gitx/Classes/PBCLIProxy.m:9:
/Users/josh/x/gitx/Classes/PBCLIProxy.h:13:2: warning: 'NSConnection' is deprecated: first deprecated in macOS 10.13 - Use NSXPCConnection instead [-Wdeprecated-declarations]
   13 |         NSConnection *connection;
      |         ^
In file included from /Users/josh/x/gitx/Classes/PBCLIProxy.m:1:
In file included from /Users/josh/x/gitx/GitX_Prefix.pch:4:
In file included from /Applications/Xcode.app/Contents/Developer/Platforms/MacOSX.platform/Developer/SDKs/MacOSX15.5.sdk/System/Library/Frameworks/Cocoa.framework/Headers/Cocoa.h:12:
In file included from /Applications/Xcode.app/Contents/Developer/Platforms/MacOSX.platform/Developer/SDKs/MacOSX15.5.sdk/System/Library/Frameworks/Foundation.framework/Headers/Foundation.h:149:
/Applications/Xcode.app/Contents/Developer/Platforms/MacOSX.platform/Developer/SDKs/MacOSX15.5.sdk/System/Library/Frameworks/Foundation.framework/Headers/NSConnection.h:18:12: note: 'NSConnection' has been explicitly marked deprecated here
   18 | @interface NSConnection : NSObject {
      |            ^
In file included from /Users/josh/x/gitx/Classes/PBCLIProxy.m:9:
/Users/josh/x/gitx/Classes/PBCLIProxy.h:15:20: warning: 'NSConnection' is deprecated: first deprecated in macOS 10.13 - Use NSXPCConnection instead [-Wdeprecated-declarations]
   15 | @property (retain) NSConnection* connection;
      |                    ^
In file included from /Users/josh/x/gitx/Classes/PBCLIProxy.m:1:
In file included from /Users/josh/x/gitx/GitX_Prefix.pch:4:
In file included from /Applications/Xcode.app/Contents/Developer/Platforms/MacOSX.platform/Developer/SDKs/MacOSX15.5.sdk/System/Library/Frameworks/Cocoa.framework/Headers/Cocoa.h:12:
In file included from /Applications/Xcode.app/Contents/Developer/Platforms/MacOSX.platform/Developer/SDKs/MacOSX15.5.sdk/System/Library/Frameworks/Foundation.framework/Headers/Foundation.h:149:
/Applications/Xcode.app/Contents/Developer/Platforms/MacOSX.platform/Developer/SDKs/MacOSX15.5.sdk/System/Library/Frameworks/Foundation.framework/Headers/NSConnection.h:18:12: note: 'NSConnection' has been explicitly marked deprecated here
   18 | @interface NSConnection : NSObject {
      |            ^
/Users/josh/x/gitx/Classes/PBCLIProxy.m:22:35: warning: 'NSConnection' is deprecated: first deprecated in macOS 10.13 - Use NSXPCConnection instead [-Wdeprecated-declarations]
   22 |                 self.connection = [NSConnection new];
      |                                                 ^
In file included from /Users/josh/x/gitx/Classes/PBCLIProxy.m:1:
In file included from /Users/josh/x/gitx/GitX_Prefix.pch:4:
In file included from /Applications/Xcode.app/Contents/Developer/Platforms/MacOSX.platform/Developer/SDKs/MacOSX15.5.sdk/System/Library/Frameworks/Cocoa.framework/Headers/Cocoa.h:12:
In file included from /Applications/Xcode.app/Contents/Developer/Platforms/MacOSX.platform/Developer/SDKs/MacOSX15.5.sdk/System/Library/Frameworks/Foundation.framework/Headers/Foundation.h:149:
/Applications/Xcode.app/Contents/Developer/Platforms/MacOSX.platform/Developer/SDKs/MacOSX15.5.sdk/System/Library/Frameworks/Foundation.framework/Headers/NSConnection.h:18:12: note: 'NSConnection' has been explicitly marked deprecated here
   18 | @interface NSConnection : NSObject {
      |            ^
3 warnings generated.

CompileC /Users/josh/Library/Developer/Xcode/DerivedData/GitX-cggrrpkbzogvjfcxoxftnovmywdq/Build/Intermediates.noindex/GitX.build/Debug/GitX.build/Objects-normal/arm64/OpenRecentController.o /Users/josh/x/gitx/Classes/Controllers/OpenRecentController.m normal arm64 objective-c com.apple.compilers.llvm.clang.1_0.compiler (in target 'GitX' from project 'GitX')
    cd /Users/josh/x/gitx
    
    Using response file: /Users/josh/Library/Developer/Xcode/DerivedData/GitX-cggrrpkbzogvjfcxoxftnovmywdq/Build/Intermediates.noindex/GitX.build/Debug/GitX.build/Objects-normal/arm64/e6072d4f65d7061329687fe24e3d63a7-common-args.resp
    
    /Applications/Xcode.app/Contents/Developer/Toolchains/XcodeDefault.xctoolchain/usr/bin/clang -x objective-c -ivfsstatcache /Users/josh/Library/Developer/Xcode/DerivedData/SDKStatCaches.noindex/macosx15.5-24F74-8254517eb8b97d462ccbc072ba9094c9.sdkstatcache -fmessage-length\=0 -fdiagnostics-show-note-include-stack -fmacro-backtrace-limit\=0 -fno-color-diagnostics -Wno-trigraphs -Wno-missing-field-initializers -Wno-missing-prototypes -Wno-implicit-atomic-properties -Wno-objc-interface-ivars -Wno-arc-repeated-use-of-weak -Wno-missing-braces -Wparentheses -Wswitch -Wno-unused-function -Wno-unused-label -Wno-unused-parameter -Wunused-variable -Wunused-value -Wno-empty-body -Wno-uninitialized -Wno-unknown-pragmas -Wno-shadow -Wno-four-char-constants -Wno-conversion -Wno-constant-conversion -Wno-int-conversion -Wno-bool-conversion -Wno-enum-conversion -Wno-float-conversion -Wno-non-literal-null-conversion -Wno-objc-literal-conversion -Wshorten-64-to-32 -Wpointer-sign -Wno-newline-eof -Wno-selector -Wno-strict-selector-match -Wno-undeclared-selector -Wno-deprecated-implementations -Wno-implicit-fallthrough -fstrict-aliasing -Wprotocol -Wdeprecated-declarations -Wno-sign-conversion -Wno-infinite-recursion -Wno-comma -Wno-block-capture-autoreleasing -Wno-strict-prototypes -Wno-semicolon-before-method-body -index-store-path /Users/josh/Library/Developer/Xcode/DerivedData/GitX-cggrrpkbzogvjfcxoxftnovmywdq/Index.noindex/DataStore -Werror\=incompatible-pointer-types @/Users/josh/Library/Developer/Xcode/DerivedData/GitX-cggrrpkbzogvjfcxoxftnovmywdq/Build/Intermediates.noindex/GitX.build/Debug/GitX.build/Objects-normal/arm64/e6072d4f65d7061329687fe24e3d63a7-common-args.resp -include /Users/josh/Library/Developer/Xcode/DerivedData/GitX-cggrrpkbzogvjfcxoxftnovmywdq/Build/Intermediates.noindex/PrecompiledHeaders/SharedPrecompiledHeaders/13206212429846841114/GitX_Prefix.pch -MMD -MT dependencies -MF /Users/josh/Library/Developer/Xcode/DerivedData/GitX-cggrrpkbzogvjfcxoxftnovmywdq/Build/Intermediates.noindex/GitX.build/Debug/GitX.build/Objects-normal/arm64/OpenRecentController.d --serialize-diagnostics /Users/josh/Library/Developer/Xcode/DerivedData/GitX-cggrrpkbzogvjfcxoxftnovmywdq/Build/Intermediates.noindex/GitX.build/Debug/GitX.build/Objects-normal/arm64/OpenRecentController.dia -c /Users/josh/x/gitx/Classes/Controllers/OpenRecentController.m -o /Users/josh/Library/Developer/Xcode/DerivedData/GitX-cggrrpkbzogvjfcxoxftnovmywdq/Build/Intermediates.noindex/GitX.build/Debug/GitX.build/Objects-normal/arm64/OpenRecentController.o -index-unit-output-path /GitX.build/Debug/GitX.build/Objects-normal/arm64/OpenRecentController.o
/Users/josh/x/gitx/Classes/Controllers/OpenRecentController.m:79:52: warning: 'openDocumentWithContentsOfURL:display:error:' is deprecated: first deprecated in macOS 10.7 - Use -openDocumentWithContentsOfURL:display:completionHandler: instead [-Wdeprecated-declarations]
   79 |                 [[NSDocumentController sharedDocumentController] openDocumentWithContentsOfURL:selectedResult
      |                                                                  ^
In file included from /Users/josh/x/gitx/Classes/Controllers/OpenRecentController.m:1:
In file included from /Users/josh/x/gitx/GitX_Prefix.pch:4:
In file included from /Applications/Xcode.app/Contents/Developer/Platforms/MacOSX.platform/Developer/SDKs/MacOSX15.5.sdk/System/Library/Frameworks/Cocoa.framework/Headers/Cocoa.h:13:
In file included from /Applications/Xcode.app/Contents/Developer/Platforms/MacOSX.platform/Developer/SDKs/MacOSX15.5.sdk/System/Library/Frameworks/AppKit.framework/Headers/AppKit.h:69:
/Applications/Xcode.app/Contents/Developer/Platforms/MacOSX.platform/Developer/SDKs/MacOSX15.5.sdk/System/Library/Frameworks/AppKit.framework/Headers/NSDocumentController.h:281:1: note: 'openDocumentWithContentsOfURL:display:error:' has been explicitly marked deprecated here
  281 | - (nullable id)openDocumentWithContentsOfURL:(NSURL *)url display:(BOOL)displayDocument error:(NSError **)outError API_DEPRECATED("Use -openDocumentWithContentsOfURL:display:completionHandler: instead", macos(10.4,10.7));
      | ^
/Users/josh/x/gitx/Classes/Controllers/OpenRecentController.m:90:53: warning: 'openDocumentWithContentsOfURL:display:error:' is deprecated: first deprecated in macOS 10.7 - Use -openDocumentWithContentsOfURL:display:completionHandler: instead [-Wdeprecated-declarations]
   90 |                         [[NSDocumentController sharedDocumentController] openDocumentWithContentsOfURL:selectedResult
      |                                                                          ^
In file included from /Users/josh/x/gitx/Classes/Controllers/OpenRecentController.m:1:
In file included from /Users/josh/x/gitx/GitX_Prefix.pch:4:
In file included from /Applications/Xcode.app/Contents/Developer/Platforms/MacOSX.platform/Developer/SDKs/MacOSX15.5.sdk/System/Library/Frameworks/Cocoa.framework/Headers/Cocoa.h:13:
In file included from /Applications/Xcode.app/Contents/Developer/Platforms/MacOSX.platform/Developer/SDKs/MacOSX15.5.sdk/System/Library/Frameworks/AppKit.framework/Headers/AppKit.h:69:
/Applications/Xcode.app/Contents/Developer/Platforms/MacOSX.platform/Developer/SDKs/MacOSX15.5.sdk/System/Library/Frameworks/AppKit.framework/Headers/NSDocumentController.h:281:1: note: 'openDocumentWithContentsOfURL:display:error:' has been explicitly marked deprecated here
  281 | - (nullable id)openDocumentWithContentsOfURL:(NSURL *)url display:(BOOL)displayDocument error:(NSError **)outError API_DEPRECATED("Use -openDocumentWithContentsOfURL:display:completionHandler: instead", macos(10.4,10.7));
      | ^
/Users/josh/x/gitx/Classes/Controllers/OpenRecentController.m:104:62: warning: implicit conversion loses integer precision: 'NSUInteger' (aka 'unsigned long') to 'int' [-Wshorten-64-to-32]
  104 |                         int index = [currentResults indexOfObject: selectedResult]-1;
      |                             ~~~~~   ~~~~~~~~~~~~~~~~~~~~~~~~~~~~~~~~~~~~~~~~~~~~~~^~
/Users/josh/x/gitx/Classes/Controllers/OpenRecentController.m:114:62: warning: implicit conversion loses integer precision: 'NSUInteger' (aka 'unsigned long') to 'int' [-Wshorten-64-to-32]
  114 |                         int index = [currentResults indexOfObject: selectedResult]+1;
      |                             ~~~~~   ~~~~~~~~~~~~~~~~~~~~~~~~~~~~~~~~~~~~~~~~~~~~~~^~
/Users/josh/x/gitx/Classes/Controllers/OpenRecentController.m:115:71: warning: implicit conversion loses integer precision: 'NSUInteger' (aka 'unsigned long') to 'int' [-Wshorten-64-to-32]
  115 |                         if(index >= [currentResults count]) index = [currentResults count] - 1;
      |                                                                   ~ ~~~~~~~~~~~~~~~~~~~~~~~^~~
/Users/josh/x/gitx/Classes/Controllers/OpenRecentController.m:149:10: warning: implicit conversion loses integer precision: 'NSInteger' (aka 'long') to 'int' [-Wshorten-64-to-32]
  149 |         int i = [resultViewer selectedRow];
      |             ~   ^~~~~~~~~~~~~~~~~~~~~~~~~~
6 warnings generated.

CompileC /Users/josh/Library/Developer/Xcode/DerivedData/GitX-cggrrpkbzogvjfcxoxftnovmywdq/Build/Intermediates.noindex/GitX.build/Debug/GitX.build/Objects-normal/arm64/NSString_Truncate.o /Users/josh/x/gitx/Classes/Util/NSString_Truncate.m normal arm64 objective-c com.apple.compilers.llvm.clang.1_0.compiler (in target 'GitX' from project 'GitX')
    cd /Users/josh/x/gitx
    
    Using response file: /Users/josh/Library/Developer/Xcode/DerivedData/GitX-cggrrpkbzogvjfcxoxftnovmywdq/Build/Intermediates.noindex/GitX.build/Debug/GitX.build/Objects-normal/arm64/e6072d4f65d7061329687fe24e3d63a7-common-args.resp
    
    /Applications/Xcode.app/Contents/Developer/Toolchains/XcodeDefault.xctoolchain/usr/bin/clang -x objective-c -ivfsstatcache /Users/josh/Library/Developer/Xcode/DerivedData/SDKStatCaches.noindex/macosx15.5-24F74-8254517eb8b97d462ccbc072ba9094c9.sdkstatcache -fmessage-length\=0 -fdiagnostics-show-note-include-stack -fmacro-backtrace-limit\=0 -fno-color-diagnostics -Wno-trigraphs -Wno-missing-field-initializers -Wno-missing-prototypes -Wno-implicit-atomic-properties -Wno-objc-interface-ivars -Wno-arc-repeated-use-of-weak -Wno-missing-braces -Wparentheses -Wswitch -Wno-unused-function -Wno-unused-label -Wno-unused-parameter -Wunused-variable -Wunused-value -Wno-empty-body -Wno-uninitialized -Wno-unknown-pragmas -Wno-shadow -Wno-four-char-constants -Wno-conversion -Wno-constant-conversion -Wno-int-conversion -Wno-bool-conversion -Wno-enum-conversion -Wno-float-conversion -Wno-non-literal-null-conversion -Wno-objc-literal-conversion -Wshorten-64-to-32 -Wpointer-sign -Wno-newline-eof -Wno-selector -Wno-strict-selector-match -Wno-undeclared-selector -Wno-deprecated-implementations -Wno-implicit-fallthrough -fstrict-aliasing -Wprotocol -Wdeprecated-declarations -Wno-sign-conversion -Wno-infinite-recursion -Wno-comma -Wno-block-capture-autoreleasing -Wno-strict-prototypes -Wno-semicolon-before-method-body -index-store-path /Users/josh/Library/Developer/Xcode/DerivedData/GitX-cggrrpkbzogvjfcxoxftnovmywdq/Index.noindex/DataStore -Werror\=incompatible-pointer-types @/Users/josh/Library/Developer/Xcode/DerivedData/GitX-cggrrpkbzogvjfcxoxftnovmywdq/Build/Intermediates.noindex/GitX.build/Debug/GitX.build/Objects-normal/arm64/e6072d4f65d7061329687fe24e3d63a7-common-args.resp -include /Users/josh/Library/Developer/Xcode/DerivedData/GitX-cggrrpkbzogvjfcxoxftnovmywdq/Build/Intermediates.noindex/PrecompiledHeaders/SharedPrecompiledHeaders/13206212429846841114/GitX_Prefix.pch -MMD -MT dependencies -MF /Users/josh/Library/Developer/Xcode/DerivedData/GitX-cggrrpkbzogvjfcxoxftnovmywdq/Build/Intermediates.noindex/GitX.build/Debug/GitX.build/Objects-normal/arm64/NSString_Truncate.d --serialize-diagnostics /Users/josh/Library/Developer/Xcode/DerivedData/GitX-cggrrpkbzogvjfcxoxftnovmywdq/Build/Intermediates.noindex/GitX.build/Debug/GitX.build/Objects-normal/arm64/NSString_Truncate.dia -c /Users/josh/x/gitx/Classes/Util/NSString_Truncate.m -o /Users/josh/Library/Developer/Xcode/DerivedData/GitX-cggrrpkbzogvjfcxoxftnovmywdq/Build/Intermediates.noindex/GitX.build/Debug/GitX.build/Objects-normal/arm64/NSString_Truncate.o -index-unit-output-path /GitX.build/Debug/GitX.build/Objects-normal/arm64/NSString_Truncate.o

CompileC /Users/josh/Library/Developer/Xcode/DerivedData/GitX-cggrrpkbzogvjfcxoxftnovmywdq/Build/Intermediates.noindex/GitX.build/Debug/GitX.build/Objects-normal/arm64/NSString_RegEx.o /Users/josh/x/gitx/Classes/Util/NSString_RegEx.m normal arm64 objective-c com.apple.compilers.llvm.clang.1_0.compiler (in target 'GitX' from project 'GitX')
    cd /Users/josh/x/gitx
    
    Using response file: /Users/josh/Library/Developer/Xcode/DerivedData/GitX-cggrrpkbzogvjfcxoxftnovmywdq/Build/Intermediates.noindex/GitX.build/Debug/GitX.build/Objects-normal/arm64/e6072d4f65d7061329687fe24e3d63a7-common-args.resp
    
    /Applications/Xcode.app/Contents/Developer/Toolchains/XcodeDefault.xctoolchain/usr/bin/clang -x objective-c -ivfsstatcache /Users/josh/Library/Developer/Xcode/DerivedData/SDKStatCaches.noindex/macosx15.5-24F74-8254517eb8b97d462ccbc072ba9094c9.sdkstatcache -fmessage-length\=0 -fdiagnostics-show-note-include-stack -fmacro-backtrace-limit\=0 -fno-color-diagnostics -Wno-trigraphs -Wno-missing-field-initializers -Wno-missing-prototypes -Wno-implicit-atomic-properties -Wno-objc-interface-ivars -Wno-arc-repeated-use-of-weak -Wno-missing-braces -Wparentheses -Wswitch -Wno-unused-function -Wno-unused-label -Wno-unused-parameter -Wunused-variable -Wunused-value -Wno-empty-body -Wno-uninitialized -Wno-unknown-pragmas -Wno-shadow -Wno-four-char-constants -Wno-conversion -Wno-constant-conversion -Wno-int-conversion -Wno-bool-conversion -Wno-enum-conversion -Wno-float-conversion -Wno-non-literal-null-conversion -Wno-objc-literal-conversion -Wshorten-64-to-32 -Wpointer-sign -Wno-newline-eof -Wno-selector -Wno-strict-selector-match -Wno-undeclared-selector -Wno-deprecated-implementations -Wno-implicit-fallthrough -fstrict-aliasing -Wprotocol -Wdeprecated-declarations -Wno-sign-conversion -Wno-infinite-recursion -Wno-comma -Wno-block-capture-autoreleasing -Wno-strict-prototypes -Wno-semicolon-before-method-body -index-store-path /Users/josh/Library/Developer/Xcode/DerivedData/GitX-cggrrpkbzogvjfcxoxftnovmywdq/Index.noindex/DataStore -Werror\=incompatible-pointer-types @/Users/josh/Library/Developer/Xcode/DerivedData/GitX-cggrrpkbzogvjfcxoxftnovmywdq/Build/Intermediates.noindex/GitX.build/Debug/GitX.build/Objects-normal/arm64/e6072d4f65d7061329687fe24e3d63a7-common-args.resp -include /Users/josh/Library/Developer/Xcode/DerivedData/GitX-cggrrpkbzogvjfcxoxftnovmywdq/Build/Intermediates.noindex/PrecompiledHeaders/SharedPrecompiledHeaders/13206212429846841114/GitX_Prefix.pch -MMD -MT dependencies -MF /Users/josh/Library/Developer/Xcode/DerivedData/GitX-cggrrpkbzogvjfcxoxftnovmywdq/Build/Intermediates.noindex/GitX.build/Debug/GitX.build/Objects-normal/arm64/NSString_RegEx.d --serialize-diagnostics /Users/josh/Library/Developer/Xcode/DerivedData/GitX-cggrrpkbzogvjfcxoxftnovmywdq/Build/Intermediates.noindex/GitX.build/Debug/GitX.build/Objects-normal/arm64/NSString_RegEx.dia -c /Users/josh/x/gitx/Classes/Util/NSString_RegEx.m -o /Users/josh/Library/Developer/Xcode/DerivedData/GitX-cggrrpkbzogvjfcxoxftnovmywdq/Build/Intermediates.noindex/GitX.build/Debug/GitX.build/Objects-normal/arm64/NSString_RegEx.o -index-unit-output-path /GitX.build/Debug/GitX.build/Objects-normal/arm64/NSString_RegEx.o
/Users/josh/x/gitx/Classes/Util/NSString_RegEx.m:78:13: warning: implicit conversion loses integer precision: 'size_t' (aka 'unsigned long') to 'int' [-Wshorten-64-to-32]
   78 |                 int len = regerror(errcode, &preg, errbuf, sizeof(errbuf));
      |                     ~~~   ^~~~~~~~~~~~~~~~~~~~~~~~~~~~~~~~~~~~~~~~~~~~~~~~
1 warning generated.

CompileC /Users/josh/Library/Developer/Xcode/DerivedData/GitX-cggrrpkbzogvjfcxoxftnovmywdq/Build/Intermediates.noindex/GitX.build/Debug/GitX.build/Objects-normal/arm64/NSOutlineViewExt.o /Users/josh/x/gitx/Classes/Util/NSOutlineViewExt.m normal arm64 objective-c com.apple.compilers.llvm.clang.1_0.compiler (in target 'GitX' from project 'GitX')
    cd /Users/josh/x/gitx
    
    Using response file: /Users/josh/Library/Developer/Xcode/DerivedData/GitX-cggrrpkbzogvjfcxoxftnovmywdq/Build/Intermediates.noindex/GitX.build/Debug/GitX.build/Objects-normal/arm64/e6072d4f65d7061329687fe24e3d63a7-common-args.resp
    
    /Applications/Xcode.app/Contents/Developer/Toolchains/XcodeDefault.xctoolchain/usr/bin/clang -x objective-c -ivfsstatcache /Users/josh/Library/Developer/Xcode/DerivedData/SDKStatCaches.noindex/macosx15.5-24F74-8254517eb8b97d462ccbc072ba9094c9.sdkstatcache -fmessage-length\=0 -fdiagnostics-show-note-include-stack -fmacro-backtrace-limit\=0 -fno-color-diagnostics -Wno-trigraphs -Wno-missing-field-initializers -Wno-missing-prototypes -Wno-implicit-atomic-properties -Wno-objc-interface-ivars -Wno-arc-repeated-use-of-weak -Wno-missing-braces -Wparentheses -Wswitch -Wno-unused-function -Wno-unused-label -Wno-unused-parameter -Wunused-variable -Wunused-value -Wno-empty-body -Wno-uninitialized -Wno-unknown-pragmas -Wno-shadow -Wno-four-char-constants -Wno-conversion -Wno-constant-conversion -Wno-int-conversion -Wno-bool-conversion -Wno-enum-conversion -Wno-float-conversion -Wno-non-literal-null-conversion -Wno-objc-literal-conversion -Wshorten-64-to-32 -Wpointer-sign -Wno-newline-eof -Wno-selector -Wno-strict-selector-match -Wno-undeclared-selector -Wno-deprecated-implementations -Wno-implicit-fallthrough -fstrict-aliasing -Wprotocol -Wdeprecated-declarations -Wno-sign-conversion -Wno-infinite-recursion -Wno-comma -Wno-block-capture-autoreleasing -Wno-strict-prototypes -Wno-semicolon-before-method-body -index-store-path /Users/josh/Library/Developer/Xcode/DerivedData/GitX-cggrrpkbzogvjfcxoxftnovmywdq/Index.noindex/DataStore -Werror\=incompatible-pointer-types @/Users/josh/Library/Developer/Xcode/DerivedData/GitX-cggrrpkbzogvjfcxoxftnovmywdq/Build/Intermediates.noindex/GitX.build/Debug/GitX.build/Objects-normal/arm64/e6072d4f65d7061329687fe24e3d63a7-common-args.resp -include /Users/josh/Library/Developer/Xcode/DerivedData/GitX-cggrrpkbzogvjfcxoxftnovmywdq/Build/Intermediates.noindex/PrecompiledHeaders/SharedPrecompiledHeaders/13206212429846841114/GitX_Prefix.pch -MMD -MT dependencies -MF /Users/josh/Library/Developer/Xcode/DerivedData/GitX-cggrrpkbzogvjfcxoxftnovmywdq/Build/Intermediates.noindex/GitX.build/Debug/GitX.build/Objects-normal/arm64/NSOutlineViewExt.d --serialize-diagnostics /Users/josh/Library/Developer/Xcode/DerivedData/GitX-cggrrpkbzogvjfcxoxftnovmywdq/Build/Intermediates.noindex/GitX.build/Debug/GitX.build/Objects-normal/arm64/NSOutlineViewExt.dia -c /Users/josh/x/gitx/Classes/Util/NSOutlineViewExt.m -o /Users/josh/Library/Developer/Xcode/DerivedData/GitX-cggrrpkbzogvjfcxoxftnovmywdq/Build/Intermediates.noindex/GitX.build/Debug/GitX.build/Objects-normal/arm64/NSOutlineViewExt.o -index-unit-output-path /GitX.build/Debug/GitX.build/Objects-normal/arm64/NSOutlineViewExt.o

CompileC /Users/josh/Library/Developer/Xcode/DerivedData/GitX-cggrrpkbzogvjfcxoxftnovmywdq/Build/Intermediates.noindex/GitX.build/Debug/GitX.build/Objects-normal/arm64/NSFileHandleExt.o /Users/josh/x/gitx/Classes/Util/NSFileHandleExt.m normal arm64 objective-c com.apple.compilers.llvm.clang.1_0.compiler (in target 'GitX' from project 'GitX')
    cd /Users/josh/x/gitx
    
    Using response file: /Users/josh/Library/Developer/Xcode/DerivedData/GitX-cggrrpkbzogvjfcxoxftnovmywdq/Build/Intermediates.noindex/GitX.build/Debug/GitX.build/Objects-normal/arm64/e6072d4f65d7061329687fe24e3d63a7-common-args.resp
    
    /Applications/Xcode.app/Contents/Developer/Toolchains/XcodeDefault.xctoolchain/usr/bin/clang -x objective-c -ivfsstatcache /Users/josh/Library/Developer/Xcode/DerivedData/SDKStatCaches.noindex/macosx15.5-24F74-8254517eb8b97d462ccbc072ba9094c9.sdkstatcache -fmessage-length\=0 -fdiagnostics-show-note-include-stack -fmacro-backtrace-limit\=0 -fno-color-diagnostics -Wno-trigraphs -Wno-missing-field-initializers -Wno-missing-prototypes -Wno-implicit-atomic-properties -Wno-objc-interface-ivars -Wno-arc-repeated-use-of-weak -Wno-missing-braces -Wparentheses -Wswitch -Wno-unused-function -Wno-unused-label -Wno-unused-parameter -Wunused-variable -Wunused-value -Wno-empty-body -Wno-uninitialized -Wno-unknown-pragmas -Wno-shadow -Wno-four-char-constants -Wno-conversion -Wno-constant-conversion -Wno-int-conversion -Wno-bool-conversion -Wno-enum-conversion -Wno-float-conversion -Wno-non-literal-null-conversion -Wno-objc-literal-conversion -Wshorten-64-to-32 -Wpointer-sign -Wno-newline-eof -Wno-selector -Wno-strict-selector-match -Wno-undeclared-selector -Wno-deprecated-implementations -Wno-implicit-fallthrough -fstrict-aliasing -Wprotocol -Wdeprecated-declarations -Wno-sign-conversion -Wno-infinite-recursion -Wno-comma -Wno-block-capture-autoreleasing -Wno-strict-prototypes -Wno-semicolon-before-method-body -index-store-path /Users/josh/Library/Developer/Xcode/DerivedData/GitX-cggrrpkbzogvjfcxoxftnovmywdq/Index.noindex/DataStore -Werror\=incompatible-pointer-types @/Users/josh/Library/Developer/Xcode/DerivedData/GitX-cggrrpkbzogvjfcxoxftnovmywdq/Build/Intermediates.noindex/GitX.build/Debug/GitX.build/Objects-normal/arm64/e6072d4f65d7061329687fe24e3d63a7-common-args.resp -include /Users/josh/Library/Developer/Xcode/DerivedData/GitX-cggrrpkbzogvjfcxoxftnovmywdq/Build/Intermediates.noindex/PrecompiledHeaders/SharedPrecompiledHeaders/13206212429846841114/GitX_Prefix.pch -MMD -MT dependencies -MF /Users/josh/Library/Developer/Xcode/DerivedData/GitX-cggrrpkbzogvjfcxoxftnovmywdq/Build/Intermediates.noindex/GitX.build/Debug/GitX.build/Objects-normal/arm64/NSFileHandleExt.d --serialize-diagnostics /Users/josh/Library/Developer/Xcode/DerivedData/GitX-cggrrpkbzogvjfcxoxftnovmywdq/Build/Intermediates.noindex/GitX.build/Debug/GitX.build/Objects-normal/arm64/NSFileHandleExt.dia -c /Users/josh/x/gitx/Classes/Util/NSFileHandleExt.m -o /Users/josh/Library/Developer/Xcode/DerivedData/GitX-cggrrpkbzogvjfcxoxftnovmywdq/Build/Intermediates.noindex/GitX.build/Debug/GitX.build/Objects-normal/arm64/NSFileHandleExt.o -index-unit-output-path /GitX.build/Debug/GitX.build/Objects-normal/arm64/NSFileHandleExt.o
/Users/josh/x/gitx/Classes/Util/NSFileHandleExt.m:35:7: warning: implicit conversion loses integer precision: 'ssize_t' (aka 'long') to 'int' [-Wshorten-64-to-32]
   35 |                 n = read(fd, buffer + bytesReceived, 1);
      |                   ~ ^~~~~~~~~~~~~~~~~~~~~~~~~~~~~~~~~~~
1 warning generated.

CompileC /Users/josh/Library/Developer/Xcode/DerivedData/GitX-cggrrpkbzogvjfcxoxftnovmywdq/Build/Intermediates.noindex/GitX.build/Debug/GitX.build/Objects-normal/arm64/NSApplication+GitXScripting.o /Users/josh/x/gitx/Classes/Util/NSApplication+GitXScripting.m normal arm64 objective-c com.apple.compilers.llvm.clang.1_0.compiler (in target 'GitX' from project 'GitX')
    cd /Users/josh/x/gitx
    
    Using response file: /Users/josh/Library/Developer/Xcode/DerivedData/GitX-cggrrpkbzogvjfcxoxftnovmywdq/Build/Intermediates.noindex/GitX.build/Debug/GitX.build/Objects-normal/arm64/e6072d4f65d7061329687fe24e3d63a7-common-args.resp
    
    /Applications/Xcode.app/Contents/Developer/Toolchains/XcodeDefault.xctoolchain/usr/bin/clang -x objective-c -ivfsstatcache /Users/josh/Library/Developer/Xcode/DerivedData/SDKStatCaches.noindex/macosx15.5-24F74-8254517eb8b97d462ccbc072ba9094c9.sdkstatcache -fmessage-length\=0 -fdiagnostics-show-note-include-stack -fmacro-backtrace-limit\=0 -fno-color-diagnostics -Wno-trigraphs -Wno-missing-field-initializers -Wno-missing-prototypes -Wno-implicit-atomic-properties -Wno-objc-interface-ivars -Wno-arc-repeated-use-of-weak -Wno-missing-braces -Wparentheses -Wswitch -Wno-unused-function -Wno-unused-label -Wno-unused-parameter -Wunused-variable -Wunused-value -Wno-empty-body -Wno-uninitialized -Wno-unknown-pragmas -Wno-shadow -Wno-four-char-constants -Wno-conversion -Wno-constant-conversion -Wno-int-conversion -Wno-bool-conversion -Wno-enum-conversion -Wno-float-conversion -Wno-non-literal-null-conversion -Wno-objc-literal-conversion -Wshorten-64-to-32 -Wpointer-sign -Wno-newline-eof -Wno-selector -Wno-strict-selector-match -Wno-undeclared-selector -Wno-deprecated-implementations -Wno-implicit-fallthrough -fstrict-aliasing -Wprotocol -Wdeprecated-declarations -Wno-sign-conversion -Wno-infinite-recursion -Wno-comma -Wno-block-capture-autoreleasing -Wno-strict-prototypes -Wno-semicolon-before-method-body -index-store-path /Users/josh/Library/Developer/Xcode/DerivedData/GitX-cggrrpkbzogvjfcxoxftnovmywdq/Index.noindex/DataStore -Werror\=incompatible-pointer-types @/Users/josh/Library/Developer/Xcode/DerivedData/GitX-cggrrpkbzogvjfcxoxftnovmywdq/Build/Intermediates.noindex/GitX.build/Debug/GitX.build/Objects-normal/arm64/e6072d4f65d7061329687fe24e3d63a7-common-args.resp -include /Users/josh/Library/Developer/Xcode/DerivedData/GitX-cggrrpkbzogvjfcxoxftnovmywdq/Build/Intermediates.noindex/PrecompiledHeaders/SharedPrecompiledHeaders/13206212429846841114/GitX_Prefix.pch -MMD -MT dependencies -MF /Users/josh/Library/Developer/Xcode/DerivedData/GitX-cggrrpkbzogvjfcxoxftnovmywdq/Build/Intermediates.noindex/GitX.build/Debug/GitX.build/Objects-normal/arm64/NSApplication+GitXScripting.d --serialize-diagnostics /Users/josh/Library/Developer/Xcode/DerivedData/GitX-cggrrpkbzogvjfcxoxftnovmywdq/Build/Intermediates.noindex/GitX.build/Debug/GitX.build/Objects-normal/arm64/NSApplication+GitXScripting.dia -c /Users/josh/x/gitx/Classes/Util/NSApplication+GitXScripting.m -o /Users/josh/Library/Developer/Xcode/DerivedData/GitX-cggrrpkbzogvjfcxoxftnovmywdq/Build/Intermediates.noindex/GitX.build/Debug/GitX.build/Objects-normal/arm64/NSApplication+GitXScripting.o -index-unit-output-path /GitX.build/Debug/GitX.build/Objects-normal/arm64/NSApplication+GitXScripting.o

CompileC /Users/josh/Library/Developer/Xcode/DerivedData/GitX-cggrrpkbzogvjfcxoxftnovmywdq/Build/Intermediates.noindex/GitX.build/Debug/GitX.build/Objects-normal/arm64/GitXTextFieldCell.o /Users/josh/x/gitx/Classes/Views/GitXTextFieldCell.m normal arm64 objective-c com.apple.compilers.llvm.clang.1_0.compiler (in target 'GitX' from project 'GitX')
    cd /Users/josh/x/gitx
    
    Using response file: /Users/josh/Library/Developer/Xcode/DerivedData/GitX-cggrrpkbzogvjfcxoxftnovmywdq/Build/Intermediates.noindex/GitX.build/Debug/GitX.build/Objects-normal/arm64/e6072d4f65d7061329687fe24e3d63a7-common-args.resp
    
    /Applications/Xcode.app/Contents/Developer/Toolchains/XcodeDefault.xctoolchain/usr/bin/clang -x objective-c -ivfsstatcache /Users/josh/Library/Developer/Xcode/DerivedData/SDKStatCaches.noindex/macosx15.5-24F74-8254517eb8b97d462ccbc072ba9094c9.sdkstatcache -fmessage-length\=0 -fdiagnostics-show-note-include-stack -fmacro-backtrace-limit\=0 -fno-color-diagnostics -Wno-trigraphs -Wno-missing-field-initializers -Wno-missing-prototypes -Wno-implicit-atomic-properties -Wno-objc-interface-ivars -Wno-arc-repeated-use-of-weak -Wno-missing-braces -Wparentheses -Wswitch -Wno-unused-function -Wno-unused-label -Wno-unused-parameter -Wunused-variable -Wunused-value -Wno-empty-body -Wno-uninitialized -Wno-unknown-pragmas -Wno-shadow -Wno-four-char-constants -Wno-conversion -Wno-constant-conversion -Wno-int-conversion -Wno-bool-conversion -Wno-enum-conversion -Wno-float-conversion -Wno-non-literal-null-conversion -Wno-objc-literal-conversion -Wshorten-64-to-32 -Wpointer-sign -Wno-newline-eof -Wno-selector -Wno-strict-selector-match -Wno-undeclared-selector -Wno-deprecated-implementations -Wno-implicit-fallthrough -fstrict-aliasing -Wprotocol -Wdeprecated-declarations -Wno-sign-conversion -Wno-infinite-recursion -Wno-comma -Wno-block-capture-autoreleasing -Wno-strict-prototypes -Wno-semicolon-before-method-body -index-store-path /Users/josh/Library/Developer/Xcode/DerivedData/GitX-cggrrpkbzogvjfcxoxftnovmywdq/Index.noindex/DataStore -Werror\=incompatible-pointer-types @/Users/josh/Library/Developer/Xcode/DerivedData/GitX-cggrrpkbzogvjfcxoxftnovmywdq/Build/Intermediates.noindex/GitX.build/Debug/GitX.build/Objects-normal/arm64/e6072d4f65d7061329687fe24e3d63a7-common-args.resp -include /Users/josh/Library/Developer/Xcode/DerivedData/GitX-cggrrpkbzogvjfcxoxftnovmywdq/Build/Intermediates.noindex/PrecompiledHeaders/SharedPrecompiledHeaders/13206212429846841114/GitX_Prefix.pch -MMD -MT dependencies -MF /Users/josh/Library/Developer/Xcode/DerivedData/GitX-cggrrpkbzogvjfcxoxftnovmywdq/Build/Intermediates.noindex/GitX.build/Debug/GitX.build/Objects-normal/arm64/GitXTextFieldCell.d --serialize-diagnostics /Users/josh/Library/Developer/Xcode/DerivedData/GitX-cggrrpkbzogvjfcxoxftnovmywdq/Build/Intermediates.noindex/GitX.build/Debug/GitX.build/Objects-normal/arm64/GitXTextFieldCell.dia -c /Users/josh/x/gitx/Classes/Views/GitXTextFieldCell.m -o /Users/josh/Library/Developer/Xcode/DerivedData/GitX-cggrrpkbzogvjfcxoxftnovmywdq/Build/Intermediates.noindex/GitX.build/Debug/GitX.build/Objects-normal/arm64/GitXTextFieldCell.o -index-unit-output-path /GitX.build/Debug/GitX.build/Objects-normal/arm64/GitXTextFieldCell.o

CompileC /Users/josh/Library/Developer/Xcode/DerivedData/GitX-cggrrpkbzogvjfcxoxftnovmywdq/Build/Intermediates.noindex/GitX.build/Debug/GitX.build/Objects-normal/arm64/GitRepoFinder.o /Users/josh/x/gitx/Classes/git/GitRepoFinder.m normal arm64 objective-c com.apple.compilers.llvm.clang.1_0.compiler (in target 'GitX' from project 'GitX')
    cd /Users/josh/x/gitx
    
    Using response file: /Users/josh/Library/Developer/Xcode/DerivedData/GitX-cggrrpkbzogvjfcxoxftnovmywdq/Build/Intermediates.noindex/GitX.build/Debug/GitX.build/Objects-normal/arm64/e6072d4f65d7061329687fe24e3d63a7-common-args.resp
    
    /Applications/Xcode.app/Contents/Developer/Toolchains/XcodeDefault.xctoolchain/usr/bin/clang -x objective-c -ivfsstatcache /Users/josh/Library/Developer/Xcode/DerivedData/SDKStatCaches.noindex/macosx15.5-24F74-8254517eb8b97d462ccbc072ba9094c9.sdkstatcache -fmessage-length\=0 -fdiagnostics-show-note-include-stack -fmacro-backtrace-limit\=0 -fno-color-diagnostics -Wno-trigraphs -Wno-missing-field-initializers -Wno-missing-prototypes -Wno-implicit-atomic-properties -Wno-objc-interface-ivars -Wno-arc-repeated-use-of-weak -Wno-missing-braces -Wparentheses -Wswitch -Wno-unused-function -Wno-unused-label -Wno-unused-parameter -Wunused-variable -Wunused-value -Wno-empty-body -Wno-uninitialized -Wno-unknown-pragmas -Wno-shadow -Wno-four-char-constants -Wno-conversion -Wno-constant-conversion -Wno-int-conversion -Wno-bool-conversion -Wno-enum-conversion -Wno-float-conversion -Wno-non-literal-null-conversion -Wno-objc-literal-conversion -Wshorten-64-to-32 -Wpointer-sign -Wno-newline-eof -Wno-selector -Wno-strict-selector-match -Wno-undeclared-selector -Wno-deprecated-implementations -Wno-implicit-fallthrough -fstrict-aliasing -Wprotocol -Wdeprecated-declarations -Wno-sign-conversion -Wno-infinite-recursion -Wno-comma -Wno-block-capture-autoreleasing -Wno-strict-prototypes -Wno-semicolon-before-method-body -index-store-path /Users/josh/Library/Developer/Xcode/DerivedData/GitX-cggrrpkbzogvjfcxoxftnovmywdq/Index.noindex/DataStore -Werror\=incompatible-pointer-types @/Users/josh/Library/Developer/Xcode/DerivedData/GitX-cggrrpkbzogvjfcxoxftnovmywdq/Build/Intermediates.noindex/GitX.build/Debug/GitX.build/Objects-normal/arm64/e6072d4f65d7061329687fe24e3d63a7-common-args.resp -include /Users/josh/Library/Developer/Xcode/DerivedData/GitX-cggrrpkbzogvjfcxoxftnovmywdq/Build/Intermediates.noindex/PrecompiledHeaders/SharedPrecompiledHeaders/13206212429846841114/GitX_Prefix.pch -MMD -MT dependencies -MF /Users/josh/Library/Developer/Xcode/DerivedData/GitX-cggrrpkbzogvjfcxoxftnovmywdq/Build/Intermediates.noindex/GitX.build/Debug/GitX.build/Objects-normal/arm64/GitRepoFinder.d --serialize-diagnostics /Users/josh/Library/Developer/Xcode/DerivedData/GitX-cggrrpkbzogvjfcxoxftnovmywdq/Build/Intermediates.noindex/GitX.build/Debug/GitX.build/Objects-normal/arm64/GitRepoFinder.dia -c /Users/josh/x/gitx/Classes/git/GitRepoFinder.m -o /Users/josh/Library/Developer/Xcode/DerivedData/GitX-cggrrpkbzogvjfcxoxftnovmywdq/Build/Intermediates.noindex/GitX.build/Debug/GitX.build/Objects-normal/arm64/GitRepoFinder.o -index-unit-output-path /GitX.build/Debug/GitX.build/Objects-normal/arm64/GitRepoFinder.o

CompileC /Users/josh/Library/Developer/Xcode/DerivedData/GitX-cggrrpkbzogvjfcxoxftnovmywdq/Build/Intermediates.noindex/GitX.build/Debug/GitX.build/Objects-normal/arm64/GTOID+JavaScript.o /Users/josh/x/gitx/Classes/git/GTOID+JavaScript.mm normal arm64 objective-c com.apple.compilers.llvm.clang.1_0.compiler (in target 'GitX' from project 'GitX')
    cd /Users/josh/x/gitx
    
    Using response file: /Users/josh/Library/Developer/Xcode/DerivedData/GitX-cggrrpkbzogvjfcxoxftnovmywdq/Build/Intermediates.noindex/GitX.build/Debug/GitX.build/Objects-normal/arm64/e6072d4f65d7061329687fe24e3d63a7-common-args.resp
    
    /Applications/Xcode.app/Contents/Developer/Toolchains/XcodeDefault.xctoolchain/usr/bin/clang -x objective-c -ivfsstatcache /Users/josh/Library/Developer/Xcode/DerivedData/SDKStatCaches.noindex/macosx15.5-24F74-8254517eb8b97d462ccbc072ba9094c9.sdkstatcache -fmessage-length\=0 -fdiagnostics-show-note-include-stack -fmacro-backtrace-limit\=0 -fno-color-diagnostics -Wno-trigraphs -Wno-missing-field-initializers -Wno-missing-prototypes -Wno-implicit-atomic-properties -Wno-objc-interface-ivars -Wno-arc-repeated-use-of-weak -Wno-missing-braces -Wparentheses -Wswitch -Wno-unused-function -Wno-unused-label -Wno-unused-parameter -Wunused-variable -Wunused-value -Wno-empty-body -Wno-uninitialized -Wno-unknown-pragmas -Wno-shadow -Wno-four-char-constants -Wno-conversion -Wno-constant-conversion -Wno-int-conversion -Wno-bool-conversion -Wno-enum-conversion -Wno-float-conversion -Wno-non-literal-null-conversion -Wno-objc-literal-conversion -Wshorten-64-to-32 -Wpointer-sign -Wno-newline-eof -Wno-selector -Wno-strict-selector-match -Wno-undeclared-selector -Wno-deprecated-implementations -Wno-implicit-fallthrough -fstrict-aliasing -Wprotocol -Wdeprecated-declarations -Wno-sign-conversion -Wno-infinite-recursion -Wno-comma -Wno-block-capture-autoreleasing -Wno-strict-prototypes -Wno-semicolon-before-method-body -index-store-path /Users/josh/Library/Developer/Xcode/DerivedData/GitX-cggrrpkbzogvjfcxoxftnovmywdq/Index.noindex/DataStore -Werror\=incompatible-pointer-types @/Users/josh/Library/Developer/Xcode/DerivedData/GitX-cggrrpkbzogvjfcxoxftnovmywdq/Build/Intermediates.noindex/GitX.build/Debug/GitX.build/Objects-normal/arm64/e6072d4f65d7061329687fe24e3d63a7-common-args.resp -include /Users/josh/Library/Developer/Xcode/DerivedData/GitX-cggrrpkbzogvjfcxoxftnovmywdq/Build/Intermediates.noindex/PrecompiledHeaders/SharedPrecompiledHeaders/13206212429846841114/GitX_Prefix.pch -MMD -MT dependencies -MF /Users/josh/Library/Developer/Xcode/DerivedData/GitX-cggrrpkbzogvjfcxoxftnovmywdq/Build/Intermediates.noindex/GitX.build/Debug/GitX.build/Objects-normal/arm64/GTOID+JavaScript.d --serialize-diagnostics /Users/josh/Library/Developer/Xcode/DerivedData/GitX-cggrrpkbzogvjfcxoxftnovmywdq/Build/Intermediates.noindex/GitX.build/Debug/GitX.build/Objects-normal/arm64/GTOID+JavaScript.dia -c /Users/josh/x/gitx/Classes/git/GTOID+JavaScript.mm -o /Users/josh/Library/Developer/Xcode/DerivedData/GitX-cggrrpkbzogvjfcxoxftnovmywdq/Build/Intermediates.noindex/GitX.build/Debug/GitX.build/Objects-normal/arm64/GTOID+JavaScript.o -index-unit-output-path /GitX.build/Debug/GitX.build/Objects-normal/arm64/GTOID+JavaScript.o

CompileC /Users/josh/Library/Developer/Xcode/DerivedData/GitX-cggrrpkbzogvjfcxoxftnovmywdq/Build/Intermediates.noindex/GitX.build/Debug/GitX.build/Objects-normal/arm64/DBPrefsWindowController.o /Users/josh/x/gitx/Classes/Controllers/DBPrefsWindowController.m normal arm64 objective-c com.apple.compilers.llvm.clang.1_0.compiler (in target 'GitX' from project 'GitX')
    cd /Users/josh/x/gitx
    
    Using response file: /Users/josh/Library/Developer/Xcode/DerivedData/GitX-cggrrpkbzogvjfcxoxftnovmywdq/Build/Intermediates.noindex/GitX.build/Debug/GitX.build/Objects-normal/arm64/e6072d4f65d7061329687fe24e3d63a7-common-args.resp
    
    /Applications/Xcode.app/Contents/Developer/Toolchains/XcodeDefault.xctoolchain/usr/bin/clang -x objective-c -ivfsstatcache /Users/josh/Library/Developer/Xcode/DerivedData/SDKStatCaches.noindex/macosx15.5-24F74-8254517eb8b97d462ccbc072ba9094c9.sdkstatcache -fmessage-length\=0 -fdiagnostics-show-note-include-stack -fmacro-backtrace-limit\=0 -fno-color-diagnostics -Wno-trigraphs -Wno-missing-field-initializers -Wno-missing-prototypes -Wno-implicit-atomic-properties -Wno-objc-interface-ivars -Wno-arc-repeated-use-of-weak -Wno-missing-braces -Wparentheses -Wswitch -Wno-unused-function -Wno-unused-label -Wno-unused-parameter -Wunused-variable -Wunused-value -Wno-empty-body -Wno-uninitialized -Wno-unknown-pragmas -Wno-shadow -Wno-four-char-constants -Wno-conversion -Wno-constant-conversion -Wno-int-conversion -Wno-bool-conversion -Wno-enum-conversion -Wno-float-conversion -Wno-non-literal-null-conversion -Wno-objc-literal-conversion -Wshorten-64-to-32 -Wpointer-sign -Wno-newline-eof -Wno-selector -Wno-strict-selector-match -Wno-undeclared-selector -Wno-deprecated-implementations -Wno-implicit-fallthrough -fstrict-aliasing -Wprotocol -Wdeprecated-declarations -Wno-sign-conversion -Wno-infinite-recursion -Wno-comma -Wno-block-capture-autoreleasing -Wno-strict-prototypes -Wno-semicolon-before-method-body -index-store-path /Users/josh/Library/Developer/Xcode/DerivedData/GitX-cggrrpkbzogvjfcxoxftnovmywdq/Index.noindex/DataStore -Werror\=incompatible-pointer-types @/Users/josh/Library/Developer/Xcode/DerivedData/GitX-cggrrpkbzogvjfcxoxftnovmywdq/Build/Intermediates.noindex/GitX.build/Debug/GitX.build/Objects-normal/arm64/e6072d4f65d7061329687fe24e3d63a7-common-args.resp -include /Users/josh/Library/Developer/Xcode/DerivedData/GitX-cggrrpkbzogvjfcxoxftnovmywdq/Build/Intermediates.noindex/PrecompiledHeaders/SharedPrecompiledHeaders/13206212429846841114/GitX_Prefix.pch -MMD -MT dependencies -MF /Users/josh/Library/Developer/Xcode/DerivedData/GitX-cggrrpkbzogvjfcxoxftnovmywdq/Build/Intermediates.noindex/GitX.build/Debug/GitX.build/Objects-normal/arm64/DBPrefsWindowController.d --serialize-diagnostics /Users/josh/Library/Developer/Xcode/DerivedData/GitX-cggrrpkbzogvjfcxoxftnovmywdq/Build/Intermediates.noindex/GitX.build/Debug/GitX.build/Objects-normal/arm64/DBPrefsWindowController.dia -c /Users/josh/x/gitx/Classes/Controllers/DBPrefsWindowController.m -o /Users/josh/Library/Developer/Xcode/DerivedData/GitX-cggrrpkbzogvjfcxoxftnovmywdq/Build/Intermediates.noindex/GitX.build/Debug/GitX.build/Objects-normal/arm64/DBPrefsWindowController.o -index-unit-output-path /GitX.build/Debug/GitX.build/Objects-normal/arm64/DBPrefsWindowController.o

CompileC /Users/josh/Library/Developer/Xcode/DerivedData/GitX-cggrrpkbzogvjfcxoxftnovmywdq/Build/Intermediates.noindex/GitX.build/Debug/GitX.build/Objects-normal/arm64/ApplicationController.o /Users/josh/x/gitx/Classes/Controllers/ApplicationController.m normal arm64 objective-c com.apple.compilers.llvm.clang.1_0.compiler (in target 'GitX' from project 'GitX')
    cd /Users/josh/x/gitx
    
    Using response file: /Users/josh/Library/Developer/Xcode/DerivedData/GitX-cggrrpkbzogvjfcxoxftnovmywdq/Build/Intermediates.noindex/GitX.build/Debug/GitX.build/Objects-normal/arm64/e6072d4f65d7061329687fe24e3d63a7-common-args.resp
    
    /Applications/Xcode.app/Contents/Developer/Toolchains/XcodeDefault.xctoolchain/usr/bin/clang -x objective-c -ivfsstatcache /Users/josh/Library/Developer/Xcode/DerivedData/SDKStatCaches.noindex/macosx15.5-24F74-8254517eb8b97d462ccbc072ba9094c9.sdkstatcache -fmessage-length\=0 -fdiagnostics-show-note-include-stack -fmacro-backtrace-limit\=0 -fno-color-diagnostics -Wno-trigraphs -Wno-missing-field-initializers -Wno-missing-prototypes -Wno-implicit-atomic-properties -Wno-objc-interface-ivars -Wno-arc-repeated-use-of-weak -Wno-missing-braces -Wparentheses -Wswitch -Wno-unused-function -Wno-unused-label -Wno-unused-parameter -Wunused-variable -Wunused-value -Wno-empty-body -Wno-uninitialized -Wno-unknown-pragmas -Wno-shadow -Wno-four-char-constants -Wno-conversion -Wno-constant-conversion -Wno-int-conversion -Wno-bool-conversion -Wno-enum-conversion -Wno-float-conversion -Wno-non-literal-null-conversion -Wno-objc-literal-conversion -Wshorten-64-to-32 -Wpointer-sign -Wno-newline-eof -Wno-selector -Wno-strict-selector-match -Wno-undeclared-selector -Wno-deprecated-implementations -Wno-implicit-fallthrough -fstrict-aliasing -Wprotocol -Wdeprecated-declarations -Wno-sign-conversion -Wno-infinite-recursion -Wno-comma -Wno-block-capture-autoreleasing -Wno-strict-prototypes -Wno-semicolon-before-method-body -index-store-path /Users/josh/Library/Developer/Xcode/DerivedData/GitX-cggrrpkbzogvjfcxoxftnovmywdq/Index.noindex/DataStore -Werror\=incompatible-pointer-types @/Users/josh/Library/Developer/Xcode/DerivedData/GitX-cggrrpkbzogvjfcxoxftnovmywdq/Build/Intermediates.noindex/GitX.build/Debug/GitX.build/Objects-normal/arm64/e6072d4f65d7061329687fe24e3d63a7-common-args.resp -include /Users/josh/Library/Developer/Xcode/DerivedData/GitX-cggrrpkbzogvjfcxoxftnovmywdq/Build/Intermediates.noindex/PrecompiledHeaders/SharedPrecompiledHeaders/13206212429846841114/GitX_Prefix.pch -MMD -MT dependencies -MF /Users/josh/Library/Developer/Xcode/DerivedData/GitX-cggrrpkbzogvjfcxoxftnovmywdq/Build/Intermediates.noindex/GitX.build/Debug/GitX.build/Objects-normal/arm64/ApplicationController.d --serialize-diagnostics /Users/josh/Library/Developer/Xcode/DerivedData/GitX-cggrrpkbzogvjfcxoxftnovmywdq/Build/Intermediates.noindex/GitX.build/Debug/GitX.build/Objects-normal/arm64/ApplicationController.dia -c /Users/josh/x/gitx/Classes/Controllers/ApplicationController.m -o /Users/josh/Library/Developer/Xcode/DerivedData/GitX-cggrrpkbzogvjfcxoxftnovmywdq/Build/Intermediates.noindex/GitX.build/Debug/GitX.build/Objects-normal/arm64/ApplicationController.o -index-unit-output-path /GitX.build/Debug/GitX.build/Objects-normal/arm64/ApplicationController.o
In file included from /Users/josh/x/gitx/Classes/Controllers/ApplicationController.m:10:
/Users/josh/x/gitx/Classes/Views/PBGitRevisionCell.h:27:24: warning: 'copy' attribute on property 'objectValue' does not match the property inherited from 'NSCell' [-Wproperty-attribute-mismatch]
   27 | @property PBGitCommit* objectValue;
      |                        ^
/Users/josh/x/gitx/Classes/Controllers/ApplicationController.m:59:23: warning: implicit conversion loses integer precision: 'NSInteger' (aka 'long') to 'int' [-Wshorten-64-to-32]
   59 |         int serviceVersion = [[NSUserDefaults standardUserDefaults] integerForKey:@"Services Version"];
      |             ~~~~~~~~~~~~~~   ^~~~~~~~~~~~~~~~~~~~~~~~~~~~~~~~~~~~~~~~~~~~~~~~~~~~~~~~~~~~~~~~~~~~~~~~~
2 warnings generated.

AnalyzeShallow /Users/josh/x/gitx/Classes/git/PBGitTree.m normal arm64 (in target 'GitX' from project 'GitX')
    cd /Users/josh/x/gitx
    
    Using response file: /Users/josh/Library/Developer/Xcode/DerivedData/GitX-cggrrpkbzogvjfcxoxftnovmywdq/Build/Intermediates.noindex/GitX.build/Debug/GitX.build/Objects-normal/arm64/22a6d426986e98cf1a8e0c880c6a22df-common-args.resp
    
    /Applications/Xcode.app/Contents/Developer/Toolchains/XcodeDefault.xctoolchain/usr/bin/clang -x objective-c -ivfsstatcache /Users/josh/Library/Developer/Xcode/DerivedData/SDKStatCaches.noindex/macosx15.5-24F74-8254517eb8b97d462ccbc072ba9094c9.sdkstatcache -fmessage-length\=0 -fdiagnostics-show-note-include-stack -fmacro-backtrace-limit\=0 -fno-color-diagnostics -Wno-trigraphs -Wno-missing-field-initializers -Wno-missing-prototypes -Wno-implicit-atomic-properties -Wno-objc-interface-ivars -Wno-arc-repeated-use-of-weak -Wno-missing-braces -Wparentheses -Wswitch -Wno-unused-function -Wno-unused-label -Wno-unused-parameter -Wunused-variable -Wunused-value -Wno-empty-body -Wno-uninitialized -Wno-unknown-pragmas -Wno-shadow -Wno-four-char-constants -Wno-conversion -Wno-constant-conversion -Wno-int-conversion -Wno-bool-conversion -Wno-enum-conversion -Wno-float-conversion -Wno-non-literal-null-conversion -Wno-objc-literal-conversion -Wshorten-64-to-32 -Wpointer-sign -Wno-newline-eof -Wno-selector -Wno-strict-selector-match -Wno-undeclared-selector -Wno-deprecated-implementations -Wno-implicit-fallthrough -fstrict-aliasing -Wprotocol -Wdeprecated-declarations -Wno-sign-conversion -Wno-infinite-recursion -Wno-comma -Wno-block-capture-autoreleasing -Wno-strict-prototypes -Wno-semicolon-before-method-body -Werror\=incompatible-pointer-types @/Users/josh/Library/Developer/Xcode/DerivedData/GitX-cggrrpkbzogvjfcxoxftnovmywdq/Build/Intermediates.noindex/GitX.build/Debug/GitX.build/Objects-normal/arm64/22a6d426986e98cf1a8e0c880c6a22df-common-args.resp -include /Users/josh/Library/Developer/Xcode/DerivedData/GitX-cggrrpkbzogvjfcxoxftnovmywdq/Build/Intermediates.noindex/PrecompiledHeaders/SharedPrecompiledHeaders/1337419039418411841/GitX_Prefix.pch -MMD -MT dependencies -MF /Users/josh/Library/Developer/Xcode/DerivedData/GitX-cggrrpkbzogvjfcxoxftnovmywdq/Build/Intermediates.noindex/GitX.build/Debug/GitX.build/StaticAnalyzer/GitX/GitX/normal/arm64/PBGitTree.d --analyze /Users/josh/x/gitx/Classes/git/PBGitTree.m -o /Users/josh/Library/Developer/Xcode/DerivedData/GitX-cggrrpkbzogvjfcxoxftnovmywdq/Build/Intermediates.noindex/GitX.build/Debug/GitX.build/StaticAnalyzer/GitX/GitX/normal/arm64/PBGitTree.plist

AnalyzeShallow /Users/josh/x/gitx/Classes/git/PBGitSVTagItem.m normal arm64 (in target 'GitX' from project 'GitX')
    cd /Users/josh/x/gitx
    
    Using response file: /Users/josh/Library/Developer/Xcode/DerivedData/GitX-cggrrpkbzogvjfcxoxftnovmywdq/Build/Intermediates.noindex/GitX.build/Debug/GitX.build/Objects-normal/arm64/22a6d426986e98cf1a8e0c880c6a22df-common-args.resp
    
    /Applications/Xcode.app/Contents/Developer/Toolchains/XcodeDefault.xctoolchain/usr/bin/clang -x objective-c -ivfsstatcache /Users/josh/Library/Developer/Xcode/DerivedData/SDKStatCaches.noindex/macosx15.5-24F74-8254517eb8b97d462ccbc072ba9094c9.sdkstatcache -fmessage-length\=0 -fdiagnostics-show-note-include-stack -fmacro-backtrace-limit\=0 -fno-color-diagnostics -Wno-trigraphs -Wno-missing-field-initializers -Wno-missing-prototypes -Wno-implicit-atomic-properties -Wno-objc-interface-ivars -Wno-arc-repeated-use-of-weak -Wno-missing-braces -Wparentheses -Wswitch -Wno-unused-function -Wno-unused-label -Wno-unused-parameter -Wunused-variable -Wunused-value -Wno-empty-body -Wno-uninitialized -Wno-unknown-pragmas -Wno-shadow -Wno-four-char-constants -Wno-conversion -Wno-constant-conversion -Wno-int-conversion -Wno-bool-conversion -Wno-enum-conversion -Wno-float-conversion -Wno-non-literal-null-conversion -Wno-objc-literal-conversion -Wshorten-64-to-32 -Wpointer-sign -Wno-newline-eof -Wno-selector -Wno-strict-selector-match -Wno-undeclared-selector -Wno-deprecated-implementations -Wno-implicit-fallthrough -fstrict-aliasing -Wprotocol -Wdeprecated-declarations -Wno-sign-conversion -Wno-infinite-recursion -Wno-comma -Wno-block-capture-autoreleasing -Wno-strict-prototypes -Wno-semicolon-before-method-body -Werror\=incompatible-pointer-types @/Users/josh/Library/Developer/Xcode/DerivedData/GitX-cggrrpkbzogvjfcxoxftnovmywdq/Build/Intermediates.noindex/GitX.build/Debug/GitX.build/Objects-normal/arm64/22a6d426986e98cf1a8e0c880c6a22df-common-args.resp -include /Users/josh/Library/Developer/Xcode/DerivedData/GitX-cggrrpkbzogvjfcxoxftnovmywdq/Build/Intermediates.noindex/PrecompiledHeaders/SharedPrecompiledHeaders/1337419039418411841/GitX_Prefix.pch -MMD -MT dependencies -MF /Users/josh/Library/Developer/Xcode/DerivedData/GitX-cggrrpkbzogvjfcxoxftnovmywdq/Build/Intermediates.noindex/GitX.build/Debug/GitX.build/StaticAnalyzer/GitX/GitX/normal/arm64/PBGitSVTagItem.d --analyze /Users/josh/x/gitx/Classes/git/PBGitSVTagItem.m -o /Users/josh/Library/Developer/Xcode/DerivedData/GitX-cggrrpkbzogvjfcxoxftnovmywdq/Build/Intermediates.noindex/GitX.build/Debug/GitX.build/StaticAnalyzer/GitX/GitX/normal/arm64/PBGitSVTagItem.plist

AnalyzeShallow /Users/josh/x/gitx/Classes/git/PBGitSVSubmoduleItem.m normal arm64 (in target 'GitX' from project 'GitX')
    cd /Users/josh/x/gitx
    
    Using response file: /Users/josh/Library/Developer/Xcode/DerivedData/GitX-cggrrpkbzogvjfcxoxftnovmywdq/Build/Intermediates.noindex/GitX.build/Debug/GitX.build/Objects-normal/arm64/22a6d426986e98cf1a8e0c880c6a22df-common-args.resp
    
    /Applications/Xcode.app/Contents/Developer/Toolchains/XcodeDefault.xctoolchain/usr/bin/clang -x objective-c -ivfsstatcache /Users/josh/Library/Developer/Xcode/DerivedData/SDKStatCaches.noindex/macosx15.5-24F74-8254517eb8b97d462ccbc072ba9094c9.sdkstatcache -fmessage-length\=0 -fdiagnostics-show-note-include-stack -fmacro-backtrace-limit\=0 -fno-color-diagnostics -Wno-trigraphs -Wno-missing-field-initializers -Wno-missing-prototypes -Wno-implicit-atomic-properties -Wno-objc-interface-ivars -Wno-arc-repeated-use-of-weak -Wno-missing-braces -Wparentheses -Wswitch -Wno-unused-function -Wno-unused-label -Wno-unused-parameter -Wunused-variable -Wunused-value -Wno-empty-body -Wno-uninitialized -Wno-unknown-pragmas -Wno-shadow -Wno-four-char-constants -Wno-conversion -Wno-constant-conversion -Wno-int-conversion -Wno-bool-conversion -Wno-enum-conversion -Wno-float-conversion -Wno-non-literal-null-conversion -Wno-objc-literal-conversion -Wshorten-64-to-32 -Wpointer-sign -Wno-newline-eof -Wno-selector -Wno-strict-selector-match -Wno-undeclared-selector -Wno-deprecated-implementations -Wno-implicit-fallthrough -fstrict-aliasing -Wprotocol -Wdeprecated-declarations -Wno-sign-conversion -Wno-infinite-recursion -Wno-comma -Wno-block-capture-autoreleasing -Wno-strict-prototypes -Wno-semicolon-before-method-body -Werror\=incompatible-pointer-types @/Users/josh/Library/Developer/Xcode/DerivedData/GitX-cggrrpkbzogvjfcxoxftnovmywdq/Build/Intermediates.noindex/GitX.build/Debug/GitX.build/Objects-normal/arm64/22a6d426986e98cf1a8e0c880c6a22df-common-args.resp -include /Users/josh/Library/Developer/Xcode/DerivedData/GitX-cggrrpkbzogvjfcxoxftnovmywdq/Build/Intermediates.noindex/PrecompiledHeaders/SharedPrecompiledHeaders/1337419039418411841/GitX_Prefix.pch -MMD -MT dependencies -MF /Users/josh/Library/Developer/Xcode/DerivedData/GitX-cggrrpkbzogvjfcxoxftnovmywdq/Build/Intermediates.noindex/GitX.build/Debug/GitX.build/StaticAnalyzer/GitX/GitX/normal/arm64/PBGitSVSubmoduleItem.d --analyze /Users/josh/x/gitx/Classes/git/PBGitSVSubmoduleItem.m -o /Users/josh/Library/Developer/Xcode/DerivedData/GitX-cggrrpkbzogvjfcxoxftnovmywdq/Build/Intermediates.noindex/GitX.build/Debug/GitX.build/StaticAnalyzer/GitX/GitX/normal/arm64/PBGitSVSubmoduleItem.plist

AnalyzeShallow /Users/josh/x/gitx/Classes/git/PBGitSVStageItem.m normal arm64 (in target 'GitX' from project 'GitX')
    cd /Users/josh/x/gitx
    
    Using response file: /Users/josh/Library/Developer/Xcode/DerivedData/GitX-cggrrpkbzogvjfcxoxftnovmywdq/Build/Intermediates.noindex/GitX.build/Debug/GitX.build/Objects-normal/arm64/22a6d426986e98cf1a8e0c880c6a22df-common-args.resp
    
    /Applications/Xcode.app/Contents/Developer/Toolchains/XcodeDefault.xctoolchain/usr/bin/clang -x objective-c -ivfsstatcache /Users/josh/Library/Developer/Xcode/DerivedData/SDKStatCaches.noindex/macosx15.5-24F74-8254517eb8b97d462ccbc072ba9094c9.sdkstatcache -fmessage-length\=0 -fdiagnostics-show-note-include-stack -fmacro-backtrace-limit\=0 -fno-color-diagnostics -Wno-trigraphs -Wno-missing-field-initializers -Wno-missing-prototypes -Wno-implicit-atomic-properties -Wno-objc-interface-ivars -Wno-arc-repeated-use-of-weak -Wno-missing-braces -Wparentheses -Wswitch -Wno-unused-function -Wno-unused-label -Wno-unused-parameter -Wunused-variable -Wunused-value -Wno-empty-body -Wno-uninitialized -Wno-unknown-pragmas -Wno-shadow -Wno-four-char-constants -Wno-conversion -Wno-constant-conversion -Wno-int-conversion -Wno-bool-conversion -Wno-enum-conversion -Wno-float-conversion -Wno-non-literal-null-conversion -Wno-objc-literal-conversion -Wshorten-64-to-32 -Wpointer-sign -Wno-newline-eof -Wno-selector -Wno-strict-selector-match -Wno-undeclared-selector -Wno-deprecated-implementations -Wno-implicit-fallthrough -fstrict-aliasing -Wprotocol -Wdeprecated-declarations -Wno-sign-conversion -Wno-infinite-recursion -Wno-comma -Wno-block-capture-autoreleasing -Wno-strict-prototypes -Wno-semicolon-before-method-body -Werror\=incompatible-pointer-types @/Users/josh/Library/Developer/Xcode/DerivedData/GitX-cggrrpkbzogvjfcxoxftnovmywdq/Build/Intermediates.noindex/GitX.build/Debug/GitX.build/Objects-normal/arm64/22a6d426986e98cf1a8e0c880c6a22df-common-args.resp -include /Users/josh/Library/Developer/Xcode/DerivedData/GitX-cggrrpkbzogvjfcxoxftnovmywdq/Build/Intermediates.noindex/PrecompiledHeaders/SharedPrecompiledHeaders/1337419039418411841/GitX_Prefix.pch -MMD -MT dependencies -MF /Users/josh/Library/Developer/Xcode/DerivedData/GitX-cggrrpkbzogvjfcxoxftnovmywdq/Build/Intermediates.noindex/GitX.build/Debug/GitX.build/StaticAnalyzer/GitX/GitX/normal/arm64/PBGitSVStageItem.d --analyze /Users/josh/x/gitx/Classes/git/PBGitSVStageItem.m -o /Users/josh/Library/Developer/Xcode/DerivedData/GitX-cggrrpkbzogvjfcxoxftnovmywdq/Build/Intermediates.noindex/GitX.build/Debug/GitX.build/StaticAnalyzer/GitX/GitX/normal/arm64/PBGitSVStageItem.plist

AnalyzeShallow /Users/josh/x/gitx/Classes/git/PBGitSVRemoteItem.m normal arm64 (in target 'GitX' from project 'GitX')
    cd /Users/josh/x/gitx
    
    Using response file: /Users/josh/Library/Developer/Xcode/DerivedData/GitX-cggrrpkbzogvjfcxoxftnovmywdq/Build/Intermediates.noindex/GitX.build/Debug/GitX.build/Objects-normal/arm64/22a6d426986e98cf1a8e0c880c6a22df-common-args.resp
    
    /Applications/Xcode.app/Contents/Developer/Toolchains/XcodeDefault.xctoolchain/usr/bin/clang -x objective-c -ivfsstatcache /Users/josh/Library/Developer/Xcode/DerivedData/SDKStatCaches.noindex/macosx15.5-24F74-8254517eb8b97d462ccbc072ba9094c9.sdkstatcache -fmessage-length\=0 -fdiagnostics-show-note-include-stack -fmacro-backtrace-limit\=0 -fno-color-diagnostics -Wno-trigraphs -Wno-missing-field-initializers -Wno-missing-prototypes -Wno-implicit-atomic-properties -Wno-objc-interface-ivars -Wno-arc-repeated-use-of-weak -Wno-missing-braces -Wparentheses -Wswitch -Wno-unused-function -Wno-unused-label -Wno-unused-parameter -Wunused-variable -Wunused-value -Wno-empty-body -Wno-uninitialized -Wno-unknown-pragmas -Wno-shadow -Wno-four-char-constants -Wno-conversion -Wno-constant-conversion -Wno-int-conversion -Wno-bool-conversion -Wno-enum-conversion -Wno-float-conversion -Wno-non-literal-null-conversion -Wno-objc-literal-conversion -Wshorten-64-to-32 -Wpointer-sign -Wno-newline-eof -Wno-selector -Wno-strict-selector-match -Wno-undeclared-selector -Wno-deprecated-implementations -Wno-implicit-fallthrough -fstrict-aliasing -Wprotocol -Wdeprecated-declarations -Wno-sign-conversion -Wno-infinite-recursion -Wno-comma -Wno-block-capture-autoreleasing -Wno-strict-prototypes -Wno-semicolon-before-method-body -Werror\=incompatible-pointer-types @/Users/josh/Library/Developer/Xcode/DerivedData/GitX-cggrrpkbzogvjfcxoxftnovmywdq/Build/Intermediates.noindex/GitX.build/Debug/GitX.build/Objects-normal/arm64/22a6d426986e98cf1a8e0c880c6a22df-common-args.resp -include /Users/josh/Library/Developer/Xcode/DerivedData/GitX-cggrrpkbzogvjfcxoxftnovmywdq/Build/Intermediates.noindex/PrecompiledHeaders/SharedPrecompiledHeaders/1337419039418411841/GitX_Prefix.pch -MMD -MT dependencies -MF /Users/josh/Library/Developer/Xcode/DerivedData/GitX-cggrrpkbzogvjfcxoxftnovmywdq/Build/Intermediates.noindex/GitX.build/Debug/GitX.build/StaticAnalyzer/GitX/GitX/normal/arm64/PBGitSVRemoteItem.d --analyze /Users/josh/x/gitx/Classes/git/PBGitSVRemoteItem.m -o /Users/josh/Library/Developer/Xcode/DerivedData/GitX-cggrrpkbzogvjfcxoxftnovmywdq/Build/Intermediates.noindex/GitX.build/Debug/GitX.build/StaticAnalyzer/GitX/GitX/normal/arm64/PBGitSVRemoteItem.plist

Ld /Users/josh/Library/Developer/Xcode/DerivedData/GitX-cggrrpkbzogvjfcxoxftnovmywdq/Build/Products/Debug/GitX.app/Contents/MacOS/GitX normal (in target 'GitX' from project 'GitX')
    cd /Users/josh/x/gitx
    /Applications/Xcode.app/Contents/Developer/Toolchains/XcodeDefault.xctoolchain/usr/bin/clang++ -Xlinker -reproducible -target arm64-apple-macos10.13 -isysroot /Applications/Xcode.app/Contents/Developer/Platforms/MacOSX.platform/Developer/SDKs/MacOSX15.5.sdk -O0 -L/Users/josh/Library/Developer/Xcode/DerivedData/GitX-cggrrpkbzogvjfcxoxftnovmywdq/Build/Intermediates.noindex/EagerLinkingTBDs/Debug -L/Users/josh/Library/Developer/Xcode/DerivedData/GitX-cggrrpkbzogvjfcxoxftnovmywdq/Build/Products/Debug -F/Users/josh/Library/Developer/Xcode/DerivedData/GitX-cggrrpkbzogvjfcxoxftnovmywdq/Build/Intermediates.noindex/EagerLinkingTBDs/Debug -F/Users/josh/Library/Developer/Xcode/DerivedData/GitX-cggrrpkbzogvjfcxoxftnovmywdq/Build/Products/Debug -F/Users/josh/x/gitx -filelist /Users/josh/Library/Developer/Xcode/DerivedData/GitX-cggrrpkbzogvjfcxoxftnovmywdq/Build/Intermediates.noindex/GitX.build/Debug/GitX.build/Objects-normal/arm64/GitX.LinkFileList -Xlinker -rpath -Xlinker @loader_path/../Frameworks -Xlinker -object_path_lto -Xlinker /Users/josh/Library/Developer/Xcode/DerivedData/GitX-cggrrpkbzogvjfcxoxftnovmywdq/Build/Intermediates.noindex/GitX.build/Debug/GitX.build/Objects-normal/arm64/GitX_lto.o -Xlinker -no_deduplicate -Xlinker -dependency_info -Xlinker /Users/josh/Library/Developer/Xcode/DerivedData/GitX-cggrrpkbzogvjfcxoxftnovmywdq/Build/Intermediates.noindex/GitX.build/Debug/GitX.build/Objects-normal/arm64/GitX_dependency_info.dat -fobjc-arc -fobjc-link-runtime -lz -framework Cocoa -framework WebKit -framework SystemConfiguration -framework ScriptingBridge -framework QuartzCore -framework CoreServices -Xlinker -no_adhoc_codesign -o /Users/josh/Library/Developer/Xcode/DerivedData/GitX-cggrrpkbzogvjfcxoxftnovmywdq/Build/Products/Debug/GitX.app/Contents/MacOS/GitX

AnalyzeShallow /Users/josh/x/gitx/Classes/git/PBGitSVRemoteBranchItem.m normal arm64 (in target 'GitX' from project 'GitX')
    cd /Users/josh/x/gitx
    
    Using response file: /Users/josh/Library/Developer/Xcode/DerivedData/GitX-cggrrpkbzogvjfcxoxftnovmywdq/Build/Intermediates.noindex/GitX.build/Debug/GitX.build/Objects-normal/arm64/22a6d426986e98cf1a8e0c880c6a22df-common-args.resp
    
    /Applications/Xcode.app/Contents/Developer/Toolchains/XcodeDefault.xctoolchain/usr/bin/clang -x objective-c -ivfsstatcache /Users/josh/Library/Developer/Xcode/DerivedData/SDKStatCaches.noindex/macosx15.5-24F74-8254517eb8b97d462ccbc072ba9094c9.sdkstatcache -fmessage-length\=0 -fdiagnostics-show-note-include-stack -fmacro-backtrace-limit\=0 -fno-color-diagnostics -Wno-trigraphs -Wno-missing-field-initializers -Wno-missing-prototypes -Wno-implicit-atomic-properties -Wno-objc-interface-ivars -Wno-arc-repeated-use-of-weak -Wno-missing-braces -Wparentheses -Wswitch -Wno-unused-function -Wno-unused-label -Wno-unused-parameter -Wunused-variable -Wunused-value -Wno-empty-body -Wno-uninitialized -Wno-unknown-pragmas -Wno-shadow -Wno-four-char-constants -Wno-conversion -Wno-constant-conversion -Wno-int-conversion -Wno-bool-conversion -Wno-enum-conversion -Wno-float-conversion -Wno-non-literal-null-conversion -Wno-objc-literal-conversion -Wshorten-64-to-32 -Wpointer-sign -Wno-newline-eof -Wno-selector -Wno-strict-selector-match -Wno-undeclared-selector -Wno-deprecated-implementations -Wno-implicit-fallthrough -fstrict-aliasing -Wprotocol -Wdeprecated-declarations -Wno-sign-conversion -Wno-infinite-recursion -Wno-comma -Wno-block-capture-autoreleasing -Wno-strict-prototypes -Wno-semicolon-before-method-body -Werror\=incompatible-pointer-types @/Users/josh/Library/Developer/Xcode/DerivedData/GitX-cggrrpkbzogvjfcxoxftnovmywdq/Build/Intermediates.noindex/GitX.build/Debug/GitX.build/Objects-normal/arm64/22a6d426986e98cf1a8e0c880c6a22df-common-args.resp -include /Users/josh/Library/Developer/Xcode/DerivedData/GitX-cggrrpkbzogvjfcxoxftnovmywdq/Build/Intermediates.noindex/PrecompiledHeaders/SharedPrecompiledHeaders/1337419039418411841/GitX_Prefix.pch -MMD -MT dependencies -MF /Users/josh/Library/Developer/Xcode/DerivedData/GitX-cggrrpkbzogvjfcxoxftnovmywdq/Build/Intermediates.noindex/GitX.build/Debug/GitX.build/StaticAnalyzer/GitX/GitX/normal/arm64/PBGitSVRemoteBranchItem.d --analyze /Users/josh/x/gitx/Classes/git/PBGitSVRemoteBranchItem.m -o /Users/josh/Library/Developer/Xcode/DerivedData/GitX-cggrrpkbzogvjfcxoxftnovmywdq/Build/Intermediates.noindex/GitX.build/Debug/GitX.build/StaticAnalyzer/GitX/GitX/normal/arm64/PBGitSVRemoteBranchItem.plist

AnalyzeShallow /Users/josh/x/gitx/Classes/git/PBGitSVOtherRevItem.m normal arm64 (in target 'GitX' from project 'GitX')
    cd /Users/josh/x/gitx
    
    Using response file: /Users/josh/Library/Developer/Xcode/DerivedData/GitX-cggrrpkbzogvjfcxoxftnovmywdq/Build/Intermediates.noindex/GitX.build/Debug/GitX.build/Objects-normal/arm64/22a6d426986e98cf1a8e0c880c6a22df-common-args.resp
    
    /Applications/Xcode.app/Contents/Developer/Toolchains/XcodeDefault.xctoolchain/usr/bin/clang -x objective-c -ivfsstatcache /Users/josh/Library/Developer/Xcode/DerivedData/SDKStatCaches.noindex/macosx15.5-24F74-8254517eb8b97d462ccbc072ba9094c9.sdkstatcache -fmessage-length\=0 -fdiagnostics-show-note-include-stack -fmacro-backtrace-limit\=0 -fno-color-diagnostics -Wno-trigraphs -Wno-missing-field-initializers -Wno-missing-prototypes -Wno-implicit-atomic-properties -Wno-objc-interface-ivars -Wno-arc-repeated-use-of-weak -Wno-missing-braces -Wparentheses -Wswitch -Wno-unused-function -Wno-unused-label -Wno-unused-parameter -Wunused-variable -Wunused-value -Wno-empty-body -Wno-uninitialized -Wno-unknown-pragmas -Wno-shadow -Wno-four-char-constants -Wno-conversion -Wno-constant-conversion -Wno-int-conversion -Wno-bool-conversion -Wno-enum-conversion -Wno-float-conversion -Wno-non-literal-null-conversion -Wno-objc-literal-conversion -Wshorten-64-to-32 -Wpointer-sign -Wno-newline-eof -Wno-selector -Wno-strict-selector-match -Wno-undeclared-selector -Wno-deprecated-implementations -Wno-implicit-fallthrough -fstrict-aliasing -Wprotocol -Wdeprecated-declarations -Wno-sign-conversion -Wno-infinite-recursion -Wno-comma -Wno-block-capture-autoreleasing -Wno-strict-prototypes -Wno-semicolon-before-method-body -Werror\=incompatible-pointer-types @/Users/josh/Library/Developer/Xcode/DerivedData/GitX-cggrrpkbzogvjfcxoxftnovmywdq/Build/Intermediates.noindex/GitX.build/Debug/GitX.build/Objects-normal/arm64/22a6d426986e98cf1a8e0c880c6a22df-common-args.resp -include /Users/josh/Library/Developer/Xcode/DerivedData/GitX-cggrrpkbzogvjfcxoxftnovmywdq/Build/Intermediates.noindex/PrecompiledHeaders/SharedPrecompiledHeaders/1337419039418411841/GitX_Prefix.pch -MMD -MT dependencies -MF /Users/josh/Library/Developer/Xcode/DerivedData/GitX-cggrrpkbzogvjfcxoxftnovmywdq/Build/Intermediates.noindex/GitX.build/Debug/GitX.build/StaticAnalyzer/GitX/GitX/normal/arm64/PBGitSVOtherRevItem.d --analyze /Users/josh/x/gitx/Classes/git/PBGitSVOtherRevItem.m -o /Users/josh/Library/Developer/Xcode/DerivedData/GitX-cggrrpkbzogvjfcxoxftnovmywdq/Build/Intermediates.noindex/GitX.build/Debug/GitX.build/StaticAnalyzer/GitX/GitX/normal/arm64/PBGitSVOtherRevItem.plist

AnalyzeShallow /Users/josh/x/gitx/Classes/git/PBGitSVFolderItem.m normal arm64 (in target 'GitX' from project 'GitX')
    cd /Users/josh/x/gitx
    
    Using response file: /Users/josh/Library/Developer/Xcode/DerivedData/GitX-cggrrpkbzogvjfcxoxftnovmywdq/Build/Intermediates.noindex/GitX.build/Debug/GitX.build/Objects-normal/arm64/22a6d426986e98cf1a8e0c880c6a22df-common-args.resp
    
    /Applications/Xcode.app/Contents/Developer/Toolchains/XcodeDefault.xctoolchain/usr/bin/clang -x objective-c -ivfsstatcache /Users/josh/Library/Developer/Xcode/DerivedData/SDKStatCaches.noindex/macosx15.5-24F74-8254517eb8b97d462ccbc072ba9094c9.sdkstatcache -fmessage-length\=0 -fdiagnostics-show-note-include-stack -fmacro-backtrace-limit\=0 -fno-color-diagnostics -Wno-trigraphs -Wno-missing-field-initializers -Wno-missing-prototypes -Wno-implicit-atomic-properties -Wno-objc-interface-ivars -Wno-arc-repeated-use-of-weak -Wno-missing-braces -Wparentheses -Wswitch -Wno-unused-function -Wno-unused-label -Wno-unused-parameter -Wunused-variable -Wunused-value -Wno-empty-body -Wno-uninitialized -Wno-unknown-pragmas -Wno-shadow -Wno-four-char-constants -Wno-conversion -Wno-constant-conversion -Wno-int-conversion -Wno-bool-conversion -Wno-enum-conversion -Wno-float-conversion -Wno-non-literal-null-conversion -Wno-objc-literal-conversion -Wshorten-64-to-32 -Wpointer-sign -Wno-newline-eof -Wno-selector -Wno-strict-selector-match -Wno-undeclared-selector -Wno-deprecated-implementations -Wno-implicit-fallthrough -fstrict-aliasing -Wprotocol -Wdeprecated-declarations -Wno-sign-conversion -Wno-infinite-recursion -Wno-comma -Wno-block-capture-autoreleasing -Wno-strict-prototypes -Wno-semicolon-before-method-body -Werror\=incompatible-pointer-types @/Users/josh/Library/Developer/Xcode/DerivedData/GitX-cggrrpkbzogvjfcxoxftnovmywdq/Build/Intermediates.noindex/GitX.build/Debug/GitX.build/Objects-normal/arm64/22a6d426986e98cf1a8e0c880c6a22df-common-args.resp -include /Users/josh/Library/Developer/Xcode/DerivedData/GitX-cggrrpkbzogvjfcxoxftnovmywdq/Build/Intermediates.noindex/PrecompiledHeaders/SharedPrecompiledHeaders/1337419039418411841/GitX_Prefix.pch -MMD -MT dependencies -MF /Users/josh/Library/Developer/Xcode/DerivedData/GitX-cggrrpkbzogvjfcxoxftnovmywdq/Build/Intermediates.noindex/GitX.build/Debug/GitX.build/StaticAnalyzer/GitX/GitX/normal/arm64/PBGitSVFolderItem.d --analyze /Users/josh/x/gitx/Classes/git/PBGitSVFolderItem.m -o /Users/josh/Library/Developer/Xcode/DerivedData/GitX-cggrrpkbzogvjfcxoxftnovmywdq/Build/Intermediates.noindex/GitX.build/Debug/GitX.build/StaticAnalyzer/GitX/GitX/normal/arm64/PBGitSVFolderItem.plist

AnalyzeShallow /Users/josh/x/gitx/Classes/git/PBGitSVBranchItem.m normal arm64 (in target 'GitX' from project 'GitX')
    cd /Users/josh/x/gitx
    
    Using response file: /Users/josh/Library/Developer/Xcode/DerivedData/GitX-cggrrpkbzogvjfcxoxftnovmywdq/Build/Intermediates.noindex/GitX.build/Debug/GitX.build/Objects-normal/arm64/22a6d426986e98cf1a8e0c880c6a22df-common-args.resp
    
    /Applications/Xcode.app/Contents/Developer/Toolchains/XcodeDefault.xctoolchain/usr/bin/clang -x objective-c -ivfsstatcache /Users/josh/Library/Developer/Xcode/DerivedData/SDKStatCaches.noindex/macosx15.5-24F74-8254517eb8b97d462ccbc072ba9094c9.sdkstatcache -fmessage-length\=0 -fdiagnostics-show-note-include-stack -fmacro-backtrace-limit\=0 -fno-color-diagnostics -Wno-trigraphs -Wno-missing-field-initializers -Wno-missing-prototypes -Wno-implicit-atomic-properties -Wno-objc-interface-ivars -Wno-arc-repeated-use-of-weak -Wno-missing-braces -Wparentheses -Wswitch -Wno-unused-function -Wno-unused-label -Wno-unused-parameter -Wunused-variable -Wunused-value -Wno-empty-body -Wno-uninitialized -Wno-unknown-pragmas -Wno-shadow -Wno-four-char-constants -Wno-conversion -Wno-constant-conversion -Wno-int-conversion -Wno-bool-conversion -Wno-enum-conversion -Wno-float-conversion -Wno-non-literal-null-conversion -Wno-objc-literal-conversion -Wshorten-64-to-32 -Wpointer-sign -Wno-newline-eof -Wno-selector -Wno-strict-selector-match -Wno-undeclared-selector -Wno-deprecated-implementations -Wno-implicit-fallthrough -fstrict-aliasing -Wprotocol -Wdeprecated-declarations -Wno-sign-conversion -Wno-infinite-recursion -Wno-comma -Wno-block-capture-autoreleasing -Wno-strict-prototypes -Wno-semicolon-before-method-body -Werror\=incompatible-pointer-types @/Users/josh/Library/Developer/Xcode/DerivedData/GitX-cggrrpkbzogvjfcxoxftnovmywdq/Build/Intermediates.noindex/GitX.build/Debug/GitX.build/Objects-normal/arm64/22a6d426986e98cf1a8e0c880c6a22df-common-args.resp -include /Users/josh/Library/Developer/Xcode/DerivedData/GitX-cggrrpkbzogvjfcxoxftnovmywdq/Build/Intermediates.noindex/PrecompiledHeaders/SharedPrecompiledHeaders/1337419039418411841/GitX_Prefix.pch -MMD -MT dependencies -MF /Users/josh/Library/Developer/Xcode/DerivedData/GitX-cggrrpkbzogvjfcxoxftnovmywdq/Build/Intermediates.noindex/GitX.build/Debug/GitX.build/StaticAnalyzer/GitX/GitX/normal/arm64/PBGitSVBranchItem.d --analyze /Users/josh/x/gitx/Classes/git/PBGitSVBranchItem.m -o /Users/josh/Library/Developer/Xcode/DerivedData/GitX-cggrrpkbzogvjfcxoxftnovmywdq/Build/Intermediates.noindex/GitX.build/Debug/GitX.build/StaticAnalyzer/GitX/GitX/normal/arm64/PBGitSVBranchItem.plist

AnalyzeShallow /Users/josh/x/gitx/Classes/git/PBGitRevSpecifier.m normal arm64 (in target 'GitX' from project 'GitX')
    cd /Users/josh/x/gitx
    
    Using response file: /Users/josh/Library/Developer/Xcode/DerivedData/GitX-cggrrpkbzogvjfcxoxftnovmywdq/Build/Intermediates.noindex/GitX.build/Debug/GitX.build/Objects-normal/arm64/22a6d426986e98cf1a8e0c880c6a22df-common-args.resp
    
    /Applications/Xcode.app/Contents/Developer/Toolchains/XcodeDefault.xctoolchain/usr/bin/clang -x objective-c -ivfsstatcache /Users/josh/Library/Developer/Xcode/DerivedData/SDKStatCaches.noindex/macosx15.5-24F74-8254517eb8b97d462ccbc072ba9094c9.sdkstatcache -fmessage-length\=0 -fdiagnostics-show-note-include-stack -fmacro-backtrace-limit\=0 -fno-color-diagnostics -Wno-trigraphs -Wno-missing-field-initializers -Wno-missing-prototypes -Wno-implicit-atomic-properties -Wno-objc-interface-ivars -Wno-arc-repeated-use-of-weak -Wno-missing-braces -Wparentheses -Wswitch -Wno-unused-function -Wno-unused-label -Wno-unused-parameter -Wunused-variable -Wunused-value -Wno-empty-body -Wno-uninitialized -Wno-unknown-pragmas -Wno-shadow -Wno-four-char-constants -Wno-conversion -Wno-constant-conversion -Wno-int-conversion -Wno-bool-conversion -Wno-enum-conversion -Wno-float-conversion -Wno-non-literal-null-conversion -Wno-objc-literal-conversion -Wshorten-64-to-32 -Wpointer-sign -Wno-newline-eof -Wno-selector -Wno-strict-selector-match -Wno-undeclared-selector -Wno-deprecated-implementations -Wno-implicit-fallthrough -fstrict-aliasing -Wprotocol -Wdeprecated-declarations -Wno-sign-conversion -Wno-infinite-recursion -Wno-comma -Wno-block-capture-autoreleasing -Wno-strict-prototypes -Wno-semicolon-before-method-body -Werror\=incompatible-pointer-types @/Users/josh/Library/Developer/Xcode/DerivedData/GitX-cggrrpkbzogvjfcxoxftnovmywdq/Build/Intermediates.noindex/GitX.build/Debug/GitX.build/Objects-normal/arm64/22a6d426986e98cf1a8e0c880c6a22df-common-args.resp -include /Users/josh/Library/Developer/Xcode/DerivedData/GitX-cggrrpkbzogvjfcxoxftnovmywdq/Build/Intermediates.noindex/PrecompiledHeaders/SharedPrecompiledHeaders/1337419039418411841/GitX_Prefix.pch -MMD -MT dependencies -MF /Users/josh/Library/Developer/Xcode/DerivedData/GitX-cggrrpkbzogvjfcxoxftnovmywdq/Build/Intermediates.noindex/GitX.build/Debug/GitX.build/StaticAnalyzer/GitX/GitX/normal/arm64/PBGitRevSpecifier.d --analyze /Users/josh/x/gitx/Classes/git/PBGitRevSpecifier.m -o /Users/josh/Library/Developer/Xcode/DerivedData/GitX-cggrrpkbzogvjfcxoxftnovmywdq/Build/Intermediates.noindex/GitX.build/Debug/GitX.build/StaticAnalyzer/GitX/GitX/normal/arm64/PBGitRevSpecifier.plist

AnalyzeShallow /Users/josh/x/gitx/Classes/git/PBGitRevList.mm normal arm64 (in target 'GitX' from project 'GitX')
    cd /Users/josh/x/gitx
    
    Using response file: /Users/josh/Library/Developer/Xcode/DerivedData/GitX-cggrrpkbzogvjfcxoxftnovmywdq/Build/Intermediates.noindex/GitX.build/Debug/GitX.build/Objects-normal/arm64/e42c9e58af969639d672ba37175b175e-common-args.resp
    
    /Applications/Xcode.app/Contents/Developer/Toolchains/XcodeDefault.xctoolchain/usr/bin/clang -x objective-c++ -ivfsstatcache /Users/josh/Library/Developer/Xcode/DerivedData/SDKStatCaches.noindex/macosx15.5-24F74-8254517eb8b97d462ccbc072ba9094c9.sdkstatcache -fmessage-length\=0 -fdiagnostics-show-note-include-stack -fmacro-backtrace-limit\=0 -fno-color-diagnostics -Wno-trigraphs -Wno-missing-field-initializers -Wno-missing-prototypes -Wno-implicit-atomic-properties -Wno-objc-interface-ivars -Wno-arc-repeated-use-of-weak -Wno-non-virtual-dtor -Wno-overloaded-virtual -Wno-exit-time-destructors -Wno-missing-braces -Wparentheses -Wswitch -Wno-unused-function -Wno-unused-label -Wno-unused-parameter -Wunused-variable -Wunused-value -Wno-empty-body -Wno-uninitialized -Wno-unknown-pragmas -Wno-shadow -Wno-four-char-constants -Wno-conversion -Wno-constant-conversion -Wno-int-conversion -Wno-bool-conversion -Wno-enum-conversion -Wno-float-conversion -Wno-non-literal-null-conversion -Wno-objc-literal-conversion -Wshorten-64-to-32 -Wno-newline-eof -Wno-selector -Wno-strict-selector-match -Wno-undeclared-selector -Wno-deprecated-implementations -Wno-c++11-extensions -Wno-implicit-fallthrough -fstrict-aliasing -Wprotocol -Wdeprecated-declarations -Winvalid-offsetof -Wno-sign-conversion -Wno-infinite-recursion -Wno-move -Wno-comma -Wno-block-capture-autoreleasing -Wno-strict-prototypes -Wno-range-loop-analysis -Wno-semicolon-before-method-body -Werror\=incompatible-pointer-types @/Users/josh/Library/Developer/Xcode/DerivedData/GitX-cggrrpkbzogvjfcxoxftnovmywdq/Build/Intermediates.noindex/GitX.build/Debug/GitX.build/Objects-normal/arm64/e42c9e58af969639d672ba37175b175e-common-args.resp -include /Users/josh/Library/Developer/Xcode/DerivedData/GitX-cggrrpkbzogvjfcxoxftnovmywdq/Build/Intermediates.noindex/PrecompiledHeaders/SharedPrecompiledHeaders/4740044233825776955/GitX_Prefix.pch -MMD -MT dependencies -MF /Users/josh/Library/Developer/Xcode/DerivedData/GitX-cggrrpkbzogvjfcxoxftnovmywdq/Build/Intermediates.noindex/GitX.build/Debug/GitX.build/StaticAnalyzer/GitX/GitX/normal/arm64/PBGitRevList.d --analyze /Users/josh/x/gitx/Classes/git/PBGitRevList.mm -o /Users/josh/Library/Developer/Xcode/DerivedData/GitX-cggrrpkbzogvjfcxoxftnovmywdq/Build/Intermediates.noindex/GitX.build/Debug/GitX.build/StaticAnalyzer/GitX/GitX/normal/arm64/PBGitRevList.plist
/Users/josh/x/gitx/Classes/git/PBGitRevList.mm:85:1: warning: Method accepting NSError** should have a non-void return value to indicate whether or not an error occurred [osx.cocoa.NSError]
   85 | - (void)pushGlob:(NSString *)glob error:(NSError **)error { 
      | ^~~~~~~~~~~~~~~~~~~~~~~~~~~~~~~~~~~~~~~~~~~~~~~~~~~~~~~~~~~
   86 |     [self.revListArgs addObject:[@"--glob=" stringByAppendingString:glob]];
      |     ~~~~~~~~~~~~~~~~~~~~~~~~~~~~~~~~~~~~~~~~~~~~~~~~~~~~~~~~~~~~~~~~~~~~~~~
   87 | }
      | ~
/Users/josh/x/gitx/Classes/git/PBGitRevList.mm:89:1: warning: Method accepting NSError** should have a non-void return value to indicate whether or not an error occurred [osx.cocoa.NSError]
   89 | - (void)pushSHA:(NSString *)sha error:(NSError **)error { 
      | ^~~~~~~~~~~~~~~~~~~~~~~~~~~~~~~~~~~~~~~~~~~~~~~~~~~~~~~~~
   90 |     if (sha && [sha length] > 0) {
      |     ~~~~~~~~~~~~~~~~~~~~~~~~~~~~~~
   91 |         [self.revListArgs addObject:sha];
      |         ~~~~~~~~~~~~~~~~~~~~~~~~~~~~~~~~~
   92 |     }
      |     ~
   93 | }
      | ~
2 warnings generated.

AnalyzeShallow /Users/josh/x/gitx/Classes/git/PBGitRepositoryWatcherEventPath.m normal arm64 (in target 'GitX' from project 'GitX')
    cd /Users/josh/x/gitx
    
    Using response file: /Users/josh/Library/Developer/Xcode/DerivedData/GitX-cggrrpkbzogvjfcxoxftnovmywdq/Build/Intermediates.noindex/GitX.build/Debug/GitX.build/Objects-normal/arm64/22a6d426986e98cf1a8e0c880c6a22df-common-args.resp
    
    /Applications/Xcode.app/Contents/Developer/Toolchains/XcodeDefault.xctoolchain/usr/bin/clang -x objective-c -ivfsstatcache /Users/josh/Library/Developer/Xcode/DerivedData/SDKStatCaches.noindex/macosx15.5-24F74-8254517eb8b97d462ccbc072ba9094c9.sdkstatcache -fmessage-length\=0 -fdiagnostics-show-note-include-stack -fmacro-backtrace-limit\=0 -fno-color-diagnostics -Wno-trigraphs -Wno-missing-field-initializers -Wno-missing-prototypes -Wno-implicit-atomic-properties -Wno-objc-interface-ivars -Wno-arc-repeated-use-of-weak -Wno-missing-braces -Wparentheses -Wswitch -Wno-unused-function -Wno-unused-label -Wno-unused-parameter -Wunused-variable -Wunused-value -Wno-empty-body -Wno-uninitialized -Wno-unknown-pragmas -Wno-shadow -Wno-four-char-constants -Wno-conversion -Wno-constant-conversion -Wno-int-conversion -Wno-bool-conversion -Wno-enum-conversion -Wno-float-conversion -Wno-non-literal-null-conversion -Wno-objc-literal-conversion -Wshorten-64-to-32 -Wpointer-sign -Wno-newline-eof -Wno-selector -Wno-strict-selector-match -Wno-undeclared-selector -Wno-deprecated-implementations -Wno-implicit-fallthrough -fstrict-aliasing -Wprotocol -Wdeprecated-declarations -Wno-sign-conversion -Wno-infinite-recursion -Wno-comma -Wno-block-capture-autoreleasing -Wno-strict-prototypes -Wno-semicolon-before-method-body -Werror\=incompatible-pointer-types @/Users/josh/Library/Developer/Xcode/DerivedData/GitX-cggrrpkbzogvjfcxoxftnovmywdq/Build/Intermediates.noindex/GitX.build/Debug/GitX.build/Objects-normal/arm64/22a6d426986e98cf1a8e0c880c6a22df-common-args.resp -include /Users/josh/Library/Developer/Xcode/DerivedData/GitX-cggrrpkbzogvjfcxoxftnovmywdq/Build/Intermediates.noindex/PrecompiledHeaders/SharedPrecompiledHeaders/1337419039418411841/GitX_Prefix.pch -MMD -MT dependencies -MF /Users/josh/Library/Developer/Xcode/DerivedData/GitX-cggrrpkbzogvjfcxoxftnovmywdq/Build/Intermediates.noindex/GitX.build/Debug/GitX.build/StaticAnalyzer/GitX/GitX/normal/arm64/PBGitRepositoryWatcherEventPath.d --analyze /Users/josh/x/gitx/Classes/git/PBGitRepositoryWatcherEventPath.m -o /Users/josh/Library/Developer/Xcode/DerivedData/GitX-cggrrpkbzogvjfcxoxftnovmywdq/Build/Intermediates.noindex/GitX.build/Debug/GitX.build/StaticAnalyzer/GitX/GitX/normal/arm64/PBGitRepositoryWatcherEventPath.plist

AnalyzeShallow /Users/josh/x/gitx/Classes/git/PBGitRepositoryWatcher.m normal arm64 (in target 'GitX' from project 'GitX')
    cd /Users/josh/x/gitx
    
    Using response file: /Users/josh/Library/Developer/Xcode/DerivedData/GitX-cggrrpkbzogvjfcxoxftnovmywdq/Build/Intermediates.noindex/GitX.build/Debug/GitX.build/Objects-normal/arm64/22a6d426986e98cf1a8e0c880c6a22df-common-args.resp
    
    /Applications/Xcode.app/Contents/Developer/Toolchains/XcodeDefault.xctoolchain/usr/bin/clang -x objective-c -ivfsstatcache /Users/josh/Library/Developer/Xcode/DerivedData/SDKStatCaches.noindex/macosx15.5-24F74-8254517eb8b97d462ccbc072ba9094c9.sdkstatcache -fmessage-length\=0 -fdiagnostics-show-note-include-stack -fmacro-backtrace-limit\=0 -fno-color-diagnostics -Wno-trigraphs -Wno-missing-field-initializers -Wno-missing-prototypes -Wno-implicit-atomic-properties -Wno-objc-interface-ivars -Wno-arc-repeated-use-of-weak -Wno-missing-braces -Wparentheses -Wswitch -Wno-unused-function -Wno-unused-label -Wno-unused-parameter -Wunused-variable -Wunused-value -Wno-empty-body -Wno-uninitialized -Wno-unknown-pragmas -Wno-shadow -Wno-four-char-constants -Wno-conversion -Wno-constant-conversion -Wno-int-conversion -Wno-bool-conversion -Wno-enum-conversion -Wno-float-conversion -Wno-non-literal-null-conversion -Wno-objc-literal-conversion -Wshorten-64-to-32 -Wpointer-sign -Wno-newline-eof -Wno-selector -Wno-strict-selector-match -Wno-undeclared-selector -Wno-deprecated-implementations -Wno-implicit-fallthrough -fstrict-aliasing -Wprotocol -Wdeprecated-declarations -Wno-sign-conversion -Wno-infinite-recursion -Wno-comma -Wno-block-capture-autoreleasing -Wno-strict-prototypes -Wno-semicolon-before-method-body -Werror\=incompatible-pointer-types @/Users/josh/Library/Developer/Xcode/DerivedData/GitX-cggrrpkbzogvjfcxoxftnovmywdq/Build/Intermediates.noindex/GitX.build/Debug/GitX.build/Objects-normal/arm64/22a6d426986e98cf1a8e0c880c6a22df-common-args.resp -include /Users/josh/Library/Developer/Xcode/DerivedData/GitX-cggrrpkbzogvjfcxoxftnovmywdq/Build/Intermediates.noindex/PrecompiledHeaders/SharedPrecompiledHeaders/1337419039418411841/GitX_Prefix.pch -MMD -MT dependencies -MF /Users/josh/Library/Developer/Xcode/DerivedData/GitX-cggrrpkbzogvjfcxoxftnovmywdq/Build/Intermediates.noindex/GitX.build/Debug/GitX.build/StaticAnalyzer/GitX/GitX/normal/arm64/PBGitRepositoryWatcher.d --analyze /Users/josh/x/gitx/Classes/git/PBGitRepositoryWatcher.m -o /Users/josh/Library/Developer/Xcode/DerivedData/GitX-cggrrpkbzogvjfcxoxftnovmywdq/Build/Intermediates.noindex/GitX.build/Debug/GitX.build/StaticAnalyzer/GitX/GitX/normal/arm64/PBGitRepositoryWatcher.plist

AnalyzeShallow /Users/josh/x/gitx/Classes/git/PBGitRepository.m normal arm64 (in target 'GitX' from project 'GitX')
    cd /Users/josh/x/gitx
    
    Using response file: /Users/josh/Library/Developer/Xcode/DerivedData/GitX-cggrrpkbzogvjfcxoxftnovmywdq/Build/Intermediates.noindex/GitX.build/Debug/GitX.build/Objects-normal/arm64/22a6d426986e98cf1a8e0c880c6a22df-common-args.resp
    
    /Applications/Xcode.app/Contents/Developer/Toolchains/XcodeDefault.xctoolchain/usr/bin/clang -x objective-c -ivfsstatcache /Users/josh/Library/Developer/Xcode/DerivedData/SDKStatCaches.noindex/macosx15.5-24F74-8254517eb8b97d462ccbc072ba9094c9.sdkstatcache -fmessage-length\=0 -fdiagnostics-show-note-include-stack -fmacro-backtrace-limit\=0 -fno-color-diagnostics -Wno-trigraphs -Wno-missing-field-initializers -Wno-missing-prototypes -Wno-implicit-atomic-properties -Wno-objc-interface-ivars -Wno-arc-repeated-use-of-weak -Wno-missing-braces -Wparentheses -Wswitch -Wno-unused-function -Wno-unused-label -Wno-unused-parameter -Wunused-variable -Wunused-value -Wno-empty-body -Wno-uninitialized -Wno-unknown-pragmas -Wno-shadow -Wno-four-char-constants -Wno-conversion -Wno-constant-conversion -Wno-int-conversion -Wno-bool-conversion -Wno-enum-conversion -Wno-float-conversion -Wno-non-literal-null-conversion -Wno-objc-literal-conversion -Wshorten-64-to-32 -Wpointer-sign -Wno-newline-eof -Wno-selector -Wno-strict-selector-match -Wno-undeclared-selector -Wno-deprecated-implementations -Wno-implicit-fallthrough -fstrict-aliasing -Wprotocol -Wdeprecated-declarations -Wno-sign-conversion -Wno-infinite-recursion -Wno-comma -Wno-block-capture-autoreleasing -Wno-strict-prototypes -Wno-semicolon-before-method-body -Werror\=incompatible-pointer-types @/Users/josh/Library/Developer/Xcode/DerivedData/GitX-cggrrpkbzogvjfcxoxftnovmywdq/Build/Intermediates.noindex/GitX.build/Debug/GitX.build/Objects-normal/arm64/22a6d426986e98cf1a8e0c880c6a22df-common-args.resp -include /Users/josh/Library/Developer/Xcode/DerivedData/GitX-cggrrpkbzogvjfcxoxftnovmywdq/Build/Intermediates.noindex/PrecompiledHeaders/SharedPrecompiledHeaders/1337419039418411841/GitX_Prefix.pch -MMD -MT dependencies -MF /Users/josh/Library/Developer/Xcode/DerivedData/GitX-cggrrpkbzogvjfcxoxftnovmywdq/Build/Intermediates.noindex/GitX.build/Debug/GitX.build/StaticAnalyzer/GitX/GitX/normal/arm64/PBGitRepository.d --analyze /Users/josh/x/gitx/Classes/git/PBGitRepository.m -o /Users/josh/Library/Developer/Xcode/DerivedData/GitX-cggrrpkbzogvjfcxoxftnovmywdq/Build/Intermediates.noindex/GitX.build/Debug/GitX.build/StaticAnalyzer/GitX/GitX/normal/arm64/PBGitRepository.plist
/Users/josh/x/gitx/Classes/git/PBGitRepository.m:95:9: warning: Value stored to 'repoURL' during its initialization is never read [deadcode.DeadStores]
   95 |         NSURL *repoURL = [GitRepoFinder gitDirForURL:absoluteURL];
      |                ^~~~~~~   ~~~~~~~~~~~~~~~~~~~~~~~~~~~~~~~~~~~~~~~~
1 warning generated.

AnalyzeShallow /Users/josh/x/gitx/Classes/git/PBGitRef.m normal arm64 (in target 'GitX' from project 'GitX')
    cd /Users/josh/x/gitx
    
    Using response file: /Users/josh/Library/Developer/Xcode/DerivedData/GitX-cggrrpkbzogvjfcxoxftnovmywdq/Build/Intermediates.noindex/GitX.build/Debug/GitX.build/Objects-normal/arm64/22a6d426986e98cf1a8e0c880c6a22df-common-args.resp
    
    /Applications/Xcode.app/Contents/Developer/Toolchains/XcodeDefault.xctoolchain/usr/bin/clang -x objective-c -ivfsstatcache /Users/josh/Library/Developer/Xcode/DerivedData/SDKStatCaches.noindex/macosx15.5-24F74-8254517eb8b97d462ccbc072ba9094c9.sdkstatcache -fmessage-length\=0 -fdiagnostics-show-note-include-stack -fmacro-backtrace-limit\=0 -fno-color-diagnostics -Wno-trigraphs -Wno-missing-field-initializers -Wno-missing-prototypes -Wno-implicit-atomic-properties -Wno-objc-interface-ivars -Wno-arc-repeated-use-of-weak -Wno-missing-braces -Wparentheses -Wswitch -Wno-unused-function -Wno-unused-label -Wno-unused-parameter -Wunused-variable -Wunused-value -Wno-empty-body -Wno-uninitialized -Wno-unknown-pragmas -Wno-shadow -Wno-four-char-constants -Wno-conversion -Wno-constant-conversion -Wno-int-conversion -Wno-bool-conversion -Wno-enum-conversion -Wno-float-conversion -Wno-non-literal-null-conversion -Wno-objc-literal-conversion -Wshorten-64-to-32 -Wpointer-sign -Wno-newline-eof -Wno-selector -Wno-strict-selector-match -Wno-undeclared-selector -Wno-deprecated-implementations -Wno-implicit-fallthrough -fstrict-aliasing -Wprotocol -Wdeprecated-declarations -Wno-sign-conversion -Wno-infinite-recursion -Wno-comma -Wno-block-capture-autoreleasing -Wno-strict-prototypes -Wno-semicolon-before-method-body -Werror\=incompatible-pointer-types @/Users/josh/Library/Developer/Xcode/DerivedData/GitX-cggrrpkbzogvjfcxoxftnovmywdq/Build/Intermediates.noindex/GitX.build/Debug/GitX.build/Objects-normal/arm64/22a6d426986e98cf1a8e0c880c6a22df-common-args.resp -include /Users/josh/Library/Developer/Xcode/DerivedData/GitX-cggrrpkbzogvjfcxoxftnovmywdq/Build/Intermediates.noindex/PrecompiledHeaders/SharedPrecompiledHeaders/1337419039418411841/GitX_Prefix.pch -MMD -MT dependencies -MF /Users/josh/Library/Developer/Xcode/DerivedData/GitX-cggrrpkbzogvjfcxoxftnovmywdq/Build/Intermediates.noindex/GitX.build/Debug/GitX.build/StaticAnalyzer/GitX/GitX/normal/arm64/PBGitRef.d --analyze /Users/josh/x/gitx/Classes/git/PBGitRef.m -o /Users/josh/Library/Developer/Xcode/DerivedData/GitX-cggrrpkbzogvjfcxoxftnovmywdq/Build/Intermediates.noindex/GitX.build/Debug/GitX.build/StaticAnalyzer/GitX/GitX/normal/arm64/PBGitRef.plist

AnalyzeShallow /Users/josh/x/gitx/Classes/git/PBGitLane.mm normal arm64 (in target 'GitX' from project 'GitX')
    cd /Users/josh/x/gitx
    
    Using response file: /Users/josh/Library/Developer/Xcode/DerivedData/GitX-cggrrpkbzogvjfcxoxftnovmywdq/Build/Intermediates.noindex/GitX.build/Debug/GitX.build/Objects-normal/arm64/e42c9e58af969639d672ba37175b175e-common-args.resp
    
    /Applications/Xcode.app/Contents/Developer/Toolchains/XcodeDefault.xctoolchain/usr/bin/clang -x objective-c++ -ivfsstatcache /Users/josh/Library/Developer/Xcode/DerivedData/SDKStatCaches.noindex/macosx15.5-24F74-8254517eb8b97d462ccbc072ba9094c9.sdkstatcache -fmessage-length\=0 -fdiagnostics-show-note-include-stack -fmacro-backtrace-limit\=0 -fno-color-diagnostics -Wno-trigraphs -Wno-missing-field-initializers -Wno-missing-prototypes -Wno-implicit-atomic-properties -Wno-objc-interface-ivars -Wno-arc-repeated-use-of-weak -Wno-non-virtual-dtor -Wno-overloaded-virtual -Wno-exit-time-destructors -Wno-missing-braces -Wparentheses -Wswitch -Wno-unused-function -Wno-unused-label -Wno-unused-parameter -Wunused-variable -Wunused-value -Wno-empty-body -Wno-uninitialized -Wno-unknown-pragmas -Wno-shadow -Wno-four-char-constants -Wno-conversion -Wno-constant-conversion -Wno-int-conversion -Wno-bool-conversion -Wno-enum-conversion -Wno-float-conversion -Wno-non-literal-null-conversion -Wno-objc-literal-conversion -Wshorten-64-to-32 -Wno-newline-eof -Wno-selector -Wno-strict-selector-match -Wno-undeclared-selector -Wno-deprecated-implementations -Wno-c++11-extensions -Wno-implicit-fallthrough -fstrict-aliasing -Wprotocol -Wdeprecated-declarations -Winvalid-offsetof -Wno-sign-conversion -Wno-infinite-recursion -Wno-move -Wno-comma -Wno-block-capture-autoreleasing -Wno-strict-prototypes -Wno-range-loop-analysis -Wno-semicolon-before-method-body -Werror\=incompatible-pointer-types @/Users/josh/Library/Developer/Xcode/DerivedData/GitX-cggrrpkbzogvjfcxoxftnovmywdq/Build/Intermediates.noindex/GitX.build/Debug/GitX.build/Objects-normal/arm64/e42c9e58af969639d672ba37175b175e-common-args.resp -include /Users/josh/Library/Developer/Xcode/DerivedData/GitX-cggrrpkbzogvjfcxoxftnovmywdq/Build/Intermediates.noindex/PrecompiledHeaders/SharedPrecompiledHeaders/4740044233825776955/GitX_Prefix.pch -MMD -MT dependencies -MF /Users/josh/Library/Developer/Xcode/DerivedData/GitX-cggrrpkbzogvjfcxoxftnovmywdq/Build/Intermediates.noindex/GitX.build/Debug/GitX.build/StaticAnalyzer/GitX/GitX/normal/arm64/PBGitLane.d --analyze /Users/josh/x/gitx/Classes/git/PBGitLane.mm -o /Users/josh/Library/Developer/Xcode/DerivedData/GitX-cggrrpkbzogvjfcxoxftnovmywdq/Build/Intermediates.noindex/GitX.build/Debug/GitX.build/StaticAnalyzer/GitX/GitX/normal/arm64/PBGitLane.plist

AnalyzeShallow /Users/josh/x/gitx/Classes/git/PBGitIndex.m normal arm64 (in target 'GitX' from project 'GitX')
    cd /Users/josh/x/gitx
    
    Using response file: /Users/josh/Library/Developer/Xcode/DerivedData/GitX-cggrrpkbzogvjfcxoxftnovmywdq/Build/Intermediates.noindex/GitX.build/Debug/GitX.build/Objects-normal/arm64/22a6d426986e98cf1a8e0c880c6a22df-common-args.resp
    
    /Applications/Xcode.app/Contents/Developer/Toolchains/XcodeDefault.xctoolchain/usr/bin/clang -x objective-c -ivfsstatcache /Users/josh/Library/Developer/Xcode/DerivedData/SDKStatCaches.noindex/macosx15.5-24F74-8254517eb8b97d462ccbc072ba9094c9.sdkstatcache -fmessage-length\=0 -fdiagnostics-show-note-include-stack -fmacro-backtrace-limit\=0 -fno-color-diagnostics -Wno-trigraphs -Wno-missing-field-initializers -Wno-missing-prototypes -Wno-implicit-atomic-properties -Wno-objc-interface-ivars -Wno-arc-repeated-use-of-weak -Wno-missing-braces -Wparentheses -Wswitch -Wno-unused-function -Wno-unused-label -Wno-unused-parameter -Wunused-variable -Wunused-value -Wno-empty-body -Wno-uninitialized -Wno-unknown-pragmas -Wno-shadow -Wno-four-char-constants -Wno-conversion -Wno-constant-conversion -Wno-int-conversion -Wno-bool-conversion -Wno-enum-conversion -Wno-float-conversion -Wno-non-literal-null-conversion -Wno-objc-literal-conversion -Wshorten-64-to-32 -Wpointer-sign -Wno-newline-eof -Wno-selector -Wno-strict-selector-match -Wno-undeclared-selector -Wno-deprecated-implementations -Wno-implicit-fallthrough -fstrict-aliasing -Wprotocol -Wdeprecated-declarations -Wno-sign-conversion -Wno-infinite-recursion -Wno-comma -Wno-block-capture-autoreleasing -Wno-strict-prototypes -Wno-semicolon-before-method-body -Werror\=incompatible-pointer-types @/Users/josh/Library/Developer/Xcode/DerivedData/GitX-cggrrpkbzogvjfcxoxftnovmywdq/Build/Intermediates.noindex/GitX.build/Debug/GitX.build/Objects-normal/arm64/22a6d426986e98cf1a8e0c880c6a22df-common-args.resp -include /Users/josh/Library/Developer/Xcode/DerivedData/GitX-cggrrpkbzogvjfcxoxftnovmywdq/Build/Intermediates.noindex/PrecompiledHeaders/SharedPrecompiledHeaders/1337419039418411841/GitX_Prefix.pch -MMD -MT dependencies -MF /Users/josh/Library/Developer/Xcode/DerivedData/GitX-cggrrpkbzogvjfcxoxftnovmywdq/Build/Intermediates.noindex/GitX.build/Debug/GitX.build/StaticAnalyzer/GitX/GitX/normal/arm64/PBGitIndex.d --analyze /Users/josh/x/gitx/Classes/git/PBGitIndex.m -o /Users/josh/Library/Developer/Xcode/DerivedData/GitX-cggrrpkbzogvjfcxoxftnovmywdq/Build/Intermediates.noindex/GitX.build/Debug/GitX.build/StaticAnalyzer/GitX/GitX/normal/arm64/PBGitIndex.plist

AnalyzeShallow /Users/josh/x/gitx/Classes/git/PBGitHistoryList.m normal arm64 (in target 'GitX' from project 'GitX')
    cd /Users/josh/x/gitx
    
    Using response file: /Users/josh/Library/Developer/Xcode/DerivedData/GitX-cggrrpkbzogvjfcxoxftnovmywdq/Build/Intermediates.noindex/GitX.build/Debug/GitX.build/Objects-normal/arm64/22a6d426986e98cf1a8e0c880c6a22df-common-args.resp
    
    /Applications/Xcode.app/Contents/Developer/Toolchains/XcodeDefault.xctoolchain/usr/bin/clang -x objective-c -ivfsstatcache /Users/josh/Library/Developer/Xcode/DerivedData/SDKStatCaches.noindex/macosx15.5-24F74-8254517eb8b97d462ccbc072ba9094c9.sdkstatcache -fmessage-length\=0 -fdiagnostics-show-note-include-stack -fmacro-backtrace-limit\=0 -fno-color-diagnostics -Wno-trigraphs -Wno-missing-field-initializers -Wno-missing-prototypes -Wno-implicit-atomic-properties -Wno-objc-interface-ivars -Wno-arc-repeated-use-of-weak -Wno-missing-braces -Wparentheses -Wswitch -Wno-unused-function -Wno-unused-label -Wno-unused-parameter -Wunused-variable -Wunused-value -Wno-empty-body -Wno-uninitialized -Wno-unknown-pragmas -Wno-shadow -Wno-four-char-constants -Wno-conversion -Wno-constant-conversion -Wno-int-conversion -Wno-bool-conversion -Wno-enum-conversion -Wno-float-conversion -Wno-non-literal-null-conversion -Wno-objc-literal-conversion -Wshorten-64-to-32 -Wpointer-sign -Wno-newline-eof -Wno-selector -Wno-strict-selector-match -Wno-undeclared-selector -Wno-deprecated-implementations -Wno-implicit-fallthrough -fstrict-aliasing -Wprotocol -Wdeprecated-declarations -Wno-sign-conversion -Wno-infinite-recursion -Wno-comma -Wno-block-capture-autoreleasing -Wno-strict-prototypes -Wno-semicolon-before-method-body -Werror\=incompatible-pointer-types @/Users/josh/Library/Developer/Xcode/DerivedData/GitX-cggrrpkbzogvjfcxoxftnovmywdq/Build/Intermediates.noindex/GitX.build/Debug/GitX.build/Objects-normal/arm64/22a6d426986e98cf1a8e0c880c6a22df-common-args.resp -include /Users/josh/Library/Developer/Xcode/DerivedData/GitX-cggrrpkbzogvjfcxoxftnovmywdq/Build/Intermediates.noindex/PrecompiledHeaders/SharedPrecompiledHeaders/1337419039418411841/GitX_Prefix.pch -MMD -MT dependencies -MF /Users/josh/Library/Developer/Xcode/DerivedData/GitX-cggrrpkbzogvjfcxoxftnovmywdq/Build/Intermediates.noindex/GitX.build/Debug/GitX.build/StaticAnalyzer/GitX/GitX/normal/arm64/PBGitHistoryList.d --analyze /Users/josh/x/gitx/Classes/git/PBGitHistoryList.m -o /Users/josh/Library/Developer/Xcode/DerivedData/GitX-cggrrpkbzogvjfcxoxftnovmywdq/Build/Intermediates.noindex/GitX.build/Debug/GitX.build/StaticAnalyzer/GitX/GitX/normal/arm64/PBGitHistoryList.plist

AnalyzeShallow /Users/josh/x/gitx/Classes/git/PBGitHistoryGrapher.m normal arm64 (in target 'GitX' from project 'GitX')
    cd /Users/josh/x/gitx
    
    Using response file: /Users/josh/Library/Developer/Xcode/DerivedData/GitX-cggrrpkbzogvjfcxoxftnovmywdq/Build/Intermediates.noindex/GitX.build/Debug/GitX.build/Objects-normal/arm64/22a6d426986e98cf1a8e0c880c6a22df-common-args.resp
    
    /Applications/Xcode.app/Contents/Developer/Toolchains/XcodeDefault.xctoolchain/usr/bin/clang -x objective-c -ivfsstatcache /Users/josh/Library/Developer/Xcode/DerivedData/SDKStatCaches.noindex/macosx15.5-24F74-8254517eb8b97d462ccbc072ba9094c9.sdkstatcache -fmessage-length\=0 -fdiagnostics-show-note-include-stack -fmacro-backtrace-limit\=0 -fno-color-diagnostics -Wno-trigraphs -Wno-missing-field-initializers -Wno-missing-prototypes -Wno-implicit-atomic-properties -Wno-objc-interface-ivars -Wno-arc-repeated-use-of-weak -Wno-missing-braces -Wparentheses -Wswitch -Wno-unused-function -Wno-unused-label -Wno-unused-parameter -Wunused-variable -Wunused-value -Wno-empty-body -Wno-uninitialized -Wno-unknown-pragmas -Wno-shadow -Wno-four-char-constants -Wno-conversion -Wno-constant-conversion -Wno-int-conversion -Wno-bool-conversion -Wno-enum-conversion -Wno-float-conversion -Wno-non-literal-null-conversion -Wno-objc-literal-conversion -Wshorten-64-to-32 -Wpointer-sign -Wno-newline-eof -Wno-selector -Wno-strict-selector-match -Wno-undeclared-selector -Wno-deprecated-implementations -Wno-implicit-fallthrough -fstrict-aliasing -Wprotocol -Wdeprecated-declarations -Wno-sign-conversion -Wno-infinite-recursion -Wno-comma -Wno-block-capture-autoreleasing -Wno-strict-prototypes -Wno-semicolon-before-method-body -Werror\=incompatible-pointer-types @/Users/josh/Library/Developer/Xcode/DerivedData/GitX-cggrrpkbzogvjfcxoxftnovmywdq/Build/Intermediates.noindex/GitX.build/Debug/GitX.build/Objects-normal/arm64/22a6d426986e98cf1a8e0c880c6a22df-common-args.resp -include /Users/josh/Library/Developer/Xcode/DerivedData/GitX-cggrrpkbzogvjfcxoxftnovmywdq/Build/Intermediates.noindex/PrecompiledHeaders/SharedPrecompiledHeaders/1337419039418411841/GitX_Prefix.pch -MMD -MT dependencies -MF /Users/josh/Library/Developer/Xcode/DerivedData/GitX-cggrrpkbzogvjfcxoxftnovmywdq/Build/Intermediates.noindex/GitX.build/Debug/GitX.build/StaticAnalyzer/GitX/GitX/normal/arm64/PBGitHistoryGrapher.d --analyze /Users/josh/x/gitx/Classes/git/PBGitHistoryGrapher.m -o /Users/josh/Library/Developer/Xcode/DerivedData/GitX-cggrrpkbzogvjfcxoxftnovmywdq/Build/Intermediates.noindex/GitX.build/Debug/GitX.build/StaticAnalyzer/GitX/GitX/normal/arm64/PBGitHistoryGrapher.plist

AnalyzeShallow /Users/josh/x/gitx/Classes/git/PBGitGrapher.mm normal arm64 (in target 'GitX' from project 'GitX')
    cd /Users/josh/x/gitx
    
    Using response file: /Users/josh/Library/Developer/Xcode/DerivedData/GitX-cggrrpkbzogvjfcxoxftnovmywdq/Build/Intermediates.noindex/GitX.build/Debug/GitX.build/Objects-normal/arm64/e42c9e58af969639d672ba37175b175e-common-args.resp
    
    /Applications/Xcode.app/Contents/Developer/Toolchains/XcodeDefault.xctoolchain/usr/bin/clang -x objective-c++ -ivfsstatcache /Users/josh/Library/Developer/Xcode/DerivedData/SDKStatCaches.noindex/macosx15.5-24F74-8254517eb8b97d462ccbc072ba9094c9.sdkstatcache -fmessage-length\=0 -fdiagnostics-show-note-include-stack -fmacro-backtrace-limit\=0 -fno-color-diagnostics -Wno-trigraphs -Wno-missing-field-initializers -Wno-missing-prototypes -Wno-implicit-atomic-properties -Wno-objc-interface-ivars -Wno-arc-repeated-use-of-weak -Wno-non-virtual-dtor -Wno-overloaded-virtual -Wno-exit-time-destructors -Wno-missing-braces -Wparentheses -Wswitch -Wno-unused-function -Wno-unused-label -Wno-unused-parameter -Wunused-variable -Wunused-value -Wno-empty-body -Wno-uninitialized -Wno-unknown-pragmas -Wno-shadow -Wno-four-char-constants -Wno-conversion -Wno-constant-conversion -Wno-int-conversion -Wno-bool-conversion -Wno-enum-conversion -Wno-float-conversion -Wno-non-literal-null-conversion -Wno-objc-literal-conversion -Wshorten-64-to-32 -Wno-newline-eof -Wno-selector -Wno-strict-selector-match -Wno-undeclared-selector -Wno-deprecated-implementations -Wno-c++11-extensions -Wno-implicit-fallthrough -fstrict-aliasing -Wprotocol -Wdeprecated-declarations -Winvalid-offsetof -Wno-sign-conversion -Wno-infinite-recursion -Wno-move -Wno-comma -Wno-block-capture-autoreleasing -Wno-strict-prototypes -Wno-range-loop-analysis -Wno-semicolon-before-method-body -Werror\=incompatible-pointer-types @/Users/josh/Library/Developer/Xcode/DerivedData/GitX-cggrrpkbzogvjfcxoxftnovmywdq/Build/Intermediates.noindex/GitX.build/Debug/GitX.build/Objects-normal/arm64/e42c9e58af969639d672ba37175b175e-common-args.resp -include /Users/josh/Library/Developer/Xcode/DerivedData/GitX-cggrrpkbzogvjfcxoxftnovmywdq/Build/Intermediates.noindex/PrecompiledHeaders/SharedPrecompiledHeaders/4740044233825776955/GitX_Prefix.pch -MMD -MT dependencies -MF /Users/josh/Library/Developer/Xcode/DerivedData/GitX-cggrrpkbzogvjfcxoxftnovmywdq/Build/Intermediates.noindex/GitX.build/Debug/GitX.build/StaticAnalyzer/GitX/GitX/normal/arm64/PBGitGrapher.d --analyze /Users/josh/x/gitx/Classes/git/PBGitGrapher.mm -o /Users/josh/Library/Developer/Xcode/DerivedData/GitX-cggrrpkbzogvjfcxoxftnovmywdq/Build/Intermediates.noindex/GitX.build/Debug/GitX.build/StaticAnalyzer/GitX/GitX/normal/arm64/PBGitGrapher.plist
/Users/josh/x/gitx/Classes/git/PBGitGrapher.mm:132:5: warning: Potential leak of memory pointed to by 'currentLanes' [cplusplus.NewDeleteLeaks]
  132 |                                 return; // Can't proceed without valid parent
      |                                 ^~~~~~
/Users/josh/x/gitx/Classes/git/PBGitGrapher.mm:132:5: warning: Potential leak of memory pointed to by 'lines' [unix.Malloc]
  132 |                                 return; // Can't proceed without valid parent
      |                                 ^~~~~~
2 warnings generated.

AnalyzeShallow /Users/josh/x/gitx/Classes/git/PBGitGraphLine.m normal arm64 (in target 'GitX' from project 'GitX')
    cd /Users/josh/x/gitx
    
    Using response file: /Users/josh/Library/Developer/Xcode/DerivedData/GitX-cggrrpkbzogvjfcxoxftnovmywdq/Build/Intermediates.noindex/GitX.build/Debug/GitX.build/Objects-normal/arm64/22a6d426986e98cf1a8e0c880c6a22df-common-args.resp
    
    /Applications/Xcode.app/Contents/Developer/Toolchains/XcodeDefault.xctoolchain/usr/bin/clang -x objective-c -ivfsstatcache /Users/josh/Library/Developer/Xcode/DerivedData/SDKStatCaches.noindex/macosx15.5-24F74-8254517eb8b97d462ccbc072ba9094c9.sdkstatcache -fmessage-length\=0 -fdiagnostics-show-note-include-stack -fmacro-backtrace-limit\=0 -fno-color-diagnostics -Wno-trigraphs -Wno-missing-field-initializers -Wno-missing-prototypes -Wno-implicit-atomic-properties -Wno-objc-interface-ivars -Wno-arc-repeated-use-of-weak -Wno-missing-braces -Wparentheses -Wswitch -Wno-unused-function -Wno-unused-label -Wno-unused-parameter -Wunused-variable -Wunused-value -Wno-empty-body -Wno-uninitialized -Wno-unknown-pragmas -Wno-shadow -Wno-four-char-constants -Wno-conversion -Wno-constant-conversion -Wno-int-conversion -Wno-bool-conversion -Wno-enum-conversion -Wno-float-conversion -Wno-non-literal-null-conversion -Wno-objc-literal-conversion -Wshorten-64-to-32 -Wpointer-sign -Wno-newline-eof -Wno-selector -Wno-strict-selector-match -Wno-undeclared-selector -Wno-deprecated-implementations -Wno-implicit-fallthrough -fstrict-aliasing -Wprotocol -Wdeprecated-declarations -Wno-sign-conversion -Wno-infinite-recursion -Wno-comma -Wno-block-capture-autoreleasing -Wno-strict-prototypes -Wno-semicolon-before-method-body -Werror\=incompatible-pointer-types @/Users/josh/Library/Developer/Xcode/DerivedData/GitX-cggrrpkbzogvjfcxoxftnovmywdq/Build/Intermediates.noindex/GitX.build/Debug/GitX.build/Objects-normal/arm64/22a6d426986e98cf1a8e0c880c6a22df-common-args.resp -include /Users/josh/Library/Developer/Xcode/DerivedData/GitX-cggrrpkbzogvjfcxoxftnovmywdq/Build/Intermediates.noindex/PrecompiledHeaders/SharedPrecompiledHeaders/1337419039418411841/GitX_Prefix.pch -MMD -MT dependencies -MF /Users/josh/Library/Developer/Xcode/DerivedData/GitX-cggrrpkbzogvjfcxoxftnovmywdq/Build/Intermediates.noindex/GitX.build/Debug/GitX.build/StaticAnalyzer/GitX/GitX/normal/arm64/PBGitGraphLine.d --analyze /Users/josh/x/gitx/Classes/git/PBGitGraphLine.m -o /Users/josh/Library/Developer/Xcode/DerivedData/GitX-cggrrpkbzogvjfcxoxftnovmywdq/Build/Intermediates.noindex/GitX.build/Debug/GitX.build/StaticAnalyzer/GitX/GitX/normal/arm64/PBGitGraphLine.plist

AnalyzeShallow /Users/josh/x/gitx/Classes/git/PBGitDefaults.m normal arm64 (in target 'GitX' from project 'GitX')
    cd /Users/josh/x/gitx
    
    Using response file: /Users/josh/Library/Developer/Xcode/DerivedData/GitX-cggrrpkbzogvjfcxoxftnovmywdq/Build/Intermediates.noindex/GitX.build/Debug/GitX.build/Objects-normal/arm64/22a6d426986e98cf1a8e0c880c6a22df-common-args.resp
    
    /Applications/Xcode.app/Contents/Developer/Toolchains/XcodeDefault.xctoolchain/usr/bin/clang -x objective-c -ivfsstatcache /Users/josh/Library/Developer/Xcode/DerivedData/SDKStatCaches.noindex/macosx15.5-24F74-8254517eb8b97d462ccbc072ba9094c9.sdkstatcache -fmessage-length\=0 -fdiagnostics-show-note-include-stack -fmacro-backtrace-limit\=0 -fno-color-diagnostics -Wno-trigraphs -Wno-missing-field-initializers -Wno-missing-prototypes -Wno-implicit-atomic-properties -Wno-objc-interface-ivars -Wno-arc-repeated-use-of-weak -Wno-missing-braces -Wparentheses -Wswitch -Wno-unused-function -Wno-unused-label -Wno-unused-parameter -Wunused-variable -Wunused-value -Wno-empty-body -Wno-uninitialized -Wno-unknown-pragmas -Wno-shadow -Wno-four-char-constants -Wno-conversion -Wno-constant-conversion -Wno-int-conversion -Wno-bool-conversion -Wno-enum-conversion -Wno-float-conversion -Wno-non-literal-null-conversion -Wno-objc-literal-conversion -Wshorten-64-to-32 -Wpointer-sign -Wno-newline-eof -Wno-selector -Wno-strict-selector-match -Wno-undeclared-selector -Wno-deprecated-implementations -Wno-implicit-fallthrough -fstrict-aliasing -Wprotocol -Wdeprecated-declarations -Wno-sign-conversion -Wno-infinite-recursion -Wno-comma -Wno-block-capture-autoreleasing -Wno-strict-prototypes -Wno-semicolon-before-method-body -Werror\=incompatible-pointer-types @/Users/josh/Library/Developer/Xcode/DerivedData/GitX-cggrrpkbzogvjfcxoxftnovmywdq/Build/Intermediates.noindex/GitX.build/Debug/GitX.build/Objects-normal/arm64/22a6d426986e98cf1a8e0c880c6a22df-common-args.resp -include /Users/josh/Library/Developer/Xcode/DerivedData/GitX-cggrrpkbzogvjfcxoxftnovmywdq/Build/Intermediates.noindex/PrecompiledHeaders/SharedPrecompiledHeaders/1337419039418411841/GitX_Prefix.pch -MMD -MT dependencies -MF /Users/josh/Library/Developer/Xcode/DerivedData/GitX-cggrrpkbzogvjfcxoxftnovmywdq/Build/Intermediates.noindex/GitX.build/Debug/GitX.build/StaticAnalyzer/GitX/GitX/normal/arm64/PBGitDefaults.d --analyze /Users/josh/x/gitx/Classes/git/PBGitDefaults.m -o /Users/josh/Library/Developer/Xcode/DerivedData/GitX-cggrrpkbzogvjfcxoxftnovmywdq/Build/Intermediates.noindex/GitX.build/Debug/GitX.build/StaticAnalyzer/GitX/GitX/normal/arm64/PBGitDefaults.plist

AnalyzeShallow /Users/josh/x/gitx/Classes/git/PBGitCommit.m normal arm64 (in target 'GitX' from project 'GitX')
    cd /Users/josh/x/gitx
    
    Using response file: /Users/josh/Library/Developer/Xcode/DerivedData/GitX-cggrrpkbzogvjfcxoxftnovmywdq/Build/Intermediates.noindex/GitX.build/Debug/GitX.build/Objects-normal/arm64/22a6d426986e98cf1a8e0c880c6a22df-common-args.resp
    
    /Applications/Xcode.app/Contents/Developer/Toolchains/XcodeDefault.xctoolchain/usr/bin/clang -x objective-c -ivfsstatcache /Users/josh/Library/Developer/Xcode/DerivedData/SDKStatCaches.noindex/macosx15.5-24F74-8254517eb8b97d462ccbc072ba9094c9.sdkstatcache -fmessage-length\=0 -fdiagnostics-show-note-include-stack -fmacro-backtrace-limit\=0 -fno-color-diagnostics -Wno-trigraphs -Wno-missing-field-initializers -Wno-missing-prototypes -Wno-implicit-atomic-properties -Wno-objc-interface-ivars -Wno-arc-repeated-use-of-weak -Wno-missing-braces -Wparentheses -Wswitch -Wno-unused-function -Wno-unused-label -Wno-unused-parameter -Wunused-variable -Wunused-value -Wno-empty-body -Wno-uninitialized -Wno-unknown-pragmas -Wno-shadow -Wno-four-char-constants -Wno-conversion -Wno-constant-conversion -Wno-int-conversion -Wno-bool-conversion -Wno-enum-conversion -Wno-float-conversion -Wno-non-literal-null-conversion -Wno-objc-literal-conversion -Wshorten-64-to-32 -Wpointer-sign -Wno-newline-eof -Wno-selector -Wno-strict-selector-match -Wno-undeclared-selector -Wno-deprecated-implementations -Wno-implicit-fallthrough -fstrict-aliasing -Wprotocol -Wdeprecated-declarations -Wno-sign-conversion -Wno-infinite-recursion -Wno-comma -Wno-block-capture-autoreleasing -Wno-strict-prototypes -Wno-semicolon-before-method-body -Werror\=incompatible-pointer-types @/Users/josh/Library/Developer/Xcode/DerivedData/GitX-cggrrpkbzogvjfcxoxftnovmywdq/Build/Intermediates.noindex/GitX.build/Debug/GitX.build/Objects-normal/arm64/22a6d426986e98cf1a8e0c880c6a22df-common-args.resp -include /Users/josh/Library/Developer/Xcode/DerivedData/GitX-cggrrpkbzogvjfcxoxftnovmywdq/Build/Intermediates.noindex/PrecompiledHeaders/SharedPrecompiledHeaders/1337419039418411841/GitX_Prefix.pch -MMD -MT dependencies -MF /Users/josh/Library/Developer/Xcode/DerivedData/GitX-cggrrpkbzogvjfcxoxftnovmywdq/Build/Intermediates.noindex/GitX.build/Debug/GitX.build/StaticAnalyzer/GitX/GitX/normal/arm64/PBGitCommit.d --analyze /Users/josh/x/gitx/Classes/git/PBGitCommit.m -o /Users/josh/Library/Developer/Xcode/DerivedData/GitX-cggrrpkbzogvjfcxoxftnovmywdq/Build/Intermediates.noindex/GitX.build/Debug/GitX.build/StaticAnalyzer/GitX/GitX/normal/arm64/PBGitCommit.plist

AnalyzeShallow /Users/josh/x/gitx/Classes/git/PBGitBinary.m normal arm64 (in target 'GitX' from project 'GitX')
    cd /Users/josh/x/gitx
    
    Using response file: /Users/josh/Library/Developer/Xcode/DerivedData/GitX-cggrrpkbzogvjfcxoxftnovmywdq/Build/Intermediates.noindex/GitX.build/Debug/GitX.build/Objects-normal/arm64/22a6d426986e98cf1a8e0c880c6a22df-common-args.resp
    
    /Applications/Xcode.app/Contents/Developer/Toolchains/XcodeDefault.xctoolchain/usr/bin/clang -x objective-c -ivfsstatcache /Users/josh/Library/Developer/Xcode/DerivedData/SDKStatCaches.noindex/macosx15.5-24F74-8254517eb8b97d462ccbc072ba9094c9.sdkstatcache -fmessage-length\=0 -fdiagnostics-show-note-include-stack -fmacro-backtrace-limit\=0 -fno-color-diagnostics -Wno-trigraphs -Wno-missing-field-initializers -Wno-missing-prototypes -Wno-implicit-atomic-properties -Wno-objc-interface-ivars -Wno-arc-repeated-use-of-weak -Wno-missing-braces -Wparentheses -Wswitch -Wno-unused-function -Wno-unused-label -Wno-unused-parameter -Wunused-variable -Wunused-value -Wno-empty-body -Wno-uninitialized -Wno-unknown-pragmas -Wno-shadow -Wno-four-char-constants -Wno-conversion -Wno-constant-conversion -Wno-int-conversion -Wno-bool-conversion -Wno-enum-conversion -Wno-float-conversion -Wno-non-literal-null-conversion -Wno-objc-literal-conversion -Wshorten-64-to-32 -Wpointer-sign -Wno-newline-eof -Wno-selector -Wno-strict-selector-match -Wno-undeclared-selector -Wno-deprecated-implementations -Wno-implicit-fallthrough -fstrict-aliasing -Wprotocol -Wdeprecated-declarations -Wno-sign-conversion -Wno-infinite-recursion -Wno-comma -Wno-block-capture-autoreleasing -Wno-strict-prototypes -Wno-semicolon-before-method-body -Werror\=incompatible-pointer-types @/Users/josh/Library/Developer/Xcode/DerivedData/GitX-cggrrpkbzogvjfcxoxftnovmywdq/Build/Intermediates.noindex/GitX.build/Debug/GitX.build/Objects-normal/arm64/22a6d426986e98cf1a8e0c880c6a22df-common-args.resp -include /Users/josh/Library/Developer/Xcode/DerivedData/GitX-cggrrpkbzogvjfcxoxftnovmywdq/Build/Intermediates.noindex/PrecompiledHeaders/SharedPrecompiledHeaders/1337419039418411841/GitX_Prefix.pch -MMD -MT dependencies -MF /Users/josh/Library/Developer/Xcode/DerivedData/GitX-cggrrpkbzogvjfcxoxftnovmywdq/Build/Intermediates.noindex/GitX.build/Debug/GitX.build/StaticAnalyzer/GitX/GitX/normal/arm64/PBGitBinary.d --analyze /Users/josh/x/gitx/Classes/git/PBGitBinary.m -o /Users/josh/Library/Developer/Xcode/DerivedData/GitX-cggrrpkbzogvjfcxoxftnovmywdq/Build/Intermediates.noindex/GitX.build/Debug/GitX.build/StaticAnalyzer/GitX/GitX/normal/arm64/PBGitBinary.plist

AnalyzeShallow /Users/josh/x/gitx/Classes/git/GitRepoFinder.m normal arm64 (in target 'GitX' from project 'GitX')
    cd /Users/josh/x/gitx
    
    Using response file: /Users/josh/Library/Developer/Xcode/DerivedData/GitX-cggrrpkbzogvjfcxoxftnovmywdq/Build/Intermediates.noindex/GitX.build/Debug/GitX.build/Objects-normal/arm64/22a6d426986e98cf1a8e0c880c6a22df-common-args.resp
    
    /Applications/Xcode.app/Contents/Developer/Toolchains/XcodeDefault.xctoolchain/usr/bin/clang -x objective-c -ivfsstatcache /Users/josh/Library/Developer/Xcode/DerivedData/SDKStatCaches.noindex/macosx15.5-24F74-8254517eb8b97d462ccbc072ba9094c9.sdkstatcache -fmessage-length\=0 -fdiagnostics-show-note-include-stack -fmacro-backtrace-limit\=0 -fno-color-diagnostics -Wno-trigraphs -Wno-missing-field-initializers -Wno-missing-prototypes -Wno-implicit-atomic-properties -Wno-objc-interface-ivars -Wno-arc-repeated-use-of-weak -Wno-missing-braces -Wparentheses -Wswitch -Wno-unused-function -Wno-unused-label -Wno-unused-parameter -Wunused-variable -Wunused-value -Wno-empty-body -Wno-uninitialized -Wno-unknown-pragmas -Wno-shadow -Wno-four-char-constants -Wno-conversion -Wno-constant-conversion -Wno-int-conversion -Wno-bool-conversion -Wno-enum-conversion -Wno-float-conversion -Wno-non-literal-null-conversion -Wno-objc-literal-conversion -Wshorten-64-to-32 -Wpointer-sign -Wno-newline-eof -Wno-selector -Wno-strict-selector-match -Wno-undeclared-selector -Wno-deprecated-implementations -Wno-implicit-fallthrough -fstrict-aliasing -Wprotocol -Wdeprecated-declarations -Wno-sign-conversion -Wno-infinite-recursion -Wno-comma -Wno-block-capture-autoreleasing -Wno-strict-prototypes -Wno-semicolon-before-method-body -Werror\=incompatible-pointer-types @/Users/josh/Library/Developer/Xcode/DerivedData/GitX-cggrrpkbzogvjfcxoxftnovmywdq/Build/Intermediates.noindex/GitX.build/Debug/GitX.build/Objects-normal/arm64/22a6d426986e98cf1a8e0c880c6a22df-common-args.resp -include /Users/josh/Library/Developer/Xcode/DerivedData/GitX-cggrrpkbzogvjfcxoxftnovmywdq/Build/Intermediates.noindex/PrecompiledHeaders/SharedPrecompiledHeaders/1337419039418411841/GitX_Prefix.pch -MMD -MT dependencies -MF /Users/josh/Library/Developer/Xcode/DerivedData/GitX-cggrrpkbzogvjfcxoxftnovmywdq/Build/Intermediates.noindex/GitX.build/Debug/GitX.build/StaticAnalyzer/GitX/GitX/normal/arm64/GitRepoFinder.d --analyze /Users/josh/x/gitx/Classes/git/GitRepoFinder.m -o /Users/josh/Library/Developer/Xcode/DerivedData/GitX-cggrrpkbzogvjfcxoxftnovmywdq/Build/Intermediates.noindex/GitX.build/Debug/GitX.build/StaticAnalyzer/GitX/GitX/normal/arm64/GitRepoFinder.plist

AnalyzeShallow /Users/josh/x/gitx/Classes/git/GTOID+JavaScript.mm normal arm64 (in target 'GitX' from project 'GitX')
    cd /Users/josh/x/gitx
    
    Using response file: /Users/josh/Library/Developer/Xcode/DerivedData/GitX-cggrrpkbzogvjfcxoxftnovmywdq/Build/Intermediates.noindex/GitX.build/Debug/GitX.build/Objects-normal/arm64/22a6d426986e98cf1a8e0c880c6a22df-common-args.resp
    
    /Applications/Xcode.app/Contents/Developer/Toolchains/XcodeDefault.xctoolchain/usr/bin/clang -x objective-c -ivfsstatcache /Users/josh/Library/Developer/Xcode/DerivedData/SDKStatCaches.noindex/macosx15.5-24F74-8254517eb8b97d462ccbc072ba9094c9.sdkstatcache -fmessage-length\=0 -fdiagnostics-show-note-include-stack -fmacro-backtrace-limit\=0 -fno-color-diagnostics -Wno-trigraphs -Wno-missing-field-initializers -Wno-missing-prototypes -Wno-implicit-atomic-properties -Wno-objc-interface-ivars -Wno-arc-repeated-use-of-weak -Wno-missing-braces -Wparentheses -Wswitch -Wno-unused-function -Wno-unused-label -Wno-unused-parameter -Wunused-variable -Wunused-value -Wno-empty-body -Wno-uninitialized -Wno-unknown-pragmas -Wno-shadow -Wno-four-char-constants -Wno-conversion -Wno-constant-conversion -Wno-int-conversion -Wno-bool-conversion -Wno-enum-conversion -Wno-float-conversion -Wno-non-literal-null-conversion -Wno-objc-literal-conversion -Wshorten-64-to-32 -Wpointer-sign -Wno-newline-eof -Wno-selector -Wno-strict-selector-match -Wno-undeclared-selector -Wno-deprecated-implementations -Wno-implicit-fallthrough -fstrict-aliasing -Wprotocol -Wdeprecated-declarations -Wno-sign-conversion -Wno-infinite-recursion -Wno-comma -Wno-block-capture-autoreleasing -Wno-strict-prototypes -Wno-semicolon-before-method-body -Werror\=incompatible-pointer-types @/Users/josh/Library/Developer/Xcode/DerivedData/GitX-cggrrpkbzogvjfcxoxftnovmywdq/Build/Intermediates.noindex/GitX.build/Debug/GitX.build/Objects-normal/arm64/22a6d426986e98cf1a8e0c880c6a22df-common-args.resp -include /Users/josh/Library/Developer/Xcode/DerivedData/GitX-cggrrpkbzogvjfcxoxftnovmywdq/Build/Intermediates.noindex/PrecompiledHeaders/SharedPrecompiledHeaders/1337419039418411841/GitX_Prefix.pch -MMD -MT dependencies -MF /Users/josh/Library/Developer/Xcode/DerivedData/GitX-cggrrpkbzogvjfcxoxftnovmywdq/Build/Intermediates.noindex/GitX.build/Debug/GitX.build/StaticAnalyzer/GitX/GitX/normal/arm64/GTOID+JavaScript.d --analyze /Users/josh/x/gitx/Classes/git/GTOID+JavaScript.mm -o /Users/josh/Library/Developer/Xcode/DerivedData/GitX-cggrrpkbzogvjfcxoxftnovmywdq/Build/Intermediates.noindex/GitX.build/Debug/GitX.build/StaticAnalyzer/GitX/GitX/normal/arm64/GTOID+JavaScript.plist

AnalyzeShallow /Users/josh/x/gitx/Classes/Views/PBSourceViewRemote.m normal arm64 (in target 'GitX' from project 'GitX')
    cd /Users/josh/x/gitx
    
    Using response file: /Users/josh/Library/Developer/Xcode/DerivedData/GitX-cggrrpkbzogvjfcxoxftnovmywdq/Build/Intermediates.noindex/GitX.build/Debug/GitX.build/Objects-normal/arm64/22a6d426986e98cf1a8e0c880c6a22df-common-args.resp
    
    /Applications/Xcode.app/Contents/Developer/Toolchains/XcodeDefault.xctoolchain/usr/bin/clang -x objective-c -ivfsstatcache /Users/josh/Library/Developer/Xcode/DerivedData/SDKStatCaches.noindex/macosx15.5-24F74-8254517eb8b97d462ccbc072ba9094c9.sdkstatcache -fmessage-length\=0 -fdiagnostics-show-note-include-stack -fmacro-backtrace-limit\=0 -fno-color-diagnostics -Wno-trigraphs -Wno-missing-field-initializers -Wno-missing-prototypes -Wno-implicit-atomic-properties -Wno-objc-interface-ivars -Wno-arc-repeated-use-of-weak -Wno-missing-braces -Wparentheses -Wswitch -Wno-unused-function -Wno-unused-label -Wno-unused-parameter -Wunused-variable -Wunused-value -Wno-empty-body -Wno-uninitialized -Wno-unknown-pragmas -Wno-shadow -Wno-four-char-constants -Wno-conversion -Wno-constant-conversion -Wno-int-conversion -Wno-bool-conversion -Wno-enum-conversion -Wno-float-conversion -Wno-non-literal-null-conversion -Wno-objc-literal-conversion -Wshorten-64-to-32 -Wpointer-sign -Wno-newline-eof -Wno-selector -Wno-strict-selector-match -Wno-undeclared-selector -Wno-deprecated-implementations -Wno-implicit-fallthrough -fstrict-aliasing -Wprotocol -Wdeprecated-declarations -Wno-sign-conversion -Wno-infinite-recursion -Wno-comma -Wno-block-capture-autoreleasing -Wno-strict-prototypes -Wno-semicolon-before-method-body -Werror\=incompatible-pointer-types @/Users/josh/Library/Developer/Xcode/DerivedData/GitX-cggrrpkbzogvjfcxoxftnovmywdq/Build/Intermediates.noindex/GitX.build/Debug/GitX.build/Objects-normal/arm64/22a6d426986e98cf1a8e0c880c6a22df-common-args.resp -include /Users/josh/Library/Developer/Xcode/DerivedData/GitX-cggrrpkbzogvjfcxoxftnovmywdq/Build/Intermediates.noindex/PrecompiledHeaders/SharedPrecompiledHeaders/1337419039418411841/GitX_Prefix.pch -MMD -MT dependencies -MF /Users/josh/Library/Developer/Xcode/DerivedData/GitX-cggrrpkbzogvjfcxoxftnovmywdq/Build/Intermediates.noindex/GitX.build/Debug/GitX.build/StaticAnalyzer/GitX/GitX/normal/arm64/PBSourceViewRemote.d --analyze /Users/josh/x/gitx/Classes/Views/PBSourceViewRemote.m -o /Users/josh/Library/Developer/Xcode/DerivedData/GitX-cggrrpkbzogvjfcxoxftnovmywdq/Build/Intermediates.noindex/GitX.build/Debug/GitX.build/StaticAnalyzer/GitX/GitX/normal/arm64/PBSourceViewRemote.plist

AnalyzeShallow /Users/josh/x/gitx/Classes/Views/PBSourceViewItem.m normal arm64 (in target 'GitX' from project 'GitX')
    cd /Users/josh/x/gitx
    
    Using response file: /Users/josh/Library/Developer/Xcode/DerivedData/GitX-cggrrpkbzogvjfcxoxftnovmywdq/Build/Intermediates.noindex/GitX.build/Debug/GitX.build/Objects-normal/arm64/22a6d426986e98cf1a8e0c880c6a22df-common-args.resp
    
    /Applications/Xcode.app/Contents/Developer/Toolchains/XcodeDefault.xctoolchain/usr/bin/clang -x objective-c -ivfsstatcache /Users/josh/Library/Developer/Xcode/DerivedData/SDKStatCaches.noindex/macosx15.5-24F74-8254517eb8b97d462ccbc072ba9094c9.sdkstatcache -fmessage-length\=0 -fdiagnostics-show-note-include-stack -fmacro-backtrace-limit\=0 -fno-color-diagnostics -Wno-trigraphs -Wno-missing-field-initializers -Wno-missing-prototypes -Wno-implicit-atomic-properties -Wno-objc-interface-ivars -Wno-arc-repeated-use-of-weak -Wno-missing-braces -Wparentheses -Wswitch -Wno-unused-function -Wno-unused-label -Wno-unused-parameter -Wunused-variable -Wunused-value -Wno-empty-body -Wno-uninitialized -Wno-unknown-pragmas -Wno-shadow -Wno-four-char-constants -Wno-conversion -Wno-constant-conversion -Wno-int-conversion -Wno-bool-conversion -Wno-enum-conversion -Wno-float-conversion -Wno-non-literal-null-conversion -Wno-objc-literal-conversion -Wshorten-64-to-32 -Wpointer-sign -Wno-newline-eof -Wno-selector -Wno-strict-selector-match -Wno-undeclared-selector -Wno-deprecated-implementations -Wno-implicit-fallthrough -fstrict-aliasing -Wprotocol -Wdeprecated-declarations -Wno-sign-conversion -Wno-infinite-recursion -Wno-comma -Wno-block-capture-autoreleasing -Wno-strict-prototypes -Wno-semicolon-before-method-body -Werror\=incompatible-pointer-types @/Users/josh/Library/Developer/Xcode/DerivedData/GitX-cggrrpkbzogvjfcxoxftnovmywdq/Build/Intermediates.noindex/GitX.build/Debug/GitX.build/Objects-normal/arm64/22a6d426986e98cf1a8e0c880c6a22df-common-args.resp -include /Users/josh/Library/Developer/Xcode/DerivedData/GitX-cggrrpkbzogvjfcxoxftnovmywdq/Build/Intermediates.noindex/PrecompiledHeaders/SharedPrecompiledHeaders/1337419039418411841/GitX_Prefix.pch -MMD -MT dependencies -MF /Users/josh/Library/Developer/Xcode/DerivedData/GitX-cggrrpkbzogvjfcxoxftnovmywdq/Build/Intermediates.noindex/GitX.build/Debug/GitX.build/StaticAnalyzer/GitX/GitX/normal/arm64/PBSourceViewItem.d --analyze /Users/josh/x/gitx/Classes/Views/PBSourceViewItem.m -o /Users/josh/Library/Developer/Xcode/DerivedData/GitX-cggrrpkbzogvjfcxoxftnovmywdq/Build/Intermediates.noindex/GitX.build/Debug/GitX.build/StaticAnalyzer/GitX/GitX/normal/arm64/PBSourceViewItem.plist

AnalyzeShallow /Users/josh/x/gitx/Classes/Views/PBSourceViewCell.m normal arm64 (in target 'GitX' from project 'GitX')
    cd /Users/josh/x/gitx
    
    Using response file: /Users/josh/Library/Developer/Xcode/DerivedData/GitX-cggrrpkbzogvjfcxoxftnovmywdq/Build/Intermediates.noindex/GitX.build/Debug/GitX.build/Objects-normal/arm64/22a6d426986e98cf1a8e0c880c6a22df-common-args.resp
    
    /Applications/Xcode.app/Contents/Developer/Toolchains/XcodeDefault.xctoolchain/usr/bin/clang -x objective-c -ivfsstatcache /Users/josh/Library/Developer/Xcode/DerivedData/SDKStatCaches.noindex/macosx15.5-24F74-8254517eb8b97d462ccbc072ba9094c9.sdkstatcache -fmessage-length\=0 -fdiagnostics-show-note-include-stack -fmacro-backtrace-limit\=0 -fno-color-diagnostics -Wno-trigraphs -Wno-missing-field-initializers -Wno-missing-prototypes -Wno-implicit-atomic-properties -Wno-objc-interface-ivars -Wno-arc-repeated-use-of-weak -Wno-missing-braces -Wparentheses -Wswitch -Wno-unused-function -Wno-unused-label -Wno-unused-parameter -Wunused-variable -Wunused-value -Wno-empty-body -Wno-uninitialized -Wno-unknown-pragmas -Wno-shadow -Wno-four-char-constants -Wno-conversion -Wno-constant-conversion -Wno-int-conversion -Wno-bool-conversion -Wno-enum-conversion -Wno-float-conversion -Wno-non-literal-null-conversion -Wno-objc-literal-conversion -Wshorten-64-to-32 -Wpointer-sign -Wno-newline-eof -Wno-selector -Wno-strict-selector-match -Wno-undeclared-selector -Wno-deprecated-implementations -Wno-implicit-fallthrough -fstrict-aliasing -Wprotocol -Wdeprecated-declarations -Wno-sign-conversion -Wno-infinite-recursion -Wno-comma -Wno-block-capture-autoreleasing -Wno-strict-prototypes -Wno-semicolon-before-method-body -Werror\=incompatible-pointer-types @/Users/josh/Library/Developer/Xcode/DerivedData/GitX-cggrrpkbzogvjfcxoxftnovmywdq/Build/Intermediates.noindex/GitX.build/Debug/GitX.build/Objects-normal/arm64/22a6d426986e98cf1a8e0c880c6a22df-common-args.resp -include /Users/josh/Library/Developer/Xcode/DerivedData/GitX-cggrrpkbzogvjfcxoxftnovmywdq/Build/Intermediates.noindex/PrecompiledHeaders/SharedPrecompiledHeaders/1337419039418411841/GitX_Prefix.pch -MMD -MT dependencies -MF /Users/josh/Library/Developer/Xcode/DerivedData/GitX-cggrrpkbzogvjfcxoxftnovmywdq/Build/Intermediates.noindex/GitX.build/Debug/GitX.build/StaticAnalyzer/GitX/GitX/normal/arm64/PBSourceViewCell.d --analyze /Users/josh/x/gitx/Classes/Views/PBSourceViewCell.m -o /Users/josh/Library/Developer/Xcode/DerivedData/GitX-cggrrpkbzogvjfcxoxftnovmywdq/Build/Intermediates.noindex/GitX.build/Debug/GitX.build/StaticAnalyzer/GitX/GitX/normal/arm64/PBSourceViewCell.plist

AnalyzeShallow /Users/josh/x/gitx/Classes/Views/PBSourceViewBadge.m normal arm64 (in target 'GitX' from project 'GitX')
    cd /Users/josh/x/gitx
    
    Using response file: /Users/josh/Library/Developer/Xcode/DerivedData/GitX-cggrrpkbzogvjfcxoxftnovmywdq/Build/Intermediates.noindex/GitX.build/Debug/GitX.build/Objects-normal/arm64/22a6d426986e98cf1a8e0c880c6a22df-common-args.resp
    
    /Applications/Xcode.app/Contents/Developer/Toolchains/XcodeDefault.xctoolchain/usr/bin/clang -x objective-c -ivfsstatcache /Users/josh/Library/Developer/Xcode/DerivedData/SDKStatCaches.noindex/macosx15.5-24F74-8254517eb8b97d462ccbc072ba9094c9.sdkstatcache -fmessage-length\=0 -fdiagnostics-show-note-include-stack -fmacro-backtrace-limit\=0 -fno-color-diagnostics -Wno-trigraphs -Wno-missing-field-initializers -Wno-missing-prototypes -Wno-implicit-atomic-properties -Wno-objc-interface-ivars -Wno-arc-repeated-use-of-weak -Wno-missing-braces -Wparentheses -Wswitch -Wno-unused-function -Wno-unused-label -Wno-unused-parameter -Wunused-variable -Wunused-value -Wno-empty-body -Wno-uninitialized -Wno-unknown-pragmas -Wno-shadow -Wno-four-char-constants -Wno-conversion -Wno-constant-conversion -Wno-int-conversion -Wno-bool-conversion -Wno-enum-conversion -Wno-float-conversion -Wno-non-literal-null-conversion -Wno-objc-literal-conversion -Wshorten-64-to-32 -Wpointer-sign -Wno-newline-eof -Wno-selector -Wno-strict-selector-match -Wno-undeclared-selector -Wno-deprecated-implementations -Wno-implicit-fallthrough -fstrict-aliasing -Wprotocol -Wdeprecated-declarations -Wno-sign-conversion -Wno-infinite-recursion -Wno-comma -Wno-block-capture-autoreleasing -Wno-strict-prototypes -Wno-semicolon-before-method-body -Werror\=incompatible-pointer-types @/Users/josh/Library/Developer/Xcode/DerivedData/GitX-cggrrpkbzogvjfcxoxftnovmywdq/Build/Intermediates.noindex/GitX.build/Debug/GitX.build/Objects-normal/arm64/22a6d426986e98cf1a8e0c880c6a22df-common-args.resp -include /Users/josh/Library/Developer/Xcode/DerivedData/GitX-cggrrpkbzogvjfcxoxftnovmywdq/Build/Intermediates.noindex/PrecompiledHeaders/SharedPrecompiledHeaders/1337419039418411841/GitX_Prefix.pch -MMD -MT dependencies -MF /Users/josh/Library/Developer/Xcode/DerivedData/GitX-cggrrpkbzogvjfcxoxftnovmywdq/Build/Intermediates.noindex/GitX.build/Debug/GitX.build/StaticAnalyzer/GitX/GitX/normal/arm64/PBSourceViewBadge.d --analyze /Users/josh/x/gitx/Classes/Views/PBSourceViewBadge.m -o /Users/josh/Library/Developer/Xcode/DerivedData/GitX-cggrrpkbzogvjfcxoxftnovmywdq/Build/Intermediates.noindex/GitX.build/Debug/GitX.build/StaticAnalyzer/GitX/GitX/normal/arm64/PBSourceViewBadge.plist

AnalyzeShallow /Users/josh/x/gitx/Classes/Views/PBSourceViewAction.m normal arm64 (in target 'GitX' from project 'GitX')
    cd /Users/josh/x/gitx
    
    Using response file: /Users/josh/Library/Developer/Xcode/DerivedData/GitX-cggrrpkbzogvjfcxoxftnovmywdq/Build/Intermediates.noindex/GitX.build/Debug/GitX.build/Objects-normal/arm64/22a6d426986e98cf1a8e0c880c6a22df-common-args.resp
    
    /Applications/Xcode.app/Contents/Developer/Toolchains/XcodeDefault.xctoolchain/usr/bin/clang -x objective-c -ivfsstatcache /Users/josh/Library/Developer/Xcode/DerivedData/SDKStatCaches.noindex/macosx15.5-24F74-8254517eb8b97d462ccbc072ba9094c9.sdkstatcache -fmessage-length\=0 -fdiagnostics-show-note-include-stack -fmacro-backtrace-limit\=0 -fno-color-diagnostics -Wno-trigraphs -Wno-missing-field-initializers -Wno-missing-prototypes -Wno-implicit-atomic-properties -Wno-objc-interface-ivars -Wno-arc-repeated-use-of-weak -Wno-missing-braces -Wparentheses -Wswitch -Wno-unused-function -Wno-unused-label -Wno-unused-parameter -Wunused-variable -Wunused-value -Wno-empty-body -Wno-uninitialized -Wno-unknown-pragmas -Wno-shadow -Wno-four-char-constants -Wno-conversion -Wno-constant-conversion -Wno-int-conversion -Wno-bool-conversion -Wno-enum-conversion -Wno-float-conversion -Wno-non-literal-null-conversion -Wno-objc-literal-conversion -Wshorten-64-to-32 -Wpointer-sign -Wno-newline-eof -Wno-selector -Wno-strict-selector-match -Wno-undeclared-selector -Wno-deprecated-implementations -Wno-implicit-fallthrough -fstrict-aliasing -Wprotocol -Wdeprecated-declarations -Wno-sign-conversion -Wno-infinite-recursion -Wno-comma -Wno-block-capture-autoreleasing -Wno-strict-prototypes -Wno-semicolon-before-method-body -Werror\=incompatible-pointer-types @/Users/josh/Library/Developer/Xcode/DerivedData/GitX-cggrrpkbzogvjfcxoxftnovmywdq/Build/Intermediates.noindex/GitX.build/Debug/GitX.build/Objects-normal/arm64/22a6d426986e98cf1a8e0c880c6a22df-common-args.resp -include /Users/josh/Library/Developer/Xcode/DerivedData/GitX-cggrrpkbzogvjfcxoxftnovmywdq/Build/Intermediates.noindex/PrecompiledHeaders/SharedPrecompiledHeaders/1337419039418411841/GitX_Prefix.pch -MMD -MT dependencies -MF /Users/josh/Library/Developer/Xcode/DerivedData/GitX-cggrrpkbzogvjfcxoxftnovmywdq/Build/Intermediates.noindex/GitX.build/Debug/GitX.build/StaticAnalyzer/GitX/GitX/normal/arm64/PBSourceViewAction.d --analyze /Users/josh/x/gitx/Classes/Views/PBSourceViewAction.m -o /Users/josh/Library/Developer/Xcode/DerivedData/GitX-cggrrpkbzogvjfcxoxftnovmywdq/Build/Intermediates.noindex/GitX.build/Debug/GitX.build/StaticAnalyzer/GitX/GitX/normal/arm64/PBSourceViewAction.plist

AnalyzeShallow /Users/josh/x/gitx/Classes/Views/PBRefMenuItem.m normal arm64 (in target 'GitX' from project 'GitX')
    cd /Users/josh/x/gitx
    
    Using response file: /Users/josh/Library/Developer/Xcode/DerivedData/GitX-cggrrpkbzogvjfcxoxftnovmywdq/Build/Intermediates.noindex/GitX.build/Debug/GitX.build/Objects-normal/arm64/22a6d426986e98cf1a8e0c880c6a22df-common-args.resp
    
    /Applications/Xcode.app/Contents/Developer/Toolchains/XcodeDefault.xctoolchain/usr/bin/clang -x objective-c -ivfsstatcache /Users/josh/Library/Developer/Xcode/DerivedData/SDKStatCaches.noindex/macosx15.5-24F74-8254517eb8b97d462ccbc072ba9094c9.sdkstatcache -fmessage-length\=0 -fdiagnostics-show-note-include-stack -fmacro-backtrace-limit\=0 -fno-color-diagnostics -Wno-trigraphs -Wno-missing-field-initializers -Wno-missing-prototypes -Wno-implicit-atomic-properties -Wno-objc-interface-ivars -Wno-arc-repeated-use-of-weak -Wno-missing-braces -Wparentheses -Wswitch -Wno-unused-function -Wno-unused-label -Wno-unused-parameter -Wunused-variable -Wunused-value -Wno-empty-body -Wno-uninitialized -Wno-unknown-pragmas -Wno-shadow -Wno-four-char-constants -Wno-conversion -Wno-constant-conversion -Wno-int-conversion -Wno-bool-conversion -Wno-enum-conversion -Wno-float-conversion -Wno-non-literal-null-conversion -Wno-objc-literal-conversion -Wshorten-64-to-32 -Wpointer-sign -Wno-newline-eof -Wno-selector -Wno-strict-selector-match -Wno-undeclared-selector -Wno-deprecated-implementations -Wno-implicit-fallthrough -fstrict-aliasing -Wprotocol -Wdeprecated-declarations -Wno-sign-conversion -Wno-infinite-recursion -Wno-comma -Wno-block-capture-autoreleasing -Wno-strict-prototypes -Wno-semicolon-before-method-body -Werror\=incompatible-pointer-types @/Users/josh/Library/Developer/Xcode/DerivedData/GitX-cggrrpkbzogvjfcxoxftnovmywdq/Build/Intermediates.noindex/GitX.build/Debug/GitX.build/Objects-normal/arm64/22a6d426986e98cf1a8e0c880c6a22df-common-args.resp -include /Users/josh/Library/Developer/Xcode/DerivedData/GitX-cggrrpkbzogvjfcxoxftnovmywdq/Build/Intermediates.noindex/PrecompiledHeaders/SharedPrecompiledHeaders/1337419039418411841/GitX_Prefix.pch -MMD -MT dependencies -MF /Users/josh/Library/Developer/Xcode/DerivedData/GitX-cggrrpkbzogvjfcxoxftnovmywdq/Build/Intermediates.noindex/GitX.build/Debug/GitX.build/StaticAnalyzer/GitX/GitX/normal/arm64/PBRefMenuItem.d --analyze /Users/josh/x/gitx/Classes/Views/PBRefMenuItem.m -o /Users/josh/Library/Developer/Xcode/DerivedData/GitX-cggrrpkbzogvjfcxoxftnovmywdq/Build/Intermediates.noindex/GitX.build/Debug/GitX.build/StaticAnalyzer/GitX/GitX/normal/arm64/PBRefMenuItem.plist

AnalyzeShallow /Users/josh/x/gitx/Classes/Views/PBQLTextView.m normal arm64 (in target 'GitX' from project 'GitX')
    cd /Users/josh/x/gitx
    
    Using response file: /Users/josh/Library/Developer/Xcode/DerivedData/GitX-cggrrpkbzogvjfcxoxftnovmywdq/Build/Intermediates.noindex/GitX.build/Debug/GitX.build/Objects-normal/arm64/22a6d426986e98cf1a8e0c880c6a22df-common-args.resp
    
    /Applications/Xcode.app/Contents/Developer/Toolchains/XcodeDefault.xctoolchain/usr/bin/clang -x objective-c -ivfsstatcache /Users/josh/Library/Developer/Xcode/DerivedData/SDKStatCaches.noindex/macosx15.5-24F74-8254517eb8b97d462ccbc072ba9094c9.sdkstatcache -fmessage-length\=0 -fdiagnostics-show-note-include-stack -fmacro-backtrace-limit\=0 -fno-color-diagnostics -Wno-trigraphs -Wno-missing-field-initializers -Wno-missing-prototypes -Wno-implicit-atomic-properties -Wno-objc-interface-ivars -Wno-arc-repeated-use-of-weak -Wno-missing-braces -Wparentheses -Wswitch -Wno-unused-function -Wno-unused-label -Wno-unused-parameter -Wunused-variable -Wunused-value -Wno-empty-body -Wno-uninitialized -Wno-unknown-pragmas -Wno-shadow -Wno-four-char-constants -Wno-conversion -Wno-constant-conversion -Wno-int-conversion -Wno-bool-conversion -Wno-enum-conversion -Wno-float-conversion -Wno-non-literal-null-conversion -Wno-objc-literal-conversion -Wshorten-64-to-32 -Wpointer-sign -Wno-newline-eof -Wno-selector -Wno-strict-selector-match -Wno-undeclared-selector -Wno-deprecated-implementations -Wno-implicit-fallthrough -fstrict-aliasing -Wprotocol -Wdeprecated-declarations -Wno-sign-conversion -Wno-infinite-recursion -Wno-comma -Wno-block-capture-autoreleasing -Wno-strict-prototypes -Wno-semicolon-before-method-body -Werror\=incompatible-pointer-types @/Users/josh/Library/Developer/Xcode/DerivedData/GitX-cggrrpkbzogvjfcxoxftnovmywdq/Build/Intermediates.noindex/GitX.build/Debug/GitX.build/Objects-normal/arm64/22a6d426986e98cf1a8e0c880c6a22df-common-args.resp -include /Users/josh/Library/Developer/Xcode/DerivedData/GitX-cggrrpkbzogvjfcxoxftnovmywdq/Build/Intermediates.noindex/PrecompiledHeaders/SharedPrecompiledHeaders/1337419039418411841/GitX_Prefix.pch -MMD -MT dependencies -MF /Users/josh/Library/Developer/Xcode/DerivedData/GitX-cggrrpkbzogvjfcxoxftnovmywdq/Build/Intermediates.noindex/GitX.build/Debug/GitX.build/StaticAnalyzer/GitX/GitX/normal/arm64/PBQLTextView.d --analyze /Users/josh/x/gitx/Classes/Views/PBQLTextView.m -o /Users/josh/Library/Developer/Xcode/DerivedData/GitX-cggrrpkbzogvjfcxoxftnovmywdq/Build/Intermediates.noindex/GitX.build/Debug/GitX.build/StaticAnalyzer/GitX/GitX/normal/arm64/PBQLTextView.plist

AnalyzeShallow /Users/josh/x/gitx/Classes/Views/PBQLOutlineView.m normal arm64 (in target 'GitX' from project 'GitX')
    cd /Users/josh/x/gitx
    
    Using response file: /Users/josh/Library/Developer/Xcode/DerivedData/GitX-cggrrpkbzogvjfcxoxftnovmywdq/Build/Intermediates.noindex/GitX.build/Debug/GitX.build/Objects-normal/arm64/22a6d426986e98cf1a8e0c880c6a22df-common-args.resp
    
    /Applications/Xcode.app/Contents/Developer/Toolchains/XcodeDefault.xctoolchain/usr/bin/clang -x objective-c -ivfsstatcache /Users/josh/Library/Developer/Xcode/DerivedData/SDKStatCaches.noindex/macosx15.5-24F74-8254517eb8b97d462ccbc072ba9094c9.sdkstatcache -fmessage-length\=0 -fdiagnostics-show-note-include-stack -fmacro-backtrace-limit\=0 -fno-color-diagnostics -Wno-trigraphs -Wno-missing-field-initializers -Wno-missing-prototypes -Wno-implicit-atomic-properties -Wno-objc-interface-ivars -Wno-arc-repeated-use-of-weak -Wno-missing-braces -Wparentheses -Wswitch -Wno-unused-function -Wno-unused-label -Wno-unused-parameter -Wunused-variable -Wunused-value -Wno-empty-body -Wno-uninitialized -Wno-unknown-pragmas -Wno-shadow -Wno-four-char-constants -Wno-conversion -Wno-constant-conversion -Wno-int-conversion -Wno-bool-conversion -Wno-enum-conversion -Wno-float-conversion -Wno-non-literal-null-conversion -Wno-objc-literal-conversion -Wshorten-64-to-32 -Wpointer-sign -Wno-newline-eof -Wno-selector -Wno-strict-selector-match -Wno-undeclared-selector -Wno-deprecated-implementations -Wno-implicit-fallthrough -fstrict-aliasing -Wprotocol -Wdeprecated-declarations -Wno-sign-conversion -Wno-infinite-recursion -Wno-comma -Wno-block-capture-autoreleasing -Wno-strict-prototypes -Wno-semicolon-before-method-body -Werror\=incompatible-pointer-types @/Users/josh/Library/Developer/Xcode/DerivedData/GitX-cggrrpkbzogvjfcxoxftnovmywdq/Build/Intermediates.noindex/GitX.build/Debug/GitX.build/Objects-normal/arm64/22a6d426986e98cf1a8e0c880c6a22df-common-args.resp -include /Users/josh/Library/Developer/Xcode/DerivedData/GitX-cggrrpkbzogvjfcxoxftnovmywdq/Build/Intermediates.noindex/PrecompiledHeaders/SharedPrecompiledHeaders/1337419039418411841/GitX_Prefix.pch -MMD -MT dependencies -MF /Users/josh/Library/Developer/Xcode/DerivedData/GitX-cggrrpkbzogvjfcxoxftnovmywdq/Build/Intermediates.noindex/GitX.build/Debug/GitX.build/StaticAnalyzer/GitX/GitX/normal/arm64/PBQLOutlineView.d --analyze /Users/josh/x/gitx/Classes/Views/PBQLOutlineView.m -o /Users/josh/Library/Developer/Xcode/DerivedData/GitX-cggrrpkbzogvjfcxoxftnovmywdq/Build/Intermediates.noindex/GitX.build/Debug/GitX.build/StaticAnalyzer/GitX/GitX/normal/arm64/PBQLOutlineView.plist

AnalyzeShallow /Users/josh/x/gitx/Classes/Views/PBNiceSplitView.m normal arm64 (in target 'GitX' from project 'GitX')
    cd /Users/josh/x/gitx
    
    Using response file: /Users/josh/Library/Developer/Xcode/DerivedData/GitX-cggrrpkbzogvjfcxoxftnovmywdq/Build/Intermediates.noindex/GitX.build/Debug/GitX.build/Objects-normal/arm64/22a6d426986e98cf1a8e0c880c6a22df-common-args.resp
    
    /Applications/Xcode.app/Contents/Developer/Toolchains/XcodeDefault.xctoolchain/usr/bin/clang -x objective-c -ivfsstatcache /Users/josh/Library/Developer/Xcode/DerivedData/SDKStatCaches.noindex/macosx15.5-24F74-8254517eb8b97d462ccbc072ba9094c9.sdkstatcache -fmessage-length\=0 -fdiagnostics-show-note-include-stack -fmacro-backtrace-limit\=0 -fno-color-diagnostics -Wno-trigraphs -Wno-missing-field-initializers -Wno-missing-prototypes -Wno-implicit-atomic-properties -Wno-objc-interface-ivars -Wno-arc-repeated-use-of-weak -Wno-missing-braces -Wparentheses -Wswitch -Wno-unused-function -Wno-unused-label -Wno-unused-parameter -Wunused-variable -Wunused-value -Wno-empty-body -Wno-uninitialized -Wno-unknown-pragmas -Wno-shadow -Wno-four-char-constants -Wno-conversion -Wno-constant-conversion -Wno-int-conversion -Wno-bool-conversion -Wno-enum-conversion -Wno-float-conversion -Wno-non-literal-null-conversion -Wno-objc-literal-conversion -Wshorten-64-to-32 -Wpointer-sign -Wno-newline-eof -Wno-selector -Wno-strict-selector-match -Wno-undeclared-selector -Wno-deprecated-implementations -Wno-implicit-fallthrough -fstrict-aliasing -Wprotocol -Wdeprecated-declarations -Wno-sign-conversion -Wno-infinite-recursion -Wno-comma -Wno-block-capture-autoreleasing -Wno-strict-prototypes -Wno-semicolon-before-method-body -Werror\=incompatible-pointer-types @/Users/josh/Library/Developer/Xcode/DerivedData/GitX-cggrrpkbzogvjfcxoxftnovmywdq/Build/Intermediates.noindex/GitX.build/Debug/GitX.build/Objects-normal/arm64/22a6d426986e98cf1a8e0c880c6a22df-common-args.resp -include /Users/josh/Library/Developer/Xcode/DerivedData/GitX-cggrrpkbzogvjfcxoxftnovmywdq/Build/Intermediates.noindex/PrecompiledHeaders/SharedPrecompiledHeaders/1337419039418411841/GitX_Prefix.pch -MMD -MT dependencies -MF /Users/josh/Library/Developer/Xcode/DerivedData/GitX-cggrrpkbzogvjfcxoxftnovmywdq/Build/Intermediates.noindex/GitX.build/Debug/GitX.build/StaticAnalyzer/GitX/GitX/normal/arm64/PBNiceSplitView.d --analyze /Users/josh/x/gitx/Classes/Views/PBNiceSplitView.m -o /Users/josh/Library/Developer/Xcode/DerivedData/GitX-cggrrpkbzogvjfcxoxftnovmywdq/Build/Intermediates.noindex/GitX.build/Debug/GitX.build/StaticAnalyzer/GitX/GitX/normal/arm64/PBNiceSplitView.plist

AnalyzeShallow /Users/josh/x/gitx/Classes/Views/PBIconAndTextCell.m normal arm64 (in target 'GitX' from project 'GitX')
    cd /Users/josh/x/gitx
    
    Using response file: /Users/josh/Library/Developer/Xcode/DerivedData/GitX-cggrrpkbzogvjfcxoxftnovmywdq/Build/Intermediates.noindex/GitX.build/Debug/GitX.build/Objects-normal/arm64/22a6d426986e98cf1a8e0c880c6a22df-common-args.resp
    
    /Applications/Xcode.app/Contents/Developer/Toolchains/XcodeDefault.xctoolchain/usr/bin/clang -x objective-c -ivfsstatcache /Users/josh/Library/Developer/Xcode/DerivedData/SDKStatCaches.noindex/macosx15.5-24F74-8254517eb8b97d462ccbc072ba9094c9.sdkstatcache -fmessage-length\=0 -fdiagnostics-show-note-include-stack -fmacro-backtrace-limit\=0 -fno-color-diagnostics -Wno-trigraphs -Wno-missing-field-initializers -Wno-missing-prototypes -Wno-implicit-atomic-properties -Wno-objc-interface-ivars -Wno-arc-repeated-use-of-weak -Wno-missing-braces -Wparentheses -Wswitch -Wno-unused-function -Wno-unused-label -Wno-unused-parameter -Wunused-variable -Wunused-value -Wno-empty-body -Wno-uninitialized -Wno-unknown-pragmas -Wno-shadow -Wno-four-char-constants -Wno-conversion -Wno-constant-conversion -Wno-int-conversion -Wno-bool-conversion -Wno-enum-conversion -Wno-float-conversion -Wno-non-literal-null-conversion -Wno-objc-literal-conversion -Wshorten-64-to-32 -Wpointer-sign -Wno-newline-eof -Wno-selector -Wno-strict-selector-match -Wno-undeclared-selector -Wno-deprecated-implementations -Wno-implicit-fallthrough -fstrict-aliasing -Wprotocol -Wdeprecated-declarations -Wno-sign-conversion -Wno-infinite-recursion -Wno-comma -Wno-block-capture-autoreleasing -Wno-strict-prototypes -Wno-semicolon-before-method-body -Werror\=incompatible-pointer-types @/Users/josh/Library/Developer/Xcode/DerivedData/GitX-cggrrpkbzogvjfcxoxftnovmywdq/Build/Intermediates.noindex/GitX.build/Debug/GitX.build/Objects-normal/arm64/22a6d426986e98cf1a8e0c880c6a22df-common-args.resp -include /Users/josh/Library/Developer/Xcode/DerivedData/GitX-cggrrpkbzogvjfcxoxftnovmywdq/Build/Intermediates.noindex/PrecompiledHeaders/SharedPrecompiledHeaders/1337419039418411841/GitX_Prefix.pch -MMD -MT dependencies -MF /Users/josh/Library/Developer/Xcode/DerivedData/GitX-cggrrpkbzogvjfcxoxftnovmywdq/Build/Intermediates.noindex/GitX.build/Debug/GitX.build/StaticAnalyzer/GitX/GitX/normal/arm64/PBIconAndTextCell.d --analyze /Users/josh/x/gitx/Classes/Views/PBIconAndTextCell.m -o /Users/josh/Library/Developer/Xcode/DerivedData/GitX-cggrrpkbzogvjfcxoxftnovmywdq/Build/Intermediates.noindex/GitX.build/Debug/GitX.build/StaticAnalyzer/GitX/GitX/normal/arm64/PBIconAndTextCell.plist

AnalyzeShallow /Users/josh/x/gitx/Classes/Views/PBGitXMessageSheet.m normal arm64 (in target 'GitX' from project 'GitX')
    cd /Users/josh/x/gitx
    
    Using response file: /Users/josh/Library/Developer/Xcode/DerivedData/GitX-cggrrpkbzogvjfcxoxftnovmywdq/Build/Intermediates.noindex/GitX.build/Debug/GitX.build/Objects-normal/arm64/22a6d426986e98cf1a8e0c880c6a22df-common-args.resp
    
    /Applications/Xcode.app/Contents/Developer/Toolchains/XcodeDefault.xctoolchain/usr/bin/clang -x objective-c -ivfsstatcache /Users/josh/Library/Developer/Xcode/DerivedData/SDKStatCaches.noindex/macosx15.5-24F74-8254517eb8b97d462ccbc072ba9094c9.sdkstatcache -fmessage-length\=0 -fdiagnostics-show-note-include-stack -fmacro-backtrace-limit\=0 -fno-color-diagnostics -Wno-trigraphs -Wno-missing-field-initializers -Wno-missing-prototypes -Wno-implicit-atomic-properties -Wno-objc-interface-ivars -Wno-arc-repeated-use-of-weak -Wno-missing-braces -Wparentheses -Wswitch -Wno-unused-function -Wno-unused-label -Wno-unused-parameter -Wunused-variable -Wunused-value -Wno-empty-body -Wno-uninitialized -Wno-unknown-pragmas -Wno-shadow -Wno-four-char-constants -Wno-conversion -Wno-constant-conversion -Wno-int-conversion -Wno-bool-conversion -Wno-enum-conversion -Wno-float-conversion -Wno-non-literal-null-conversion -Wno-objc-literal-conversion -Wshorten-64-to-32 -Wpointer-sign -Wno-newline-eof -Wno-selector -Wno-strict-selector-match -Wno-undeclared-selector -Wno-deprecated-implementations -Wno-implicit-fallthrough -fstrict-aliasing -Wprotocol -Wdeprecated-declarations -Wno-sign-conversion -Wno-infinite-recursion -Wno-comma -Wno-block-capture-autoreleasing -Wno-strict-prototypes -Wno-semicolon-before-method-body -Werror\=incompatible-pointer-types @/Users/josh/Library/Developer/Xcode/DerivedData/GitX-cggrrpkbzogvjfcxoxftnovmywdq/Build/Intermediates.noindex/GitX.build/Debug/GitX.build/Objects-normal/arm64/22a6d426986e98cf1a8e0c880c6a22df-common-args.resp -include /Users/josh/Library/Developer/Xcode/DerivedData/GitX-cggrrpkbzogvjfcxoxftnovmywdq/Build/Intermediates.noindex/PrecompiledHeaders/SharedPrecompiledHeaders/1337419039418411841/GitX_Prefix.pch -MMD -MT dependencies -MF /Users/josh/Library/Developer/Xcode/DerivedData/GitX-cggrrpkbzogvjfcxoxftnovmywdq/Build/Intermediates.noindex/GitX.build/Debug/GitX.build/StaticAnalyzer/GitX/GitX/normal/arm64/PBGitXMessageSheet.d --analyze /Users/josh/x/gitx/Classes/Views/PBGitXMessageSheet.m -o /Users/josh/Library/Developer/Xcode/DerivedData/GitX-cggrrpkbzogvjfcxoxftnovmywdq/Build/Intermediates.noindex/GitX.build/Debug/GitX.build/StaticAnalyzer/GitX/GitX/normal/arm64/PBGitXMessageSheet.plist

AnalyzeShallow /Users/josh/x/gitx/Classes/Views/PBGitRevisionCell.m normal arm64 (in target 'GitX' from project 'GitX')
    cd /Users/josh/x/gitx
    
    Using response file: /Users/josh/Library/Developer/Xcode/DerivedData/GitX-cggrrpkbzogvjfcxoxftnovmywdq/Build/Intermediates.noindex/GitX.build/Debug/GitX.build/Objects-normal/arm64/22a6d426986e98cf1a8e0c880c6a22df-common-args.resp
    
    /Applications/Xcode.app/Contents/Developer/Toolchains/XcodeDefault.xctoolchain/usr/bin/clang -x objective-c -ivfsstatcache /Users/josh/Library/Developer/Xcode/DerivedData/SDKStatCaches.noindex/macosx15.5-24F74-8254517eb8b97d462ccbc072ba9094c9.sdkstatcache -fmessage-length\=0 -fdiagnostics-show-note-include-stack -fmacro-backtrace-limit\=0 -fno-color-diagnostics -Wno-trigraphs -Wno-missing-field-initializers -Wno-missing-prototypes -Wno-implicit-atomic-properties -Wno-objc-interface-ivars -Wno-arc-repeated-use-of-weak -Wno-missing-braces -Wparentheses -Wswitch -Wno-unused-function -Wno-unused-label -Wno-unused-parameter -Wunused-variable -Wunused-value -Wno-empty-body -Wno-uninitialized -Wno-unknown-pragmas -Wno-shadow -Wno-four-char-constants -Wno-conversion -Wno-constant-conversion -Wno-int-conversion -Wno-bool-conversion -Wno-enum-conversion -Wno-float-conversion -Wno-non-literal-null-conversion -Wno-objc-literal-conversion -Wshorten-64-to-32 -Wpointer-sign -Wno-newline-eof -Wno-selector -Wno-strict-selector-match -Wno-undeclared-selector -Wno-deprecated-implementations -Wno-implicit-fallthrough -fstrict-aliasing -Wprotocol -Wdeprecated-declarations -Wno-sign-conversion -Wno-infinite-recursion -Wno-comma -Wno-block-capture-autoreleasing -Wno-strict-prototypes -Wno-semicolon-before-method-body -Werror\=incompatible-pointer-types @/Users/josh/Library/Developer/Xcode/DerivedData/GitX-cggrrpkbzogvjfcxoxftnovmywdq/Build/Intermediates.noindex/GitX.build/Debug/GitX.build/Objects-normal/arm64/22a6d426986e98cf1a8e0c880c6a22df-common-args.resp -include /Users/josh/Library/Developer/Xcode/DerivedData/GitX-cggrrpkbzogvjfcxoxftnovmywdq/Build/Intermediates.noindex/PrecompiledHeaders/SharedPrecompiledHeaders/1337419039418411841/GitX_Prefix.pch -MMD -MT dependencies -MF /Users/josh/Library/Developer/Xcode/DerivedData/GitX-cggrrpkbzogvjfcxoxftnovmywdq/Build/Intermediates.noindex/GitX.build/Debug/GitX.build/StaticAnalyzer/GitX/GitX/normal/arm64/PBGitRevisionCell.d --analyze /Users/josh/x/gitx/Classes/Views/PBGitRevisionCell.m -o /Users/josh/Library/Developer/Xcode/DerivedData/GitX-cggrrpkbzogvjfcxoxftnovmywdq/Build/Intermediates.noindex/GitX.build/Debug/GitX.build/StaticAnalyzer/GitX/GitX/normal/arm64/PBGitRevisionCell.plist

AnalyzeShallow /Users/josh/x/gitx/Classes/Views/PBGitGradientBarView.m normal arm64 (in target 'GitX' from project 'GitX')
    cd /Users/josh/x/gitx
    
    Using response file: /Users/josh/Library/Developer/Xcode/DerivedData/GitX-cggrrpkbzogvjfcxoxftnovmywdq/Build/Intermediates.noindex/GitX.build/Debug/GitX.build/Objects-normal/arm64/22a6d426986e98cf1a8e0c880c6a22df-common-args.resp
    
    /Applications/Xcode.app/Contents/Developer/Toolchains/XcodeDefault.xctoolchain/usr/bin/clang -x objective-c -ivfsstatcache /Users/josh/Library/Developer/Xcode/DerivedData/SDKStatCaches.noindex/macosx15.5-24F74-8254517eb8b97d462ccbc072ba9094c9.sdkstatcache -fmessage-length\=0 -fdiagnostics-show-note-include-stack -fmacro-backtrace-limit\=0 -fno-color-diagnostics -Wno-trigraphs -Wno-missing-field-initializers -Wno-missing-prototypes -Wno-implicit-atomic-properties -Wno-objc-interface-ivars -Wno-arc-repeated-use-of-weak -Wno-missing-braces -Wparentheses -Wswitch -Wno-unused-function -Wno-unused-label -Wno-unused-parameter -Wunused-variable -Wunused-value -Wno-empty-body -Wno-uninitialized -Wno-unknown-pragmas -Wno-shadow -Wno-four-char-constants -Wno-conversion -Wno-constant-conversion -Wno-int-conversion -Wno-bool-conversion -Wno-enum-conversion -Wno-float-conversion -Wno-non-literal-null-conversion -Wno-objc-literal-conversion -Wshorten-64-to-32 -Wpointer-sign -Wno-newline-eof -Wno-selector -Wno-strict-selector-match -Wno-undeclared-selector -Wno-deprecated-implementations -Wno-implicit-fallthrough -fstrict-aliasing -Wprotocol -Wdeprecated-declarations -Wno-sign-conversion -Wno-infinite-recursion -Wno-comma -Wno-block-capture-autoreleasing -Wno-strict-prototypes -Wno-semicolon-before-method-body -Werror\=incompatible-pointer-types @/Users/josh/Library/Developer/Xcode/DerivedData/GitX-cggrrpkbzogvjfcxoxftnovmywdq/Build/Intermediates.noindex/GitX.build/Debug/GitX.build/Objects-normal/arm64/22a6d426986e98cf1a8e0c880c6a22df-common-args.resp -include /Users/josh/Library/Developer/Xcode/DerivedData/GitX-cggrrpkbzogvjfcxoxftnovmywdq/Build/Intermediates.noindex/PrecompiledHeaders/SharedPrecompiledHeaders/1337419039418411841/GitX_Prefix.pch -MMD -MT dependencies -MF /Users/josh/Library/Developer/Xcode/DerivedData/GitX-cggrrpkbzogvjfcxoxftnovmywdq/Build/Intermediates.noindex/GitX.build/Debug/GitX.build/StaticAnalyzer/GitX/GitX/normal/arm64/PBGitGradientBarView.d --analyze /Users/josh/x/gitx/Classes/Views/PBGitGradientBarView.m -o /Users/josh/Library/Developer/Xcode/DerivedData/GitX-cggrrpkbzogvjfcxoxftnovmywdq/Build/Intermediates.noindex/GitX.build/Debug/GitX.build/StaticAnalyzer/GitX/GitX/normal/arm64/PBGitGradientBarView.plist

AnalyzeShallow /Users/josh/x/gitx/Classes/Views/PBFileChangesTableView.m normal arm64 (in target 'GitX' from project 'GitX')
    cd /Users/josh/x/gitx
    
    Using response file: /Users/josh/Library/Developer/Xcode/DerivedData/GitX-cggrrpkbzogvjfcxoxftnovmywdq/Build/Intermediates.noindex/GitX.build/Debug/GitX.build/Objects-normal/arm64/22a6d426986e98cf1a8e0c880c6a22df-common-args.resp
    
    /Applications/Xcode.app/Contents/Developer/Toolchains/XcodeDefault.xctoolchain/usr/bin/clang -x objective-c -ivfsstatcache /Users/josh/Library/Developer/Xcode/DerivedData/SDKStatCaches.noindex/macosx15.5-24F74-8254517eb8b97d462ccbc072ba9094c9.sdkstatcache -fmessage-length\=0 -fdiagnostics-show-note-include-stack -fmacro-backtrace-limit\=0 -fno-color-diagnostics -Wno-trigraphs -Wno-missing-field-initializers -Wno-missing-prototypes -Wno-implicit-atomic-properties -Wno-objc-interface-ivars -Wno-arc-repeated-use-of-weak -Wno-missing-braces -Wparentheses -Wswitch -Wno-unused-function -Wno-unused-label -Wno-unused-parameter -Wunused-variable -Wunused-value -Wno-empty-body -Wno-uninitialized -Wno-unknown-pragmas -Wno-shadow -Wno-four-char-constants -Wno-conversion -Wno-constant-conversion -Wno-int-conversion -Wno-bool-conversion -Wno-enum-conversion -Wno-float-conversion -Wno-non-literal-null-conversion -Wno-objc-literal-conversion -Wshorten-64-to-32 -Wpointer-sign -Wno-newline-eof -Wno-selector -Wno-strict-selector-match -Wno-undeclared-selector -Wno-deprecated-implementations -Wno-implicit-fallthrough -fstrict-aliasing -Wprotocol -Wdeprecated-declarations -Wno-sign-conversion -Wno-infinite-recursion -Wno-comma -Wno-block-capture-autoreleasing -Wno-strict-prototypes -Wno-semicolon-before-method-body -Werror\=incompatible-pointer-types @/Users/josh/Library/Developer/Xcode/DerivedData/GitX-cggrrpkbzogvjfcxoxftnovmywdq/Build/Intermediates.noindex/GitX.build/Debug/GitX.build/Objects-normal/arm64/22a6d426986e98cf1a8e0c880c6a22df-common-args.resp -include /Users/josh/Library/Developer/Xcode/DerivedData/GitX-cggrrpkbzogvjfcxoxftnovmywdq/Build/Intermediates.noindex/PrecompiledHeaders/SharedPrecompiledHeaders/1337419039418411841/GitX_Prefix.pch -MMD -MT dependencies -MF /Users/josh/Library/Developer/Xcode/DerivedData/GitX-cggrrpkbzogvjfcxoxftnovmywdq/Build/Intermediates.noindex/GitX.build/Debug/GitX.build/StaticAnalyzer/GitX/GitX/normal/arm64/PBFileChangesTableView.d --analyze /Users/josh/x/gitx/Classes/Views/PBFileChangesTableView.m -o /Users/josh/Library/Developer/Xcode/DerivedData/GitX-cggrrpkbzogvjfcxoxftnovmywdq/Build/Intermediates.noindex/GitX.build/Debug/GitX.build/StaticAnalyzer/GitX/GitX/normal/arm64/PBFileChangesTableView.plist

AnalyzeShallow /Users/josh/x/gitx/Classes/Views/PBCreateTagSheet.m normal arm64 (in target 'GitX' from project 'GitX')
    cd /Users/josh/x/gitx
    
    Using response file: /Users/josh/Library/Developer/Xcode/DerivedData/GitX-cggrrpkbzogvjfcxoxftnovmywdq/Build/Intermediates.noindex/GitX.build/Debug/GitX.build/Objects-normal/arm64/22a6d426986e98cf1a8e0c880c6a22df-common-args.resp
    
    /Applications/Xcode.app/Contents/Developer/Toolchains/XcodeDefault.xctoolchain/usr/bin/clang -x objective-c -ivfsstatcache /Users/josh/Library/Developer/Xcode/DerivedData/SDKStatCaches.noindex/macosx15.5-24F74-8254517eb8b97d462ccbc072ba9094c9.sdkstatcache -fmessage-length\=0 -fdiagnostics-show-note-include-stack -fmacro-backtrace-limit\=0 -fno-color-diagnostics -Wno-trigraphs -Wno-missing-field-initializers -Wno-missing-prototypes -Wno-implicit-atomic-properties -Wno-objc-interface-ivars -Wno-arc-repeated-use-of-weak -Wno-missing-braces -Wparentheses -Wswitch -Wno-unused-function -Wno-unused-label -Wno-unused-parameter -Wunused-variable -Wunused-value -Wno-empty-body -Wno-uninitialized -Wno-unknown-pragmas -Wno-shadow -Wno-four-char-constants -Wno-conversion -Wno-constant-conversion -Wno-int-conversion -Wno-bool-conversion -Wno-enum-conversion -Wno-float-conversion -Wno-non-literal-null-conversion -Wno-objc-literal-conversion -Wshorten-64-to-32 -Wpointer-sign -Wno-newline-eof -Wno-selector -Wno-strict-selector-match -Wno-undeclared-selector -Wno-deprecated-implementations -Wno-implicit-fallthrough -fstrict-aliasing -Wprotocol -Wdeprecated-declarations -Wno-sign-conversion -Wno-infinite-recursion -Wno-comma -Wno-block-capture-autoreleasing -Wno-strict-prototypes -Wno-semicolon-before-method-body -Werror\=incompatible-pointer-types @/Users/josh/Library/Developer/Xcode/DerivedData/GitX-cggrrpkbzogvjfcxoxftnovmywdq/Build/Intermediates.noindex/GitX.build/Debug/GitX.build/Objects-normal/arm64/22a6d426986e98cf1a8e0c880c6a22df-common-args.resp -include /Users/josh/Library/Developer/Xcode/DerivedData/GitX-cggrrpkbzogvjfcxoxftnovmywdq/Build/Intermediates.noindex/PrecompiledHeaders/SharedPrecompiledHeaders/1337419039418411841/GitX_Prefix.pch -MMD -MT dependencies -MF /Users/josh/Library/Developer/Xcode/DerivedData/GitX-cggrrpkbzogvjfcxoxftnovmywdq/Build/Intermediates.noindex/GitX.build/Debug/GitX.build/StaticAnalyzer/GitX/GitX/normal/arm64/PBCreateTagSheet.d --analyze /Users/josh/x/gitx/Classes/Views/PBCreateTagSheet.m -o /Users/josh/Library/Developer/Xcode/DerivedData/GitX-cggrrpkbzogvjfcxoxftnovmywdq/Build/Intermediates.noindex/GitX.build/Debug/GitX.build/StaticAnalyzer/GitX/GitX/normal/arm64/PBCreateTagSheet.plist

AnalyzeShallow /Users/josh/x/gitx/Classes/Views/PBCreateBranchSheet.m normal arm64 (in target 'GitX' from project 'GitX')
    cd /Users/josh/x/gitx
    
    Using response file: /Users/josh/Library/Developer/Xcode/DerivedData/GitX-cggrrpkbzogvjfcxoxftnovmywdq/Build/Intermediates.noindex/GitX.build/Debug/GitX.build/Objects-normal/arm64/22a6d426986e98cf1a8e0c880c6a22df-common-args.resp
    
    /Applications/Xcode.app/Contents/Developer/Toolchains/XcodeDefault.xctoolchain/usr/bin/clang -x objective-c -ivfsstatcache /Users/josh/Library/Developer/Xcode/DerivedData/SDKStatCaches.noindex/macosx15.5-24F74-8254517eb8b97d462ccbc072ba9094c9.sdkstatcache -fmessage-length\=0 -fdiagnostics-show-note-include-stack -fmacro-backtrace-limit\=0 -fno-color-diagnostics -Wno-trigraphs -Wno-missing-field-initializers -Wno-missing-prototypes -Wno-implicit-atomic-properties -Wno-objc-interface-ivars -Wno-arc-repeated-use-of-weak -Wno-missing-braces -Wparentheses -Wswitch -Wno-unused-function -Wno-unused-label -Wno-unused-parameter -Wunused-variable -Wunused-value -Wno-empty-body -Wno-uninitialized -Wno-unknown-pragmas -Wno-shadow -Wno-four-char-constants -Wno-conversion -Wno-constant-conversion -Wno-int-conversion -Wno-bool-conversion -Wno-enum-conversion -Wno-float-conversion -Wno-non-literal-null-conversion -Wno-objc-literal-conversion -Wshorten-64-to-32 -Wpointer-sign -Wno-newline-eof -Wno-selector -Wno-strict-selector-match -Wno-undeclared-selector -Wno-deprecated-implementations -Wno-implicit-fallthrough -fstrict-aliasing -Wprotocol -Wdeprecated-declarations -Wno-sign-conversion -Wno-infinite-recursion -Wno-comma -Wno-block-capture-autoreleasing -Wno-strict-prototypes -Wno-semicolon-before-method-body -Werror\=incompatible-pointer-types @/Users/josh/Library/Developer/Xcode/DerivedData/GitX-cggrrpkbzogvjfcxoxftnovmywdq/Build/Intermediates.noindex/GitX.build/Debug/GitX.build/Objects-normal/arm64/22a6d426986e98cf1a8e0c880c6a22df-common-args.resp -include /Users/josh/Library/Developer/Xcode/DerivedData/GitX-cggrrpkbzogvjfcxoxftnovmywdq/Build/Intermediates.noindex/PrecompiledHeaders/SharedPrecompiledHeaders/1337419039418411841/GitX_Prefix.pch -MMD -MT dependencies -MF /Users/josh/Library/Developer/Xcode/DerivedData/GitX-cggrrpkbzogvjfcxoxftnovmywdq/Build/Intermediates.noindex/GitX.build/Debug/GitX.build/StaticAnalyzer/GitX/GitX/normal/arm64/PBCreateBranchSheet.d --analyze /Users/josh/x/gitx/Classes/Views/PBCreateBranchSheet.m -o /Users/josh/Library/Developer/Xcode/DerivedData/GitX-cggrrpkbzogvjfcxoxftnovmywdq/Build/Intermediates.noindex/GitX.build/Debug/GitX.build/StaticAnalyzer/GitX/GitX/normal/arm64/PBCreateBranchSheet.plist

AnalyzeShallow /Users/josh/x/gitx/Classes/Views/PBCommitMessageView.m normal arm64 (in target 'GitX' from project 'GitX')
    cd /Users/josh/x/gitx
    
    Using response file: /Users/josh/Library/Developer/Xcode/DerivedData/GitX-cggrrpkbzogvjfcxoxftnovmywdq/Build/Intermediates.noindex/GitX.build/Debug/GitX.build/Objects-normal/arm64/22a6d426986e98cf1a8e0c880c6a22df-common-args.resp
    
    /Applications/Xcode.app/Contents/Developer/Toolchains/XcodeDefault.xctoolchain/usr/bin/clang -x objective-c -ivfsstatcache /Users/josh/Library/Developer/Xcode/DerivedData/SDKStatCaches.noindex/macosx15.5-24F74-8254517eb8b97d462ccbc072ba9094c9.sdkstatcache -fmessage-length\=0 -fdiagnostics-show-note-include-stack -fmacro-backtrace-limit\=0 -fno-color-diagnostics -Wno-trigraphs -Wno-missing-field-initializers -Wno-missing-prototypes -Wno-implicit-atomic-properties -Wno-objc-interface-ivars -Wno-arc-repeated-use-of-weak -Wno-missing-braces -Wparentheses -Wswitch -Wno-unused-function -Wno-unused-label -Wno-unused-parameter -Wunused-variable -Wunused-value -Wno-empty-body -Wno-uninitialized -Wno-unknown-pragmas -Wno-shadow -Wno-four-char-constants -Wno-conversion -Wno-constant-conversion -Wno-int-conversion -Wno-bool-conversion -Wno-enum-conversion -Wno-float-conversion -Wno-non-literal-null-conversion -Wno-objc-literal-conversion -Wshorten-64-to-32 -Wpointer-sign -Wno-newline-eof -Wno-selector -Wno-strict-selector-match -Wno-undeclared-selector -Wno-deprecated-implementations -Wno-implicit-fallthrough -fstrict-aliasing -Wprotocol -Wdeprecated-declarations -Wno-sign-conversion -Wno-infinite-recursion -Wno-comma -Wno-block-capture-autoreleasing -Wno-strict-prototypes -Wno-semicolon-before-method-body -Werror\=incompatible-pointer-types @/Users/josh/Library/Developer/Xcode/DerivedData/GitX-cggrrpkbzogvjfcxoxftnovmywdq/Build/Intermediates.noindex/GitX.build/Debug/GitX.build/Objects-normal/arm64/22a6d426986e98cf1a8e0c880c6a22df-common-args.resp -include /Users/josh/Library/Developer/Xcode/DerivedData/GitX-cggrrpkbzogvjfcxoxftnovmywdq/Build/Intermediates.noindex/PrecompiledHeaders/SharedPrecompiledHeaders/1337419039418411841/GitX_Prefix.pch -MMD -MT dependencies -MF /Users/josh/Library/Developer/Xcode/DerivedData/GitX-cggrrpkbzogvjfcxoxftnovmywdq/Build/Intermediates.noindex/GitX.build/Debug/GitX.build/StaticAnalyzer/GitX/GitX/normal/arm64/PBCommitMessageView.d --analyze /Users/josh/x/gitx/Classes/Views/PBCommitMessageView.m -o /Users/josh/Library/Developer/Xcode/DerivedData/GitX-cggrrpkbzogvjfcxoxftnovmywdq/Build/Intermediates.noindex/GitX.build/Debug/GitX.build/StaticAnalyzer/GitX/GitX/normal/arm64/PBCommitMessageView.plist

AnalyzeShallow /Users/josh/x/gitx/Classes/Views/PBCommitHookFailedSheet.m normal arm64 (in target 'GitX' from project 'GitX')
    cd /Users/josh/x/gitx
    
    Using response file: /Users/josh/Library/Developer/Xcode/DerivedData/GitX-cggrrpkbzogvjfcxoxftnovmywdq/Build/Intermediates.noindex/GitX.build/Debug/GitX.build/Objects-normal/arm64/22a6d426986e98cf1a8e0c880c6a22df-common-args.resp
    
    /Applications/Xcode.app/Contents/Developer/Toolchains/XcodeDefault.xctoolchain/usr/bin/clang -x objective-c -ivfsstatcache /Users/josh/Library/Developer/Xcode/DerivedData/SDKStatCaches.noindex/macosx15.5-24F74-8254517eb8b97d462ccbc072ba9094c9.sdkstatcache -fmessage-length\=0 -fdiagnostics-show-note-include-stack -fmacro-backtrace-limit\=0 -fno-color-diagnostics -Wno-trigraphs -Wno-missing-field-initializers -Wno-missing-prototypes -Wno-implicit-atomic-properties -Wno-objc-interface-ivars -Wno-arc-repeated-use-of-weak -Wno-missing-braces -Wparentheses -Wswitch -Wno-unused-function -Wno-unused-label -Wno-unused-parameter -Wunused-variable -Wunused-value -Wno-empty-body -Wno-uninitialized -Wno-unknown-pragmas -Wno-shadow -Wno-four-char-constants -Wno-conversion -Wno-constant-conversion -Wno-int-conversion -Wno-bool-conversion -Wno-enum-conversion -Wno-float-conversion -Wno-non-literal-null-conversion -Wno-objc-literal-conversion -Wshorten-64-to-32 -Wpointer-sign -Wno-newline-eof -Wno-selector -Wno-strict-selector-match -Wno-undeclared-selector -Wno-deprecated-implementations -Wno-implicit-fallthrough -fstrict-aliasing -Wprotocol -Wdeprecated-declarations -Wno-sign-conversion -Wno-infinite-recursion -Wno-comma -Wno-block-capture-autoreleasing -Wno-strict-prototypes -Wno-semicolon-before-method-body -Werror\=incompatible-pointer-types @/Users/josh/Library/Developer/Xcode/DerivedData/GitX-cggrrpkbzogvjfcxoxftnovmywdq/Build/Intermediates.noindex/GitX.build/Debug/GitX.build/Objects-normal/arm64/22a6d426986e98cf1a8e0c880c6a22df-common-args.resp -include /Users/josh/Library/Developer/Xcode/DerivedData/GitX-cggrrpkbzogvjfcxoxftnovmywdq/Build/Intermediates.noindex/PrecompiledHeaders/SharedPrecompiledHeaders/1337419039418411841/GitX_Prefix.pch -MMD -MT dependencies -MF /Users/josh/Library/Developer/Xcode/DerivedData/GitX-cggrrpkbzogvjfcxoxftnovmywdq/Build/Intermediates.noindex/GitX.build/Debug/GitX.build/StaticAnalyzer/GitX/GitX/normal/arm64/PBCommitHookFailedSheet.d --analyze /Users/josh/x/gitx/Classes/Views/PBCommitHookFailedSheet.m -o /Users/josh/Library/Developer/Xcode/DerivedData/GitX-cggrrpkbzogvjfcxoxftnovmywdq/Build/Intermediates.noindex/GitX.build/Debug/GitX.build/StaticAnalyzer/GitX/GitX/normal/arm64/PBCommitHookFailedSheet.plist

AnalyzeShallow /Users/josh/x/gitx/Classes/Views/PBCollapsibleSplitView.m normal arm64 (in target 'GitX' from project 'GitX')
    cd /Users/josh/x/gitx
    
    Using response file: /Users/josh/Library/Developer/Xcode/DerivedData/GitX-cggrrpkbzogvjfcxoxftnovmywdq/Build/Intermediates.noindex/GitX.build/Debug/GitX.build/Objects-normal/arm64/22a6d426986e98cf1a8e0c880c6a22df-common-args.resp
    
    /Applications/Xcode.app/Contents/Developer/Toolchains/XcodeDefault.xctoolchain/usr/bin/clang -x objective-c -ivfsstatcache /Users/josh/Library/Developer/Xcode/DerivedData/SDKStatCaches.noindex/macosx15.5-24F74-8254517eb8b97d462ccbc072ba9094c9.sdkstatcache -fmessage-length\=0 -fdiagnostics-show-note-include-stack -fmacro-backtrace-limit\=0 -fno-color-diagnostics -Wno-trigraphs -Wno-missing-field-initializers -Wno-missing-prototypes -Wno-implicit-atomic-properties -Wno-objc-interface-ivars -Wno-arc-repeated-use-of-weak -Wno-missing-braces -Wparentheses -Wswitch -Wno-unused-function -Wno-unused-label -Wno-unused-parameter -Wunused-variable -Wunused-value -Wno-empty-body -Wno-uninitialized -Wno-unknown-pragmas -Wno-shadow -Wno-four-char-constants -Wno-conversion -Wno-constant-conversion -Wno-int-conversion -Wno-bool-conversion -Wno-enum-conversion -Wno-float-conversion -Wno-non-literal-null-conversion -Wno-objc-literal-conversion -Wshorten-64-to-32 -Wpointer-sign -Wno-newline-eof -Wno-selector -Wno-strict-selector-match -Wno-undeclared-selector -Wno-deprecated-implementations -Wno-implicit-fallthrough -fstrict-aliasing -Wprotocol -Wdeprecated-declarations -Wno-sign-conversion -Wno-infinite-recursion -Wno-comma -Wno-block-capture-autoreleasing -Wno-strict-prototypes -Wno-semicolon-before-method-body -Werror\=incompatible-pointer-types @/Users/josh/Library/Developer/Xcode/DerivedData/GitX-cggrrpkbzogvjfcxoxftnovmywdq/Build/Intermediates.noindex/GitX.build/Debug/GitX.build/Objects-normal/arm64/22a6d426986e98cf1a8e0c880c6a22df-common-args.resp -include /Users/josh/Library/Developer/Xcode/DerivedData/GitX-cggrrpkbzogvjfcxoxftnovmywdq/Build/Intermediates.noindex/PrecompiledHeaders/SharedPrecompiledHeaders/1337419039418411841/GitX_Prefix.pch -MMD -MT dependencies -MF /Users/josh/Library/Developer/Xcode/DerivedData/GitX-cggrrpkbzogvjfcxoxftnovmywdq/Build/Intermediates.noindex/GitX.build/Debug/GitX.build/StaticAnalyzer/GitX/GitX/normal/arm64/PBCollapsibleSplitView.d --analyze /Users/josh/x/gitx/Classes/Views/PBCollapsibleSplitView.m -o /Users/josh/Library/Developer/Xcode/DerivedData/GitX-cggrrpkbzogvjfcxoxftnovmywdq/Build/Intermediates.noindex/GitX.build/Debug/GitX.build/StaticAnalyzer/GitX/GitX/normal/arm64/PBCollapsibleSplitView.plist

AnalyzeShallow /Users/josh/x/gitx/Classes/Views/GitXTextFieldCell.m normal arm64 (in target 'GitX' from project 'GitX')
    cd /Users/josh/x/gitx
    
    Using response file: /Users/josh/Library/Developer/Xcode/DerivedData/GitX-cggrrpkbzogvjfcxoxftnovmywdq/Build/Intermediates.noindex/GitX.build/Debug/GitX.build/Objects-normal/arm64/22a6d426986e98cf1a8e0c880c6a22df-common-args.resp
    
    /Applications/Xcode.app/Contents/Developer/Toolchains/XcodeDefault.xctoolchain/usr/bin/clang -x objective-c -ivfsstatcache /Users/josh/Library/Developer/Xcode/DerivedData/SDKStatCaches.noindex/macosx15.5-24F74-8254517eb8b97d462ccbc072ba9094c9.sdkstatcache -fmessage-length\=0 -fdiagnostics-show-note-include-stack -fmacro-backtrace-limit\=0 -fno-color-diagnostics -Wno-trigraphs -Wno-missing-field-initializers -Wno-missing-prototypes -Wno-implicit-atomic-properties -Wno-objc-interface-ivars -Wno-arc-repeated-use-of-weak -Wno-missing-braces -Wparentheses -Wswitch -Wno-unused-function -Wno-unused-label -Wno-unused-parameter -Wunused-variable -Wunused-value -Wno-empty-body -Wno-uninitialized -Wno-unknown-pragmas -Wno-shadow -Wno-four-char-constants -Wno-conversion -Wno-constant-conversion -Wno-int-conversion -Wno-bool-conversion -Wno-enum-conversion -Wno-float-conversion -Wno-non-literal-null-conversion -Wno-objc-literal-conversion -Wshorten-64-to-32 -Wpointer-sign -Wno-newline-eof -Wno-selector -Wno-strict-selector-match -Wno-undeclared-selector -Wno-deprecated-implementations -Wno-implicit-fallthrough -fstrict-aliasing -Wprotocol -Wdeprecated-declarations -Wno-sign-conversion -Wno-infinite-recursion -Wno-comma -Wno-block-capture-autoreleasing -Wno-strict-prototypes -Wno-semicolon-before-method-body -Werror\=incompatible-pointer-types @/Users/josh/Library/Developer/Xcode/DerivedData/GitX-cggrrpkbzogvjfcxoxftnovmywdq/Build/Intermediates.noindex/GitX.build/Debug/GitX.build/Objects-normal/arm64/22a6d426986e98cf1a8e0c880c6a22df-common-args.resp -include /Users/josh/Library/Developer/Xcode/DerivedData/GitX-cggrrpkbzogvjfcxoxftnovmywdq/Build/Intermediates.noindex/PrecompiledHeaders/SharedPrecompiledHeaders/1337419039418411841/GitX_Prefix.pch -MMD -MT dependencies -MF /Users/josh/Library/Developer/Xcode/DerivedData/GitX-cggrrpkbzogvjfcxoxftnovmywdq/Build/Intermediates.noindex/GitX.build/Debug/GitX.build/StaticAnalyzer/GitX/GitX/normal/arm64/GitXTextFieldCell.d --analyze /Users/josh/x/gitx/Classes/Views/GitXTextFieldCell.m -o /Users/josh/Library/Developer/Xcode/DerivedData/GitX-cggrrpkbzogvjfcxoxftnovmywdq/Build/Intermediates.noindex/GitX.build/Debug/GitX.build/StaticAnalyzer/GitX/GitX/normal/arm64/GitXTextFieldCell.plist

AnalyzeShallow /Users/josh/x/gitx/Classes/Util/RJModalRepoSheet.m normal arm64 (in target 'GitX' from project 'GitX')
    cd /Users/josh/x/gitx
    
    Using response file: /Users/josh/Library/Developer/Xcode/DerivedData/GitX-cggrrpkbzogvjfcxoxftnovmywdq/Build/Intermediates.noindex/GitX.build/Debug/GitX.build/Objects-normal/arm64/22a6d426986e98cf1a8e0c880c6a22df-common-args.resp
    
    /Applications/Xcode.app/Contents/Developer/Toolchains/XcodeDefault.xctoolchain/usr/bin/clang -x objective-c -ivfsstatcache /Users/josh/Library/Developer/Xcode/DerivedData/SDKStatCaches.noindex/macosx15.5-24F74-8254517eb8b97d462ccbc072ba9094c9.sdkstatcache -fmessage-length\=0 -fdiagnostics-show-note-include-stack -fmacro-backtrace-limit\=0 -fno-color-diagnostics -Wno-trigraphs -Wno-missing-field-initializers -Wno-missing-prototypes -Wno-implicit-atomic-properties -Wno-objc-interface-ivars -Wno-arc-repeated-use-of-weak -Wno-missing-braces -Wparentheses -Wswitch -Wno-unused-function -Wno-unused-label -Wno-unused-parameter -Wunused-variable -Wunused-value -Wno-empty-body -Wno-uninitialized -Wno-unknown-pragmas -Wno-shadow -Wno-four-char-constants -Wno-conversion -Wno-constant-conversion -Wno-int-conversion -Wno-bool-conversion -Wno-enum-conversion -Wno-float-conversion -Wno-non-literal-null-conversion -Wno-objc-literal-conversion -Wshorten-64-to-32 -Wpointer-sign -Wno-newline-eof -Wno-selector -Wno-strict-selector-match -Wno-undeclared-selector -Wno-deprecated-implementations -Wno-implicit-fallthrough -fstrict-aliasing -Wprotocol -Wdeprecated-declarations -Wno-sign-conversion -Wno-infinite-recursion -Wno-comma -Wno-block-capture-autoreleasing -Wno-strict-prototypes -Wno-semicolon-before-method-body -Werror\=incompatible-pointer-types @/Users/josh/Library/Developer/Xcode/DerivedData/GitX-cggrrpkbzogvjfcxoxftnovmywdq/Build/Intermediates.noindex/GitX.build/Debug/GitX.build/Objects-normal/arm64/22a6d426986e98cf1a8e0c880c6a22df-common-args.resp -include /Users/josh/Library/Developer/Xcode/DerivedData/GitX-cggrrpkbzogvjfcxoxftnovmywdq/Build/Intermediates.noindex/PrecompiledHeaders/SharedPrecompiledHeaders/1337419039418411841/GitX_Prefix.pch -MMD -MT dependencies -MF /Users/josh/Library/Developer/Xcode/DerivedData/GitX-cggrrpkbzogvjfcxoxftnovmywdq/Build/Intermediates.noindex/GitX.build/Debug/GitX.build/StaticAnalyzer/GitX/GitX/normal/arm64/RJModalRepoSheet.d --analyze /Users/josh/x/gitx/Classes/Util/RJModalRepoSheet.m -o /Users/josh/Library/Developer/Xcode/DerivedData/GitX-cggrrpkbzogvjfcxoxftnovmywdq/Build/Intermediates.noindex/GitX.build/Debug/GitX.build/StaticAnalyzer/GitX/GitX/normal/arm64/RJModalRepoSheet.plist

AnalyzeShallow /Users/josh/x/gitx/Classes/Util/PBEasyPipe.m normal arm64 (in target 'GitX' from project 'GitX')
    cd /Users/josh/x/gitx
    
    Using response file: /Users/josh/Library/Developer/Xcode/DerivedData/GitX-cggrrpkbzogvjfcxoxftnovmywdq/Build/Intermediates.noindex/GitX.build/Debug/GitX.build/Objects-normal/arm64/22a6d426986e98cf1a8e0c880c6a22df-common-args.resp
    
    /Applications/Xcode.app/Contents/Developer/Toolchains/XcodeDefault.xctoolchain/usr/bin/clang -x objective-c -ivfsstatcache /Users/josh/Library/Developer/Xcode/DerivedData/SDKStatCaches.noindex/macosx15.5-24F74-8254517eb8b97d462ccbc072ba9094c9.sdkstatcache -fmessage-length\=0 -fdiagnostics-show-note-include-stack -fmacro-backtrace-limit\=0 -fno-color-diagnostics -Wno-trigraphs -Wno-missing-field-initializers -Wno-missing-prototypes -Wno-implicit-atomic-properties -Wno-objc-interface-ivars -Wno-arc-repeated-use-of-weak -Wno-missing-braces -Wparentheses -Wswitch -Wno-unused-function -Wno-unused-label -Wno-unused-parameter -Wunused-variable -Wunused-value -Wno-empty-body -Wno-uninitialized -Wno-unknown-pragmas -Wno-shadow -Wno-four-char-constants -Wno-conversion -Wno-constant-conversion -Wno-int-conversion -Wno-bool-conversion -Wno-enum-conversion -Wno-float-conversion -Wno-non-literal-null-conversion -Wno-objc-literal-conversion -Wshorten-64-to-32 -Wpointer-sign -Wno-newline-eof -Wno-selector -Wno-strict-selector-match -Wno-undeclared-selector -Wno-deprecated-implementations -Wno-implicit-fallthrough -fstrict-aliasing -Wprotocol -Wdeprecated-declarations -Wno-sign-conversion -Wno-infinite-recursion -Wno-comma -Wno-block-capture-autoreleasing -Wno-strict-prototypes -Wno-semicolon-before-method-body -Werror\=incompatible-pointer-types @/Users/josh/Library/Developer/Xcode/DerivedData/GitX-cggrrpkbzogvjfcxoxftnovmywdq/Build/Intermediates.noindex/GitX.build/Debug/GitX.build/Objects-normal/arm64/22a6d426986e98cf1a8e0c880c6a22df-common-args.resp -include /Users/josh/Library/Developer/Xcode/DerivedData/GitX-cggrrpkbzogvjfcxoxftnovmywdq/Build/Intermediates.noindex/PrecompiledHeaders/SharedPrecompiledHeaders/1337419039418411841/GitX_Prefix.pch -MMD -MT dependencies -MF /Users/josh/Library/Developer/Xcode/DerivedData/GitX-cggrrpkbzogvjfcxoxftnovmywdq/Build/Intermediates.noindex/GitX.build/Debug/GitX.build/StaticAnalyzer/GitX/GitX/normal/arm64/PBEasyPipe.d --analyze /Users/josh/x/gitx/Classes/Util/PBEasyPipe.m -o /Users/josh/Library/Developer/Xcode/DerivedData/GitX-cggrrpkbzogvjfcxoxftnovmywdq/Build/Intermediates.noindex/GitX.build/Debug/GitX.build/StaticAnalyzer/GitX/GitX/normal/arm64/PBEasyPipe.plist

AnalyzeShallow /Users/josh/x/gitx/Classes/Util/PBEasyFS.m normal arm64 (in target 'GitX' from project 'GitX')
    cd /Users/josh/x/gitx
    
    Using response file: /Users/josh/Library/Developer/Xcode/DerivedData/GitX-cggrrpkbzogvjfcxoxftnovmywdq/Build/Intermediates.noindex/GitX.build/Debug/GitX.build/Objects-normal/arm64/22a6d426986e98cf1a8e0c880c6a22df-common-args.resp
    
    /Applications/Xcode.app/Contents/Developer/Toolchains/XcodeDefault.xctoolchain/usr/bin/clang -x objective-c -ivfsstatcache /Users/josh/Library/Developer/Xcode/DerivedData/SDKStatCaches.noindex/macosx15.5-24F74-8254517eb8b97d462ccbc072ba9094c9.sdkstatcache -fmessage-length\=0 -fdiagnostics-show-note-include-stack -fmacro-backtrace-limit\=0 -fno-color-diagnostics -Wno-trigraphs -Wno-missing-field-initializers -Wno-missing-prototypes -Wno-implicit-atomic-properties -Wno-objc-interface-ivars -Wno-arc-repeated-use-of-weak -Wno-missing-braces -Wparentheses -Wswitch -Wno-unused-function -Wno-unused-label -Wno-unused-parameter -Wunused-variable -Wunused-value -Wno-empty-body -Wno-uninitialized -Wno-unknown-pragmas -Wno-shadow -Wno-four-char-constants -Wno-conversion -Wno-constant-conversion -Wno-int-conversion -Wno-bool-conversion -Wno-enum-conversion -Wno-float-conversion -Wno-non-literal-null-conversion -Wno-objc-literal-conversion -Wshorten-64-to-32 -Wpointer-sign -Wno-newline-eof -Wno-selector -Wno-strict-selector-match -Wno-undeclared-selector -Wno-deprecated-implementations -Wno-implicit-fallthrough -fstrict-aliasing -Wprotocol -Wdeprecated-declarations -Wno-sign-conversion -Wno-infinite-recursion -Wno-comma -Wno-block-capture-autoreleasing -Wno-strict-prototypes -Wno-semicolon-before-method-body -Werror\=incompatible-pointer-types @/Users/josh/Library/Developer/Xcode/DerivedData/GitX-cggrrpkbzogvjfcxoxftnovmywdq/Build/Intermediates.noindex/GitX.build/Debug/GitX.build/Objects-normal/arm64/22a6d426986e98cf1a8e0c880c6a22df-common-args.resp -include /Users/josh/Library/Developer/Xcode/DerivedData/GitX-cggrrpkbzogvjfcxoxftnovmywdq/Build/Intermediates.noindex/PrecompiledHeaders/SharedPrecompiledHeaders/1337419039418411841/GitX_Prefix.pch -MMD -MT dependencies -MF /Users/josh/Library/Developer/Xcode/DerivedData/GitX-cggrrpkbzogvjfcxoxftnovmywdq/Build/Intermediates.noindex/GitX.build/Debug/GitX.build/StaticAnalyzer/GitX/GitX/normal/arm64/PBEasyFS.d --analyze /Users/josh/x/gitx/Classes/Util/PBEasyFS.m -o /Users/josh/Library/Developer/Xcode/DerivedData/GitX-cggrrpkbzogvjfcxoxftnovmywdq/Build/Intermediates.noindex/GitX.build/Debug/GitX.build/StaticAnalyzer/GitX/GitX/normal/arm64/PBEasyFS.plist

AnalyzeShallow /Users/josh/x/gitx/Classes/Util/NSString_Truncate.m normal arm64 (in target 'GitX' from project 'GitX')
    cd /Users/josh/x/gitx
    
    Using response file: /Users/josh/Library/Developer/Xcode/DerivedData/GitX-cggrrpkbzogvjfcxoxftnovmywdq/Build/Intermediates.noindex/GitX.build/Debug/GitX.build/Objects-normal/arm64/22a6d426986e98cf1a8e0c880c6a22df-common-args.resp
    
    /Applications/Xcode.app/Contents/Developer/Toolchains/XcodeDefault.xctoolchain/usr/bin/clang -x objective-c -ivfsstatcache /Users/josh/Library/Developer/Xcode/DerivedData/SDKStatCaches.noindex/macosx15.5-24F74-8254517eb8b97d462ccbc072ba9094c9.sdkstatcache -fmessage-length\=0 -fdiagnostics-show-note-include-stack -fmacro-backtrace-limit\=0 -fno-color-diagnostics -Wno-trigraphs -Wno-missing-field-initializers -Wno-missing-prototypes -Wno-implicit-atomic-properties -Wno-objc-interface-ivars -Wno-arc-repeated-use-of-weak -Wno-missing-braces -Wparentheses -Wswitch -Wno-unused-function -Wno-unused-label -Wno-unused-parameter -Wunused-variable -Wunused-value -Wno-empty-body -Wno-uninitialized -Wno-unknown-pragmas -Wno-shadow -Wno-four-char-constants -Wno-conversion -Wno-constant-conversion -Wno-int-conversion -Wno-bool-conversion -Wno-enum-conversion -Wno-float-conversion -Wno-non-literal-null-conversion -Wno-objc-literal-conversion -Wshorten-64-to-32 -Wpointer-sign -Wno-newline-eof -Wno-selector -Wno-strict-selector-match -Wno-undeclared-selector -Wno-deprecated-implementations -Wno-implicit-fallthrough -fstrict-aliasing -Wprotocol -Wdeprecated-declarations -Wno-sign-conversion -Wno-infinite-recursion -Wno-comma -Wno-block-capture-autoreleasing -Wno-strict-prototypes -Wno-semicolon-before-method-body -Werror\=incompatible-pointer-types @/Users/josh/Library/Developer/Xcode/DerivedData/GitX-cggrrpkbzogvjfcxoxftnovmywdq/Build/Intermediates.noindex/GitX.build/Debug/GitX.build/Objects-normal/arm64/22a6d426986e98cf1a8e0c880c6a22df-common-args.resp -include /Users/josh/Library/Developer/Xcode/DerivedData/GitX-cggrrpkbzogvjfcxoxftnovmywdq/Build/Intermediates.noindex/PrecompiledHeaders/SharedPrecompiledHeaders/1337419039418411841/GitX_Prefix.pch -MMD -MT dependencies -MF /Users/josh/Library/Developer/Xcode/DerivedData/GitX-cggrrpkbzogvjfcxoxftnovmywdq/Build/Intermediates.noindex/GitX.build/Debug/GitX.build/StaticAnalyzer/GitX/GitX/normal/arm64/NSString_Truncate.d --analyze /Users/josh/x/gitx/Classes/Util/NSString_Truncate.m -o /Users/josh/Library/Developer/Xcode/DerivedData/GitX-cggrrpkbzogvjfcxoxftnovmywdq/Build/Intermediates.noindex/GitX.build/Debug/GitX.build/StaticAnalyzer/GitX/GitX/normal/arm64/NSString_Truncate.plist

AnalyzeShallow /Users/josh/x/gitx/Classes/Util/NSString_RegEx.m normal arm64 (in target 'GitX' from project 'GitX')
    cd /Users/josh/x/gitx
    
    Using response file: /Users/josh/Library/Developer/Xcode/DerivedData/GitX-cggrrpkbzogvjfcxoxftnovmywdq/Build/Intermediates.noindex/GitX.build/Debug/GitX.build/Objects-normal/arm64/22a6d426986e98cf1a8e0c880c6a22df-common-args.resp
    
    /Applications/Xcode.app/Contents/Developer/Toolchains/XcodeDefault.xctoolchain/usr/bin/clang -x objective-c -ivfsstatcache /Users/josh/Library/Developer/Xcode/DerivedData/SDKStatCaches.noindex/macosx15.5-24F74-8254517eb8b97d462ccbc072ba9094c9.sdkstatcache -fmessage-length\=0 -fdiagnostics-show-note-include-stack -fmacro-backtrace-limit\=0 -fno-color-diagnostics -Wno-trigraphs -Wno-missing-field-initializers -Wno-missing-prototypes -Wno-implicit-atomic-properties -Wno-objc-interface-ivars -Wno-arc-repeated-use-of-weak -Wno-missing-braces -Wparentheses -Wswitch -Wno-unused-function -Wno-unused-label -Wno-unused-parameter -Wunused-variable -Wunused-value -Wno-empty-body -Wno-uninitialized -Wno-unknown-pragmas -Wno-shadow -Wno-four-char-constants -Wno-conversion -Wno-constant-conversion -Wno-int-conversion -Wno-bool-conversion -Wno-enum-conversion -Wno-float-conversion -Wno-non-literal-null-conversion -Wno-objc-literal-conversion -Wshorten-64-to-32 -Wpointer-sign -Wno-newline-eof -Wno-selector -Wno-strict-selector-match -Wno-undeclared-selector -Wno-deprecated-implementations -Wno-implicit-fallthrough -fstrict-aliasing -Wprotocol -Wdeprecated-declarations -Wno-sign-conversion -Wno-infinite-recursion -Wno-comma -Wno-block-capture-autoreleasing -Wno-strict-prototypes -Wno-semicolon-before-method-body -Werror\=incompatible-pointer-types @/Users/josh/Library/Developer/Xcode/DerivedData/GitX-cggrrpkbzogvjfcxoxftnovmywdq/Build/Intermediates.noindex/GitX.build/Debug/GitX.build/Objects-normal/arm64/22a6d426986e98cf1a8e0c880c6a22df-common-args.resp -include /Users/josh/Library/Developer/Xcode/DerivedData/GitX-cggrrpkbzogvjfcxoxftnovmywdq/Build/Intermediates.noindex/PrecompiledHeaders/SharedPrecompiledHeaders/1337419039418411841/GitX_Prefix.pch -MMD -MT dependencies -MF /Users/josh/Library/Developer/Xcode/DerivedData/GitX-cggrrpkbzogvjfcxoxftnovmywdq/Build/Intermediates.noindex/GitX.build/Debug/GitX.build/StaticAnalyzer/GitX/GitX/normal/arm64/NSString_RegEx.d --analyze /Users/josh/x/gitx/Classes/Util/NSString_RegEx.m -o /Users/josh/Library/Developer/Xcode/DerivedData/GitX-cggrrpkbzogvjfcxoxftnovmywdq/Build/Intermediates.noindex/GitX.build/Debug/GitX.build/StaticAnalyzer/GitX/GitX/normal/arm64/NSString_RegEx.plist

AnalyzeShallow /Users/josh/x/gitx/Classes/Util/NSOutlineViewExt.m normal arm64 (in target 'GitX' from project 'GitX')
    cd /Users/josh/x/gitx
    
    Using response file: /Users/josh/Library/Developer/Xcode/DerivedData/GitX-cggrrpkbzogvjfcxoxftnovmywdq/Build/Intermediates.noindex/GitX.build/Debug/GitX.build/Objects-normal/arm64/22a6d426986e98cf1a8e0c880c6a22df-common-args.resp
    
    /Applications/Xcode.app/Contents/Developer/Toolchains/XcodeDefault.xctoolchain/usr/bin/clang -x objective-c -ivfsstatcache /Users/josh/Library/Developer/Xcode/DerivedData/SDKStatCaches.noindex/macosx15.5-24F74-8254517eb8b97d462ccbc072ba9094c9.sdkstatcache -fmessage-length\=0 -fdiagnostics-show-note-include-stack -fmacro-backtrace-limit\=0 -fno-color-diagnostics -Wno-trigraphs -Wno-missing-field-initializers -Wno-missing-prototypes -Wno-implicit-atomic-properties -Wno-objc-interface-ivars -Wno-arc-repeated-use-of-weak -Wno-missing-braces -Wparentheses -Wswitch -Wno-unused-function -Wno-unused-label -Wno-unused-parameter -Wunused-variable -Wunused-value -Wno-empty-body -Wno-uninitialized -Wno-unknown-pragmas -Wno-shadow -Wno-four-char-constants -Wno-conversion -Wno-constant-conversion -Wno-int-conversion -Wno-bool-conversion -Wno-enum-conversion -Wno-float-conversion -Wno-non-literal-null-conversion -Wno-objc-literal-conversion -Wshorten-64-to-32 -Wpointer-sign -Wno-newline-eof -Wno-selector -Wno-strict-selector-match -Wno-undeclared-selector -Wno-deprecated-implementations -Wno-implicit-fallthrough -fstrict-aliasing -Wprotocol -Wdeprecated-declarations -Wno-sign-conversion -Wno-infinite-recursion -Wno-comma -Wno-block-capture-autoreleasing -Wno-strict-prototypes -Wno-semicolon-before-method-body -Werror\=incompatible-pointer-types @/Users/josh/Library/Developer/Xcode/DerivedData/GitX-cggrrpkbzogvjfcxoxftnovmywdq/Build/Intermediates.noindex/GitX.build/Debug/GitX.build/Objects-normal/arm64/22a6d426986e98cf1a8e0c880c6a22df-common-args.resp -include /Users/josh/Library/Developer/Xcode/DerivedData/GitX-cggrrpkbzogvjfcxoxftnovmywdq/Build/Intermediates.noindex/PrecompiledHeaders/SharedPrecompiledHeaders/1337419039418411841/GitX_Prefix.pch -MMD -MT dependencies -MF /Users/josh/Library/Developer/Xcode/DerivedData/GitX-cggrrpkbzogvjfcxoxftnovmywdq/Build/Intermediates.noindex/GitX.build/Debug/GitX.build/StaticAnalyzer/GitX/GitX/normal/arm64/NSOutlineViewExt.d --analyze /Users/josh/x/gitx/Classes/Util/NSOutlineViewExt.m -o /Users/josh/Library/Developer/Xcode/DerivedData/GitX-cggrrpkbzogvjfcxoxftnovmywdq/Build/Intermediates.noindex/GitX.build/Debug/GitX.build/StaticAnalyzer/GitX/GitX/normal/arm64/NSOutlineViewExt.plist

AnalyzeShallow /Users/josh/x/gitx/Classes/Util/NSFileHandleExt.m normal arm64 (in target 'GitX' from project 'GitX')
    cd /Users/josh/x/gitx
    
    Using response file: /Users/josh/Library/Developer/Xcode/DerivedData/GitX-cggrrpkbzogvjfcxoxftnovmywdq/Build/Intermediates.noindex/GitX.build/Debug/GitX.build/Objects-normal/arm64/22a6d426986e98cf1a8e0c880c6a22df-common-args.resp
    
    /Applications/Xcode.app/Contents/Developer/Toolchains/XcodeDefault.xctoolchain/usr/bin/clang -x objective-c -ivfsstatcache /Users/josh/Library/Developer/Xcode/DerivedData/SDKStatCaches.noindex/macosx15.5-24F74-8254517eb8b97d462ccbc072ba9094c9.sdkstatcache -fmessage-length\=0 -fdiagnostics-show-note-include-stack -fmacro-backtrace-limit\=0 -fno-color-diagnostics -Wno-trigraphs -Wno-missing-field-initializers -Wno-missing-prototypes -Wno-implicit-atomic-properties -Wno-objc-interface-ivars -Wno-arc-repeated-use-of-weak -Wno-missing-braces -Wparentheses -Wswitch -Wno-unused-function -Wno-unused-label -Wno-unused-parameter -Wunused-variable -Wunused-value -Wno-empty-body -Wno-uninitialized -Wno-unknown-pragmas -Wno-shadow -Wno-four-char-constants -Wno-conversion -Wno-constant-conversion -Wno-int-conversion -Wno-bool-conversion -Wno-enum-conversion -Wno-float-conversion -Wno-non-literal-null-conversion -Wno-objc-literal-conversion -Wshorten-64-to-32 -Wpointer-sign -Wno-newline-eof -Wno-selector -Wno-strict-selector-match -Wno-undeclared-selector -Wno-deprecated-implementations -Wno-implicit-fallthrough -fstrict-aliasing -Wprotocol -Wdeprecated-declarations -Wno-sign-conversion -Wno-infinite-recursion -Wno-comma -Wno-block-capture-autoreleasing -Wno-strict-prototypes -Wno-semicolon-before-method-body -Werror\=incompatible-pointer-types @/Users/josh/Library/Developer/Xcode/DerivedData/GitX-cggrrpkbzogvjfcxoxftnovmywdq/Build/Intermediates.noindex/GitX.build/Debug/GitX.build/Objects-normal/arm64/22a6d426986e98cf1a8e0c880c6a22df-common-args.resp -include /Users/josh/Library/Developer/Xcode/DerivedData/GitX-cggrrpkbzogvjfcxoxftnovmywdq/Build/Intermediates.noindex/PrecompiledHeaders/SharedPrecompiledHeaders/1337419039418411841/GitX_Prefix.pch -MMD -MT dependencies -MF /Users/josh/Library/Developer/Xcode/DerivedData/GitX-cggrrpkbzogvjfcxoxftnovmywdq/Build/Intermediates.noindex/GitX.build/Debug/GitX.build/StaticAnalyzer/GitX/GitX/normal/arm64/NSFileHandleExt.d --analyze /Users/josh/x/gitx/Classes/Util/NSFileHandleExt.m -o /Users/josh/Library/Developer/Xcode/DerivedData/GitX-cggrrpkbzogvjfcxoxftnovmywdq/Build/Intermediates.noindex/GitX.build/Debug/GitX.build/StaticAnalyzer/GitX/GitX/normal/arm64/NSFileHandleExt.plist

AnalyzeShallow /Users/josh/x/gitx/Classes/Util/NSApplication+GitXScripting.m normal arm64 (in target 'GitX' from project 'GitX')
    cd /Users/josh/x/gitx
    
    Using response file: /Users/josh/Library/Developer/Xcode/DerivedData/GitX-cggrrpkbzogvjfcxoxftnovmywdq/Build/Intermediates.noindex/GitX.build/Debug/GitX.build/Objects-normal/arm64/22a6d426986e98cf1a8e0c880c6a22df-common-args.resp
    
    /Applications/Xcode.app/Contents/Developer/Toolchains/XcodeDefault.xctoolchain/usr/bin/clang -x objective-c -ivfsstatcache /Users/josh/Library/Developer/Xcode/DerivedData/SDKStatCaches.noindex/macosx15.5-24F74-8254517eb8b97d462ccbc072ba9094c9.sdkstatcache -fmessage-length\=0 -fdiagnostics-show-note-include-stack -fmacro-backtrace-limit\=0 -fno-color-diagnostics -Wno-trigraphs -Wno-missing-field-initializers -Wno-missing-prototypes -Wno-implicit-atomic-properties -Wno-objc-interface-ivars -Wno-arc-repeated-use-of-weak -Wno-missing-braces -Wparentheses -Wswitch -Wno-unused-function -Wno-unused-label -Wno-unused-parameter -Wunused-variable -Wunused-value -Wno-empty-body -Wno-uninitialized -Wno-unknown-pragmas -Wno-shadow -Wno-four-char-constants -Wno-conversion -Wno-constant-conversion -Wno-int-conversion -Wno-bool-conversion -Wno-enum-conversion -Wno-float-conversion -Wno-non-literal-null-conversion -Wno-objc-literal-conversion -Wshorten-64-to-32 -Wpointer-sign -Wno-newline-eof -Wno-selector -Wno-strict-selector-match -Wno-undeclared-selector -Wno-deprecated-implementations -Wno-implicit-fallthrough -fstrict-aliasing -Wprotocol -Wdeprecated-declarations -Wno-sign-conversion -Wno-infinite-recursion -Wno-comma -Wno-block-capture-autoreleasing -Wno-strict-prototypes -Wno-semicolon-before-method-body -Werror\=incompatible-pointer-types @/Users/josh/Library/Developer/Xcode/DerivedData/GitX-cggrrpkbzogvjfcxoxftnovmywdq/Build/Intermediates.noindex/GitX.build/Debug/GitX.build/Objects-normal/arm64/22a6d426986e98cf1a8e0c880c6a22df-common-args.resp -include /Users/josh/Library/Developer/Xcode/DerivedData/GitX-cggrrpkbzogvjfcxoxftnovmywdq/Build/Intermediates.noindex/PrecompiledHeaders/SharedPrecompiledHeaders/1337419039418411841/GitX_Prefix.pch -MMD -MT dependencies -MF /Users/josh/Library/Developer/Xcode/DerivedData/GitX-cggrrpkbzogvjfcxoxftnovmywdq/Build/Intermediates.noindex/GitX.build/Debug/GitX.build/StaticAnalyzer/GitX/GitX/normal/arm64/NSApplication+GitXScripting.d --analyze /Users/josh/x/gitx/Classes/Util/NSApplication+GitXScripting.m -o /Users/josh/Library/Developer/Xcode/DerivedData/GitX-cggrrpkbzogvjfcxoxftnovmywdq/Build/Intermediates.noindex/GitX.build/Debug/GitX.build/StaticAnalyzer/GitX/GitX/normal/arm64/NSApplication+GitXScripting.plist

AnalyzeShallow /Users/josh/x/gitx/Classes/RoundedRectangle.m normal arm64 (in target 'GitX' from project 'GitX')
    cd /Users/josh/x/gitx
    
    Using response file: /Users/josh/Library/Developer/Xcode/DerivedData/GitX-cggrrpkbzogvjfcxoxftnovmywdq/Build/Intermediates.noindex/GitX.build/Debug/GitX.build/Objects-normal/arm64/22a6d426986e98cf1a8e0c880c6a22df-common-args.resp
    
    /Applications/Xcode.app/Contents/Developer/Toolchains/XcodeDefault.xctoolchain/usr/bin/clang -x objective-c -ivfsstatcache /Users/josh/Library/Developer/Xcode/DerivedData/SDKStatCaches.noindex/macosx15.5-24F74-8254517eb8b97d462ccbc072ba9094c9.sdkstatcache -fmessage-length\=0 -fdiagnostics-show-note-include-stack -fmacro-backtrace-limit\=0 -fno-color-diagnostics -Wno-trigraphs -Wno-missing-field-initializers -Wno-missing-prototypes -Wno-implicit-atomic-properties -Wno-objc-interface-ivars -Wno-arc-repeated-use-of-weak -Wno-missing-braces -Wparentheses -Wswitch -Wno-unused-function -Wno-unused-label -Wno-unused-parameter -Wunused-variable -Wunused-value -Wno-empty-body -Wno-uninitialized -Wno-unknown-pragmas -Wno-shadow -Wno-four-char-constants -Wno-conversion -Wno-constant-conversion -Wno-int-conversion -Wno-bool-conversion -Wno-enum-conversion -Wno-float-conversion -Wno-non-literal-null-conversion -Wno-objc-literal-conversion -Wshorten-64-to-32 -Wpointer-sign -Wno-newline-eof -Wno-selector -Wno-strict-selector-match -Wno-undeclared-selector -Wno-deprecated-implementations -Wno-implicit-fallthrough -fstrict-aliasing -Wprotocol -Wdeprecated-declarations -Wno-sign-conversion -Wno-infinite-recursion -Wno-comma -Wno-block-capture-autoreleasing -Wno-strict-prototypes -Wno-semicolon-before-method-body -Werror\=incompatible-pointer-types @/Users/josh/Library/Developer/Xcode/DerivedData/GitX-cggrrpkbzogvjfcxoxftnovmywdq/Build/Intermediates.noindex/GitX.build/Debug/GitX.build/Objects-normal/arm64/22a6d426986e98cf1a8e0c880c6a22df-common-args.resp -include /Users/josh/Library/Developer/Xcode/DerivedData/GitX-cggrrpkbzogvjfcxoxftnovmywdq/Build/Intermediates.noindex/PrecompiledHeaders/SharedPrecompiledHeaders/1337419039418411841/GitX_Prefix.pch -MMD -MT dependencies -MF /Users/josh/Library/Developer/Xcode/DerivedData/GitX-cggrrpkbzogvjfcxoxftnovmywdq/Build/Intermediates.noindex/GitX.build/Debug/GitX.build/StaticAnalyzer/GitX/GitX/normal/arm64/RoundedRectangle.d --analyze /Users/josh/x/gitx/Classes/RoundedRectangle.m -o /Users/josh/Library/Developer/Xcode/DerivedData/GitX-cggrrpkbzogvjfcxoxftnovmywdq/Build/Intermediates.noindex/GitX.build/Debug/GitX.build/StaticAnalyzer/GitX/GitX/normal/arm64/RoundedRectangle.plist

AnalyzeShallow /Users/josh/x/gitx/Classes/PBUnsortableTableHeader.m normal arm64 (in target 'GitX' from project 'GitX')
    cd /Users/josh/x/gitx
    
    Using response file: /Users/josh/Library/Developer/Xcode/DerivedData/GitX-cggrrpkbzogvjfcxoxftnovmywdq/Build/Intermediates.noindex/GitX.build/Debug/GitX.build/Objects-normal/arm64/22a6d426986e98cf1a8e0c880c6a22df-common-args.resp
    
    /Applications/Xcode.app/Contents/Developer/Toolchains/XcodeDefault.xctoolchain/usr/bin/clang -x objective-c -ivfsstatcache /Users/josh/Library/Developer/Xcode/DerivedData/SDKStatCaches.noindex/macosx15.5-24F74-8254517eb8b97d462ccbc072ba9094c9.sdkstatcache -fmessage-length\=0 -fdiagnostics-show-note-include-stack -fmacro-backtrace-limit\=0 -fno-color-diagnostics -Wno-trigraphs -Wno-missing-field-initializers -Wno-missing-prototypes -Wno-implicit-atomic-properties -Wno-objc-interface-ivars -Wno-arc-repeated-use-of-weak -Wno-missing-braces -Wparentheses -Wswitch -Wno-unused-function -Wno-unused-label -Wno-unused-parameter -Wunused-variable -Wunused-value -Wno-empty-body -Wno-uninitialized -Wno-unknown-pragmas -Wno-shadow -Wno-four-char-constants -Wno-conversion -Wno-constant-conversion -Wno-int-conversion -Wno-bool-conversion -Wno-enum-conversion -Wno-float-conversion -Wno-non-literal-null-conversion -Wno-objc-literal-conversion -Wshorten-64-to-32 -Wpointer-sign -Wno-newline-eof -Wno-selector -Wno-strict-selector-match -Wno-undeclared-selector -Wno-deprecated-implementations -Wno-implicit-fallthrough -fstrict-aliasing -Wprotocol -Wdeprecated-declarations -Wno-sign-conversion -Wno-infinite-recursion -Wno-comma -Wno-block-capture-autoreleasing -Wno-strict-prototypes -Wno-semicolon-before-method-body -Werror\=incompatible-pointer-types @/Users/josh/Library/Developer/Xcode/DerivedData/GitX-cggrrpkbzogvjfcxoxftnovmywdq/Build/Intermediates.noindex/GitX.build/Debug/GitX.build/Objects-normal/arm64/22a6d426986e98cf1a8e0c880c6a22df-common-args.resp -include /Users/josh/Library/Developer/Xcode/DerivedData/GitX-cggrrpkbzogvjfcxoxftnovmywdq/Build/Intermediates.noindex/PrecompiledHeaders/SharedPrecompiledHeaders/1337419039418411841/GitX_Prefix.pch -MMD -MT dependencies -MF /Users/josh/Library/Developer/Xcode/DerivedData/GitX-cggrrpkbzogvjfcxoxftnovmywdq/Build/Intermediates.noindex/GitX.build/Debug/GitX.build/StaticAnalyzer/GitX/GitX/normal/arm64/PBUnsortableTableHeader.d --analyze /Users/josh/x/gitx/Classes/PBUnsortableTableHeader.m -o /Users/josh/Library/Developer/Xcode/DerivedData/GitX-cggrrpkbzogvjfcxoxftnovmywdq/Build/Intermediates.noindex/GitX.build/Debug/GitX.build/StaticAnalyzer/GitX/GitX/normal/arm64/PBUnsortableTableHeader.plist

AnalyzeShallow /Users/josh/x/gitx/Classes/PBNSURLPathUserDefaultsTransfomer.m normal arm64 (in target 'GitX' from project 'GitX')
    cd /Users/josh/x/gitx
    
    Using response file: /Users/josh/Library/Developer/Xcode/DerivedData/GitX-cggrrpkbzogvjfcxoxftnovmywdq/Build/Intermediates.noindex/GitX.build/Debug/GitX.build/Objects-normal/arm64/22a6d426986e98cf1a8e0c880c6a22df-common-args.resp
    
    /Applications/Xcode.app/Contents/Developer/Toolchains/XcodeDefault.xctoolchain/usr/bin/clang -x objective-c -ivfsstatcache /Users/josh/Library/Developer/Xcode/DerivedData/SDKStatCaches.noindex/macosx15.5-24F74-8254517eb8b97d462ccbc072ba9094c9.sdkstatcache -fmessage-length\=0 -fdiagnostics-show-note-include-stack -fmacro-backtrace-limit\=0 -fno-color-diagnostics -Wno-trigraphs -Wno-missing-field-initializers -Wno-missing-prototypes -Wno-implicit-atomic-properties -Wno-objc-interface-ivars -Wno-arc-repeated-use-of-weak -Wno-missing-braces -Wparentheses -Wswitch -Wno-unused-function -Wno-unused-label -Wno-unused-parameter -Wunused-variable -Wunused-value -Wno-empty-body -Wno-uninitialized -Wno-unknown-pragmas -Wno-shadow -Wno-four-char-constants -Wno-conversion -Wno-constant-conversion -Wno-int-conversion -Wno-bool-conversion -Wno-enum-conversion -Wno-float-conversion -Wno-non-literal-null-conversion -Wno-objc-literal-conversion -Wshorten-64-to-32 -Wpointer-sign -Wno-newline-eof -Wno-selector -Wno-strict-selector-match -Wno-undeclared-selector -Wno-deprecated-implementations -Wno-implicit-fallthrough -fstrict-aliasing -Wprotocol -Wdeprecated-declarations -Wno-sign-conversion -Wno-infinite-recursion -Wno-comma -Wno-block-capture-autoreleasing -Wno-strict-prototypes -Wno-semicolon-before-method-body -Werror\=incompatible-pointer-types @/Users/josh/Library/Developer/Xcode/DerivedData/GitX-cggrrpkbzogvjfcxoxftnovmywdq/Build/Intermediates.noindex/GitX.build/Debug/GitX.build/Objects-normal/arm64/22a6d426986e98cf1a8e0c880c6a22df-common-args.resp -include /Users/josh/Library/Developer/Xcode/DerivedData/GitX-cggrrpkbzogvjfcxoxftnovmywdq/Build/Intermediates.noindex/PrecompiledHeaders/SharedPrecompiledHeaders/1337419039418411841/GitX_Prefix.pch -MMD -MT dependencies -MF /Users/josh/Library/Developer/Xcode/DerivedData/GitX-cggrrpkbzogvjfcxoxftnovmywdq/Build/Intermediates.noindex/GitX.build/Debug/GitX.build/StaticAnalyzer/GitX/GitX/normal/arm64/PBNSURLPathUserDefaultsTransfomer.d --analyze /Users/josh/x/gitx/Classes/PBNSURLPathUserDefaultsTransfomer.m -o /Users/josh/Library/Developer/Xcode/DerivedData/GitX-cggrrpkbzogvjfcxoxftnovmywdq/Build/Intermediates.noindex/GitX.build/Debug/GitX.build/StaticAnalyzer/GitX/GitX/normal/arm64/PBNSURLPathUserDefaultsTransfomer.plist

AnalyzeShallow /Users/josh/x/gitx/Classes/PBGraphCellInfo.m normal arm64 (in target 'GitX' from project 'GitX')
    cd /Users/josh/x/gitx
    
    Using response file: /Users/josh/Library/Developer/Xcode/DerivedData/GitX-cggrrpkbzogvjfcxoxftnovmywdq/Build/Intermediates.noindex/GitX.build/Debug/GitX.build/Objects-normal/arm64/22a6d426986e98cf1a8e0c880c6a22df-common-args.resp
    
    /Applications/Xcode.app/Contents/Developer/Toolchains/XcodeDefault.xctoolchain/usr/bin/clang -x objective-c -ivfsstatcache /Users/josh/Library/Developer/Xcode/DerivedData/SDKStatCaches.noindex/macosx15.5-24F74-8254517eb8b97d462ccbc072ba9094c9.sdkstatcache -fmessage-length\=0 -fdiagnostics-show-note-include-stack -fmacro-backtrace-limit\=0 -fno-color-diagnostics -Wno-trigraphs -Wno-missing-field-initializers -Wno-missing-prototypes -Wno-implicit-atomic-properties -Wno-objc-interface-ivars -Wno-arc-repeated-use-of-weak -Wno-missing-braces -Wparentheses -Wswitch -Wno-unused-function -Wno-unused-label -Wno-unused-parameter -Wunused-variable -Wunused-value -Wno-empty-body -Wno-uninitialized -Wno-unknown-pragmas -Wno-shadow -Wno-four-char-constants -Wno-conversion -Wno-constant-conversion -Wno-int-conversion -Wno-bool-conversion -Wno-enum-conversion -Wno-float-conversion -Wno-non-literal-null-conversion -Wno-objc-literal-conversion -Wshorten-64-to-32 -Wpointer-sign -Wno-newline-eof -Wno-selector -Wno-strict-selector-match -Wno-undeclared-selector -Wno-deprecated-implementations -Wno-implicit-fallthrough -fstrict-aliasing -Wprotocol -Wdeprecated-declarations -Wno-sign-conversion -Wno-infinite-recursion -Wno-comma -Wno-block-capture-autoreleasing -Wno-strict-prototypes -Wno-semicolon-before-method-body -Werror\=incompatible-pointer-types @/Users/josh/Library/Developer/Xcode/DerivedData/GitX-cggrrpkbzogvjfcxoxftnovmywdq/Build/Intermediates.noindex/GitX.build/Debug/GitX.build/Objects-normal/arm64/22a6d426986e98cf1a8e0c880c6a22df-common-args.resp -include /Users/josh/Library/Developer/Xcode/DerivedData/GitX-cggrrpkbzogvjfcxoxftnovmywdq/Build/Intermediates.noindex/PrecompiledHeaders/SharedPrecompiledHeaders/1337419039418411841/GitX_Prefix.pch -MMD -MT dependencies -MF /Users/josh/Library/Developer/Xcode/DerivedData/GitX-cggrrpkbzogvjfcxoxftnovmywdq/Build/Intermediates.noindex/GitX.build/Debug/GitX.build/StaticAnalyzer/GitX/GitX/normal/arm64/PBGraphCellInfo.d --analyze /Users/josh/x/gitx/Classes/PBGraphCellInfo.m -o /Users/josh/Library/Developer/Xcode/DerivedData/GitX-cggrrpkbzogvjfcxoxftnovmywdq/Build/Intermediates.noindex/GitX.build/Debug/GitX.build/StaticAnalyzer/GitX/GitX/normal/arm64/PBGraphCellInfo.plist

AnalyzeShallow /Users/josh/x/gitx/Classes/PBCommitList.m normal arm64 (in target 'GitX' from project 'GitX')
    cd /Users/josh/x/gitx
    
    Using response file: /Users/josh/Library/Developer/Xcode/DerivedData/GitX-cggrrpkbzogvjfcxoxftnovmywdq/Build/Intermediates.noindex/GitX.build/Debug/GitX.build/Objects-normal/arm64/22a6d426986e98cf1a8e0c880c6a22df-common-args.resp
    
    /Applications/Xcode.app/Contents/Developer/Toolchains/XcodeDefault.xctoolchain/usr/bin/clang -x objective-c -ivfsstatcache /Users/josh/Library/Developer/Xcode/DerivedData/SDKStatCaches.noindex/macosx15.5-24F74-8254517eb8b97d462ccbc072ba9094c9.sdkstatcache -fmessage-length\=0 -fdiagnostics-show-note-include-stack -fmacro-backtrace-limit\=0 -fno-color-diagnostics -Wno-trigraphs -Wno-missing-field-initializers -Wno-missing-prototypes -Wno-implicit-atomic-properties -Wno-objc-interface-ivars -Wno-arc-repeated-use-of-weak -Wno-missing-braces -Wparentheses -Wswitch -Wno-unused-function -Wno-unused-label -Wno-unused-parameter -Wunused-variable -Wunused-value -Wno-empty-body -Wno-uninitialized -Wno-unknown-pragmas -Wno-shadow -Wno-four-char-constants -Wno-conversion -Wno-constant-conversion -Wno-int-conversion -Wno-bool-conversion -Wno-enum-conversion -Wno-float-conversion -Wno-non-literal-null-conversion -Wno-objc-literal-conversion -Wshorten-64-to-32 -Wpointer-sign -Wno-newline-eof -Wno-selector -Wno-strict-selector-match -Wno-undeclared-selector -Wno-deprecated-implementations -Wno-implicit-fallthrough -fstrict-aliasing -Wprotocol -Wdeprecated-declarations -Wno-sign-conversion -Wno-infinite-recursion -Wno-comma -Wno-block-capture-autoreleasing -Wno-strict-prototypes -Wno-semicolon-before-method-body -Werror\=incompatible-pointer-types @/Users/josh/Library/Developer/Xcode/DerivedData/GitX-cggrrpkbzogvjfcxoxftnovmywdq/Build/Intermediates.noindex/GitX.build/Debug/GitX.build/Objects-normal/arm64/22a6d426986e98cf1a8e0c880c6a22df-common-args.resp -include /Users/josh/Library/Developer/Xcode/DerivedData/GitX-cggrrpkbzogvjfcxoxftnovmywdq/Build/Intermediates.noindex/PrecompiledHeaders/SharedPrecompiledHeaders/1337419039418411841/GitX_Prefix.pch -MMD -MT dependencies -MF /Users/josh/Library/Developer/Xcode/DerivedData/GitX-cggrrpkbzogvjfcxoxftnovmywdq/Build/Intermediates.noindex/GitX.build/Debug/GitX.build/StaticAnalyzer/GitX/GitX/normal/arm64/PBCommitList.d --analyze /Users/josh/x/gitx/Classes/PBCommitList.m -o /Users/josh/Library/Developer/Xcode/DerivedData/GitX-cggrrpkbzogvjfcxoxftnovmywdq/Build/Intermediates.noindex/GitX.build/Debug/GitX.build/StaticAnalyzer/GitX/GitX/normal/arm64/PBCommitList.plist

AnalyzeShallow /Users/josh/x/gitx/Classes/PBChangedFile.m normal arm64 (in target 'GitX' from project 'GitX')
    cd /Users/josh/x/gitx
    
    Using response file: /Users/josh/Library/Developer/Xcode/DerivedData/GitX-cggrrpkbzogvjfcxoxftnovmywdq/Build/Intermediates.noindex/GitX.build/Debug/GitX.build/Objects-normal/arm64/22a6d426986e98cf1a8e0c880c6a22df-common-args.resp
    
    /Applications/Xcode.app/Contents/Developer/Toolchains/XcodeDefault.xctoolchain/usr/bin/clang -x objective-c -ivfsstatcache /Users/josh/Library/Developer/Xcode/DerivedData/SDKStatCaches.noindex/macosx15.5-24F74-8254517eb8b97d462ccbc072ba9094c9.sdkstatcache -fmessage-length\=0 -fdiagnostics-show-note-include-stack -fmacro-backtrace-limit\=0 -fno-color-diagnostics -Wno-trigraphs -Wno-missing-field-initializers -Wno-missing-prototypes -Wno-implicit-atomic-properties -Wno-objc-interface-ivars -Wno-arc-repeated-use-of-weak -Wno-missing-braces -Wparentheses -Wswitch -Wno-unused-function -Wno-unused-label -Wno-unused-parameter -Wunused-variable -Wunused-value -Wno-empty-body -Wno-uninitialized -Wno-unknown-pragmas -Wno-shadow -Wno-four-char-constants -Wno-conversion -Wno-constant-conversion -Wno-int-conversion -Wno-bool-conversion -Wno-enum-conversion -Wno-float-conversion -Wno-non-literal-null-conversion -Wno-objc-literal-conversion -Wshorten-64-to-32 -Wpointer-sign -Wno-newline-eof -Wno-selector -Wno-strict-selector-match -Wno-undeclared-selector -Wno-deprecated-implementations -Wno-implicit-fallthrough -fstrict-aliasing -Wprotocol -Wdeprecated-declarations -Wno-sign-conversion -Wno-infinite-recursion -Wno-comma -Wno-block-capture-autoreleasing -Wno-strict-prototypes -Wno-semicolon-before-method-body -Werror\=incompatible-pointer-types @/Users/josh/Library/Developer/Xcode/DerivedData/GitX-cggrrpkbzogvjfcxoxftnovmywdq/Build/Intermediates.noindex/GitX.build/Debug/GitX.build/Objects-normal/arm64/22a6d426986e98cf1a8e0c880c6a22df-common-args.resp -include /Users/josh/Library/Developer/Xcode/DerivedData/GitX-cggrrpkbzogvjfcxoxftnovmywdq/Build/Intermediates.noindex/PrecompiledHeaders/SharedPrecompiledHeaders/1337419039418411841/GitX_Prefix.pch -MMD -MT dependencies -MF /Users/josh/Library/Developer/Xcode/DerivedData/GitX-cggrrpkbzogvjfcxoxftnovmywdq/Build/Intermediates.noindex/GitX.build/Debug/GitX.build/StaticAnalyzer/GitX/GitX/normal/arm64/PBChangedFile.d --analyze /Users/josh/x/gitx/Classes/PBChangedFile.m -o /Users/josh/Library/Developer/Xcode/DerivedData/GitX-cggrrpkbzogvjfcxoxftnovmywdq/Build/Intermediates.noindex/GitX.build/Debug/GitX.build/StaticAnalyzer/GitX/GitX/normal/arm64/PBChangedFile.plist

AnalyzeShallow /Users/josh/x/gitx/Classes/PBCLIProxy.m normal arm64 (in target 'GitX' from project 'GitX')
    cd /Users/josh/x/gitx
    
    Using response file: /Users/josh/Library/Developer/Xcode/DerivedData/GitX-cggrrpkbzogvjfcxoxftnovmywdq/Build/Intermediates.noindex/GitX.build/Debug/GitX.build/Objects-normal/arm64/22a6d426986e98cf1a8e0c880c6a22df-common-args.resp
    
    /Applications/Xcode.app/Contents/Developer/Toolchains/XcodeDefault.xctoolchain/usr/bin/clang -x objective-c -ivfsstatcache /Users/josh/Library/Developer/Xcode/DerivedData/SDKStatCaches.noindex/macosx15.5-24F74-8254517eb8b97d462ccbc072ba9094c9.sdkstatcache -fmessage-length\=0 -fdiagnostics-show-note-include-stack -fmacro-backtrace-limit\=0 -fno-color-diagnostics -Wno-trigraphs -Wno-missing-field-initializers -Wno-missing-prototypes -Wno-implicit-atomic-properties -Wno-objc-interface-ivars -Wno-arc-repeated-use-of-weak -Wno-missing-braces -Wparentheses -Wswitch -Wno-unused-function -Wno-unused-label -Wno-unused-parameter -Wunused-variable -Wunused-value -Wno-empty-body -Wno-uninitialized -Wno-unknown-pragmas -Wno-shadow -Wno-four-char-constants -Wno-conversion -Wno-constant-conversion -Wno-int-conversion -Wno-bool-conversion -Wno-enum-conversion -Wno-float-conversion -Wno-non-literal-null-conversion -Wno-objc-literal-conversion -Wshorten-64-to-32 -Wpointer-sign -Wno-newline-eof -Wno-selector -Wno-strict-selector-match -Wno-undeclared-selector -Wno-deprecated-implementations -Wno-implicit-fallthrough -fstrict-aliasing -Wprotocol -Wdeprecated-declarations -Wno-sign-conversion -Wno-infinite-recursion -Wno-comma -Wno-block-capture-autoreleasing -Wno-strict-prototypes -Wno-semicolon-before-method-body -Werror\=incompatible-pointer-types @/Users/josh/Library/Developer/Xcode/DerivedData/GitX-cggrrpkbzogvjfcxoxftnovmywdq/Build/Intermediates.noindex/GitX.build/Debug/GitX.build/Objects-normal/arm64/22a6d426986e98cf1a8e0c880c6a22df-common-args.resp -include /Users/josh/Library/Developer/Xcode/DerivedData/GitX-cggrrpkbzogvjfcxoxftnovmywdq/Build/Intermediates.noindex/PrecompiledHeaders/SharedPrecompiledHeaders/1337419039418411841/GitX_Prefix.pch -MMD -MT dependencies -MF /Users/josh/Library/Developer/Xcode/DerivedData/GitX-cggrrpkbzogvjfcxoxftnovmywdq/Build/Intermediates.noindex/GitX.build/Debug/GitX.build/StaticAnalyzer/GitX/GitX/normal/arm64/PBCLIProxy.d --analyze /Users/josh/x/gitx/Classes/PBCLIProxy.m -o /Users/josh/Library/Developer/Xcode/DerivedData/GitX-cggrrpkbzogvjfcxoxftnovmywdq/Build/Intermediates.noindex/GitX.build/Debug/GitX.build/StaticAnalyzer/GitX/GitX/normal/arm64/PBCLIProxy.plist

AnalyzeShallow /Users/josh/x/gitx/Classes/Controllers/PBWebHistoryController.m normal arm64 (in target 'GitX' from project 'GitX')
    cd /Users/josh/x/gitx
    
    Using response file: /Users/josh/Library/Developer/Xcode/DerivedData/GitX-cggrrpkbzogvjfcxoxftnovmywdq/Build/Intermediates.noindex/GitX.build/Debug/GitX.build/Objects-normal/arm64/22a6d426986e98cf1a8e0c880c6a22df-common-args.resp
    
    /Applications/Xcode.app/Contents/Developer/Toolchains/XcodeDefault.xctoolchain/usr/bin/clang -x objective-c -ivfsstatcache /Users/josh/Library/Developer/Xcode/DerivedData/SDKStatCaches.noindex/macosx15.5-24F74-8254517eb8b97d462ccbc072ba9094c9.sdkstatcache -fmessage-length\=0 -fdiagnostics-show-note-include-stack -fmacro-backtrace-limit\=0 -fno-color-diagnostics -Wno-trigraphs -Wno-missing-field-initializers -Wno-missing-prototypes -Wno-implicit-atomic-properties -Wno-objc-interface-ivars -Wno-arc-repeated-use-of-weak -Wno-missing-braces -Wparentheses -Wswitch -Wno-unused-function -Wno-unused-label -Wno-unused-parameter -Wunused-variable -Wunused-value -Wno-empty-body -Wno-uninitialized -Wno-unknown-pragmas -Wno-shadow -Wno-four-char-constants -Wno-conversion -Wno-constant-conversion -Wno-int-conversion -Wno-bool-conversion -Wno-enum-conversion -Wno-float-conversion -Wno-non-literal-null-conversion -Wno-objc-literal-conversion -Wshorten-64-to-32 -Wpointer-sign -Wno-newline-eof -Wno-selector -Wno-strict-selector-match -Wno-undeclared-selector -Wno-deprecated-implementations -Wno-implicit-fallthrough -fstrict-aliasing -Wprotocol -Wdeprecated-declarations -Wno-sign-conversion -Wno-infinite-recursion -Wno-comma -Wno-block-capture-autoreleasing -Wno-strict-prototypes -Wno-semicolon-before-method-body -Werror\=incompatible-pointer-types @/Users/josh/Library/Developer/Xcode/DerivedData/GitX-cggrrpkbzogvjfcxoxftnovmywdq/Build/Intermediates.noindex/GitX.build/Debug/GitX.build/Objects-normal/arm64/22a6d426986e98cf1a8e0c880c6a22df-common-args.resp -include /Users/josh/Library/Developer/Xcode/DerivedData/GitX-cggrrpkbzogvjfcxoxftnovmywdq/Build/Intermediates.noindex/PrecompiledHeaders/SharedPrecompiledHeaders/1337419039418411841/GitX_Prefix.pch -MMD -MT dependencies -MF /Users/josh/Library/Developer/Xcode/DerivedData/GitX-cggrrpkbzogvjfcxoxftnovmywdq/Build/Intermediates.noindex/GitX.build/Debug/GitX.build/StaticAnalyzer/GitX/GitX/normal/arm64/PBWebHistoryController.d --analyze /Users/josh/x/gitx/Classes/Controllers/PBWebHistoryController.m -o /Users/josh/Library/Developer/Xcode/DerivedData/GitX-cggrrpkbzogvjfcxoxftnovmywdq/Build/Intermediates.noindex/GitX.build/Debug/GitX.build/StaticAnalyzer/GitX/GitX/normal/arm64/PBWebHistoryController.plist

AnalyzeShallow /Users/josh/x/gitx/Classes/Controllers/PBWebDiffController.m normal arm64 (in target 'GitX' from project 'GitX')
    cd /Users/josh/x/gitx
    
    Using response file: /Users/josh/Library/Developer/Xcode/DerivedData/GitX-cggrrpkbzogvjfcxoxftnovmywdq/Build/Intermediates.noindex/GitX.build/Debug/GitX.build/Objects-normal/arm64/22a6d426986e98cf1a8e0c880c6a22df-common-args.resp
    
    /Applications/Xcode.app/Contents/Developer/Toolchains/XcodeDefault.xctoolchain/usr/bin/clang -x objective-c -ivfsstatcache /Users/josh/Library/Developer/Xcode/DerivedData/SDKStatCaches.noindex/macosx15.5-24F74-8254517eb8b97d462ccbc072ba9094c9.sdkstatcache -fmessage-length\=0 -fdiagnostics-show-note-include-stack -fmacro-backtrace-limit\=0 -fno-color-diagnostics -Wno-trigraphs -Wno-missing-field-initializers -Wno-missing-prototypes -Wno-implicit-atomic-properties -Wno-objc-interface-ivars -Wno-arc-repeated-use-of-weak -Wno-missing-braces -Wparentheses -Wswitch -Wno-unused-function -Wno-unused-label -Wno-unused-parameter -Wunused-variable -Wunused-value -Wno-empty-body -Wno-uninitialized -Wno-unknown-pragmas -Wno-shadow -Wno-four-char-constants -Wno-conversion -Wno-constant-conversion -Wno-int-conversion -Wno-bool-conversion -Wno-enum-conversion -Wno-float-conversion -Wno-non-literal-null-conversion -Wno-objc-literal-conversion -Wshorten-64-to-32 -Wpointer-sign -Wno-newline-eof -Wno-selector -Wno-strict-selector-match -Wno-undeclared-selector -Wno-deprecated-implementations -Wno-implicit-fallthrough -fstrict-aliasing -Wprotocol -Wdeprecated-declarations -Wno-sign-conversion -Wno-infinite-recursion -Wno-comma -Wno-block-capture-autoreleasing -Wno-strict-prototypes -Wno-semicolon-before-method-body -Werror\=incompatible-pointer-types @/Users/josh/Library/Developer/Xcode/DerivedData/GitX-cggrrpkbzogvjfcxoxftnovmywdq/Build/Intermediates.noindex/GitX.build/Debug/GitX.build/Objects-normal/arm64/22a6d426986e98cf1a8e0c880c6a22df-common-args.resp -include /Users/josh/Library/Developer/Xcode/DerivedData/GitX-cggrrpkbzogvjfcxoxftnovmywdq/Build/Intermediates.noindex/PrecompiledHeaders/SharedPrecompiledHeaders/1337419039418411841/GitX_Prefix.pch -MMD -MT dependencies -MF /Users/josh/Library/Developer/Xcode/DerivedData/GitX-cggrrpkbzogvjfcxoxftnovmywdq/Build/Intermediates.noindex/GitX.build/Debug/GitX.build/StaticAnalyzer/GitX/GitX/normal/arm64/PBWebDiffController.d --analyze /Users/josh/x/gitx/Classes/Controllers/PBWebDiffController.m -o /Users/josh/Library/Developer/Xcode/DerivedData/GitX-cggrrpkbzogvjfcxoxftnovmywdq/Build/Intermediates.noindex/GitX.build/Debug/GitX.build/StaticAnalyzer/GitX/GitX/normal/arm64/PBWebDiffController.plist

AnalyzeShallow /Users/josh/x/gitx/Classes/Controllers/PBWebController.m normal arm64 (in target 'GitX' from project 'GitX')
    cd /Users/josh/x/gitx
    
    Using response file: /Users/josh/Library/Developer/Xcode/DerivedData/GitX-cggrrpkbzogvjfcxoxftnovmywdq/Build/Intermediates.noindex/GitX.build/Debug/GitX.build/Objects-normal/arm64/22a6d426986e98cf1a8e0c880c6a22df-common-args.resp
    
    /Applications/Xcode.app/Contents/Developer/Toolchains/XcodeDefault.xctoolchain/usr/bin/clang -x objective-c -ivfsstatcache /Users/josh/Library/Developer/Xcode/DerivedData/SDKStatCaches.noindex/macosx15.5-24F74-8254517eb8b97d462ccbc072ba9094c9.sdkstatcache -fmessage-length\=0 -fdiagnostics-show-note-include-stack -fmacro-backtrace-limit\=0 -fno-color-diagnostics -Wno-trigraphs -Wno-missing-field-initializers -Wno-missing-prototypes -Wno-implicit-atomic-properties -Wno-objc-interface-ivars -Wno-arc-repeated-use-of-weak -Wno-missing-braces -Wparentheses -Wswitch -Wno-unused-function -Wno-unused-label -Wno-unused-parameter -Wunused-variable -Wunused-value -Wno-empty-body -Wno-uninitialized -Wno-unknown-pragmas -Wno-shadow -Wno-four-char-constants -Wno-conversion -Wno-constant-conversion -Wno-int-conversion -Wno-bool-conversion -Wno-enum-conversion -Wno-float-conversion -Wno-non-literal-null-conversion -Wno-objc-literal-conversion -Wshorten-64-to-32 -Wpointer-sign -Wno-newline-eof -Wno-selector -Wno-strict-selector-match -Wno-undeclared-selector -Wno-deprecated-implementations -Wno-implicit-fallthrough -fstrict-aliasing -Wprotocol -Wdeprecated-declarations -Wno-sign-conversion -Wno-infinite-recursion -Wno-comma -Wno-block-capture-autoreleasing -Wno-strict-prototypes -Wno-semicolon-before-method-body -Werror\=incompatible-pointer-types @/Users/josh/Library/Developer/Xcode/DerivedData/GitX-cggrrpkbzogvjfcxoxftnovmywdq/Build/Intermediates.noindex/GitX.build/Debug/GitX.build/Objects-normal/arm64/22a6d426986e98cf1a8e0c880c6a22df-common-args.resp -include /Users/josh/Library/Developer/Xcode/DerivedData/GitX-cggrrpkbzogvjfcxoxftnovmywdq/Build/Intermediates.noindex/PrecompiledHeaders/SharedPrecompiledHeaders/1337419039418411841/GitX_Prefix.pch -MMD -MT dependencies -MF /Users/josh/Library/Developer/Xcode/DerivedData/GitX-cggrrpkbzogvjfcxoxftnovmywdq/Build/Intermediates.noindex/GitX.build/Debug/GitX.build/StaticAnalyzer/GitX/GitX/normal/arm64/PBWebController.d --analyze /Users/josh/x/gitx/Classes/Controllers/PBWebController.m -o /Users/josh/Library/Developer/Xcode/DerivedData/GitX-cggrrpkbzogvjfcxoxftnovmywdq/Build/Intermediates.noindex/GitX.build/Debug/GitX.build/StaticAnalyzer/GitX/GitX/normal/arm64/PBWebController.plist

AnalyzeShallow /Users/josh/x/gitx/Classes/Controllers/PBWebChangesController.m normal arm64 (in target 'GitX' from project 'GitX')
    cd /Users/josh/x/gitx
    
    Using response file: /Users/josh/Library/Developer/Xcode/DerivedData/GitX-cggrrpkbzogvjfcxoxftnovmywdq/Build/Intermediates.noindex/GitX.build/Debug/GitX.build/Objects-normal/arm64/22a6d426986e98cf1a8e0c880c6a22df-common-args.resp
    
    /Applications/Xcode.app/Contents/Developer/Toolchains/XcodeDefault.xctoolchain/usr/bin/clang -x objective-c -ivfsstatcache /Users/josh/Library/Developer/Xcode/DerivedData/SDKStatCaches.noindex/macosx15.5-24F74-8254517eb8b97d462ccbc072ba9094c9.sdkstatcache -fmessage-length\=0 -fdiagnostics-show-note-include-stack -fmacro-backtrace-limit\=0 -fno-color-diagnostics -Wno-trigraphs -Wno-missing-field-initializers -Wno-missing-prototypes -Wno-implicit-atomic-properties -Wno-objc-interface-ivars -Wno-arc-repeated-use-of-weak -Wno-missing-braces -Wparentheses -Wswitch -Wno-unused-function -Wno-unused-label -Wno-unused-parameter -Wunused-variable -Wunused-value -Wno-empty-body -Wno-uninitialized -Wno-unknown-pragmas -Wno-shadow -Wno-four-char-constants -Wno-conversion -Wno-constant-conversion -Wno-int-conversion -Wno-bool-conversion -Wno-enum-conversion -Wno-float-conversion -Wno-non-literal-null-conversion -Wno-objc-literal-conversion -Wshorten-64-to-32 -Wpointer-sign -Wno-newline-eof -Wno-selector -Wno-strict-selector-match -Wno-undeclared-selector -Wno-deprecated-implementations -Wno-implicit-fallthrough -fstrict-aliasing -Wprotocol -Wdeprecated-declarations -Wno-sign-conversion -Wno-infinite-recursion -Wno-comma -Wno-block-capture-autoreleasing -Wno-strict-prototypes -Wno-semicolon-before-method-body -Werror\=incompatible-pointer-types @/Users/josh/Library/Developer/Xcode/DerivedData/GitX-cggrrpkbzogvjfcxoxftnovmywdq/Build/Intermediates.noindex/GitX.build/Debug/GitX.build/Objects-normal/arm64/22a6d426986e98cf1a8e0c880c6a22df-common-args.resp -include /Users/josh/Library/Developer/Xcode/DerivedData/GitX-cggrrpkbzogvjfcxoxftnovmywdq/Build/Intermediates.noindex/PrecompiledHeaders/SharedPrecompiledHeaders/1337419039418411841/GitX_Prefix.pch -MMD -MT dependencies -MF /Users/josh/Library/Developer/Xcode/DerivedData/GitX-cggrrpkbzogvjfcxoxftnovmywdq/Build/Intermediates.noindex/GitX.build/Debug/GitX.build/StaticAnalyzer/GitX/GitX/normal/arm64/PBWebChangesController.d --analyze /Users/josh/x/gitx/Classes/Controllers/PBWebChangesController.m -o /Users/josh/Library/Developer/Xcode/DerivedData/GitX-cggrrpkbzogvjfcxoxftnovmywdq/Build/Intermediates.noindex/GitX.build/Debug/GitX.build/StaticAnalyzer/GitX/GitX/normal/arm64/PBWebChangesController.plist

AnalyzeShallow /Users/josh/x/gitx/Classes/Controllers/PBViewController.m normal arm64 (in target 'GitX' from project 'GitX')
    cd /Users/josh/x/gitx
    
    Using response file: /Users/josh/Library/Developer/Xcode/DerivedData/GitX-cggrrpkbzogvjfcxoxftnovmywdq/Build/Intermediates.noindex/GitX.build/Debug/GitX.build/Objects-normal/arm64/22a6d426986e98cf1a8e0c880c6a22df-common-args.resp
    
    /Applications/Xcode.app/Contents/Developer/Toolchains/XcodeDefault.xctoolchain/usr/bin/clang -x objective-c -ivfsstatcache /Users/josh/Library/Developer/Xcode/DerivedData/SDKStatCaches.noindex/macosx15.5-24F74-8254517eb8b97d462ccbc072ba9094c9.sdkstatcache -fmessage-length\=0 -fdiagnostics-show-note-include-stack -fmacro-backtrace-limit\=0 -fno-color-diagnostics -Wno-trigraphs -Wno-missing-field-initializers -Wno-missing-prototypes -Wno-implicit-atomic-properties -Wno-objc-interface-ivars -Wno-arc-repeated-use-of-weak -Wno-missing-braces -Wparentheses -Wswitch -Wno-unused-function -Wno-unused-label -Wno-unused-parameter -Wunused-variable -Wunused-value -Wno-empty-body -Wno-uninitialized -Wno-unknown-pragmas -Wno-shadow -Wno-four-char-constants -Wno-conversion -Wno-constant-conversion -Wno-int-conversion -Wno-bool-conversion -Wno-enum-conversion -Wno-float-conversion -Wno-non-literal-null-conversion -Wno-objc-literal-conversion -Wshorten-64-to-32 -Wpointer-sign -Wno-newline-eof -Wno-selector -Wno-strict-selector-match -Wno-undeclared-selector -Wno-deprecated-implementations -Wno-implicit-fallthrough -fstrict-aliasing -Wprotocol -Wdeprecated-declarations -Wno-sign-conversion -Wno-infinite-recursion -Wno-comma -Wno-block-capture-autoreleasing -Wno-strict-prototypes -Wno-semicolon-before-method-body -Werror\=incompatible-pointer-types @/Users/josh/Library/Developer/Xcode/DerivedData/GitX-cggrrpkbzogvjfcxoxftnovmywdq/Build/Intermediates.noindex/GitX.build/Debug/GitX.build/Objects-normal/arm64/22a6d426986e98cf1a8e0c880c6a22df-common-args.resp -include /Users/josh/Library/Developer/Xcode/DerivedData/GitX-cggrrpkbzogvjfcxoxftnovmywdq/Build/Intermediates.noindex/PrecompiledHeaders/SharedPrecompiledHeaders/1337419039418411841/GitX_Prefix.pch -MMD -MT dependencies -MF /Users/josh/Library/Developer/Xcode/DerivedData/GitX-cggrrpkbzogvjfcxoxftnovmywdq/Build/Intermediates.noindex/GitX.build/Debug/GitX.build/StaticAnalyzer/GitX/GitX/normal/arm64/PBViewController.d --analyze /Users/josh/x/gitx/Classes/Controllers/PBViewController.m -o /Users/josh/Library/Developer/Xcode/DerivedData/GitX-cggrrpkbzogvjfcxoxftnovmywdq/Build/Intermediates.noindex/GitX.build/Debug/GitX.build/StaticAnalyzer/GitX/GitX/normal/arm64/PBViewController.plist

AnalyzeShallow /Users/josh/x/gitx/Classes/Controllers/PBServicesController.m normal arm64 (in target 'GitX' from project 'GitX')
    cd /Users/josh/x/gitx
    
    Using response file: /Users/josh/Library/Developer/Xcode/DerivedData/GitX-cggrrpkbzogvjfcxoxftnovmywdq/Build/Intermediates.noindex/GitX.build/Debug/GitX.build/Objects-normal/arm64/22a6d426986e98cf1a8e0c880c6a22df-common-args.resp
    
    /Applications/Xcode.app/Contents/Developer/Toolchains/XcodeDefault.xctoolchain/usr/bin/clang -x objective-c -ivfsstatcache /Users/josh/Library/Developer/Xcode/DerivedData/SDKStatCaches.noindex/macosx15.5-24F74-8254517eb8b97d462ccbc072ba9094c9.sdkstatcache -fmessage-length\=0 -fdiagnostics-show-note-include-stack -fmacro-backtrace-limit\=0 -fno-color-diagnostics -Wno-trigraphs -Wno-missing-field-initializers -Wno-missing-prototypes -Wno-implicit-atomic-properties -Wno-objc-interface-ivars -Wno-arc-repeated-use-of-weak -Wno-missing-braces -Wparentheses -Wswitch -Wno-unused-function -Wno-unused-label -Wno-unused-parameter -Wunused-variable -Wunused-value -Wno-empty-body -Wno-uninitialized -Wno-unknown-pragmas -Wno-shadow -Wno-four-char-constants -Wno-conversion -Wno-constant-conversion -Wno-int-conversion -Wno-bool-conversion -Wno-enum-conversion -Wno-float-conversion -Wno-non-literal-null-conversion -Wno-objc-literal-conversion -Wshorten-64-to-32 -Wpointer-sign -Wno-newline-eof -Wno-selector -Wno-strict-selector-match -Wno-undeclared-selector -Wno-deprecated-implementations -Wno-implicit-fallthrough -fstrict-aliasing -Wprotocol -Wdeprecated-declarations -Wno-sign-conversion -Wno-infinite-recursion -Wno-comma -Wno-block-capture-autoreleasing -Wno-strict-prototypes -Wno-semicolon-before-method-body -Werror\=incompatible-pointer-types @/Users/josh/Library/Developer/Xcode/DerivedData/GitX-cggrrpkbzogvjfcxoxftnovmywdq/Build/Intermediates.noindex/GitX.build/Debug/GitX.build/Objects-normal/arm64/22a6d426986e98cf1a8e0c880c6a22df-common-args.resp -include /Users/josh/Library/Developer/Xcode/DerivedData/GitX-cggrrpkbzogvjfcxoxftnovmywdq/Build/Intermediates.noindex/PrecompiledHeaders/SharedPrecompiledHeaders/1337419039418411841/GitX_Prefix.pch -MMD -MT dependencies -MF /Users/josh/Library/Developer/Xcode/DerivedData/GitX-cggrrpkbzogvjfcxoxftnovmywdq/Build/Intermediates.noindex/GitX.build/Debug/GitX.build/StaticAnalyzer/GitX/GitX/normal/arm64/PBServicesController.d --analyze /Users/josh/x/gitx/Classes/Controllers/PBServicesController.m -o /Users/josh/Library/Developer/Xcode/DerivedData/GitX-cggrrpkbzogvjfcxoxftnovmywdq/Build/Intermediates.noindex/GitX.build/Debug/GitX.build/StaticAnalyzer/GitX/GitX/normal/arm64/PBServicesController.plist

AnalyzeShallow /Users/josh/x/gitx/Classes/Controllers/PBRepositoryDocumentController.m normal arm64 (in target 'GitX' from project 'GitX')
    cd /Users/josh/x/gitx
    
    Using response file: /Users/josh/Library/Developer/Xcode/DerivedData/GitX-cggrrpkbzogvjfcxoxftnovmywdq/Build/Intermediates.noindex/GitX.build/Debug/GitX.build/Objects-normal/arm64/22a6d426986e98cf1a8e0c880c6a22df-common-args.resp
    
    /Applications/Xcode.app/Contents/Developer/Toolchains/XcodeDefault.xctoolchain/usr/bin/clang -x objective-c -ivfsstatcache /Users/josh/Library/Developer/Xcode/DerivedData/SDKStatCaches.noindex/macosx15.5-24F74-8254517eb8b97d462ccbc072ba9094c9.sdkstatcache -fmessage-length\=0 -fdiagnostics-show-note-include-stack -fmacro-backtrace-limit\=0 -fno-color-diagnostics -Wno-trigraphs -Wno-missing-field-initializers -Wno-missing-prototypes -Wno-implicit-atomic-properties -Wno-objc-interface-ivars -Wno-arc-repeated-use-of-weak -Wno-missing-braces -Wparentheses -Wswitch -Wno-unused-function -Wno-unused-label -Wno-unused-parameter -Wunused-variable -Wunused-value -Wno-empty-body -Wno-uninitialized -Wno-unknown-pragmas -Wno-shadow -Wno-four-char-constants -Wno-conversion -Wno-constant-conversion -Wno-int-conversion -Wno-bool-conversion -Wno-enum-conversion -Wno-float-conversion -Wno-non-literal-null-conversion -Wno-objc-literal-conversion -Wshorten-64-to-32 -Wpointer-sign -Wno-newline-eof -Wno-selector -Wno-strict-selector-match -Wno-undeclared-selector -Wno-deprecated-implementations -Wno-implicit-fallthrough -fstrict-aliasing -Wprotocol -Wdeprecated-declarations -Wno-sign-conversion -Wno-infinite-recursion -Wno-comma -Wno-block-capture-autoreleasing -Wno-strict-prototypes -Wno-semicolon-before-method-body -Werror\=incompatible-pointer-types @/Users/josh/Library/Developer/Xcode/DerivedData/GitX-cggrrpkbzogvjfcxoxftnovmywdq/Build/Intermediates.noindex/GitX.build/Debug/GitX.build/Objects-normal/arm64/22a6d426986e98cf1a8e0c880c6a22df-common-args.resp -include /Users/josh/Library/Developer/Xcode/DerivedData/GitX-cggrrpkbzogvjfcxoxftnovmywdq/Build/Intermediates.noindex/PrecompiledHeaders/SharedPrecompiledHeaders/1337419039418411841/GitX_Prefix.pch -MMD -MT dependencies -MF /Users/josh/Library/Developer/Xcode/DerivedData/GitX-cggrrpkbzogvjfcxoxftnovmywdq/Build/Intermediates.noindex/GitX.build/Debug/GitX.build/StaticAnalyzer/GitX/GitX/normal/arm64/PBRepositoryDocumentController.d --analyze /Users/josh/x/gitx/Classes/Controllers/PBRepositoryDocumentController.m -o /Users/josh/Library/Developer/Xcode/DerivedData/GitX-cggrrpkbzogvjfcxoxftnovmywdq/Build/Intermediates.noindex/GitX.build/Debug/GitX.build/StaticAnalyzer/GitX/GitX/normal/arm64/PBRepositoryDocumentController.plist

AnalyzeShallow /Users/josh/x/gitx/Classes/Controllers/PBRefController.m normal arm64 (in target 'GitX' from project 'GitX')
    cd /Users/josh/x/gitx
    
    Using response file: /Users/josh/Library/Developer/Xcode/DerivedData/GitX-cggrrpkbzogvjfcxoxftnovmywdq/Build/Intermediates.noindex/GitX.build/Debug/GitX.build/Objects-normal/arm64/22a6d426986e98cf1a8e0c880c6a22df-common-args.resp
    
    /Applications/Xcode.app/Contents/Developer/Toolchains/XcodeDefault.xctoolchain/usr/bin/clang -x objective-c -ivfsstatcache /Users/josh/Library/Developer/Xcode/DerivedData/SDKStatCaches.noindex/macosx15.5-24F74-8254517eb8b97d462ccbc072ba9094c9.sdkstatcache -fmessage-length\=0 -fdiagnostics-show-note-include-stack -fmacro-backtrace-limit\=0 -fno-color-diagnostics -Wno-trigraphs -Wno-missing-field-initializers -Wno-missing-prototypes -Wno-implicit-atomic-properties -Wno-objc-interface-ivars -Wno-arc-repeated-use-of-weak -Wno-missing-braces -Wparentheses -Wswitch -Wno-unused-function -Wno-unused-label -Wno-unused-parameter -Wunused-variable -Wunused-value -Wno-empty-body -Wno-uninitialized -Wno-unknown-pragmas -Wno-shadow -Wno-four-char-constants -Wno-conversion -Wno-constant-conversion -Wno-int-conversion -Wno-bool-conversion -Wno-enum-conversion -Wno-float-conversion -Wno-non-literal-null-conversion -Wno-objc-literal-conversion -Wshorten-64-to-32 -Wpointer-sign -Wno-newline-eof -Wno-selector -Wno-strict-selector-match -Wno-undeclared-selector -Wno-deprecated-implementations -Wno-implicit-fallthrough -fstrict-aliasing -Wprotocol -Wdeprecated-declarations -Wno-sign-conversion -Wno-infinite-recursion -Wno-comma -Wno-block-capture-autoreleasing -Wno-strict-prototypes -Wno-semicolon-before-method-body -Werror\=incompatible-pointer-types @/Users/josh/Library/Developer/Xcode/DerivedData/GitX-cggrrpkbzogvjfcxoxftnovmywdq/Build/Intermediates.noindex/GitX.build/Debug/GitX.build/Objects-normal/arm64/22a6d426986e98cf1a8e0c880c6a22df-common-args.resp -include /Users/josh/Library/Developer/Xcode/DerivedData/GitX-cggrrpkbzogvjfcxoxftnovmywdq/Build/Intermediates.noindex/PrecompiledHeaders/SharedPrecompiledHeaders/1337419039418411841/GitX_Prefix.pch -MMD -MT dependencies -MF /Users/josh/Library/Developer/Xcode/DerivedData/GitX-cggrrpkbzogvjfcxoxftnovmywdq/Build/Intermediates.noindex/GitX.build/Debug/GitX.build/StaticAnalyzer/GitX/GitX/normal/arm64/PBRefController.d --analyze /Users/josh/x/gitx/Classes/Controllers/PBRefController.m -o /Users/josh/Library/Developer/Xcode/DerivedData/GitX-cggrrpkbzogvjfcxoxftnovmywdq/Build/Intermediates.noindex/GitX.build/Debug/GitX.build/StaticAnalyzer/GitX/GitX/normal/arm64/PBRefController.plist

AnalyzeShallow /Users/josh/x/gitx/Classes/Controllers/PBPrefsWindowController.m normal arm64 (in target 'GitX' from project 'GitX')
    cd /Users/josh/x/gitx
    
    Using response file: /Users/josh/Library/Developer/Xcode/DerivedData/GitX-cggrrpkbzogvjfcxoxftnovmywdq/Build/Intermediates.noindex/GitX.build/Debug/GitX.build/Objects-normal/arm64/22a6d426986e98cf1a8e0c880c6a22df-common-args.resp
    
    /Applications/Xcode.app/Contents/Developer/Toolchains/XcodeDefault.xctoolchain/usr/bin/clang -x objective-c -ivfsstatcache /Users/josh/Library/Developer/Xcode/DerivedData/SDKStatCaches.noindex/macosx15.5-24F74-8254517eb8b97d462ccbc072ba9094c9.sdkstatcache -fmessage-length\=0 -fdiagnostics-show-note-include-stack -fmacro-backtrace-limit\=0 -fno-color-diagnostics -Wno-trigraphs -Wno-missing-field-initializers -Wno-missing-prototypes -Wno-implicit-atomic-properties -Wno-objc-interface-ivars -Wno-arc-repeated-use-of-weak -Wno-missing-braces -Wparentheses -Wswitch -Wno-unused-function -Wno-unused-label -Wno-unused-parameter -Wunused-variable -Wunused-value -Wno-empty-body -Wno-uninitialized -Wno-unknown-pragmas -Wno-shadow -Wno-four-char-constants -Wno-conversion -Wno-constant-conversion -Wno-int-conversion -Wno-bool-conversion -Wno-enum-conversion -Wno-float-conversion -Wno-non-literal-null-conversion -Wno-objc-literal-conversion -Wshorten-64-to-32 -Wpointer-sign -Wno-newline-eof -Wno-selector -Wno-strict-selector-match -Wno-undeclared-selector -Wno-deprecated-implementations -Wno-implicit-fallthrough -fstrict-aliasing -Wprotocol -Wdeprecated-declarations -Wno-sign-conversion -Wno-infinite-recursion -Wno-comma -Wno-block-capture-autoreleasing -Wno-strict-prototypes -Wno-semicolon-before-method-body -Werror\=incompatible-pointer-types @/Users/josh/Library/Developer/Xcode/DerivedData/GitX-cggrrpkbzogvjfcxoxftnovmywdq/Build/Intermediates.noindex/GitX.build/Debug/GitX.build/Objects-normal/arm64/22a6d426986e98cf1a8e0c880c6a22df-common-args.resp -include /Users/josh/Library/Developer/Xcode/DerivedData/GitX-cggrrpkbzogvjfcxoxftnovmywdq/Build/Intermediates.noindex/PrecompiledHeaders/SharedPrecompiledHeaders/1337419039418411841/GitX_Prefix.pch -MMD -MT dependencies -MF /Users/josh/Library/Developer/Xcode/DerivedData/GitX-cggrrpkbzogvjfcxoxftnovmywdq/Build/Intermediates.noindex/GitX.build/Debug/GitX.build/StaticAnalyzer/GitX/GitX/normal/arm64/PBPrefsWindowController.d --analyze /Users/josh/x/gitx/Classes/Controllers/PBPrefsWindowController.m -o /Users/josh/Library/Developer/Xcode/DerivedData/GitX-cggrrpkbzogvjfcxoxftnovmywdq/Build/Intermediates.noindex/GitX.build/Debug/GitX.build/StaticAnalyzer/GitX/GitX/normal/arm64/PBPrefsWindowController.plist

AnalyzeShallow /Users/josh/x/gitx/Classes/Controllers/PBHistorySearchController.m normal arm64 (in target 'GitX' from project 'GitX')
    cd /Users/josh/x/gitx
    
    Using response file: /Users/josh/Library/Developer/Xcode/DerivedData/GitX-cggrrpkbzogvjfcxoxftnovmywdq/Build/Intermediates.noindex/GitX.build/Debug/GitX.build/Objects-normal/arm64/22a6d426986e98cf1a8e0c880c6a22df-common-args.resp
    
    /Applications/Xcode.app/Contents/Developer/Toolchains/XcodeDefault.xctoolchain/usr/bin/clang -x objective-c -ivfsstatcache /Users/josh/Library/Developer/Xcode/DerivedData/SDKStatCaches.noindex/macosx15.5-24F74-8254517eb8b97d462ccbc072ba9094c9.sdkstatcache -fmessage-length\=0 -fdiagnostics-show-note-include-stack -fmacro-backtrace-limit\=0 -fno-color-diagnostics -Wno-trigraphs -Wno-missing-field-initializers -Wno-missing-prototypes -Wno-implicit-atomic-properties -Wno-objc-interface-ivars -Wno-arc-repeated-use-of-weak -Wno-missing-braces -Wparentheses -Wswitch -Wno-unused-function -Wno-unused-label -Wno-unused-parameter -Wunused-variable -Wunused-value -Wno-empty-body -Wno-uninitialized -Wno-unknown-pragmas -Wno-shadow -Wno-four-char-constants -Wno-conversion -Wno-constant-conversion -Wno-int-conversion -Wno-bool-conversion -Wno-enum-conversion -Wno-float-conversion -Wno-non-literal-null-conversion -Wno-objc-literal-conversion -Wshorten-64-to-32 -Wpointer-sign -Wno-newline-eof -Wno-selector -Wno-strict-selector-match -Wno-undeclared-selector -Wno-deprecated-implementations -Wno-implicit-fallthrough -fstrict-aliasing -Wprotocol -Wdeprecated-declarations -Wno-sign-conversion -Wno-infinite-recursion -Wno-comma -Wno-block-capture-autoreleasing -Wno-strict-prototypes -Wno-semicolon-before-method-body -Werror\=incompatible-pointer-types @/Users/josh/Library/Developer/Xcode/DerivedData/GitX-cggrrpkbzogvjfcxoxftnovmywdq/Build/Intermediates.noindex/GitX.build/Debug/GitX.build/Objects-normal/arm64/22a6d426986e98cf1a8e0c880c6a22df-common-args.resp -include /Users/josh/Library/Developer/Xcode/DerivedData/GitX-cggrrpkbzogvjfcxoxftnovmywdq/Build/Intermediates.noindex/PrecompiledHeaders/SharedPrecompiledHeaders/1337419039418411841/GitX_Prefix.pch -MMD -MT dependencies -MF /Users/josh/Library/Developer/Xcode/DerivedData/GitX-cggrrpkbzogvjfcxoxftnovmywdq/Build/Intermediates.noindex/GitX.build/Debug/GitX.build/StaticAnalyzer/GitX/GitX/normal/arm64/PBHistorySearchController.d --analyze /Users/josh/x/gitx/Classes/Controllers/PBHistorySearchController.m -o /Users/josh/Library/Developer/Xcode/DerivedData/GitX-cggrrpkbzogvjfcxoxftnovmywdq/Build/Intermediates.noindex/GitX.build/Debug/GitX.build/StaticAnalyzer/GitX/GitX/normal/arm64/PBHistorySearchController.plist

AnalyzeShallow /Users/josh/x/gitx/Classes/Controllers/PBGitWindowController.m normal arm64 (in target 'GitX' from project 'GitX')
    cd /Users/josh/x/gitx
    
    Using response file: /Users/josh/Library/Developer/Xcode/DerivedData/GitX-cggrrpkbzogvjfcxoxftnovmywdq/Build/Intermediates.noindex/GitX.build/Debug/GitX.build/Objects-normal/arm64/22a6d426986e98cf1a8e0c880c6a22df-common-args.resp
    
    /Applications/Xcode.app/Contents/Developer/Toolchains/XcodeDefault.xctoolchain/usr/bin/clang -x objective-c -ivfsstatcache /Users/josh/Library/Developer/Xcode/DerivedData/SDKStatCaches.noindex/macosx15.5-24F74-8254517eb8b97d462ccbc072ba9094c9.sdkstatcache -fmessage-length\=0 -fdiagnostics-show-note-include-stack -fmacro-backtrace-limit\=0 -fno-color-diagnostics -Wno-trigraphs -Wno-missing-field-initializers -Wno-missing-prototypes -Wno-implicit-atomic-properties -Wno-objc-interface-ivars -Wno-arc-repeated-use-of-weak -Wno-missing-braces -Wparentheses -Wswitch -Wno-unused-function -Wno-unused-label -Wno-unused-parameter -Wunused-variable -Wunused-value -Wno-empty-body -Wno-uninitialized -Wno-unknown-pragmas -Wno-shadow -Wno-four-char-constants -Wno-conversion -Wno-constant-conversion -Wno-int-conversion -Wno-bool-conversion -Wno-enum-conversion -Wno-float-conversion -Wno-non-literal-null-conversion -Wno-objc-literal-conversion -Wshorten-64-to-32 -Wpointer-sign -Wno-newline-eof -Wno-selector -Wno-strict-selector-match -Wno-undeclared-selector -Wno-deprecated-implementations -Wno-implicit-fallthrough -fstrict-aliasing -Wprotocol -Wdeprecated-declarations -Wno-sign-conversion -Wno-infinite-recursion -Wno-comma -Wno-block-capture-autoreleasing -Wno-strict-prototypes -Wno-semicolon-before-method-body -Werror\=incompatible-pointer-types @/Users/josh/Library/Developer/Xcode/DerivedData/GitX-cggrrpkbzogvjfcxoxftnovmywdq/Build/Intermediates.noindex/GitX.build/Debug/GitX.build/Objects-normal/arm64/22a6d426986e98cf1a8e0c880c6a22df-common-args.resp -include /Users/josh/Library/Developer/Xcode/DerivedData/GitX-cggrrpkbzogvjfcxoxftnovmywdq/Build/Intermediates.noindex/PrecompiledHeaders/SharedPrecompiledHeaders/1337419039418411841/GitX_Prefix.pch -MMD -MT dependencies -MF /Users/josh/Library/Developer/Xcode/DerivedData/GitX-cggrrpkbzogvjfcxoxftnovmywdq/Build/Intermediates.noindex/GitX.build/Debug/GitX.build/StaticAnalyzer/GitX/GitX/normal/arm64/PBGitWindowController.d --analyze /Users/josh/x/gitx/Classes/Controllers/PBGitWindowController.m -o /Users/josh/Library/Developer/Xcode/DerivedData/GitX-cggrrpkbzogvjfcxoxftnovmywdq/Build/Intermediates.noindex/GitX.build/Debug/GitX.build/StaticAnalyzer/GitX/GitX/normal/arm64/PBGitWindowController.plist

AnalyzeShallow /Users/josh/x/gitx/Classes/Controllers/PBGitSidebarController.m normal arm64 (in target 'GitX' from project 'GitX')
    cd /Users/josh/x/gitx
    
    Using response file: /Users/josh/Library/Developer/Xcode/DerivedData/GitX-cggrrpkbzogvjfcxoxftnovmywdq/Build/Intermediates.noindex/GitX.build/Debug/GitX.build/Objects-normal/arm64/22a6d426986e98cf1a8e0c880c6a22df-common-args.resp
    
    /Applications/Xcode.app/Contents/Developer/Toolchains/XcodeDefault.xctoolchain/usr/bin/clang -x objective-c -ivfsstatcache /Users/josh/Library/Developer/Xcode/DerivedData/SDKStatCaches.noindex/macosx15.5-24F74-8254517eb8b97d462ccbc072ba9094c9.sdkstatcache -fmessage-length\=0 -fdiagnostics-show-note-include-stack -fmacro-backtrace-limit\=0 -fno-color-diagnostics -Wno-trigraphs -Wno-missing-field-initializers -Wno-missing-prototypes -Wno-implicit-atomic-properties -Wno-objc-interface-ivars -Wno-arc-repeated-use-of-weak -Wno-missing-braces -Wparentheses -Wswitch -Wno-unused-function -Wno-unused-label -Wno-unused-parameter -Wunused-variable -Wunused-value -Wno-empty-body -Wno-uninitialized -Wno-unknown-pragmas -Wno-shadow -Wno-four-char-constants -Wno-conversion -Wno-constant-conversion -Wno-int-conversion -Wno-bool-conversion -Wno-enum-conversion -Wno-float-conversion -Wno-non-literal-null-conversion -Wno-objc-literal-conversion -Wshorten-64-to-32 -Wpointer-sign -Wno-newline-eof -Wno-selector -Wno-strict-selector-match -Wno-undeclared-selector -Wno-deprecated-implementations -Wno-implicit-fallthrough -fstrict-aliasing -Wprotocol -Wdeprecated-declarations -Wno-sign-conversion -Wno-infinite-recursion -Wno-comma -Wno-block-capture-autoreleasing -Wno-strict-prototypes -Wno-semicolon-before-method-body -Werror\=incompatible-pointer-types @/Users/josh/Library/Developer/Xcode/DerivedData/GitX-cggrrpkbzogvjfcxoxftnovmywdq/Build/Intermediates.noindex/GitX.build/Debug/GitX.build/Objects-normal/arm64/22a6d426986e98cf1a8e0c880c6a22df-common-args.resp -include /Users/josh/Library/Developer/Xcode/DerivedData/GitX-cggrrpkbzogvjfcxoxftnovmywdq/Build/Intermediates.noindex/PrecompiledHeaders/SharedPrecompiledHeaders/1337419039418411841/GitX_Prefix.pch -MMD -MT dependencies -MF /Users/josh/Library/Developer/Xcode/DerivedData/GitX-cggrrpkbzogvjfcxoxftnovmywdq/Build/Intermediates.noindex/GitX.build/Debug/GitX.build/StaticAnalyzer/GitX/GitX/normal/arm64/PBGitSidebarController.d --analyze /Users/josh/x/gitx/Classes/Controllers/PBGitSidebarController.m -o /Users/josh/Library/Developer/Xcode/DerivedData/GitX-cggrrpkbzogvjfcxoxftnovmywdq/Build/Intermediates.noindex/GitX.build/Debug/GitX.build/StaticAnalyzer/GitX/GitX/normal/arm64/PBGitSidebarController.plist

AnalyzeShallow /Users/josh/x/gitx/Classes/Controllers/PBGitIndexController.m normal arm64 (in target 'GitX' from project 'GitX')
    cd /Users/josh/x/gitx
    
    Using response file: /Users/josh/Library/Developer/Xcode/DerivedData/GitX-cggrrpkbzogvjfcxoxftnovmywdq/Build/Intermediates.noindex/GitX.build/Debug/GitX.build/Objects-normal/arm64/22a6d426986e98cf1a8e0c880c6a22df-common-args.resp
    
    /Applications/Xcode.app/Contents/Developer/Toolchains/XcodeDefault.xctoolchain/usr/bin/clang -x objective-c -ivfsstatcache /Users/josh/Library/Developer/Xcode/DerivedData/SDKStatCaches.noindex/macosx15.5-24F74-8254517eb8b97d462ccbc072ba9094c9.sdkstatcache -fmessage-length\=0 -fdiagnostics-show-note-include-stack -fmacro-backtrace-limit\=0 -fno-color-diagnostics -Wno-trigraphs -Wno-missing-field-initializers -Wno-missing-prototypes -Wno-implicit-atomic-properties -Wno-objc-interface-ivars -Wno-arc-repeated-use-of-weak -Wno-missing-braces -Wparentheses -Wswitch -Wno-unused-function -Wno-unused-label -Wno-unused-parameter -Wunused-variable -Wunused-value -Wno-empty-body -Wno-uninitialized -Wno-unknown-pragmas -Wno-shadow -Wno-four-char-constants -Wno-conversion -Wno-constant-conversion -Wno-int-conversion -Wno-bool-conversion -Wno-enum-conversion -Wno-float-conversion -Wno-non-literal-null-conversion -Wno-objc-literal-conversion -Wshorten-64-to-32 -Wpointer-sign -Wno-newline-eof -Wno-selector -Wno-strict-selector-match -Wno-undeclared-selector -Wno-deprecated-implementations -Wno-implicit-fallthrough -fstrict-aliasing -Wprotocol -Wdeprecated-declarations -Wno-sign-conversion -Wno-infinite-recursion -Wno-comma -Wno-block-capture-autoreleasing -Wno-strict-prototypes -Wno-semicolon-before-method-body -Werror\=incompatible-pointer-types @/Users/josh/Library/Developer/Xcode/DerivedData/GitX-cggrrpkbzogvjfcxoxftnovmywdq/Build/Intermediates.noindex/GitX.build/Debug/GitX.build/Objects-normal/arm64/22a6d426986e98cf1a8e0c880c6a22df-common-args.resp -include /Users/josh/Library/Developer/Xcode/DerivedData/GitX-cggrrpkbzogvjfcxoxftnovmywdq/Build/Intermediates.noindex/PrecompiledHeaders/SharedPrecompiledHeaders/1337419039418411841/GitX_Prefix.pch -MMD -MT dependencies -MF /Users/josh/Library/Developer/Xcode/DerivedData/GitX-cggrrpkbzogvjfcxoxftnovmywdq/Build/Intermediates.noindex/GitX.build/Debug/GitX.build/StaticAnalyzer/GitX/GitX/normal/arm64/PBGitIndexController.d --analyze /Users/josh/x/gitx/Classes/Controllers/PBGitIndexController.m -o /Users/josh/Library/Developer/Xcode/DerivedData/GitX-cggrrpkbzogvjfcxoxftnovmywdq/Build/Intermediates.noindex/GitX.build/Debug/GitX.build/StaticAnalyzer/GitX/GitX/normal/arm64/PBGitIndexController.plist

AnalyzeShallow /Users/josh/x/gitx/Classes/Controllers/PBGitHistoryController.m normal arm64 (in target 'GitX' from project 'GitX')
    cd /Users/josh/x/gitx
    
    Using response file: /Users/josh/Library/Developer/Xcode/DerivedData/GitX-cggrrpkbzogvjfcxoxftnovmywdq/Build/Intermediates.noindex/GitX.build/Debug/GitX.build/Objects-normal/arm64/22a6d426986e98cf1a8e0c880c6a22df-common-args.resp
    
    /Applications/Xcode.app/Contents/Developer/Toolchains/XcodeDefault.xctoolchain/usr/bin/clang -x objective-c -ivfsstatcache /Users/josh/Library/Developer/Xcode/DerivedData/SDKStatCaches.noindex/macosx15.5-24F74-8254517eb8b97d462ccbc072ba9094c9.sdkstatcache -fmessage-length\=0 -fdiagnostics-show-note-include-stack -fmacro-backtrace-limit\=0 -fno-color-diagnostics -Wno-trigraphs -Wno-missing-field-initializers -Wno-missing-prototypes -Wno-implicit-atomic-properties -Wno-objc-interface-ivars -Wno-arc-repeated-use-of-weak -Wno-missing-braces -Wparentheses -Wswitch -Wno-unused-function -Wno-unused-label -Wno-unused-parameter -Wunused-variable -Wunused-value -Wno-empty-body -Wno-uninitialized -Wno-unknown-pragmas -Wno-shadow -Wno-four-char-constants -Wno-conversion -Wno-constant-conversion -Wno-int-conversion -Wno-bool-conversion -Wno-enum-conversion -Wno-float-conversion -Wno-non-literal-null-conversion -Wno-objc-literal-conversion -Wshorten-64-to-32 -Wpointer-sign -Wno-newline-eof -Wno-selector -Wno-strict-selector-match -Wno-undeclared-selector -Wno-deprecated-implementations -Wno-implicit-fallthrough -fstrict-aliasing -Wprotocol -Wdeprecated-declarations -Wno-sign-conversion -Wno-infinite-recursion -Wno-comma -Wno-block-capture-autoreleasing -Wno-strict-prototypes -Wno-semicolon-before-method-body -Werror\=incompatible-pointer-types @/Users/josh/Library/Developer/Xcode/DerivedData/GitX-cggrrpkbzogvjfcxoxftnovmywdq/Build/Intermediates.noindex/GitX.build/Debug/GitX.build/Objects-normal/arm64/22a6d426986e98cf1a8e0c880c6a22df-common-args.resp -include /Users/josh/Library/Developer/Xcode/DerivedData/GitX-cggrrpkbzogvjfcxoxftnovmywdq/Build/Intermediates.noindex/PrecompiledHeaders/SharedPrecompiledHeaders/1337419039418411841/GitX_Prefix.pch -MMD -MT dependencies -MF /Users/josh/Library/Developer/Xcode/DerivedData/GitX-cggrrpkbzogvjfcxoxftnovmywdq/Build/Intermediates.noindex/GitX.build/Debug/GitX.build/StaticAnalyzer/GitX/GitX/normal/arm64/PBGitHistoryController.d --analyze /Users/josh/x/gitx/Classes/Controllers/PBGitHistoryController.m -o /Users/josh/Library/Developer/Xcode/DerivedData/GitX-cggrrpkbzogvjfcxoxftnovmywdq/Build/Intermediates.noindex/GitX.build/Debug/GitX.build/StaticAnalyzer/GitX/GitX/normal/arm64/PBGitHistoryController.plist

AnalyzeShallow /Users/josh/x/gitx/Classes/Controllers/PBGitCommitController.m normal arm64 (in target 'GitX' from project 'GitX')
    cd /Users/josh/x/gitx
    
    Using response file: /Users/josh/Library/Developer/Xcode/DerivedData/GitX-cggrrpkbzogvjfcxoxftnovmywdq/Build/Intermediates.noindex/GitX.build/Debug/GitX.build/Objects-normal/arm64/22a6d426986e98cf1a8e0c880c6a22df-common-args.resp
    
    /Applications/Xcode.app/Contents/Developer/Toolchains/XcodeDefault.xctoolchain/usr/bin/clang -x objective-c -ivfsstatcache /Users/josh/Library/Developer/Xcode/DerivedData/SDKStatCaches.noindex/macosx15.5-24F74-8254517eb8b97d462ccbc072ba9094c9.sdkstatcache -fmessage-length\=0 -fdiagnostics-show-note-include-stack -fmacro-backtrace-limit\=0 -fno-color-diagnostics -Wno-trigraphs -Wno-missing-field-initializers -Wno-missing-prototypes -Wno-implicit-atomic-properties -Wno-objc-interface-ivars -Wno-arc-repeated-use-of-weak -Wno-missing-braces -Wparentheses -Wswitch -Wno-unused-function -Wno-unused-label -Wno-unused-parameter -Wunused-variable -Wunused-value -Wno-empty-body -Wno-uninitialized -Wno-unknown-pragmas -Wno-shadow -Wno-four-char-constants -Wno-conversion -Wno-constant-conversion -Wno-int-conversion -Wno-bool-conversion -Wno-enum-conversion -Wno-float-conversion -Wno-non-literal-null-conversion -Wno-objc-literal-conversion -Wshorten-64-to-32 -Wpointer-sign -Wno-newline-eof -Wno-selector -Wno-strict-selector-match -Wno-undeclared-selector -Wno-deprecated-implementations -Wno-implicit-fallthrough -fstrict-aliasing -Wprotocol -Wdeprecated-declarations -Wno-sign-conversion -Wno-infinite-recursion -Wno-comma -Wno-block-capture-autoreleasing -Wno-strict-prototypes -Wno-semicolon-before-method-body -Werror\=incompatible-pointer-types @/Users/josh/Library/Developer/Xcode/DerivedData/GitX-cggrrpkbzogvjfcxoxftnovmywdq/Build/Intermediates.noindex/GitX.build/Debug/GitX.build/Objects-normal/arm64/22a6d426986e98cf1a8e0c880c6a22df-common-args.resp -include /Users/josh/Library/Developer/Xcode/DerivedData/GitX-cggrrpkbzogvjfcxoxftnovmywdq/Build/Intermediates.noindex/PrecompiledHeaders/SharedPrecompiledHeaders/1337419039418411841/GitX_Prefix.pch -MMD -MT dependencies -MF /Users/josh/Library/Developer/Xcode/DerivedData/GitX-cggrrpkbzogvjfcxoxftnovmywdq/Build/Intermediates.noindex/GitX.build/Debug/GitX.build/StaticAnalyzer/GitX/GitX/normal/arm64/PBGitCommitController.d --analyze /Users/josh/x/gitx/Classes/Controllers/PBGitCommitController.m -o /Users/josh/Library/Developer/Xcode/DerivedData/GitX-cggrrpkbzogvjfcxoxftnovmywdq/Build/Intermediates.noindex/GitX.build/Debug/GitX.build/StaticAnalyzer/GitX/GitX/normal/arm64/PBGitCommitController.plist

AnalyzeShallow /Users/josh/x/gitx/Classes/Controllers/PBDiffWindowController.m normal arm64 (in target 'GitX' from project 'GitX')
    cd /Users/josh/x/gitx
    
    Using response file: /Users/josh/Library/Developer/Xcode/DerivedData/GitX-cggrrpkbzogvjfcxoxftnovmywdq/Build/Intermediates.noindex/GitX.build/Debug/GitX.build/Objects-normal/arm64/22a6d426986e98cf1a8e0c880c6a22df-common-args.resp
    
    /Applications/Xcode.app/Contents/Developer/Toolchains/XcodeDefault.xctoolchain/usr/bin/clang -x objective-c -ivfsstatcache /Users/josh/Library/Developer/Xcode/DerivedData/SDKStatCaches.noindex/macosx15.5-24F74-8254517eb8b97d462ccbc072ba9094c9.sdkstatcache -fmessage-length\=0 -fdiagnostics-show-note-include-stack -fmacro-backtrace-limit\=0 -fno-color-diagnostics -Wno-trigraphs -Wno-missing-field-initializers -Wno-missing-prototypes -Wno-implicit-atomic-properties -Wno-objc-interface-ivars -Wno-arc-repeated-use-of-weak -Wno-missing-braces -Wparentheses -Wswitch -Wno-unused-function -Wno-unused-label -Wno-unused-parameter -Wunused-variable -Wunused-value -Wno-empty-body -Wno-uninitialized -Wno-unknown-pragmas -Wno-shadow -Wno-four-char-constants -Wno-conversion -Wno-constant-conversion -Wno-int-conversion -Wno-bool-conversion -Wno-enum-conversion -Wno-float-conversion -Wno-non-literal-null-conversion -Wno-objc-literal-conversion -Wshorten-64-to-32 -Wpointer-sign -Wno-newline-eof -Wno-selector -Wno-strict-selector-match -Wno-undeclared-selector -Wno-deprecated-implementations -Wno-implicit-fallthrough -fstrict-aliasing -Wprotocol -Wdeprecated-declarations -Wno-sign-conversion -Wno-infinite-recursion -Wno-comma -Wno-block-capture-autoreleasing -Wno-strict-prototypes -Wno-semicolon-before-method-body -Werror\=incompatible-pointer-types @/Users/josh/Library/Developer/Xcode/DerivedData/GitX-cggrrpkbzogvjfcxoxftnovmywdq/Build/Intermediates.noindex/GitX.build/Debug/GitX.build/Objects-normal/arm64/22a6d426986e98cf1a8e0c880c6a22df-common-args.resp -include /Users/josh/Library/Developer/Xcode/DerivedData/GitX-cggrrpkbzogvjfcxoxftnovmywdq/Build/Intermediates.noindex/PrecompiledHeaders/SharedPrecompiledHeaders/1337419039418411841/GitX_Prefix.pch -MMD -MT dependencies -MF /Users/josh/Library/Developer/Xcode/DerivedData/GitX-cggrrpkbzogvjfcxoxftnovmywdq/Build/Intermediates.noindex/GitX.build/Debug/GitX.build/StaticAnalyzer/GitX/GitX/normal/arm64/PBDiffWindowController.d --analyze /Users/josh/x/gitx/Classes/Controllers/PBDiffWindowController.m -o /Users/josh/Library/Developer/Xcode/DerivedData/GitX-cggrrpkbzogvjfcxoxftnovmywdq/Build/Intermediates.noindex/GitX.build/Debug/GitX.build/StaticAnalyzer/GitX/GitX/normal/arm64/PBDiffWindowController.plist

AnalyzeShallow /Users/josh/x/gitx/Classes/Controllers/OpenRecentController.m normal arm64 (in target 'GitX' from project 'GitX')
    cd /Users/josh/x/gitx
    
    Using response file: /Users/josh/Library/Developer/Xcode/DerivedData/GitX-cggrrpkbzogvjfcxoxftnovmywdq/Build/Intermediates.noindex/GitX.build/Debug/GitX.build/Objects-normal/arm64/22a6d426986e98cf1a8e0c880c6a22df-common-args.resp
    
    /Applications/Xcode.app/Contents/Developer/Toolchains/XcodeDefault.xctoolchain/usr/bin/clang -x objective-c -ivfsstatcache /Users/josh/Library/Developer/Xcode/DerivedData/SDKStatCaches.noindex/macosx15.5-24F74-8254517eb8b97d462ccbc072ba9094c9.sdkstatcache -fmessage-length\=0 -fdiagnostics-show-note-include-stack -fmacro-backtrace-limit\=0 -fno-color-diagnostics -Wno-trigraphs -Wno-missing-field-initializers -Wno-missing-prototypes -Wno-implicit-atomic-properties -Wno-objc-interface-ivars -Wno-arc-repeated-use-of-weak -Wno-missing-braces -Wparentheses -Wswitch -Wno-unused-function -Wno-unused-label -Wno-unused-parameter -Wunused-variable -Wunused-value -Wno-empty-body -Wno-uninitialized -Wno-unknown-pragmas -Wno-shadow -Wno-four-char-constants -Wno-conversion -Wno-constant-conversion -Wno-int-conversion -Wno-bool-conversion -Wno-enum-conversion -Wno-float-conversion -Wno-non-literal-null-conversion -Wno-objc-literal-conversion -Wshorten-64-to-32 -Wpointer-sign -Wno-newline-eof -Wno-selector -Wno-strict-selector-match -Wno-undeclared-selector -Wno-deprecated-implementations -Wno-implicit-fallthrough -fstrict-aliasing -Wprotocol -Wdeprecated-declarations -Wno-sign-conversion -Wno-infinite-recursion -Wno-comma -Wno-block-capture-autoreleasing -Wno-strict-prototypes -Wno-semicolon-before-method-body -Werror\=incompatible-pointer-types @/Users/josh/Library/Developer/Xcode/DerivedData/GitX-cggrrpkbzogvjfcxoxftnovmywdq/Build/Intermediates.noindex/GitX.build/Debug/GitX.build/Objects-normal/arm64/22a6d426986e98cf1a8e0c880c6a22df-common-args.resp -include /Users/josh/Library/Developer/Xcode/DerivedData/GitX-cggrrpkbzogvjfcxoxftnovmywdq/Build/Intermediates.noindex/PrecompiledHeaders/SharedPrecompiledHeaders/1337419039418411841/GitX_Prefix.pch -MMD -MT dependencies -MF /Users/josh/Library/Developer/Xcode/DerivedData/GitX-cggrrpkbzogvjfcxoxftnovmywdq/Build/Intermediates.noindex/GitX.build/Debug/GitX.build/StaticAnalyzer/GitX/GitX/normal/arm64/OpenRecentController.d --analyze /Users/josh/x/gitx/Classes/Controllers/OpenRecentController.m -o /Users/josh/Library/Developer/Xcode/DerivedData/GitX-cggrrpkbzogvjfcxoxftnovmywdq/Build/Intermediates.noindex/GitX.build/Debug/GitX.build/StaticAnalyzer/GitX/GitX/normal/arm64/OpenRecentController.plist

AnalyzeShallow /Users/josh/x/gitx/Classes/Controllers/DBPrefsWindowController.m normal arm64 (in target 'GitX' from project 'GitX')
    cd /Users/josh/x/gitx
    
    Using response file: /Users/josh/Library/Developer/Xcode/DerivedData/GitX-cggrrpkbzogvjfcxoxftnovmywdq/Build/Intermediates.noindex/GitX.build/Debug/GitX.build/Objects-normal/arm64/22a6d426986e98cf1a8e0c880c6a22df-common-args.resp
    
    /Applications/Xcode.app/Contents/Developer/Toolchains/XcodeDefault.xctoolchain/usr/bin/clang -x objective-c -ivfsstatcache /Users/josh/Library/Developer/Xcode/DerivedData/SDKStatCaches.noindex/macosx15.5-24F74-8254517eb8b97d462ccbc072ba9094c9.sdkstatcache -fmessage-length\=0 -fdiagnostics-show-note-include-stack -fmacro-backtrace-limit\=0 -fno-color-diagnostics -Wno-trigraphs -Wno-missing-field-initializers -Wno-missing-prototypes -Wno-implicit-atomic-properties -Wno-objc-interface-ivars -Wno-arc-repeated-use-of-weak -Wno-missing-braces -Wparentheses -Wswitch -Wno-unused-function -Wno-unused-label -Wno-unused-parameter -Wunused-variable -Wunused-value -Wno-empty-body -Wno-uninitialized -Wno-unknown-pragmas -Wno-shadow -Wno-four-char-constants -Wno-conversion -Wno-constant-conversion -Wno-int-conversion -Wno-bool-conversion -Wno-enum-conversion -Wno-float-conversion -Wno-non-literal-null-conversion -Wno-objc-literal-conversion -Wshorten-64-to-32 -Wpointer-sign -Wno-newline-eof -Wno-selector -Wno-strict-selector-match -Wno-undeclared-selector -Wno-deprecated-implementations -Wno-implicit-fallthrough -fstrict-aliasing -Wprotocol -Wdeprecated-declarations -Wno-sign-conversion -Wno-infinite-recursion -Wno-comma -Wno-block-capture-autoreleasing -Wno-strict-prototypes -Wno-semicolon-before-method-body -Werror\=incompatible-pointer-types @/Users/josh/Library/Developer/Xcode/DerivedData/GitX-cggrrpkbzogvjfcxoxftnovmywdq/Build/Intermediates.noindex/GitX.build/Debug/GitX.build/Objects-normal/arm64/22a6d426986e98cf1a8e0c880c6a22df-common-args.resp -include /Users/josh/Library/Developer/Xcode/DerivedData/GitX-cggrrpkbzogvjfcxoxftnovmywdq/Build/Intermediates.noindex/PrecompiledHeaders/SharedPrecompiledHeaders/1337419039418411841/GitX_Prefix.pch -MMD -MT dependencies -MF /Users/josh/Library/Developer/Xcode/DerivedData/GitX-cggrrpkbzogvjfcxoxftnovmywdq/Build/Intermediates.noindex/GitX.build/Debug/GitX.build/StaticAnalyzer/GitX/GitX/normal/arm64/DBPrefsWindowController.d --analyze /Users/josh/x/gitx/Classes/Controllers/DBPrefsWindowController.m -o /Users/josh/Library/Developer/Xcode/DerivedData/GitX-cggrrpkbzogvjfcxoxftnovmywdq/Build/Intermediates.noindex/GitX.build/Debug/GitX.build/StaticAnalyzer/GitX/GitX/normal/arm64/DBPrefsWindowController.plist

AnalyzeShallow /Users/josh/x/gitx/Classes/Controllers/ApplicationController.m normal arm64 (in target 'GitX' from project 'GitX')
    cd /Users/josh/x/gitx
    
    Using response file: /Users/josh/Library/Developer/Xcode/DerivedData/GitX-cggrrpkbzogvjfcxoxftnovmywdq/Build/Intermediates.noindex/GitX.build/Debug/GitX.build/Objects-normal/arm64/22a6d426986e98cf1a8e0c880c6a22df-common-args.resp
    
    /Applications/Xcode.app/Contents/Developer/Toolchains/XcodeDefault.xctoolchain/usr/bin/clang -x objective-c -ivfsstatcache /Users/josh/Library/Developer/Xcode/DerivedData/SDKStatCaches.noindex/macosx15.5-24F74-8254517eb8b97d462ccbc072ba9094c9.sdkstatcache -fmessage-length\=0 -fdiagnostics-show-note-include-stack -fmacro-backtrace-limit\=0 -fno-color-diagnostics -Wno-trigraphs -Wno-missing-field-initializers -Wno-missing-prototypes -Wno-implicit-atomic-properties -Wno-objc-interface-ivars -Wno-arc-repeated-use-of-weak -Wno-missing-braces -Wparentheses -Wswitch -Wno-unused-function -Wno-unused-label -Wno-unused-parameter -Wunused-variable -Wunused-value -Wno-empty-body -Wno-uninitialized -Wno-unknown-pragmas -Wno-shadow -Wno-four-char-constants -Wno-conversion -Wno-constant-conversion -Wno-int-conversion -Wno-bool-conversion -Wno-enum-conversion -Wno-float-conversion -Wno-non-literal-null-conversion -Wno-objc-literal-conversion -Wshorten-64-to-32 -Wpointer-sign -Wno-newline-eof -Wno-selector -Wno-strict-selector-match -Wno-undeclared-selector -Wno-deprecated-implementations -Wno-implicit-fallthrough -fstrict-aliasing -Wprotocol -Wdeprecated-declarations -Wno-sign-conversion -Wno-infinite-recursion -Wno-comma -Wno-block-capture-autoreleasing -Wno-strict-prototypes -Wno-semicolon-before-method-body -Werror\=incompatible-pointer-types @/Users/josh/Library/Developer/Xcode/DerivedData/GitX-cggrrpkbzogvjfcxoxftnovmywdq/Build/Intermediates.noindex/GitX.build/Debug/GitX.build/Objects-normal/arm64/22a6d426986e98cf1a8e0c880c6a22df-common-args.resp -include /Users/josh/Library/Developer/Xcode/DerivedData/GitX-cggrrpkbzogvjfcxoxftnovmywdq/Build/Intermediates.noindex/PrecompiledHeaders/SharedPrecompiledHeaders/1337419039418411841/GitX_Prefix.pch -MMD -MT dependencies -MF /Users/josh/Library/Developer/Xcode/DerivedData/GitX-cggrrpkbzogvjfcxoxftnovmywdq/Build/Intermediates.noindex/GitX.build/Debug/GitX.build/StaticAnalyzer/GitX/GitX/normal/arm64/ApplicationController.d --analyze /Users/josh/x/gitx/Classes/Controllers/ApplicationController.m -o /Users/josh/Library/Developer/Xcode/DerivedData/GitX-cggrrpkbzogvjfcxoxftnovmywdq/Build/Intermediates.noindex/GitX.build/Debug/GitX.build/StaticAnalyzer/GitX/GitX/normal/arm64/ApplicationController.plist

ProcessInfoPlistFile /Users/josh/Library/Developer/Xcode/DerivedData/GitX-cggrrpkbzogvjfcxoxftnovmywdq/Build/Products/Debug/GitX.app/Contents/Info.plist /Users/josh/x/gitx/Resources/Info.plist (in target 'GitX' from project 'GitX')
    cd /Users/josh/x/gitx
    builtin-infoPlistUtility /Users/josh/x/gitx/Resources/Info.plist -producttype com.apple.product-type.application -genpkginfo /Users/josh/Library/Developer/Xcode/DerivedData/GitX-cggrrpkbzogvjfcxoxftnovmywdq/Build/Products/Debug/GitX.app/Contents/PkgInfo -expandbuildsettings -platform macosx -additionalcontentfile /Users/josh/Library/Developer/Xcode/DerivedData/GitX-cggrrpkbzogvjfcxoxftnovmywdq/Build/Intermediates.noindex/GitX.build/Debug/GitX.build/OpenRecentPopup-PartialInfo.plist -additionalcontentfile /Users/josh/Library/Developer/Xcode/DerivedData/GitX-cggrrpkbzogvjfcxoxftnovmywdq/Build/Intermediates.noindex/GitX.build/Debug/GitX.build/PBCommitHookFailedSheet-PartialInfo.plist -additionalcontentfile /Users/josh/Library/Developer/Xcode/DerivedData/GitX-cggrrpkbzogvjfcxoxftnovmywdq/Build/Intermediates.noindex/GitX.build/Debug/GitX.build/PBDiffWindow-PartialInfo.plist -additionalcontentfile /Users/josh/Library/Developer/Xcode/DerivedData/GitX-cggrrpkbzogvjfcxoxftnovmywdq/Build/Intermediates.noindex/GitX.build/Debug/GitX.build/PBGitCommitView-PartialInfo.plist -additionalcontentfile /Users/josh/Library/Developer/Xcode/DerivedData/GitX-cggrrpkbzogvjfcxoxftnovmywdq/Build/Intermediates.noindex/GitX.build/Debug/GitX.build/PBGitHistoryView-PartialInfo.plist -additionalcontentfile /Users/josh/Library/Developer/Xcode/DerivedData/GitX-cggrrpkbzogvjfcxoxftnovmywdq/Build/Intermediates.noindex/GitX.build/Debug/GitX.build/PBGitSidebarView-PartialInfo.plist -additionalcontentfile /Users/josh/Library/Developer/Xcode/DerivedData/GitX-cggrrpkbzogvjfcxoxftnovmywdq/Build/Intermediates.noindex/GitX.build/Debug/GitX.build/PBGitXMessageSheet-PartialInfo.plist -additionalcontentfile /Users/josh/Library/Developer/Xcode/DerivedData/GitX-cggrrpkbzogvjfcxoxftnovmywdq/Build/Intermediates.noindex/GitX.build/Debug/GitX.build/English.lproj/MainMenu-PartialInfo.plist -additionalcontentfile /Users/josh/Library/Developer/Xcode/DerivedData/GitX-cggrrpkbzogvjfcxoxftnovmywdq/Build/Intermediates.noindex/GitX.build/Debug/GitX.build/English.lproj/PBCreateBranchSheet-PartialInfo.plist -additionalcontentfile /Users/josh/Library/Developer/Xcode/DerivedData/GitX-cggrrpkbzogvjfcxoxftnovmywdq/Build/Intermediates.noindex/GitX.build/Debug/GitX.build/English.lproj/PBCreateTagSheet-PartialInfo.plist -additionalcontentfile /Users/josh/Library/Developer/Xcode/DerivedData/GitX-cggrrpkbzogvjfcxoxftnovmywdq/Build/Intermediates.noindex/GitX.build/Debug/GitX.build/English.lproj/Preferences-PartialInfo.plist -additionalcontentfile /Users/josh/Library/Developer/Xcode/DerivedData/GitX-cggrrpkbzogvjfcxoxftnovmywdq/Build/Intermediates.noindex/GitX.build/Debug/GitX.build/English.lproj/RepositoryWindow-PartialInfo.plist -o /Users/josh/Library/Developer/Xcode/DerivedData/GitX-cggrrpkbzogvjfcxoxftnovmywdq/Build/Products/Debug/GitX.app/Contents/Info.plist

GenerateDSYMFile /Users/josh/Library/Developer/Xcode/DerivedData/GitX-cggrrpkbzogvjfcxoxftnovmywdq/Build/Products/Debug/GitX.app.dSYM /Users/josh/Library/Developer/Xcode/DerivedData/GitX-cggrrpkbzogvjfcxoxftnovmywdq/Build/Products/Debug/GitX.app/Contents/MacOS/GitX (in target 'GitX' from project 'GitX')
    cd /Users/josh/x/gitx
    /Applications/Xcode.app/Contents/Developer/Toolchains/XcodeDefault.xctoolchain/usr/bin/dsymutil /Users/josh/Library/Developer/Xcode/DerivedData/GitX-cggrrpkbzogvjfcxoxftnovmywdq/Build/Products/Debug/GitX.app/Contents/MacOS/GitX -o /Users/josh/Library/Developer/Xcode/DerivedData/GitX-cggrrpkbzogvjfcxoxftnovmywdq/Build/Products/Debug/GitX.app.dSYM

PhaseScriptExecution Copy\ HTML\ files /Users/josh/Library/Developer/Xcode/DerivedData/GitX-cggrrpkbzogvjfcxoxftnovmywdq/Build/Intermediates.noindex/GitX.build/Debug/GitX.build/Script-F5CF04A20EAE696C00D75C81.sh (in target 'GitX' from project 'GitX')
    cd /Users/josh/x/gitx
    /bin/sh -c /Users/josh/Library/Developer/Xcode/DerivedData/GitX-cggrrpkbzogvjfcxoxftnovmywdq/Build/Intermediates.noindex/GitX.build/Debug/GitX.build/Script-F5CF04A20EAE696C00D75C81.sh

PhaseScriptExecution Scripting\ Bridge\ Header\ Script\  /Users/josh/Library/Developer/Xcode/DerivedData/GitX-cggrrpkbzogvjfcxoxftnovmywdq/Build/Intermediates.noindex/GitX.build/Debug/GitX.build/Script-D81E15ED121CE83D00269E61.sh (in target 'GitX' from project 'GitX')
    cd /Users/josh/x/gitx
    /bin/sh -c /Users/josh/Library/Developer/Xcode/DerivedData/GitX-cggrrpkbzogvjfcxoxftnovmywdq/Build/Intermediates.noindex/GitX.build/Debug/GitX.build/Script-D81E15ED121CE83D00269E61.sh
Trying to build scripting definitions from /Users/josh/Library/Developer/Xcode/DerivedData/GitX-cggrrpkbzogvjfcxoxftnovmywdq/Build/Products/Debug/GitX.app
-n generating...
 done.

CodeSign /Users/josh/Library/Developer/Xcode/DerivedData/GitX-cggrrpkbzogvjfcxoxftnovmywdq/Build/Products/Debug/GitX.app (in target 'GitX' from project 'GitX')
    cd /Users/josh/x/gitx
    
    Signing Identity:     "Sign to Run Locally"
    
    /usr/bin/codesign --force --sign - --entitlements /Users/josh/Library/Developer/Xcode/DerivedData/GitX-cggrrpkbzogvjfcxoxftnovmywdq/Build/Intermediates.noindex/GitX.build/Debug/GitX.build/GitX.app.xcent --timestamp\=none --generate-entitlement-der /Users/josh/Library/Developer/Xcode/DerivedData/GitX-cggrrpkbzogvjfcxoxftnovmywdq/Build/Products/Debug/GitX.app

RegisterExecutionPolicyException /Users/josh/Library/Developer/Xcode/DerivedData/GitX-cggrrpkbzogvjfcxoxftnovmywdq/Build/Products/Debug/GitX.app (in target 'GitX' from project 'GitX')
    cd /Users/josh/x/gitx
    builtin-RegisterExecutionPolicyException /Users/josh/Library/Developer/Xcode/DerivedData/GitX-cggrrpkbzogvjfcxoxftnovmywdq/Build/Products/Debug/GitX.app

Validate /Users/josh/Library/Developer/Xcode/DerivedData/GitX-cggrrpkbzogvjfcxoxftnovmywdq/Build/Products/Debug/GitX.app (in target 'GitX' from project 'GitX')
    cd /Users/josh/x/gitx
    builtin-validationUtility /Users/josh/Library/Developer/Xcode/DerivedData/GitX-cggrrpkbzogvjfcxoxftnovmywdq/Build/Products/Debug/GitX.app -no-validate-extension -infoplist-subpath Contents/Info.plist

Touch /Users/josh/Library/Developer/Xcode/DerivedData/GitX-cggrrpkbzogvjfcxoxftnovmywdq/Build/Products/Debug/GitX.app (in target 'GitX' from project 'GitX')
    cd /Users/josh/x/gitx
    /usr/bin/touch -c /Users/josh/Library/Developer/Xcode/DerivedData/GitX-cggrrpkbzogvjfcxoxftnovmywdq/Build/Products/Debug/GitX.app

RegisterWithLaunchServices /Users/josh/Library/Developer/Xcode/DerivedData/GitX-cggrrpkbzogvjfcxoxftnovmywdq/Build/Products/Debug/GitX.app (in target 'GitX' from project 'GitX')
    cd /Users/josh/x/gitx
    /System/Library/Frameworks/CoreServices.framework/Versions/Current/Frameworks/LaunchServices.framework/Versions/Current/Support/lsregister -f -R -trusted /Users/josh/Library/Developer/Xcode/DerivedData/GitX-cggrrpkbzogvjfcxoxftnovmywdq/Build/Products/Debug/GitX.app

** BUILD SUCCEEDED **


The following commands produced analyzer issues:
	AnalyzeShallow /Users/josh/x/gitx/Classes/git/PBGitRevList.mm normal arm64 (in target 'GitX' from project 'GitX')
	AnalyzeShallow /Users/josh/x/gitx/Classes/git/PBGitRepository.m normal arm64 (in target 'GitX' from project 'GitX')
	AnalyzeShallow /Users/josh/x/gitx/Classes/git/PBGitGrapher.mm normal arm64 (in target 'GitX' from project 'GitX')
(3 commands with analyzer issues)
